WARNING:__main__:
*****************************************
Setting OMP_NUM_THREADS environment variable for each process to be 1 in default, to avoid your system being overloaded, please further tune the variable for optimal performance in your application as needed. 
*****************************************
[rank1]:[W313 21:07:22.516096497 ProcessGroupNCCL.cpp:4115] [PG ID 0 PG GUID 0 Rank 1]  using GPU 1 to perform barrier as devices used by this process are currently unknown. This can potentially cause a hang if this rank to GPU mapping is incorrect.Specify device_ids in barrier() to force use of a particular device,or call init_process_group() with a device_id.
[rank7]:[W313 21:07:22.676559693 ProcessGroupNCCL.cpp:4115] [PG ID 0 PG GUID 0 Rank 7]  using GPU 7 to perform barrier as devices used by this process are currently unknown. This can potentially cause a hang if this rank to GPU mapping is incorrect.Specify device_ids in barrier() to force use of a particular device,or call init_process_group() with a device_id.
[rank2]:[W313 21:07:22.733354411 ProcessGroupNCCL.cpp:4115] [PG ID 0 PG GUID 0 Rank 2]  using GPU 2 to perform barrier as devices used by this process are currently unknown. This can potentially cause a hang if this rank to GPU mapping is incorrect.Specify device_ids in barrier() to force use of a particular device,or call init_process_group() with a device_id.
[rank6]:[W313 21:07:22.742913964 ProcessGroupNCCL.cpp:4115] [PG ID 0 PG GUID 0 Rank 6]  using GPU 6 to perform barrier as devices used by this process are currently unknown. This can potentially cause a hang if this rank to GPU mapping is incorrect.Specify device_ids in barrier() to force use of a particular device,or call init_process_group() with a device_id.
[rank5]:[W313 21:07:23.855257041 ProcessGroupNCCL.cpp:4115] [PG ID 0 PG GUID 0 Rank 5]  using GPU 5 to perform barrier as devices used by this process are currently unknown. This can potentially cause a hang if this rank to GPU mapping is incorrect.Specify device_ids in barrier() to force use of a particular device,or call init_process_group() with a device_id.
[rank0]:[W313 21:07:23.897567251 ProcessGroupNCCL.cpp:4115] [PG ID 0 PG GUID 0 Rank 0]  using GPU 0 to perform barrier as devices used by this process are currently unknown. This can potentially cause a hang if this rank to GPU mapping is incorrect.Specify device_ids in barrier() to force use of a particular device,or call init_process_group() with a device_id.
[rank4]:[W313 21:07:23.921834734 ProcessGroupNCCL.cpp:4115] [PG ID 0 PG GUID 0 Rank 4]  using GPU 4 to perform barrier as devices used by this process are currently unknown. This can potentially cause a hang if this rank to GPU mapping is incorrect.Specify device_ids in barrier() to force use of a particular device,or call init_process_group() with a device_id.
[rank3]:[W313 21:07:23.933795061 ProcessGroupNCCL.cpp:4115] [PG ID 0 PG GUID 0 Rank 3]  using GPU 3 to perform barrier as devices used by this process are currently unknown. This can potentially cause a hang if this rank to GPU mapping is incorrect.Specify device_ids in barrier() to force use of a particular device,or call init_process_group() with a device_id.
[warn] Using first-order MAML (stop-grad through inner update).
[train] using --loss-weight-bias as base/init: [15.000, 8.000, 1.000]
[warn] Backbone is forced frozen for Full MAML (ignoring unfreeze flags).
[ddp] multi-process mode without DDP wrapper (manual theta grad all-reduce)
[LoRA-MoE] LoRA params: 6561792
[LoRA-MoE] Det head params: 14875060
[LoRA-MoE] Seg head params: 9451531
[LoRA-MoE] Cnt head params: 9448456
[train] Learnable loss weights MLP enabled (Full MAML), multilayer_grads=off, arch=joint, grad_vec_normalize=l2, prior_fuse=add, joint_task_proj_dim=64, joint_out=leakyrelu, joint_leaky_slope=0.010, weight_net_dropout=0.000, cnt_grad_hidden_dim=56
[init] g0 initialized on rank0 from first inner-batch gradients and broadcast to all ranks.
[stage1] epoch 1/100 step 20 | loss 422824.7033 | det 1.0353 seg 1.3049 cnt 373710.9921 | w [14.998, 8.269, 1.117]
[stage1] epoch 1/100 | train 248752.9926
[stage1] epoch 1/100 | w [14.998, 8.190, 1.136]
[stage1] epoch 2/100 step 20 | loss 23.8544 | det 0.4465 seg 0.8469 cnt 9.0914 | w [14.998, 8.159, 1.050]
[stage1] epoch 2/100 | train 24.2833
[stage1] epoch 2/100 | w [14.997, 8.053, 1.000]
[stage1] epoch 3/100 step 20 | loss 20.1343 | det 0.3703 seg 0.8074 cnt 7.4047 | w [14.998, 8.092, 1.077]
[stage1] epoch 3/100 | train 20.3402
[stage1] epoch 3/100 | w [14.997, 8.122, 1.115]
[stage1] epoch 4/100 step 20 | loss 20.5021 | det 0.3418 seg 0.8323 cnt 7.8864 | w [14.997, 8.072, 1.076]
[stage1] epoch 4/100 | train 19.7992
[stage1] epoch 4/100 | w [14.997, 8.108, 1.132]
[stage1] epoch 5/100 step 20 | loss 16.7382 | det 0.3286 seg 0.5825 cnt 6.6167 | w [14.997, 8.075, 1.140]
[stage1] epoch 5/100 | train 17.5261
[stage1] epoch 5/100 | w [14.997, 8.005, 1.060]
[stage1] epoch 6/100 step 20 | loss 18.5509 | det 0.2940 seg 0.7138 cnt 7.7901 | w [14.996, 8.006, 1.090]
[stage1] epoch 6/100 | train 18.0911
[stage1] epoch 6/100 | w [14.996, 8.000, 1.056]
[stage1] epoch 7/100 step 20 | loss 16.6486 | det 0.2538 seg 0.5447 cnt 7.8659 | w [14.996, 8.000, 1.043]
[stage1] epoch 7/100 | train 16.3329
[stage1] epoch 7/100 | w [14.996, 8.000, 1.057]
[stage1] epoch 8/100 step 20 | loss 18.0674 | det 0.3257 seg 0.5195 cnt 8.4676 | w [14.996, 8.000, 1.082]
[stage1] epoch 8/100 | train 17.4554
[stage1] epoch 8/100 | w [14.996, 8.012, 1.144]
[stage1] epoch 9/100 step 20 | loss 15.2460 | det 0.2308 seg 0.5203 cnt 7.0701 | w [14.995, 8.000, 1.072]
[stage1] epoch 9/100 | train 14.8298
[stage1] epoch 9/100 | w [14.995, 7.999, 1.059]
[stage1] epoch 10/100 step 20 | loss 13.2119 | det 0.2658 seg 0.4054 cnt 5.5608 | w [14.995, 7.999, 1.181]
[stage1] epoch 10/100 | train 15.4206
[stage1] epoch 10/100 | w [14.995, 8.000, 1.075]
[stage1] epoch 11/100 step 20 | loss 13.9405 | det 0.2558 seg 0.4179 cnt 6.1830 | w [14.995, 8.000, 1.133]
[stage1] epoch 11/100 | train 14.7044
[stage1] epoch 11/100 | w [14.994, 7.999, 1.052]
[stage1] epoch 12/100 step 20 | loss 13.2132 | det 0.1671 seg 0.5312 cnt 5.9992 | w [14.994, 8.000, 1.079]
[stage1] epoch 12/100 | train 13.0623
[stage1] epoch 12/100 | w [14.994, 8.000, 1.100]
[stage1] epoch 13/100 step 20 | loss 14.9154 | det 0.2268 seg 0.4592 cnt 7.3571 | w [14.994, 8.000, 1.063]
[stage1] epoch 13/100 | train 14.1132
[stage1] epoch 13/100 | w [14.993, 7.999, 1.055]
[stage1] epoch 14/100 step 20 | loss 13.7384 | det 0.1903 seg 0.4288 cnt 7.0262 | w [14.994, 7.999, 1.096]
[stage1] epoch 14/100 | train 13.5798
[stage1] epoch 14/100 | w [14.993, 7.999, 1.063]
[stage1] epoch 15/100 step 20 | loss 14.5570 | det 0.2816 seg 0.3235 cnt 7.2959 | w [14.992, 7.999, 1.000]
[stage1] epoch 15/100 | train 13.3611
[stage1] epoch 15/100 | w [14.993, 7.999, 1.090]
[stage1] epoch 16/100 step 20 | loss 10.6668 | det 0.1685 seg 0.2985 cnt 5.3945 | w [14.993, 8.000, 1.088]
[stage1] epoch 16/100 | train 12.3322
[stage1] epoch 16/100 | w [14.991, 7.999, 1.018]
[stage1] epoch 17/100 step 20 | loss 13.3959 | det 0.2241 seg 0.3239 cnt 7.0250 | w [14.991, 7.999, 1.046]
[stage1] epoch 17/100 | train 12.9052
[stage1] epoch 17/100 | w [14.991, 7.999, 1.037]
[stage1] epoch 18/100 step 20 | loss 16.4475 | det 0.2168 seg 0.3740 cnt 9.6166 | w [14.991, 7.999, 1.054]
[stage1] epoch 18/100 | train 16.2270
[stage1] epoch 18/100 | w [14.990, 7.999, 1.058]
[stage1] epoch 19/100 step 20 | loss 13.7280 | det 0.2370 seg 0.4907 cnt 5.8883 | w [14.989, 7.999, 1.027]
[stage1] epoch 19/100 | train 12.8131
[stage1] epoch 19/100 | w [14.989, 7.998, 1.009]
[stage1] epoch 20/100 step 20 | loss 12.3624 | det 0.2193 seg 0.4140 cnt 5.4828 | w [14.990, 7.999, 1.037]
[stage1] epoch 20/100 | train 11.4814
[stage1] epoch 20/100 | w [14.989, 7.999, 1.053]
[stage1] epoch 21/100 step 20 | loss 15.6348 | det 0.1597 seg 0.2882 cnt 10.2446 | w [14.990, 7.999, 1.045]
[stage1] epoch 21/100 | train 13.9348
[stage1] epoch 21/100 | w [14.989, 7.999, 1.044]
[stage1] epoch 22/100 step 20 | loss 12.4562 | det 0.1392 seg 0.2814 cnt 7.7419 | w [14.988, 7.999, 1.011]
[stage1] epoch 22/100 | train 11.4320
[stage1] epoch 22/100 | w [14.989, 7.999, 1.044]
[stage1] epoch 23/100 step 20 | loss 13.5343 | det 0.2416 seg 0.5007 cnt 5.7210 | w [14.988, 7.999, 1.076]
[stage1] epoch 23/100 | train 11.8772
[stage1] epoch 23/100 | w [14.988, 7.999, 1.030]
[stage1] epoch 24/100 step 20 | loss 8.4338 | det 0.1553 seg 0.2603 cnt 3.8853 | w [14.987, 7.999, 1.029]
[stage1] epoch 24/100 | train 8.6342
[stage1] epoch 24/100 | w [14.986, 7.999, 1.018]
[stage1] epoch 25/100 step 20 | loss 10.3943 | det 0.1678 seg 0.2722 cnt 5.5073 | w [14.986, 7.999, 1.033]
[stage1] epoch 25/100 | train 9.8203
[stage1] epoch 25/100 | w [14.987, 7.999, 1.053]
[stage1] epoch 26/100 step 20 | loss 10.7171 | det 0.2048 seg 0.2441 cnt 5.5125 | w [14.985, 7.999, 1.034]
[stage1] epoch 26/100 | train 9.9801
[stage1] epoch 26/100 | w [14.986, 7.999, 1.050]
[stage1] epoch 27/100 step 20 | loss 8.5813 | det 0.1366 seg 0.2446 cnt 4.4880 | w [14.985, 7.999, 1.056]
[stage1] epoch 27/100 | train 9.1821
[stage1] epoch 27/100 | w [14.985, 7.999, 1.074]
[stage1] epoch 28/100 step 20 | loss 8.3570 | det 0.1622 seg 0.2370 cnt 3.9184 | w [14.984, 7.998, 1.000]
[stage1] epoch 28/100 | train 8.7069
[stage1] epoch 28/100 | w [14.985, 7.999, 1.077]
[stage1] epoch 29/100 step 20 | loss 8.1538 | det 0.1361 seg 0.2963 cnt 3.6479 | w [14.983, 7.999, 1.018]
[stage1] epoch 29/100 | train 8.0719
[stage1] epoch 29/100 | w [14.982, 7.998, 1.045]
[stage1] epoch 30/100 step 20 | loss 8.4577 | det 0.1451 seg 0.2779 cnt 4.0106 | w [14.984, 7.999, 1.054]
[stage1] epoch 30/100 | train 8.4115
[stage1] epoch 30/100 | w [14.982, 7.999, 1.053]
[stage1] epoch 31/100 step 20 | loss 9.0676 | det 0.1276 seg 0.2237 cnt 5.2954 | w [14.976, 7.997, 0.998]
[stage1] epoch 31/100 | train 8.7153
[stage1] epoch 31/100 | w [14.980, 7.998, 1.000]
[stage1] epoch 32/100 step 20 | loss 8.8087 | det 0.1568 seg 0.2479 cnt 4.4124 | w [14.979, 7.997, 1.000]
[stage1] epoch 32/100 | train 8.1210
[stage1] epoch 32/100 | w [14.976, 7.998, 0.999]
[stage1] epoch 33/100 step 20 | loss 9.1632 | det 0.1875 seg 0.2280 cnt 4.4501 | w [14.981, 7.998, 1.000]
[stage1] epoch 33/100 | train 9.2044
[stage1] epoch 33/100 | w [14.974, 7.998, 0.999]
[stage1] epoch 34/100 step 20 | loss 10.2884 | det 0.1638 seg 0.4187 cnt 4.4413 | w [14.972, 7.997, 0.999]
[stage1] epoch 34/100 | train 8.9464
[stage1] epoch 34/100 | w [14.976, 7.998, 1.000]
[stage1] epoch 35/100 step 20 | loss 9.7254 | det 0.2238 seg 0.3071 cnt 3.8687 | w [14.974, 7.997, 0.999]
[stage1] epoch 35/100 | train 8.6276
[stage1] epoch 35/100 | w [14.975, 7.998, 1.000]
[stage1] epoch 36/100 step 20 | loss 8.6017 | det 0.1817 seg 0.2446 cnt 3.8970 | w [14.977, 7.998, 1.000]
[stage1] epoch 36/100 | train 8.2851
[stage1] epoch 36/100 | w [14.976, 7.999, 1.022]
[stage1] epoch 37/100 step 20 | loss 7.8230 | det 0.1413 seg 0.2327 cnt 3.8159 | w [14.972, 7.998, 0.999]
[stage1] epoch 37/100 | train 8.4170
[stage1] epoch 37/100 | w [14.973, 7.997, 1.000]
[stage1] epoch 38/100 step 20 | loss 8.5015 | det 0.1728 seg 0.2523 cnt 3.8747 | w [14.974, 7.998, 1.000]
[stage1] epoch 38/100 | train 8.5942
[stage1] epoch 38/100 | w [14.972, 7.998, 1.000]
[stage1] epoch 39/100 step 20 | loss 7.7882 | det 0.1376 seg 0.2100 cnt 4.0455 | w [14.975, 7.998, 1.026]
[stage1] epoch 39/100 | train 7.3824
[stage1] epoch 39/100 | w [14.970, 7.997, 0.999]
[stage1] epoch 40/100 step 20 | loss 7.8898 | det 0.1575 seg 0.2137 cnt 3.8136 | w [14.967, 7.997, 0.999]
[stage1] epoch 40/100 | train 7.6145
[stage1] epoch 40/100 | w [14.970, 7.997, 0.999]
[stage1] epoch 41/100 step 20 | loss 7.0694 | det 0.1209 seg 0.1858 cnt 3.7649 | w [14.964, 7.995, 0.999]
[stage1] epoch 41/100 | train 7.1699
[stage1] epoch 41/100 | w [14.971, 7.998, 1.000]
[stage1] epoch 42/100 step 20 | loss 7.8178 | det 0.1450 seg 0.2072 cnt 3.9841 | w [14.962, 7.997, 0.999]
[stage1] epoch 42/100 | train 7.6728
[stage1] epoch 42/100 | w [14.962, 7.997, 0.999]
[stage1] epoch 43/100 step 20 | loss 7.0286 | det 0.1293 seg 0.2099 cnt 3.4058 | w [14.968, 7.998, 1.000]
[stage1] epoch 43/100 | train 6.8804
[stage1] epoch 43/100 | w [14.962, 7.996, 0.999]
[stage1] epoch 44/100 step 20 | loss 7.4496 | det 0.1239 seg 0.2428 cnt 3.6369 | w [14.963, 7.996, 0.999]
[stage1] epoch 44/100 | train 7.6183
[stage1] epoch 44/100 | w [14.970, 7.997, 1.000]
[stage1] epoch 45/100 step 20 | loss 7.5847 | det 0.0824 seg 0.2440 cnt 4.3973 | w [14.971, 7.998, 1.000]
[stage1] epoch 45/100 | train 7.9270
[stage1] epoch 45/100 | w [14.970, 7.998, 1.016]
[stage1] epoch 46/100 step 20 | loss 8.2940 | det 0.1202 seg 0.3384 cnt 3.7896 | w [14.963, 7.996, 0.999]
[stage1] epoch 46/100 | train 8.5535
[stage1] epoch 46/100 | w [14.960, 7.996, 0.999]
[stage1] epoch 47/100 step 20 | loss 7.8181 | det 0.1161 seg 0.2603 cnt 3.9904 | w [14.965, 7.997, 0.999]
[stage1] epoch 47/100 | train 9.7685
[stage1] epoch 47/100 | w [14.961, 7.996, 0.999]
[stage1] epoch 48/100 step 20 | loss 10.2559 | det 0.1468 seg 0.3124 cnt 5.5678 | w [14.966, 7.997, 1.000]
[stage1] epoch 48/100 | train 9.7891
[stage1] epoch 48/100 | w [14.960, 7.996, 0.999]
[stage1] epoch 49/100 step 20 | loss 12.4216 | det 0.1116 seg 0.5327 cnt 6.4958 | w [14.970, 7.998, 1.000]
[stage1] epoch 49/100 | train 11.1456
[stage1] epoch 49/100 | w [14.958, 7.996, 0.999]
[stage1] epoch 50/100 step 20 | loss 9.3027 | det 0.1231 seg 0.3107 cnt 4.9696 | w [14.949, 7.994, 0.998]
[stage1] epoch 50/100 | train 10.1133
[stage1] epoch 50/100 | w [14.956, 7.995, 0.999]
[stage1] epoch 51/100 step 20 | loss 6.3675 | det 0.1068 seg 0.1714 cnt 3.3821 | w [14.955, 7.995, 1.000]
[stage1] epoch 51/100 | train 6.5529
[stage1] epoch 51/100 | w [14.961, 7.997, 0.999]
[stage1] epoch 52/100 step 20 | loss 5.7034 | det 0.1029 seg 0.1845 cnt 2.6891 | w [14.952, 7.995, 0.998]
[stage1] epoch 52/100 | train 6.3309
[stage1] epoch 52/100 | w [14.966, 7.997, 1.000]
[stage1] epoch 53/100 step 20 | loss 7.2558 | det 0.1428 seg 0.1776 cnt 3.6842 | w [14.961, 7.996, 1.000]
[stage1] epoch 53/100 | train 7.3059
[stage1] epoch 53/100 | w [14.958, 7.996, 1.000]
[stage1] epoch 54/100 step 20 | loss 6.5937 | det 0.1461 seg 0.1668 cnt 3.0780 | w [14.964, 7.997, 1.000]
[stage1] epoch 54/100 | train 6.1629
[stage1] epoch 54/100 | w [14.967, 7.997, 1.000]
[stage1] epoch 55/100 step 20 | loss 7.0856 | det 0.1394 seg 0.1494 cnt 3.8079 | w [14.954, 7.995, 0.999]
[stage1] epoch 55/100 | train 6.8662
[stage1] epoch 55/100 | w [14.951, 7.994, 0.999]
[stage1] epoch 56/100 step 20 | loss 6.7872 | det 0.1586 seg 0.1777 cnt 2.9874 | w [14.956, 7.995, 0.999]
[stage1] epoch 56/100 | train 6.3149
[stage1] epoch 56/100 | w [14.959, 7.996, 0.999]
[stage1] epoch 57/100 step 20 | loss 7.0012 | det 0.1704 seg 0.1731 cnt 3.0674 | w [14.952, 7.994, 0.999]
[stage1] epoch 57/100 | train 6.8054
[stage1] epoch 57/100 | w [14.951, 7.995, 0.999]
[stage1] epoch 58/100 step 20 | loss 7.6740 | det 0.0883 seg 0.1791 cnt 4.9246 | w [14.935, 7.992, 0.998]
[stage1] epoch 58/100 | train 7.6569
[stage1] epoch 58/100 | w [14.928, 7.992, 0.997]
[stage1] epoch 59/100 step 20 | loss 6.8759 | det 0.1265 seg 0.1577 cnt 3.7298 | w [14.959, 7.996, 1.000]
[stage1] epoch 59/100 | train 7.1723
[stage1] epoch 59/100 | w [14.958, 7.997, 1.000]
[stage1] epoch 60/100 step 20 | loss 8.6037 | det 0.1219 seg 0.1678 cnt 5.4447 | w [14.954, 7.995, 1.000]
[stage1] epoch 60/100 | train 8.3097
[stage1] epoch 60/100 | w [14.945, 7.994, 0.999]
[stage1] epoch 61/100 step 20 | loss 6.7105 | det 0.1298 seg 0.1579 cnt 3.5112 | w [14.954, 7.996, 1.000]
[stage1] epoch 61/100 | train 7.0413
[stage1] epoch 61/100 | w [14.929, 7.990, 0.998]
[stage1] epoch 62/100 step 20 | loss 6.4740 | det 0.0990 seg 0.1430 cnt 3.8511 | w [14.941, 7.992, 0.998]
[stage1] epoch 62/100 | train 6.0117
[stage1] epoch 62/100 | w [14.956, 7.996, 1.000]
[stage1] epoch 63/100 step 20 | loss 5.6880 | det 0.0800 seg 0.1438 cnt 3.3464 | w [14.955, 7.996, 0.999]
[stage1] epoch 63/100 | train 6.0376
[stage1] epoch 63/100 | w [14.942, 7.992, 0.999]
[stage1] epoch 64/100 step 20 | loss 5.8648 | det 0.0924 seg 0.1740 cnt 3.0947 | w [14.927, 7.989, 0.998]
[stage1] epoch 64/100 | train 5.9054
[stage1] epoch 64/100 | w [14.930, 7.992, 0.998]
[stage1] epoch 65/100 step 20 | loss 5.3190 | det 0.0950 seg 0.1558 cnt 2.6595 | w [14.951, 7.994, 1.000]
[stage1] epoch 65/100 | train 5.5736
[stage1] epoch 65/100 | w [14.927, 7.989, 0.998]
[stage1] epoch 66/100 step 20 | loss 8.3930 | det 0.1520 seg 0.1286 cnt 5.1020 | w [14.955, 7.995, 1.000]
[stage1] epoch 66/100 | train 7.7248
[stage1] epoch 66/100 | w [14.937, 7.992, 0.999]
[stage1] epoch 67/100 step 20 | loss 7.9088 | det 0.1057 seg 0.1669 cnt 4.9995 | w [14.946, 7.993, 1.000]
[stage1] epoch 67/100 | train 7.1394
[stage1] epoch 67/100 | w [14.942, 7.994, 0.999]
[stage1] epoch 68/100 step 20 | loss 6.7868 | det 0.1068 seg 0.1716 cnt 3.8263 | w [14.934, 7.992, 0.998]
[stage1] epoch 68/100 | train 6.2639
[stage1] epoch 68/100 | w [14.936, 7.990, 0.999]
[stage1] epoch 69/100 step 20 | loss 7.9229 | det 0.0964 seg 0.1600 cnt 5.2094 | w [14.935, 7.991, 0.999]
[stage1] epoch 69/100 | train 6.8826
[stage1] epoch 69/100 | w [14.941, 7.994, 0.999]
[stage1] epoch 70/100 step 20 | loss 6.9595 | det 0.1487 seg 0.1502 cnt 3.5419 | w [14.915, 7.987, 0.998]
[stage1] epoch 70/100 | train 6.8391
[stage1] epoch 70/100 | w [14.951, 7.995, 1.005]
[stage1] epoch 71/100 step 20 | loss 6.9241 | det 0.1371 seg 0.1240 cnt 3.8903 | w [14.896, 7.982, 0.997]
[stage1] epoch 71/100 | train 6.9929
[stage1] epoch 71/100 | w [14.927, 7.991, 0.999]
[stage1] epoch 72/100 step 20 | loss 7.5776 | det 0.1406 seg 0.1478 cnt 4.3045 | w [14.938, 7.991, 1.000]
[stage1] epoch 72/100 | train 6.9214
[stage1] epoch 72/100 | w [14.892, 7.979, 0.997]
[stage1] epoch 73/100 step 20 | loss 6.7285 | det 0.1571 seg 0.1365 cnt 3.3006 | w [14.946, 7.993, 0.999]
[stage1] epoch 73/100 | train 6.6975
[stage1] epoch 73/100 | w [14.932, 7.993, 0.999]
[stage1] epoch 74/100 step 20 | loss 6.7648 | det 0.1070 seg 0.2030 cnt 3.5516 | w [14.909, 7.987, 0.998]
[stage1] epoch 74/100 | train 6.7149
[stage1] epoch 74/100 | w [14.933, 7.991, 0.999]
[stage1] epoch 75/100 step 20 | loss 6.4530 | det 0.1105 seg 0.1611 cnt 3.5212 | w [14.922, 7.990, 0.998]
[stage1] epoch 75/100 | train 6.1827
[stage1] epoch 75/100 | w [14.943, 7.994, 0.999]
[stage1] epoch 76/100 step 20 | loss 6.4680 | det 0.1252 seg 0.1620 cnt 3.3027 | w [14.931, 7.990, 0.999]
[stage1] epoch 76/100 | train 6.1821
[stage1] epoch 76/100 | w [14.947, 7.996, 1.000]
[stage1] epoch 77/100 step 20 | loss 6.1852 | det 0.1316 seg 0.1377 cnt 3.1231 | w [14.924, 7.991, 0.998]
[stage1] epoch 77/100 | train 6.3254
[stage1] epoch 77/100 | w [14.927, 7.990, 0.999]
[stage1] epoch 78/100 step 20 | loss 7.9960 | det 0.1166 seg 0.1277 cnt 5.2437 | w [14.915, 7.987, 0.999]
[stage1] epoch 78/100 | train 7.1579
[stage1] epoch 78/100 | w [14.892, 7.980, 0.997]
[stage1] epoch 79/100 step 20 | loss 9.0589 | det 0.0851 seg 0.1769 cnt 6.3890 | w [14.946, 7.994, 1.002]
[stage1] epoch 79/100 | train 8.1201
[stage1] epoch 79/100 | w [14.929, 7.991, 0.999]
[stage1] epoch 80/100 step 20 | loss 6.1301 | det 0.1071 seg 0.1517 cnt 3.3257 | w [14.907, 7.984, 0.998]
[stage1] epoch 80/100 | train 6.3425
[stage1] epoch 80/100 | w [14.916, 7.985, 0.999]
[stage1] epoch 81/100 step 20 | loss 6.6137 | det 0.1168 seg 0.1549 cnt 3.6435 | w [14.878, 7.977, 0.996]
[stage1] epoch 81/100 | train 6.2583
[stage1] epoch 81/100 | w [14.866, 7.977, 0.996]
[stage1] epoch 82/100 step 20 | loss 6.1040 | det 0.1229 seg 0.1533 cnt 3.0559 | w [14.880, 7.978, 0.997]
[stage1] epoch 82/100 | train 5.8366
[stage1] epoch 82/100 | w [14.888, 7.979, 0.997]
[stage1] epoch 83/100 step 20 | loss 6.1489 | det 0.1035 seg 0.1743 cnt 3.2215 | w [14.932, 7.992, 0.999]
[stage1] epoch 83/100 | train 6.4923
[stage1] epoch 83/100 | w [14.871, 7.978, 0.997]
[stage1] epoch 84/100 step 20 | loss 6.2366 | det 0.1130 seg 0.1522 cnt 3.3471 | w [14.854, 7.973, 0.995]
[stage1] epoch 84/100 | train 5.5680
[stage1] epoch 84/100 | w [14.924, 7.989, 0.999]
[stage1] epoch 85/100 step 20 | loss 4.8860 | det 0.0739 seg 0.1480 cnt 2.6116 | w [14.909, 7.986, 0.998]
[stage1] epoch 85/100 | train 5.0664
[stage1] epoch 85/100 | w [14.925, 7.987, 1.000]
[stage1] epoch 86/100 step 20 | loss 5.4181 | det 0.0804 seg 0.1392 cnt 3.1177 | w [14.877, 7.973, 0.997]
[stage1] epoch 86/100 | train 5.6313
[stage1] epoch 86/100 | w [14.924, 7.989, 1.000]
[stage1] epoch 87/100 step 20 | loss 5.2684 | det 0.1046 seg 0.1611 cnt 2.4297 | w [14.885, 7.978, 0.998]
[stage1] epoch 87/100 | train 5.4246
[stage1] epoch 87/100 | w [14.828, 7.960, 0.995]
[stage1] epoch 88/100 step 20 | loss 5.0665 | det 0.0944 seg 0.1388 cnt 2.5640 | w [14.852, 7.967, 0.997]
[stage1] epoch 88/100 | train 7.0370
[stage1] epoch 88/100 | w [14.811, 7.957, 0.994]
[stage1] epoch 89/100 step 20 | loss 4.8716 | det 0.0731 seg 0.1485 cnt 2.6109 | w [14.884, 7.972, 0.998]
[stage1] epoch 89/100 | train 5.4171
[stage1] epoch 89/100 | w [14.817, 7.961, 0.994]
[stage1] epoch 90/100 step 20 | loss 6.2307 | det 0.1272 seg 0.1874 cnt 2.8493 | w [14.886, 7.980, 0.997]
[stage1] epoch 90/100 | train 5.8957
[stage1] epoch 90/100 | w [14.857, 7.974, 0.996]
[stage1] epoch 91/100 step 20 | loss 5.8628 | det 0.0716 seg 0.1506 cnt 3.6078 | w [14.907, 7.986, 0.998]
[stage1] epoch 91/100 | train 5.6892
[stage1] epoch 91/100 | w [14.904, 7.981, 0.998]
[stage1] epoch 92/100 step 20 | loss 5.4301 | det 0.0927 seg 0.1435 cnt 2.9186 | w [14.841, 7.966, 0.996]
[stage1] epoch 92/100 | train 5.7304
[stage1] epoch 92/100 | w [14.879, 7.975, 0.997]
[stage1] epoch 93/100 step 20 | loss 5.9450 | det 0.0885 seg 0.1448 cnt 3.4881 | w [14.903, 7.978, 0.999]
[stage1] epoch 93/100 | train 6.3062
[stage1] epoch 93/100 | w [14.781, 7.939, 0.994]
[stage1] epoch 94/100 step 20 | loss 6.0678 | det 0.0953 seg 0.1612 cnt 3.3927 | w [14.897, 7.978, 0.998]
[stage1] epoch 94/100 | train 5.9508
[stage1] epoch 94/100 | w [14.880, 7.967, 0.998]
[stage1] epoch 95/100 step 20 | loss 5.6689 | det 0.0910 seg 0.1906 cnt 2.8178 | w [14.921, 7.989, 0.999]
[stage1] epoch 95/100 | train 5.5800
[stage1] epoch 95/100 | w [14.896, 7.978, 0.998]
[stage1] epoch 96/100 step 20 | loss 5.1378 | det 0.0936 seg 0.1571 cnt 2.5113 | w [14.916, 7.986, 0.999]
[stage1] epoch 96/100 | train 5.3233
[stage1] epoch 96/100 | w [14.828, 7.958, 0.995]
[stage1] epoch 97/100 step 20 | loss 6.2113 | det 0.1283 seg 0.1599 cnt 3.0587 | w [14.818, 7.953, 0.995]
[stage1] epoch 97/100 | train 6.5380
[stage1] epoch 97/100 | w [14.812, 7.950, 0.995]
[stage1] epoch 98/100 step 20 | loss 5.7198 | det 0.1028 seg 0.1313 cnt 3.1777 | w [14.796, 7.939, 0.995]
[stage1] epoch 98/100 | train 5.5585
[stage1] epoch 98/100 | w [14.902, 7.978, 0.999]
[stage1] epoch 99/100 step 20 | loss 4.9030 | det 0.1288 seg 0.1260 cnt 2.0167 | w [14.777, 7.931, 0.995]
[stage1] epoch 99/100 | train 5.2186
[stage1] epoch 99/100 | w [14.542, 7.854, 0.986]
[stage1] epoch 100/100 step 20 | loss 7.0577 | det 0.1355 seg 0.1311 cnt 4.0902 | w [14.555, 7.852, 0.987]
[stage1] epoch 100/100 | train 6.6856
[stage1] epoch 100/100 | w [14.900, 7.975, 0.999]
[ckpt] saved stage1 phi -> /data/xiangyuyue/ULLM-zf/fsl-20260209/runs/32_56/stage1_phi_last.pt
[train] validation/model selection start from Stage2 (Stage1 validation disabled).
[stage2] epoch 1/50 step 20 | loss 9.3307 | det 0.1503 seg 0.4652 cnt 3.4784 | w [14.500, 7.835, 0.985] | cnt_gnorm 2.469106e+01 cnt_gparams 6
[stage2] epoch 1/50 step 40 | loss 8.5630 | det 0.1427 seg 0.3721 cnt 3.5574 | w [14.899, 7.983, 0.998] | cnt_gnorm 8.308073e+00 cnt_gparams 6
[stage2] epoch 1/50 | train 8.3745
[stage2] epoch 1/50 | w [14.903, 7.979, 0.999]
[diag][cnt][stage2] epoch 1/50 | param_delta_l2 1.227967e+01
[diag][cnt][val] pred_count_mean 7.428987 gt_count_mean 8.000130 pred_dens_mean 0.000037 gt_dens_mean 0.000040
[stage2] epoch 1 | val det 0.2513 seg 0.8592 miou 0.6321 cnt 3.7322 dens 8.510365e-01 mae 2.8812 total_mae 13.7539 | ap50 0.6702 | combo 1.649409
[ckpt] new best cached (stage2 epoch 1, combo 1.649409)
[stage2] epoch 2/50 step 20 | loss 8.0325 | det 0.1182 seg 0.2826 cnt 4.0854 | w [14.872, 7.962, 0.998] | cnt_gnorm 2.109652e+01 cnt_gparams 6
[stage2] epoch 2/50 step 40 | loss 7.6470 | det 0.1170 seg 0.2956 cnt 3.6062 | w [14.706, 7.902, 0.993] | cnt_gnorm 2.297817e+01 cnt_gparams 6
[stage2] epoch 2/50 | train 8.1907
[stage2] epoch 2/50 | w [14.626, 7.884, 0.989]
[diag][cnt][stage2] epoch 2/50 | param_delta_l2 8.812051e+00
[diag][cnt][val] pred_count_mean 6.707661 gt_count_mean 8.000130 pred_dens_mean 0.000033 gt_dens_mean 0.000040
[stage2] epoch 2 | val det 0.2701 seg 0.8598 miou 0.6316 cnt 3.6095 dens 8.511085e-01 mae 2.7584 total_mae 13.6417 | ap50 0.6750 | combo 1.669074
[ckpt] new best cached (stage2 epoch 2, combo 1.669074)
[stage2] epoch 3/50 step 20 | loss 6.9812 | det 0.1322 seg 0.2107 cnt 3.3797 | w [14.551, 7.849, 0.987] | cnt_gnorm 1.357266e+01 cnt_gparams 6
[stage2] epoch 3/50 step 40 | loss 6.3923 | det 0.1127 seg 0.2126 cnt 3.0676 | w [14.725, 7.907, 0.993] | cnt_gnorm 6.410179e+01 cnt_gparams 6
[stage2] epoch 3/50 | train 6.5093
[stage2] epoch 3/50 | w [14.472, 7.820, 0.984]
[diag][cnt][stage2] epoch 3/50 | param_delta_l2 7.743098e+00
[diag][cnt][val] pred_count_mean 7.212898 gt_count_mean 8.000130 pred_dens_mean 0.000036 gt_dens_mean 0.000040
[stage2] epoch 3 | val det 0.2817 seg 0.8653 miou 0.6459 cnt 3.5619 dens 8.455652e-01 mae 2.7163 total_mae 13.4107 | ap50 0.6841 | combo 1.698140
[ckpt] new best cached (stage2 epoch 3, combo 1.698140)
[stage2] epoch 4/50 step 20 | loss 5.3479 | det 0.0944 seg 0.2122 cnt 2.3045 | w [14.725, 7.916, 0.992] | cnt_gnorm 3.597168e+01 cnt_gparams 6
[stage2] epoch 4/50 step 40 | loss 5.4602 | det 0.0973 seg 0.1884 cnt 2.5624 | w [14.908, 7.983, 0.999] | cnt_gnorm 4.018186e+01 cnt_gparams 6
[stage2] epoch 4/50 | train 5.6364
[stage2] epoch 4/50 | w [14.841, 7.959, 0.997]
[diag][cnt][stage2] epoch 4/50 | param_delta_l2 8.383505e+00
[diag][cnt][val] pred_count_mean 5.306232 gt_count_mean 8.000130 pred_dens_mean 0.000026 gt_dens_mean 0.000040
[stage2] epoch 4 | val det 0.2830 seg 0.8729 miou 0.6531 cnt 3.6243 dens 8.520292e-01 mae 2.7723 total_mae 14.7700 | ap50 0.6882 | combo 1.702006
[ckpt] new best cached (stage2 epoch 4, combo 1.702006)
[stage2] epoch 5/50 step 20 | loss 5.5538 | det 0.0730 seg 0.1694 cnt 3.1699 | w [14.710, 7.905, 0.993] | cnt_gnorm 1.271648e+01 cnt_gparams 6
[stage2] epoch 5/50 step 40 | loss 5.9601 | det 0.0865 seg 0.2036 cnt 3.1076 | w [14.681, 7.897, 0.991] | cnt_gnorm 5.088433e+01 cnt_gparams 6
[stage2] epoch 5/50 | train 5.9679
[stage2] epoch 5/50 | w [14.877, 7.968, 0.998]
[diag][cnt][stage2] epoch 5/50 | param_delta_l2 8.012639e+00
[diag][cnt][val] pred_count_mean 9.686641 gt_count_mean 8.000130 pred_dens_mean 0.000048 gt_dens_mean 0.000040
[stage2] epoch 5 | val det 0.3040 seg 0.9342 miou 0.6335 cnt 3.8621 dens 8.493175e-01 mae 3.0128 total_mae 14.7758 | ap50 0.6844 | combo 1.649883
[stage2] epoch 6/50 step 20 | loss 6.0804 | det 0.1119 seg 0.2017 cnt 2.8495 | w [14.714, 7.910, 0.992] | cnt_gnorm 2.085809e+01 cnt_gparams 6
[stage2] epoch 6/50 step 40 | loss 6.0677 | det 0.1134 seg 0.1938 cnt 2.8829 | w [14.751, 7.917, 0.994] | cnt_gnorm 1.156715e+01 cnt_gparams 6
[stage2] epoch 6/50 | train 6.0573
[stage2] epoch 6/50 | w [14.552, 7.856, 0.987]
[diag][cnt][stage2] epoch 6/50 | param_delta_l2 7.192380e+00
[diag][cnt][val] pred_count_mean 7.730268 gt_count_mean 8.000130 pred_dens_mean 0.000039 gt_dens_mean 0.000040
[stage2] epoch 6 | val det 0.3000 seg 0.8983 miou 0.5951 cnt 3.6088 dens 8.475634e-01 mae 2.7613 total_mae 12.7771 | ap50 0.6823 | combo 1.639508
[stage2] epoch 7/50 step 20 | loss 6.8077 | det 0.1038 seg 0.2149 cnt 3.6176 | w [14.717, 7.910, 0.992] | cnt_gnorm 2.864087e+01 cnt_gparams 6
[stage2] epoch 7/50 step 40 | loss 6.7010 | det 0.1090 seg 0.1948 cnt 3.5910 | w [14.514, 7.840, 0.985] | cnt_gnorm 3.285548e+01 cnt_gparams 6
[stage2] epoch 7/50 | train 6.4847
[stage2] epoch 7/50 | w [14.820, 7.950, 0.996]
[diag][cnt][stage2] epoch 7/50 | param_delta_l2 7.989832e+00
[diag][cnt][val] pred_count_mean 8.813890 gt_count_mean 8.000130 pred_dens_mean 0.000044 gt_dens_mean 0.000040
[stage2] epoch 7 | val det 0.3459 seg 0.8897 miou 0.6388 cnt 3.6861 dens 8.474673e-01 mae 2.8387 total_mae 13.2568 | ap50 0.6752 | combo 1.666336
[stage2] epoch 8/50 step 20 | loss 6.0705 | det 0.1318 seg 0.1738 cnt 2.7719 | w [14.888, 7.979, 0.998] | cnt_gnorm 3.299784e+01 cnt_gparams 6
[stage2] epoch 8/50 step 40 | loss 6.5297 | det 0.1224 seg 0.1914 cnt 3.2357 | w [14.481, 7.820, 0.984] | cnt_gnorm 7.986653e+01 cnt_gparams 6
[stage2] epoch 8/50 | train 6.5394
[stage2] epoch 8/50 | w [14.508, 7.834, 0.986]
[diag][cnt][stage2] epoch 8/50 | param_delta_l2 7.813539e+00
[diag][cnt][val] pred_count_mean 8.587124 gt_count_mean 8.000130 pred_dens_mean 0.000043 gt_dens_mean 0.000040
[stage2] epoch 8 | val det 0.3714 seg 0.9507 miou 0.5907 cnt 3.6263 dens 8.492750e-01 mae 2.7771 total_mae 14.9800 | ap50 0.6737 | combo 1.624460
[stage2] epoch 9/50 step 20 | loss 6.7882 | det 0.0733 seg 0.1831 cnt 4.3185 | w [14.627, 7.876, 0.989] | cnt_gnorm 1.364120e+01 cnt_gparams 6
[stage2] epoch 9/50 step 40 | loss 6.6351 | det 0.0874 seg 0.1737 cnt 4.0182 | w [14.912, 7.983, 0.999] | cnt_gnorm 3.946223e+01 cnt_gparams 6
[stage2] epoch 9/50 | train 6.5181
[stage2] epoch 9/50 | w [14.504, 7.818, 0.986]
[diag][cnt][stage2] epoch 9/50 | param_delta_l2 2.636900e+01
[diag][cnt][val] pred_count_mean 7.333404 gt_count_mean 8.000130 pred_dens_mean 0.000037 gt_dens_mean 0.000040
[stage2] epoch 9 | val det 0.3793 seg 0.9110 miou 0.6237 cnt 3.6348 dens 8.481845e-01 mae 2.7866 total_mae 15.4521 | ap50 0.6815 | combo 1.664087
[stage2] epoch 10/50 step 20 | loss 6.6225 | det 0.0905 seg 0.1641 cnt 4.0502 | w [14.412, 7.798, 0.982] | cnt_gnorm 4.228617e+01 cnt_gparams 6
[stage2] epoch 10/50 step 40 | loss 5.9435 | det 0.0889 seg 0.1756 cnt 3.2898 | w [14.737, 7.916, 0.993] | cnt_gnorm 4.160069e+01 cnt_gparams 6
[stage2] epoch 10/50 | train 5.8992
[stage2] epoch 10/50 | w [14.911, 7.981, 1.000]
[diag][cnt][stage2] epoch 10/50 | param_delta_l2 8.327789e+00
[diag][cnt][val] pred_count_mean 7.829261 gt_count_mean 8.000130 pred_dens_mean 0.000039 gt_dens_mean 0.000040
[stage2] epoch 10 | val det 0.3645 seg 1.0850 miou 0.6124 cnt 3.7624 dens 8.485394e-01 mae 2.9138 total_mae 13.0129 | ap50 0.6766 | combo 1.632230
[stage2] epoch 11/50 step 20 | loss 5.2677 | det 0.0688 seg 0.1547 cnt 3.0657 | w [14.661, 7.890, 0.991] | cnt_gnorm 3.394863e+01 cnt_gparams 6
[stage2] epoch 11/50 step 40 | loss 5.5927 | det 0.0976 seg 0.1650 cnt 2.8803 | w [14.864, 7.956, 0.998] | cnt_gnorm 4.652045e+01 cnt_gparams 6
[stage2] epoch 11/50 | train 5.5111
[stage2] epoch 11/50 | w [14.797, 7.943, 0.995]
[diag][cnt][stage2] epoch 11/50 | param_delta_l2 7.001222e+00
[diag][cnt][val] pred_count_mean 9.905903 gt_count_mean 8.000130 pred_dens_mean 0.000049 gt_dens_mean 0.000040
[stage2] epoch 11 | val det 0.3774 seg 0.9650 miou 0.6172 cnt 3.5741 dens 8.467420e-01 mae 2.7274 total_mae 13.3302 | ap50 0.6811 | combo 1.664922
[stage2] epoch 12/50 step 20 | loss 5.0175 | det 0.0993 seg 0.1382 cnt 2.4846 | w [14.624, 7.875, 0.989] | cnt_gnorm 2.409530e+01 cnt_gparams 6
[stage2] epoch 12/50 step 40 | loss 4.9866 | det 0.0983 seg 0.1395 cnt 2.4525 | w [14.848, 7.969, 0.996] | cnt_gnorm 3.277979e+01 cnt_gparams 6
[stage2] epoch 12/50 | train 4.9425
[stage2] epoch 12/50 | w [14.407, 7.789, 0.982]
[diag][cnt][stage2] epoch 12/50 | param_delta_l2 6.391362e+00
[diag][cnt][val] pred_count_mean 6.875054 gt_count_mean 8.000130 pred_dens_mean 0.000034 gt_dens_mean 0.000040
[stage2] epoch 12 | val det 0.3929 seg 0.9446 miou 0.6255 cnt 3.7115 dens 8.490866e-01 mae 2.8624 total_mae 14.1337 | ap50 0.6770 | combo 1.651795
[stage2] epoch 13/50 step 20 | loss 5.2688 | det 0.1170 seg 0.1460 cnt 2.4221 | w [14.816, 7.942, 0.997] | cnt_gnorm 3.823212e+01 cnt_gparams 6
[stage2] epoch 13/50 step 40 | loss 5.3880 | det 0.1067 seg 0.1402 cnt 2.7396 | w [14.889, 7.971, 0.999] | cnt_gnorm 3.287208e+01 cnt_gparams 6
[stage2] epoch 13/50 | train 5.3486
[stage2] epoch 13/50 | w [14.440, 7.803, 0.983]
[diag][cnt][stage2] epoch 13/50 | param_delta_l2 6.853148e+00
[diag][cnt][val] pred_count_mean 5.808788 gt_count_mean 8.000130 pred_dens_mean 0.000029 gt_dens_mean 0.000040
[stage2] epoch 13 | val det 0.3840 seg 0.9564 miou 0.6225 cnt 3.6658 dens 8.478498e-01 mae 2.8180 total_mae 13.9330 | ap50 0.6823 | combo 1.659644
[stage2] epoch 14/50 step 20 | loss 4.9328 | det 0.0761 seg 0.1326 cnt 2.7999 | w [14.496, 7.828, 0.985] | cnt_gnorm 4.293422e+01 cnt_gparams 6
[stage2] epoch 14/50 step 40 | loss 5.5235 | det 0.0787 seg 0.1485 cnt 3.2230 | w [14.899, 7.975, 0.999] | cnt_gnorm 2.159078e+01 cnt_gparams 6
[stage2] epoch 14/50 | train 5.4971
[stage2] epoch 14/50 | w [14.902, 7.980, 0.999]
[diag][cnt][stage2] epoch 14/50 | param_delta_l2 7.129603e+00
[diag][cnt][val] pred_count_mean 8.414679 gt_count_mean 8.000130 pred_dens_mean 0.000042 gt_dens_mean 0.000040
[stage2] epoch 14 | val det 0.3795 seg 0.9640 miou 0.6169 cnt 3.6266 dens 8.483952e-01 mae 2.7782 total_mae 14.9329 | ap50 0.6806 | combo 1.657422
[stage2] epoch 15/50 step 20 | loss 6.2555 | det 0.0891 seg 0.1649 cnt 3.6902 | w [14.470, 7.821, 0.984] | cnt_gnorm 1.326608e+01 cnt_gparams 6
[stage2] epoch 15/50 step 40 | loss 5.6556 | det 0.0854 seg 0.1538 cnt 3.2159 | w [14.862, 7.967, 0.998] | cnt_gnorm 2.904972e+01 cnt_gparams 6
[stage2] epoch 15/50 | train 5.6231
[stage2] epoch 15/50 | w [14.893, 7.976, 0.999]
[diag][cnt][stage2] epoch 15/50 | param_delta_l2 6.383649e+00
[diag][cnt][val] pred_count_mean 7.871358 gt_count_mean 8.000130 pred_dens_mean 0.000039 gt_dens_mean 0.000040
[stage2] epoch 15 | val det 0.3585 seg 0.9872 miou 0.6247 cnt 3.4979 dens 8.435071e-01 mae 2.6544 total_mae 13.0991 | ap50 0.6825 | combo 1.683926
[stage2] epoch 16/50 step 20 | loss 5.5344 | det 0.1217 seg 0.2010 cnt 2.1644 | w [14.724, 7.908, 0.993] | cnt_gnorm 2.723187e+01 cnt_gparams 6
[stage2] epoch 16/50 step 40 | loss 5.4790 | det 0.1134 seg 0.1823 cnt 2.3849 | w [14.520, 7.836, 0.986] | cnt_gnorm 1.952144e+01 cnt_gparams 6
[stage2] epoch 16/50 | train 5.4406
[stage2] epoch 16/50 | w [14.557, 7.846, 0.988]
[diag][cnt][stage2] epoch 16/50 | param_delta_l2 6.403529e+00
[diag][cnt][val] pred_count_mean 9.511912 gt_count_mean 8.000130 pred_dens_mean 0.000047 gt_dens_mean 0.000040
[stage2] epoch 16 | val det 0.3995 seg 0.9823 miou 0.6276 cnt 3.7573 dens 8.450343e-01 mae 2.9123 total_mae 14.2241 | ap50 0.6792 | combo 1.650178
[stage2] epoch 17/50 step 20 | loss 5.3098 | det 0.1159 seg 0.1406 cnt 2.5158 | w [14.833, 7.961, 0.996] | cnt_gnorm 2.535603e+01 cnt_gparams 6
[stage2] epoch 17/50 step 40 | loss 5.5539 | det 0.1223 seg 0.1388 cnt 2.6849 | w [14.815, 7.951, 0.995] | cnt_gnorm 3.885613e+01 cnt_gparams 6
[stage2] epoch 17/50 | train 5.5655
[stage2] epoch 17/50 | w [14.854, 7.954, 0.998]
[diag][cnt][stage2] epoch 17/50 | param_delta_l2 6.189811e+00
[diag][cnt][val] pred_count_mean 7.805414 gt_count_mean 8.000130 pred_dens_mean 0.000039 gt_dens_mean 0.000040
[stage2] epoch 17 | val det 0.4123 seg 0.9706 miou 0.6230 cnt 3.5320 dens 8.419835e-01 mae 2.6900 total_mae 12.9613 | ap50 0.6793 | combo 1.674026
[stage2] epoch 18/50 step 20 | loss 5.9072 | det 0.1029 seg 0.1730 cnt 3.0481 | w [14.767, 7.921, 0.995] | cnt_gnorm 2.090667e+01 cnt_gparams 6
[stage2] epoch 18/50 step 40 | loss 5.6313 | det 0.1006 seg 0.1660 cnt 2.8583 | w [14.756, 7.924, 0.994] | cnt_gnorm 1.436167e+01 cnt_gparams 6
[stage2] epoch 18/50 | train 5.5719
[stage2] epoch 18/50 | w [14.679, 7.890, 0.992]
[diag][cnt][stage2] epoch 18/50 | param_delta_l2 6.690006e+00
[diag][cnt][val] pred_count_mean 9.274704 gt_count_mean 8.000130 pred_dens_mean 0.000046 gt_dens_mean 0.000040
[stage2] epoch 18 | val det 0.4103 seg 0.9888 miou 0.6258 cnt 3.5780 dens 8.425630e-01 mae 2.7355 total_mae 12.6509 | ap50 0.6813 | combo 1.672640
[stage2] epoch 19/50 step 20 | loss 4.9426 | det 0.0774 seg 0.1512 cnt 2.6376 | w [14.584, 7.859, 0.988] | cnt_gnorm 3.806915e+01 cnt_gparams 6
[stage2] epoch 19/50 step 40 | loss 4.4090 | det 0.0652 seg 0.1358 cnt 2.4013 | w [14.470, 7.816, 0.984] | cnt_gnorm 4.966158e+01 cnt_gparams 6
[stage2] epoch 19/50 | train 4.3953
[stage2] epoch 19/50 | w [14.838, 7.958, 0.996]
[diag][cnt][stage2] epoch 19/50 | param_delta_l2 6.971143e+00
[diag][cnt][val] pred_count_mean 7.213981 gt_count_mean 8.000130 pred_dens_mean 0.000036 gt_dens_mean 0.000040
[stage2] epoch 19 | val det 0.3943 seg 0.9936 miou 0.6159 cnt 3.4674 dens 8.441725e-01 mae 2.6232 total_mae 12.4748 | ap50 0.6828 | combo 1.679934
[stage2] epoch 20/50 step 20 | loss 4.8724 | det 0.0953 seg 0.1516 cnt 2.2963 | w [14.463, 7.815, 0.984] | cnt_gnorm 3.911939e+01 cnt_gparams 6
[stage2] epoch 20/50 step 40 | loss 5.0195 | det 0.0937 seg 0.1503 cnt 2.4741 | w [14.483, 7.827, 0.984] | cnt_gnorm 2.955541e+01 cnt_gparams 6
[stage2] epoch 20/50 | train 5.2612
[stage2] epoch 20/50 | w [14.724, 7.909, 0.993]
[diag][cnt][stage2] epoch 20/50 | param_delta_l2 6.769555e+00
[diag][cnt][val] pred_count_mean 6.676791 gt_count_mean 8.000130 pred_dens_mean 0.000033 gt_dens_mean 0.000040
[stage2] epoch 20 | val det 0.4377 seg 0.9834 miou 0.6226 cnt 3.7950 dens 8.463161e-01 mae 2.9487 total_mae 13.3518 | ap50 0.6766 | combo 1.638388
[stage2] epoch 21/50 step 20 | loss 6.7506 | det 0.0567 seg 0.1610 cnt 4.6959 | w [14.593, 7.865, 0.988] | cnt_gnorm 7.465226e+01 cnt_gparams 6
[stage2] epoch 21/50 step 40 | loss 6.0791 | det 0.0853 seg 0.1580 cnt 3.6100 | w [14.918, 7.983, 1.000] | cnt_gnorm 5.268191e+01 cnt_gparams 6
[stage2] epoch 21/50 | train 5.8940
[stage2] epoch 21/50 | w [14.407, 7.804, 0.982]
[diag][cnt][stage2] epoch 21/50 | param_delta_l2 6.726215e+00
[diag][cnt][val] pred_count_mean 8.781283 gt_count_mean 8.000130 pred_dens_mean 0.000044 gt_dens_mean 0.000040
[stage2] epoch 21 | val det 0.3828 seg 1.0255 miou 0.6401 cnt 3.5456 dens 8.450733e-01 mae 2.7006 total_mae 13.8716 | ap50 0.6825 | combo 1.692817
[stage2] epoch 22/50 step 20 | loss 6.8789 | det 0.0677 seg 0.1563 cnt 4.7045 | w [14.469, 7.822, 0.984] | cnt_gnorm 2.342981e+01 cnt_gparams 6
[stage2] epoch 22/50 step 40 | loss 6.1672 | det 0.0973 seg 0.1457 cnt 3.6267 | w [14.486, 7.829, 0.984] | cnt_gnorm 9.745853e+01 cnt_gparams 6
[stage2] epoch 22/50 | train 6.1885
[stage2] epoch 22/50 | w [14.520, 7.835, 0.986]
[diag][cnt][stage2] epoch 22/50 | param_delta_l2 7.045530e+00
[diag][cnt][val] pred_count_mean 7.994382 gt_count_mean 8.000130 pred_dens_mean 0.000040 gt_dens_mean 0.000040
[stage2] epoch 22 | val det 0.4575 seg 1.0136 miou 0.6334 cnt 3.6369 dens 8.402584e-01 mae 2.7967 total_mae 13.2711 | ap50 0.6772 | combo 1.668158
[stage2] epoch 23/50 step 20 | loss 4.9312 | det 0.0972 seg 0.1318 cnt 2.4823 | w [14.559, 7.846, 0.988] | cnt_gnorm 2.829162e+01 cnt_gparams 6
[stage2] epoch 23/50 step 40 | loss 4.9662 | det 0.0933 seg 0.1527 cnt 2.4035 | w [14.557, 7.842, 0.988] | cnt_gnorm 1.453860e+01 cnt_gparams 6
[stage2] epoch 23/50 | train 4.9697
[stage2] epoch 23/50 | w [14.901, 7.981, 0.999]
[diag][cnt][stage2] epoch 23/50 | param_delta_l2 6.785735e+00
[diag][cnt][val] pred_count_mean 8.408389 gt_count_mean 8.000130 pred_dens_mean 0.000042 gt_dens_mean 0.000040
[stage2] epoch 23 | val det 0.3789 seg 1.0118 miou 0.6305 cnt 3.4761 dens 8.422989e-01 mae 2.6338 total_mae 12.4629 | ap50 0.6817 | combo 1.691858
[stage2] epoch 24/50 step 20 | loss 4.4515 | det 0.0705 seg 0.1447 cnt 2.2876 | w [14.763, 7.928, 0.994] | cnt_gnorm 2.391016e+01 cnt_gparams 6
[stage2] epoch 24/50 step 40 | loss 5.0107 | det 0.0788 seg 0.1475 cnt 2.7042 | w [14.724, 7.913, 0.993] | cnt_gnorm 3.112161e+01 cnt_gparams 6
[stage2] epoch 24/50 | train 4.9137
[stage2] epoch 24/50 | w [14.919, 7.986, 0.999]
[diag][cnt][stage2] epoch 24/50 | param_delta_l2 6.841025e+00
[diag][cnt][val] pred_count_mean 7.893652 gt_count_mean 8.000130 pred_dens_mean 0.000039 gt_dens_mean 0.000040
[stage2] epoch 24 | val det 0.3528 seg 0.9801 miou 0.6373 cnt 3.6409 dens 8.416239e-01 mae 2.7992 total_mae 13.3197 | ap50 0.6801 | combo 1.674700
[stage2] epoch 25/50 step 20 | loss 5.1837 | det 0.1065 seg 0.1445 cnt 2.4944 | w [14.611, 7.878, 0.989] | cnt_gnorm 8.153045e+01 cnt_gparams 6
[stage2] epoch 25/50 step 40 | loss 4.8638 | det 0.0958 seg 0.1383 cnt 2.3767 | w [14.888, 7.973, 0.999] | cnt_gnorm 1.635633e+01 cnt_gparams 6
[stage2] epoch 25/50 | train 4.8571
[stage2] epoch 25/50 | w [14.791, 7.943, 0.995]
[diag][cnt][stage2] epoch 25/50 | param_delta_l2 6.852413e+00
[diag][cnt][val] pred_count_mean 9.035954 gt_count_mean 8.000130 pred_dens_mean 0.000045 gt_dens_mean 0.000040
[stage2] epoch 25 | val det 0.3766 seg 1.0039 miou 0.6339 cnt 3.5064 dens 8.417761e-01 mae 2.6647 total_mae 12.9621 | ap50 0.6795 | combo 1.688659
[stage2] epoch 26/50 step 20 | loss 5.0967 | det 0.0970 seg 0.1377 cnt 2.5906 | w [14.412, 7.800, 0.982] | cnt_gnorm 3.457020e+01 cnt_gparams 6
[stage2] epoch 26/50 step 40 | loss 5.2337 | det 0.0971 seg 0.1432 cnt 2.6908 | w [14.572, 7.857, 0.987] | cnt_gnorm 5.114693e+01 cnt_gparams 6
[stage2] epoch 26/50 | train 5.1939
[stage2] epoch 26/50 | w [14.900, 7.980, 0.999]
[diag][cnt][stage2] epoch 26/50 | param_delta_l2 6.631457e+00
[diag][cnt][val] pred_count_mean 10.240679 gt_count_mean 8.000130 pred_dens_mean 0.000051 gt_dens_mean 0.000040
[stage2] epoch 26 | val det 0.4137 seg 0.9877 miou 0.6295 cnt 3.4857 dens 8.407715e-01 mae 2.6449 total_mae 12.5094 | ap50 0.6805 | combo 1.688126
[stage2] epoch 27/50 step 20 | loss 5.9003 | det 0.0978 seg 0.1343 cnt 3.4392 | w [14.459, 7.815, 0.984] | cnt_gnorm 5.285794e+01 cnt_gparams 6
[stage2] epoch 27/50 step 40 | loss 6.3027 | det 0.1019 seg 0.1376 cnt 3.7400 | w [14.913, 7.987, 0.999] | cnt_gnorm 8.425482e+01 cnt_gparams 6
[stage2] epoch 27/50 | train 6.1592
[stage2] epoch 27/50 | w [14.753, 7.921, 0.994]
[diag][cnt][stage2] epoch 27/50 | param_delta_l2 6.995472e+00
[diag][cnt][val] pred_count_mean 9.015949 gt_count_mean 8.000130 pred_dens_mean 0.000045 gt_dens_mean 0.000040
[stage2] epoch 27 | val det 0.3565 seg 1.0717 miou 0.6261 cnt 3.5419 dens 8.426405e-01 mae 2.6993 total_mae 12.9816 | ap50 0.6760 | combo 1.672535
[stage2] epoch 28/50 step 20 | loss 5.1284 | det 0.0784 seg 0.1482 cnt 2.8251 | w [14.690, 7.906, 0.991] | cnt_gnorm 4.171578e+01 cnt_gparams 6
[stage2] epoch 28/50 step 40 | loss 5.5583 | det 0.0907 seg 0.1620 cnt 2.9731 | w [14.570, 7.858, 0.987] | cnt_gnorm 1.707651e+01 cnt_gparams 6
[stage2] epoch 28/50 | train 5.5157
[stage2] epoch 28/50 | w [14.875, 7.976, 0.998]
[diag][cnt][stage2] epoch 28/50 | param_delta_l2 6.815126e+00
[diag][cnt][val] pred_count_mean 7.992020 gt_count_mean 8.000130 pred_dens_mean 0.000040 gt_dens_mean 0.000040
[stage2] epoch 28 | val det 0.4149 seg 1.0834 miou 0.5997 cnt 3.5539 dens 8.413685e-01 mae 2.7125 total_mae 12.7332 | ap50 0.6810 | combo 1.649325
[stage2] epoch 29/50 step 20 | loss 5.8767 | det 0.0771 seg 0.2236 cnt 2.9822 | w [14.912, 7.982, 0.999] | cnt_gnorm 2.817282e+01 cnt_gparams 6
[stage2] epoch 29/50 step 40 | loss 6.0879 | det 0.0827 seg 0.2080 cnt 3.2422 | w [14.615, 7.873, 0.989] | cnt_gnorm 5.598229e+01 cnt_gparams 6
[stage2] epoch 29/50 | train 6.0033
[stage2] epoch 29/50 | w [14.762, 7.922, 0.995]
[diag][cnt][stage2] epoch 29/50 | param_delta_l2 7.142080e+00
[diag][cnt][val] pred_count_mean 7.943436 gt_count_mean 8.000130 pred_dens_mean 0.000040 gt_dens_mean 0.000040
[stage2] epoch 29 | val det 0.4193 seg 1.0237 miou 0.6156 cnt 3.4827 dens 8.411087e-01 mae 2.6416 total_mae 12.6507 | ap50 0.6801 | combo 1.674295
[stage2] epoch 30/50 step 20 | loss 5.4778 | det 0.0757 seg 0.1959 cnt 2.8458 | w [14.692, 7.902, 0.991] | cnt_gnorm 2.938893e+01 cnt_gparams 6
[stage2] epoch 30/50 step 40 | loss 5.5932 | det 0.0907 seg 0.1875 cnt 2.8010 | w [14.870, 7.961, 0.998] | cnt_gnorm 6.134539e+01 cnt_gparams 6
[stage2] epoch 30/50 | train 5.9742
[stage2] epoch 30/50 | w [14.415, 7.800, 0.982]
[diag][cnt][stage2] epoch 30/50 | param_delta_l2 6.914152e+00
[diag][cnt][val] pred_count_mean 6.748888 gt_count_mean 8.000130 pred_dens_mean 0.000034 gt_dens_mean 0.000040
[stage2] epoch 30 | val det 0.4149 seg 0.9695 miou 0.6388 cnt 3.5552 dens 8.410522e-01 mae 2.7142 total_mae 14.8231 | ap50 0.6864 | combo 1.693595
[stage2] epoch 31/50 step 20 | loss 5.0765 | det 0.1164 seg 0.1514 cnt 2.1966 | w [14.575, 7.857, 0.988] | cnt_gnorm 3.324229e+01 cnt_gparams 6
[stage2] epoch 31/50 step 40 | loss 4.8824 | det 0.1008 seg 0.1589 cnt 2.1701 | w [14.719, 7.912, 0.993] | cnt_gnorm 2.335967e+01 cnt_gparams 6
[stage2] epoch 31/50 | train 4.9924
[stage2] epoch 31/50 | w [14.888, 7.972, 0.999]
[diag][cnt][stage2] epoch 31/50 | param_delta_l2 6.348363e+00
[diag][cnt][val] pred_count_mean 9.370164 gt_count_mean 8.000130 pred_dens_mean 0.000047 gt_dens_mean 0.000040
[stage2] epoch 31 | val det 0.4562 seg 0.9954 miou 0.6231 cnt 3.6516 dens 8.418901e-01 mae 2.8097 total_mae 13.3095 | ap50 0.6845 | combo 1.663495
[stage2] epoch 32/50 step 20 | loss 5.4198 | det 0.0967 seg 0.1742 cnt 2.6345 | w [14.891, 7.973, 0.999] | cnt_gnorm 4.309745e+01 cnt_gparams 6
[stage2] epoch 32/50 step 40 | loss 5.1538 | det 0.0901 seg 0.1531 cnt 2.6301 | w [14.893, 7.978, 0.999] | cnt_gnorm 4.591201e+01 cnt_gparams 6
[stage2] epoch 32/50 | train 5.1940
[stage2] epoch 32/50 | w [14.558, 7.859, 0.986]
[diag][cnt][stage2] epoch 32/50 | param_delta_l2 7.085241e+00
[diag][cnt][val] pred_count_mean 8.952353 gt_count_mean 8.000130 pred_dens_mean 0.000045 gt_dens_mean 0.000040
[stage2] epoch 32 | val det 0.4763 seg 0.9706 miou 0.6381 cnt 3.5762 dens 8.403506e-01 mae 2.7359 total_mae 13.4442 | ap50 0.6761 | combo 1.679766
[stage2] epoch 33/50 step 20 | loss 4.7277 | det 0.0712 seg 0.1437 cnt 2.5703 | w [14.877, 7.963, 0.999] | cnt_gnorm 1.596453e+01 cnt_gparams 6
[stage2] epoch 33/50 step 40 | loss 5.5143 | det 0.0660 seg 0.1435 cnt 3.4332 | w [14.744, 7.922, 0.993] | cnt_gnorm 2.465561e+01 cnt_gparams 6
[stage2] epoch 33/50 | train 5.4386
[stage2] epoch 33/50 | w [14.567, 7.855, 0.987]
[diag][cnt][stage2] epoch 33/50 | param_delta_l2 6.560586e+00
[diag][cnt][val] pred_count_mean 8.304427 gt_count_mean 8.000130 pred_dens_mean 0.000041 gt_dens_mean 0.000040
[stage2] epoch 33 | val det 0.5389 seg 0.9534 miou 0.6393 cnt 3.4953 dens 8.373199e-01 mae 2.6580 total_mae 12.5973 | ap50 0.6790 | combo 1.694458
[stage2] epoch 34/50 step 20 | loss 6.2566 | det 0.1034 seg 0.1127 cnt 3.8966 | w [14.488, 7.816, 0.985] | cnt_gnorm 3.658630e+01 cnt_gparams 6
[stage2] epoch 34/50 step 40 | loss 5.6323 | det 0.0864 seg 0.1397 cnt 3.2894 | w [14.874, 7.968, 0.998] | cnt_gnorm 1.799341e+01 cnt_gparams 6
[stage2] epoch 34/50 | train 5.6150
[stage2] epoch 34/50 | w [14.565, 7.855, 0.987]
[diag][cnt][stage2] epoch 34/50 | param_delta_l2 6.539035e+00
[diag][cnt][val] pred_count_mean 8.913576 gt_count_mean 8.000130 pred_dens_mean 0.000044 gt_dens_mean 0.000040
[stage2] epoch 34 | val det 0.4872 seg 1.0071 miou 0.6249 cnt 3.4997 dens 8.411121e-01 mae 2.6586 total_mae 12.4679 | ap50 0.6808 | combo 1.681916
[stage2] epoch 35/50 step 20 | loss 4.3734 | det 0.0725 seg 0.1742 cnt 1.9487 | w [14.438, 7.800, 0.983] | cnt_gnorm 1.587422e+01 cnt_gparams 6
[stage2] epoch 35/50 step 40 | loss 5.9124 | det 0.0784 seg 0.3167 cnt 2.2849 | w [14.527, 7.838, 0.986] | cnt_gnorm 3.007469e+01 cnt_gparams 6
[stage2] epoch 35/50 | train 5.9699
[stage2] epoch 35/50 | w [14.924, 7.987, 1.000]
[diag][cnt][stage2] epoch 35/50 | param_delta_l2 6.723247e+00
[diag][cnt][val] pred_count_mean 8.679900 gt_count_mean 8.000130 pred_dens_mean 0.000043 gt_dens_mean 0.000040
[stage2] epoch 35 | val det 0.3910 seg 1.0601 miou 0.6201 cnt 3.5563 dens 8.394160e-01 mae 2.7169 total_mae 12.4387 | ap50 0.6828 | combo 1.671003
[stage2] epoch 36/50 step 20 | loss 6.1487 | det 0.1035 seg 0.2037 cnt 3.0547 | w [14.876, 7.967, 0.998] | cnt_gnorm 7.130423e+01 cnt_gparams 6
[stage2] epoch 36/50 step 40 | loss 5.8128 | det 0.0976 seg 0.1982 cnt 2.8385 | w [14.430, 7.808, 0.982] | cnt_gnorm 1.721338e+01 cnt_gparams 6
[stage2] epoch 36/50 | train 5.6842
[stage2] epoch 36/50 | w [14.503, 7.832, 0.985]
[diag][cnt][stage2] epoch 36/50 | param_delta_l2 6.962802e+00
[diag][cnt][val] pred_count_mean 8.203621 gt_count_mean 8.000130 pred_dens_mean 0.000041 gt_dens_mean 0.000040
[stage2] epoch 36 | val det 0.4632 seg 1.0068 miou 0.6250 cnt 3.6239 dens 8.401087e-01 mae 2.7838 total_mae 12.3119 | ap50 0.6814 | combo 1.665619
[stage2] epoch 37/50 step 20 | loss 4.8134 | det 0.0778 seg 0.1554 cnt 2.4563 | w [14.765, 7.933, 0.994] | cnt_gnorm 2.396541e+01 cnt_gparams 6
[stage2] epoch 37/50 step 40 | loss 5.2577 | det 0.0923 seg 0.1530 cnt 2.7133 | w [14.892, 7.980, 0.998] | cnt_gnorm 3.993693e+01 cnt_gparams 6
[stage2] epoch 37/50 | train 5.2199
[stage2] epoch 37/50 | w [14.580, 7.848, 0.989]
[diag][cnt][stage2] epoch 37/50 | param_delta_l2 6.566140e+00
[diag][cnt][val] pred_count_mean 7.061460 gt_count_mean 8.000130 pred_dens_mean 0.000035 gt_dens_mean 0.000040
[stage2] epoch 37 | val det 0.4138 seg 1.0664 miou 0.6342 cnt 3.5647 dens 8.433733e-01 mae 2.7213 total_mae 14.0441 | ap50 0.6788 | combo 1.680426
[stage2] epoch 38/50 step 20 | loss 6.1477 | det 0.1013 seg 0.1336 cnt 3.6419 | w [14.454, 7.826, 0.983] | cnt_gnorm 3.872185e+01 cnt_gparams 6
[stage2] epoch 38/50 step 40 | loss 6.3819 | det 0.0977 seg 0.1328 cnt 3.9242 | w [14.538, 7.838, 0.987] | cnt_gnorm 1.523828e+01 cnt_gparams 6
[stage2] epoch 38/50 | train 6.8721
[stage2] epoch 38/50 | w [14.755, 7.932, 0.994]
[diag][cnt][stage2] epoch 38/50 | param_delta_l2 6.586356e+00
[diag][cnt][val] pred_count_mean 7.691582 gt_count_mean 8.000130 pred_dens_mean 0.000038 gt_dens_mean 0.000040
[stage2] epoch 38 | val det 0.3227 seg 1.0818 miou 0.6262 cnt 3.5294 dens 8.410905e-01 mae 2.6884 total_mae 12.7660 | ap50 0.6790 | combo 1.677185
[stage2] epoch 39/50 step 20 | loss 5.6860 | det 0.0740 seg 0.1455 cnt 3.4697 | w [14.778, 7.931, 0.995] | cnt_gnorm 2.967434e+01 cnt_gparams 6
[stage2] epoch 39/50 step 40 | loss 5.8759 | det 0.0715 seg 0.1544 cnt 3.6388 | w [14.910, 7.985, 0.999] | cnt_gnorm 4.846606e+01 cnt_gparams 6
[stage2] epoch 39/50 | train 5.8095
[stage2] epoch 39/50 | w [14.399, 7.791, 0.982]
[diag][cnt][stage2] epoch 39/50 | param_delta_l2 6.671948e+00
[diag][cnt][val] pred_count_mean 6.955079 gt_count_mean 8.000130 pred_dens_mean 0.000035 gt_dens_mean 0.000040
[stage2] epoch 39 | val det 0.3274 seg 0.9226 miou 0.6377 cnt 3.6373 dens 8.453451e-01 mae 2.7919 total_mae 13.7785 | ap50 0.6803 | combo 1.676197
[stage2] epoch 40/50 step 20 | loss 4.5204 | det 0.0775 seg 0.1439 cnt 2.2773 | w [14.535, 7.842, 0.986] | cnt_gnorm 5.197454e+01 cnt_gparams 6
[stage2] epoch 40/50 step 40 | loss 4.4553 | det 0.0763 seg 0.1342 cnt 2.2957 | w [14.764, 7.928, 0.994] | cnt_gnorm 5.700079e+01 cnt_gparams 6
[stage2] epoch 40/50 | train 4.4819
[stage2] epoch 40/50 | w [14.888, 7.973, 0.998]
[diag][cnt][stage2] epoch 40/50 | param_delta_l2 6.241592e+00
[diag][cnt][val] pred_count_mean 8.568273 gt_count_mean 8.000130 pred_dens_mean 0.000043 gt_dens_mean 0.000040
[stage2] epoch 40 | val det 0.3184 seg 1.0223 miou 0.6338 cnt 3.5354 dens 8.422867e-01 mae 2.6931 total_mae 12.6657 | ap50 0.6794 | combo 1.684588
[stage2] epoch 41/50 step 20 | loss 6.5166 | det 0.0624 seg 0.1291 cnt 4.6266 | w [14.540, 7.849, 0.986] | cnt_gnorm 2.445360e+01 cnt_gparams 6
[stage2] epoch 41/50 step 40 | loss 5.9030 | det 0.0882 seg 0.1193 cnt 3.6936 | w [14.543, 7.840, 0.987] | cnt_gnorm 1.780421e+01 cnt_gparams 6
[stage2] epoch 41/50 | train 6.4024
[stage2] epoch 41/50 | w [14.444, 7.807, 0.984]
[diag][cnt][stage2] epoch 41/50 | param_delta_l2 6.644956e+00
[diag][cnt][val] pred_count_mean 8.203127 gt_count_mean 8.000130 pred_dens_mean 0.000041 gt_dens_mean 0.000040
[stage2] epoch 41 | val det 0.3531 seg 1.0005 miou 0.6393 cnt 3.5126 dens 8.409154e-01 mae 2.6716 total_mae 12.4763 | ap50 0.6849 | combo 1.698510
[stage2] epoch 42/50 step 20 | loss 4.9897 | det 0.0691 seg 0.1239 cnt 3.0138 | w [14.870, 7.975, 0.997] | cnt_gnorm 2.048104e+01 cnt_gparams 6
[stage2] epoch 42/50 step 40 | loss 4.8315 | det 0.0874 seg 0.1198 cnt 2.6175 | w [14.906, 7.981, 0.999] | cnt_gnorm 2.987492e+01 cnt_gparams 6
[stage2] epoch 42/50 | train 4.8772
[stage2] epoch 42/50 | w [14.547, 7.848, 0.987]
[diag][cnt][stage2] epoch 42/50 | param_delta_l2 7.018041e+00
[diag][cnt][val] pred_count_mean 8.442165 gt_count_mean 8.000130 pred_dens_mean 0.000042 gt_dens_mean 0.000040
[stage2] epoch 42 | val det 0.3576 seg 1.0193 miou 0.6328 cnt 3.5123 dens 8.405181e-01 mae 2.6718 total_mae 12.8842 | ap50 0.6844 | combo 1.691518
[stage2] epoch 43/50 step 20 | loss 4.6581 | det 0.0785 seg 0.1415 cnt 2.4084 | w [14.777, 7.932, 0.995] | cnt_gnorm 3.338623e+01 cnt_gparams 6
[stage2] epoch 43/50 step 40 | loss 5.4554 | det 0.0903 seg 0.1471 cnt 2.9981 | w [14.526, 7.839, 0.986] | cnt_gnorm 2.154685e+01 cnt_gparams 6
[stage2] epoch 43/50 | train 5.6999
[stage2] epoch 43/50 | w [14.905, 7.979, 0.999]
[diag][cnt][stage2] epoch 43/50 | param_delta_l2 7.664015e+00
[diag][cnt][val] pred_count_mean 10.645056 gt_count_mean 8.000130 pred_dens_mean 0.000053 gt_dens_mean 0.000040
[stage2] epoch 43 | val det 0.3759 seg 1.0405 miou 0.6333 cnt 3.8419 dens 8.445476e-01 mae 2.9974 total_mae 14.3353 | ap50 0.6815 | combo 1.648387
[stage2] epoch 44/50 step 20 | loss 5.1792 | det 0.0710 seg 0.1370 cnt 3.0724 | w [14.473, 7.823, 0.984] | cnt_gnorm 3.744379e+01 cnt_gparams 6
[stage2] epoch 44/50 step 40 | loss 5.3842 | det 0.0935 seg 0.1251 cnt 3.0467 | w [14.907, 7.982, 0.999] | cnt_gnorm 3.016964e+01 cnt_gparams 6
[stage2] epoch 44/50 | train 5.2859
[stage2] epoch 44/50 | w [14.518, 7.840, 0.986]
[diag][cnt][stage2] epoch 44/50 | param_delta_l2 6.985554e+00
[diag][cnt][val] pred_count_mean 7.204638 gt_count_mean 8.000130 pred_dens_mean 0.000036 gt_dens_mean 0.000040
[stage2] epoch 44 | val det 0.3667 seg 1.0425 miou 0.6422 cnt 3.5696 dens 8.394894e-01 mae 2.7301 total_mae 13.6990 | ap50 0.6808 | combo 1.689227
[stage2] epoch 45/50 step 20 | loss 3.9449 | det 0.0596 seg 0.1287 cnt 2.0702 | w [14.415, 7.789, 0.983] | cnt_gnorm 3.081738e+01 cnt_gparams 6
[stage2] epoch 45/50 step 40 | loss 4.2977 | det 0.0669 seg 0.1234 cnt 2.3576 | w [14.848, 7.957, 0.997] | cnt_gnorm 7.560886e+01 cnt_gparams 6
[stage2] epoch 45/50 | train 4.5977
[stage2] epoch 45/50 | w [14.895, 7.973, 0.999]
[diag][cnt][stage2] epoch 45/50 | param_delta_l2 7.101092e+00
[diag][cnt][val] pred_count_mean 8.002239 gt_count_mean 8.000130 pred_dens_mean 0.000040 gt_dens_mean 0.000040
[stage2] epoch 45 | val det 0.3569 seg 1.0547 miou 0.6439 cnt 3.5386 dens 8.401443e-01 mae 2.6985 total_mae 13.1395 | ap50 0.6817 | combo 1.696149
[stage2] epoch 46/50 step 20 | loss 5.5729 | det 0.0799 seg 0.1213 cnt 3.4800 | w [14.805, 7.941, 0.996] | cnt_gnorm 6.504442e+01 cnt_gparams 6
[stage2] epoch 46/50 step 40 | loss 4.8362 | det 0.0751 seg 0.1214 cnt 2.8028 | w [14.496, 7.825, 0.985] | cnt_gnorm 4.004123e+01 cnt_gparams 6
[stage2] epoch 46/50 | train 4.9138
[stage2] epoch 46/50 | w [14.891, 7.974, 0.999]
[diag][cnt][stage2] epoch 46/50 | param_delta_l2 6.595704e+00
[diag][cnt][val] pred_count_mean 10.283361 gt_count_mean 8.000130 pred_dens_mean 0.000051 gt_dens_mean 0.000040
[stage2] epoch 46 | val det 0.3781 seg 1.0532 miou 0.6410 cnt 3.5920 dens 8.414273e-01 mae 2.7506 total_mae 12.9605 | ap50 0.6814 | combo 1.685998
[stage2] epoch 47/50 step 20 | loss 4.6456 | det 0.0924 seg 0.1378 cnt 2.2203 | w [14.764, 7.932, 0.994] | cnt_gnorm 2.370050e+01 cnt_gparams 6
[stage2] epoch 47/50 step 40 | loss 4.5905 | det 0.0915 seg 0.1282 cnt 2.2548 | w [14.761, 7.930, 0.994] | cnt_gnorm 4.983555e+01 cnt_gparams 6
[stage2] epoch 47/50 | train 4.5746
[stage2] epoch 47/50 | w [14.887, 7.969, 0.999]
[diag][cnt][stage2] epoch 47/50 | param_delta_l2 7.154927e+00
[diag][cnt][val] pred_count_mean 8.824595 gt_count_mean 8.000130 pred_dens_mean 0.000044 gt_dens_mean 0.000040
[stage2] epoch 47 | val det 0.3809 seg 1.0401 miou 0.6446 cnt 3.6628 dens 8.418101e-01 mae 2.8210 total_mae 13.2361 | ap50 0.6779 | combo 1.676987
[stage2] epoch 48/50 step 20 | loss 5.0807 | det 0.1192 seg 0.1197 cnt 2.3892 | w [14.878, 7.972, 0.998] | cnt_gnorm 1.592192e+01 cnt_gparams 6
[stage2] epoch 48/50 step 40 | loss 5.0486 | det 0.1051 seg 0.1233 cnt 2.5447 | w [14.534, 7.836, 0.987] | cnt_gnorm 4.126530e+01 cnt_gparams 6
[stage2] epoch 48/50 | train 4.9052
[stage2] epoch 48/50 | w [14.565, 7.851, 0.987]
[diag][cnt][stage2] epoch 48/50 | param_delta_l2 7.321174e+00
[diag][cnt][val] pred_count_mean 9.551315 gt_count_mean 8.000130 pred_dens_mean 0.000048 gt_dens_mean 0.000040
[stage2] epoch 48 | val det 0.3747 seg 1.0638 miou 0.6441 cnt 3.5145 dens 8.404418e-01 mae 2.6740 total_mae 12.4107 | ap50 0.6834 | combo 1.701469
[stage2] epoch 49/50 step 20 | loss 5.4345 | det 0.0857 seg 0.1497 cnt 3.0162 | w [14.759, 7.927, 0.994] | cnt_gnorm 2.339415e+01 cnt_gparams 6
[stage2] epoch 49/50 step 40 | loss 5.0997 | det 0.0687 seg 0.1319 cnt 3.0773 | w [14.721, 7.905, 0.993] | cnt_gnorm 1.647978e+01 cnt_gparams 6
[stage2] epoch 49/50 | train 5.0230
[stage2] epoch 49/50 | w [14.706, 7.912, 0.992]
[diag][cnt][stage2] epoch 49/50 | param_delta_l2 6.957717e+00
[diag][cnt][val] pred_count_mean 8.720873 gt_count_mean 8.000130 pred_dens_mean 0.000043 gt_dens_mean 0.000040
[stage2] epoch 49 | val det 0.4144 seg 1.0390 miou 0.6515 cnt 3.5060 dens 8.391654e-01 mae 2.6669 total_mae 12.6105 | ap50 0.6789 | combo 1.705406
[ckpt] new best cached (stage2 epoch 49, combo 1.705406)
[stage2] epoch 50/50 step 20 | loss 4.9724 | det 0.0731 seg 0.1253 cnt 2.9230 | w [14.915, 7.986, 0.999] | cnt_gnorm 2.300092e+01 cnt_gparams 6
[stage2] epoch 50/50 step 40 | loss 4.7907 | det 0.0756 seg 0.1195 cnt 2.7584 | w [14.508, 7.835, 0.985] | cnt_gnorm 4.990270e+01 cnt_gparams 6
[stage2] epoch 50/50 | train 4.8122
[stage2] epoch 50/50 | w [14.618, 7.879, 0.989]
[diag][cnt][stage2] epoch 50/50 | param_delta_l2 7.261424e+00
[diag][cnt][val] pred_count_mean 9.113092 gt_count_mean 8.000130 pred_dens_mean 0.000045 gt_dens_mean 0.000040
[stage2] epoch 50 | val det 0.3723 seg 1.0638 miou 0.6423 cnt 3.8211 dens 8.404436e-01 mae 2.9807 total_mae 14.5251 | ap50 0.6807 | combo 1.658492
[ckpt] saved best -> /data/xiangyuyue/ULLM-zf/fsl-20260209/runs/32_56/best_combo.pt (combo 1.705406)
