WARNING:__main__:
*****************************************
Setting OMP_NUM_THREADS environment variable for each process to be 1 in default, to avoid your system being overloaded, please further tune the variable for optimal performance in your application as needed. 
*****************************************
[rank5]:[W314 15:59:24.146241340 ProcessGroupNCCL.cpp:4115] [PG ID 0 PG GUID 0 Rank 5]  using GPU 5 to perform barrier as devices used by this process are currently unknown. This can potentially cause a hang if this rank to GPU mapping is incorrect.Specify device_ids in barrier() to force use of a particular device,or call init_process_group() with a device_id.
[rank3]:[W314 15:59:24.152493794 ProcessGroupNCCL.cpp:4115] [PG ID 0 PG GUID 0 Rank 3]  using GPU 3 to perform barrier as devices used by this process are currently unknown. This can potentially cause a hang if this rank to GPU mapping is incorrect.Specify device_ids in barrier() to force use of a particular device,or call init_process_group() with a device_id.
[rank2]:[W314 15:59:24.217517339 ProcessGroupNCCL.cpp:4115] [PG ID 0 PG GUID 0 Rank 2]  using GPU 2 to perform barrier as devices used by this process are currently unknown. This can potentially cause a hang if this rank to GPU mapping is incorrect.Specify device_ids in barrier() to force use of a particular device,or call init_process_group() with a device_id.
[rank0]:[W314 15:59:24.233887635 ProcessGroupNCCL.cpp:4115] [PG ID 0 PG GUID 0 Rank 0]  using GPU 0 to perform barrier as devices used by this process are currently unknown. This can potentially cause a hang if this rank to GPU mapping is incorrect.Specify device_ids in barrier() to force use of a particular device,or call init_process_group() with a device_id.
[rank1]:[W314 15:59:24.332381968 ProcessGroupNCCL.cpp:4115] [PG ID 0 PG GUID 0 Rank 1]  using GPU 1 to perform barrier as devices used by this process are currently unknown. This can potentially cause a hang if this rank to GPU mapping is incorrect.Specify device_ids in barrier() to force use of a particular device,or call init_process_group() with a device_id.
[rank7]:[W314 15:59:24.410644142 ProcessGroupNCCL.cpp:4115] [PG ID 0 PG GUID 0 Rank 7]  using GPU 7 to perform barrier as devices used by this process are currently unknown. This can potentially cause a hang if this rank to GPU mapping is incorrect.Specify device_ids in barrier() to force use of a particular device,or call init_process_group() with a device_id.
[rank6]:[W314 15:59:24.439644441 ProcessGroupNCCL.cpp:4115] [PG ID 0 PG GUID 0 Rank 6]  using GPU 6 to perform barrier as devices used by this process are currently unknown. This can potentially cause a hang if this rank to GPU mapping is incorrect.Specify device_ids in barrier() to force use of a particular device,or call init_process_group() with a device_id.
[rank4]:[W314 15:59:24.440102252 ProcessGroupNCCL.cpp:4115] [PG ID 0 PG GUID 0 Rank 4]  using GPU 4 to perform barrier as devices used by this process are currently unknown. This can potentially cause a hang if this rank to GPU mapping is incorrect.Specify device_ids in barrier() to force use of a particular device,or call init_process_group() with a device_id.
[warn] Using first-order MAML (stop-grad through inner update).
[train] using --loss-weight-bias as base/init: [15.000, 8.000, 1.000]
[warn] Backbone is forced frozen for Full MAML (ignoring unfreeze flags).
[ddp] multi-process mode without DDP wrapper (manual theta grad all-reduce)
[LoRA-MoE] LoRA params: 6561792
[LoRA-MoE] Det head params: 14875060
[LoRA-MoE] Seg head params: 9451531
[LoRA-MoE] Cnt head params: 9448456
[train] Learnable loss weights MLP enabled (Full MAML), multilayer_grads=off, arch=joint, grad_vec_normalize=l2, prior_fuse=add, joint_task_proj_dim=64, joint_out=leakyrelu, joint_leaky_slope=0.010, weight_net_dropout=0.000, cnt_grad_hidden_dim=64, cnt_grad_hidden_dim2=512
[init] g0 initialized on rank0 from first inner-batch gradients and broadcast to all ranks.
[stage1] epoch 1/100 step 20 | loss 369027.6067 | det 1.0253 seg 1.3195 cnt 369343.4977 | w [15.140, 8.735, 0.988]
[stage1] epoch 1/100 | train 217106.1456
[stage1] epoch 1/100 | w [15.019, 8.221, 0.997]
[stage1] epoch 2/100 step 20 | loss 22.4512 | det 0.4464 seg 0.8443 cnt 8.8482 | w [14.999, 8.147, 0.998]
[stage1] epoch 2/100 | train 22.6522
[stage1] epoch 2/100 | w [14.998, 8.149, 0.997]
[stage1] epoch 3/100 step 20 | loss 19.9083 | det 0.3898 seg 0.8010 cnt 7.6331 | w [14.999, 8.076, 0.994]
[stage1] epoch 3/100 | train 19.4455
[stage1] epoch 3/100 | w [14.999, 8.024, 0.996]
[stage1] epoch 4/100 step 20 | loss 19.7303 | det 0.3498 seg 0.8280 cnt 7.9205 | w [14.998, 7.999, 0.991]
[stage1] epoch 4/100 | train 18.8473
[stage1] epoch 4/100 | w [14.998, 7.998, 0.987]
[stage1] epoch 5/100 step 20 | loss 17.9004 | det 0.3568 seg 0.5839 cnt 7.9245 | w [14.999, 8.000, 0.996]
[stage1] epoch 5/100 | train 18.1080
[stage1] epoch 5/100 | w [14.999, 8.000, 0.996]
[stage1] epoch 6/100 step 20 | loss 17.6080 | det 0.2932 seg 0.6872 cnt 7.7747 | w [14.997, 7.998, 0.990]
[stage1] epoch 6/100 | train 17.3061
[stage1] epoch 6/100 | w [14.996, 7.997, 0.985]
[stage1] epoch 7/100 step 20 | loss 16.5106 | det 0.2439 seg 0.5240 cnt 8.7399 | w [14.996, 7.996, 0.984]
[stage1] epoch 7/100 | train 16.2798
[stage1] epoch 7/100 | w [14.996, 7.997, 0.985]
[stage1] epoch 8/100 step 20 | loss 17.9857 | det 0.3091 seg 0.4914 cnt 9.5179 | w [14.998, 7.999, 0.994]
[stage1] epoch 8/100 | train 17.3820
[stage1] epoch 8/100 | w [14.999, 8.001, 0.997]
[stage1] epoch 9/100 step 20 | loss 15.1448 | det 0.2395 seg 0.5038 cnt 7.6017 | w [14.998, 7.999, 0.994]
[stage1] epoch 9/100 | train 14.8126
[stage1] epoch 9/100 | w [14.994, 7.996, 0.982]
[stage1] epoch 10/100 step 20 | loss 12.6632 | det 0.2489 seg 0.3970 cnt 5.8146 | w [14.996, 7.995, 0.982]
[stage1] epoch 10/100 | train 15.0798
[stage1] epoch 10/100 | w [14.994, 7.994, 0.979]
[stage1] epoch 11/100 step 20 | loss 13.1418 | det 0.2585 seg 0.4097 cnt 6.0657 | w [14.995, 7.996, 0.985]
[stage1] epoch 11/100 | train 13.6041
[stage1] epoch 11/100 | w [14.999, 7.999, 0.995]
[stage1] epoch 12/100 step 20 | loss 12.5150 | det 0.1644 seg 0.5802 cnt 5.4788 | w [14.997, 7.997, 0.988]
[stage1] epoch 12/100 | train 12.6444
[stage1] epoch 12/100 | w [14.998, 7.998, 0.992]
[stage1] epoch 13/100 step 20 | loss 14.0134 | det 0.2323 seg 0.4279 cnt 7.1936 | w [14.998, 7.998, 0.993]
[stage1] epoch 13/100 | train 13.8168
[stage1] epoch 13/100 | w [14.997, 7.998, 0.992]
[stage1] epoch 14/100 step 20 | loss 14.5755 | det 0.2035 seg 0.4510 cnt 8.0009 | w [14.994, 7.995, 0.984]
[stage1] epoch 14/100 | train 13.8025
[stage1] epoch 14/100 | w [14.992, 7.990, 0.977]
[stage1] epoch 15/100 step 20 | loss 14.2340 | det 0.2859 seg 0.3378 cnt 7.3447 | w [14.991, 7.991, 0.979]
[stage1] epoch 15/100 | train 13.0481
[stage1] epoch 15/100 | w [14.992, 7.992, 0.983]
[stage1] epoch 16/100 step 20 | loss 10.7705 | det 0.1594 seg 0.2990 cnt 6.1024 | w [14.994, 7.994, 0.987]
[stage1] epoch 16/100 | train 11.8343
[stage1] epoch 16/100 | w [14.992, 7.993, 0.986]
[stage1] epoch 17/100 step 20 | loss 11.9356 | det 0.2081 seg 0.3297 cnt 6.3040 | w [14.990, 7.990, 0.984]
[stage1] epoch 17/100 | train 11.5970
[stage1] epoch 17/100 | w [14.980, 7.979, 0.971]
[stage1] epoch 18/100 step 20 | loss 16.2627 | det 0.2182 seg 0.3394 cnt 10.5494 | w [14.979, 7.980, 0.975]
[stage1] epoch 18/100 | train 15.6517
[stage1] epoch 18/100 | w [14.975, 7.976, 0.973]
[stage1] epoch 19/100 step 20 | loss 12.7834 | det 0.2216 seg 0.4665 cnt 6.0225 | w [14.955, 7.957, 0.959]
[stage1] epoch 19/100 | train 11.7875
[stage1] epoch 19/100 | w [14.924, 7.927, 0.939]
[stage1] epoch 20/100 step 20 | loss 12.1745 | det 0.2348 seg 0.3713 cnt 6.3352 | w [14.835, 7.841, 0.882]
[stage1] epoch 20/100 | train 11.3411
[stage1] epoch 20/100 | w [14.633, 7.643, 0.753]
[stage1] epoch 21/100 step 20 | loss 10.4027 | det 0.1681 seg 0.2824 cnt 9.3082 | w [13.915, 6.946, 0.302]
[stage1] epoch 21/100 | train 8.2420
[stage1] epoch 21/100 | w [13.264, 6.312, -0.114]
[stage1] epoch 22/100 step 20 | loss -103172582.6832 | det 0.1618 seg 0.3108 cnt 4678136.2197 | w [-27.822, -32.947, -32.335]
[stage1] epoch 22/100 | train -7438798132.8725
[stage1] epoch 22/100 | w [-550.534, -533.697, -493.180]
[stage1] epoch 23/100 step 20 | loss -959603059916.8000 | det 0.3393 seg 0.5998 cnt 350989996.0000 | w [-5611.167, -5427.507, -5255.784]
[stage1] epoch 23/100 | train -4765392578921.4121
[stage1] epoch 23/100 | w [-21095.209, -20522.865, -20314.549]
[stage1] epoch 24/100 step 20 | loss -76385222865715.2031 | det 0.2312 seg 0.4082 cnt 1619772678.4000 | w [-78050.320, -76427.859, -77003.703]
[stage1] epoch 24/100 | train -180927607572359.5312
[stage1] epoch 24/100 | w [-179622.562, -176485.516, -179564.453]
[stage1] epoch 25/100 step 20 | loss -1191782547613286.5000 | det 0.2635 seg 0.3883 cnt 3922427635.2000 | w [-432701.156, -427094.781, -438607.875]
[stage1] epoch 25/100 | train -2054911460484517.7500
[stage1] epoch 25/100 | w [-780937.312, -772063.812, -798374.562]
[stage1] epoch 26/100 step 20 | loss -8289465874042061.0000 | det 0.3286 seg 0.4442 cnt 7139604121.6000 | w [-1495506.250, -1479602.250, -1542420.625]
[stage1] epoch 26/100 | train -12336534074903372.0000
[stage1] epoch 26/100 | w [-2347133.500, -2324697.000, -2437503.000]
[stage1] epoch 27/100 step 20 | loss -37217681654834792.0000 | det 0.2245 seg 0.4347 cnt 11467060326.4000 | w [-3899855.250, -3868522.500, -4084321.500]
[stage1] epoch 27/100 | train -50529428780690736.0000
[stage1] epoch 27/100 | w [-5595146.000, -5549265.000, -5889098.500]
[stage1] epoch 28/100 step 20 | loss -124590103109985888.0000 | det 0.2693 seg 0.4348 cnt 16817822515.2000 | w [-8468796.000, -8401111.000, -8968545.000]
[stage1] epoch 28/100 | train -159450828367724544.0000
[stage1] epoch 28/100 | w [-11415629.000, -11325831.000, -12146815.000]
[stage1] epoch 29/100 step 20 | loss -341628219343188800.0000 | det 0.2050 seg 0.5623 cnt 23248622592.0000 | w [-16167885.000, -16055654.000, -17304832.000]
[stage1] epoch 29/100 | train -419983549343342080.0000
[stage1] epoch 29/100 | w [-20845000.000, -20709220.000, -22389324.000]
[stage1] epoch 30/100 step 20 | loss -811117403775906560.0000 | det 0.2478 seg 0.4986 cnt 30799187558.4000 | w [-28147852.000, -27918240.000, -30346572.000]
[stage1] epoch 30/100 | train -968940804004318976.0000
[stage1] epoch 30/100 | w [-35132748.000, -34811712.000, -37996316.000]
[stage1] epoch 31/100 step 20 | loss -1731096141275909376.0000 | det 0.2404 seg 0.4442 cnt 39564999065.6000 | w [-45640256.000, -45237772.000, -49587076.000]
[stage1] epoch 31/100 | train -2022678184189200384.0000
[stage1] epoch 31/100 | w [-55490948.000, -54991280.000, -60479024.000]
[stage1] epoch 32/100 step 20 | loss -3394284877616303104.0000 | det 0.2589 seg 0.4471 cnt 49567895552.0000 | w [-70047704.000, -69395448.000, -76582504.000]
[stage1] epoch 32/100 | train -3899826690931987968.0000
[stage1] epoch 32/100 | w [-83368592.000, -82701288.000, -91411000.000]
[stage1] epoch 33/100 step 20 | loss -6225737312116512768.0000 | det 0.3262 seg 0.4358 cnt 60914352947.2000 | w [-102756496.000, -101995632.000, -113075832.000]
[stage1] epoch 33/100 | train -7054729451767009280.0000
[stage1] epoch 33/100 | w [-120218568.000, -119267976.000, -132674968.000]
[stage1] epoch 34/100 step 20 | loss -10807174556200992768.0000 | det 0.2753 seg 0.8550 cnt 73622020096.0000 | w [-145440880.000, -144155200.000, -160951520.000]
[stage1] epoch 34/100 | train -12110908826948560896.0000
[stage1] epoch 34/100 | w [-167990672.000, -166623584.000, -186344992.000]
[stage1] epoch 35/100 step 20 | loss -17944600246912391168.0000 | det 0.3923 seg 0.5448 cnt 87779799859.2000 | w [-200175568.000, -198579552.000, -222661008.000]
[stage1] epoch 35/100 | train -19928849237697843200.0000
[stage1] epoch 35/100 | w [-228419296.000, -226349664.000, -254547392.000]
[stage1] epoch 36/100 step 20 | loss -28701854391360028672.0000 | det 0.3207 seg 0.4781 cnt 103576791449.6000 | w [-268202368.000, -265623360.000, -299707456.000]
[stage1] epoch 36/100 | train -31622466528547684352.0000
[stage1] epoch 36/100 | w [-303101632.000, -300048832.000, -339384000.000]
[stage1] epoch 37/100 step 20 | loss -44436190690520596480.0000 | det 0.2623 seg 0.4960 cnt 121003615027.2000 | w [-352019456.000, -348193248.000, -395077376.000]
[stage1] epoch 37/100 | train -48648797580467478528.0000
[stage1] epoch 37/100 | w [-394679328.000, -390146624.000, -443761792.000]
[stage1] epoch 38/100 step 20 | loss -67011711097594134528.0000 | det 0.2831 seg 0.4471 cnt 140253527654.4000 | w [-453775552.000, -449052256.000, -511750624.000]
[stage1] epoch 38/100 | train -72982840704605683712.0000
[stage1] epoch 38/100 | w [-504775904.000, -499938464.000, -570431488.000]
[stage1] epoch 39/100 step 20 | loss -98679668859035713536.0000 | det 0.2740 seg 0.4030 cnt 161524571340.8000 | w [-575117760.000, -569781056.000, -651406464.000]
[stage1] epoch 39/100 | train -106924874475859263488.0000
[stage1] epoch 39/100 | w [-635765760.000, -629814016.000, -721430272.000]
[stage1] epoch 40/100 step 20 | loss -142237250802916786176.0000 | det 0.3085 seg 0.4671 cnt 184817406771.2000 | w [-718992384.000, -712385152.000, -817800384.000]
[stage1] epoch 40/100 | train -138393168906857611264.0000
[stage1] epoch 40/100 | w [-213837728.000, -211801408.000, -243546272.000]
[stage1] epoch 41/100 step 20 | loss -122708073155838509056.0000 | det 0.2324 seg 0.4617 cnt 205880107827.2000 | w [-235078720.000, -232969216.000, -268272960.000]
[stage1] epoch 41/100 | train -128609928394934091776.0000
[stage1] epoch 41/100 | w [-252287984.000, -250121120.000, -288299360.000]
[stage1] epoch 42/100 step 20 | loss -152385443620321853440.0000 | det 0.2609 seg 0.4532 cnt 220218825113.6000 | w [-275195680.000, -273027744.000, -314985952.000]
[stage1] epoch 42/100 | train -159273564385582317568.0000
[stage1] epoch 42/100 | w [-294205824.000, -292040384.000, -337141312.000]
[stage1] epoch 43/100 step 20 | loss -187482331527173570560.0000 | det 0.2464 seg 0.4530 cnt 234986713907.2000 | w [-319750688.000, -317265696.000, -366787456.000]
[stage1] epoch 43/100 | train -195753429840834560000.0000
[stage1] epoch 43/100 | w [-340866112.000, -338171200.000, -391437504.000]
[stage1] epoch 44/100 step 20 | loss -229474781538757378048.0000 | det 0.2383 seg 0.5818 cnt 250563080192.0000 | w [-369159936.000, -366248704.000, -424415392.000]
[stage1] epoch 44/100 | train -239329320205569785856.0000
[stage1] epoch 44/100 | w [-392657856.000, -389691136.000, -451812640.000]
[stage1] epoch 45/100 step 20 | loss -279539304521947054080.0000 | det 0.1853 seg 0.4216 cnt 267109026201.6000 | w [-424057440.000, -420994176.000, -488446848.000]
[stage1] epoch 45/100 | train -291281257812125319168.0000
[stage1] epoch 45/100 | w [-450030368.000, -446852128.000, -518847936.000]
[stage1] epoch 46/100 step 20 | loss -339123629636058480640.0000 | det 0.2456 seg 0.3823 cnt 284597942681.6000 | w [-484790848.000, -481329056.000, -559454528.000]
[stage1] epoch 46/100 | train -352991432260062871552.0000
[stage1] epoch 46/100 | w [-513557888.000, -509713920.000, -593107008.000]
[stage1] epoch 47/100 step 20 | loss -317097437332849754112.0000 | det 0.2417 seg 0.3687 cnt 302710269542.4000 | w [-550314240.000, -546013248.000, -635458112.000]
[stage1] epoch 47/100 | train -268888696877233274880.0000
[stage1] epoch 47/100 | w [-574102464.000, -569690944.000, -662819264.000]
[stage1] epoch 48/100 step 20 | loss -209886388593453596672.0000 | det 0.2562 seg 0.5497 cnt 308937587097.6000 | w [-602750016.000, -598377152.000, -695927232.000]
[stage1] epoch 48/100 | train -213716992624237772800.0000
[stage1] epoch 48/100 | w [-625665280.000, -621270016.000, -722379136.000]
[stage1] epoch 49/100 step 20 | loss -228604291585977352192.0000 | det 0.2299 seg 0.6944 cnt 309143597875.2000 | w [-655514944.000, -650976256.000, -756731200.000]
[stage1] epoch 49/100 | train -232569501503896256512.0000
[stage1] epoch 49/100 | w [-679787200.000, -675225024.000, -784629248.000]
[stage1] epoch 50/100 step 20 | loss -248160681266233802752.0000 | det 0.2642 seg 0.5555 cnt 309141268070.4000 | w [-711470016.000, -706857664.000, -821049152.000]
[stage1] epoch 50/100 | train -252373277833706799104.0000
[stage1] epoch 50/100 | w [-737302976.000, -732615552.000, -850744576.000]
[stage1] epoch 51/100 step 20 | loss -268968591376220225536.0000 | det 0.2269 seg 0.4516 cnt 309138602393.6000 | w [-771208320.000, -766328512.000, -889597632.000]
[stage1] epoch 51/100 | train -273459698895764029440.0000
[stage1] epoch 51/100 | w [-798907072.000, -793897856.000, -921330944.000]
[stage1] epoch 52/100 step 20 | loss -291207951276361711616.0000 | det 0.2255 seg 0.3801 cnt 309137811046.4000 | w [-835283904.000, -830199808.000, -962915904.000]
[stage1] epoch 52/100 | train -296023297013678080000.0000
[stage1] epoch 52/100 | w [-865087936.000, -860129664.000, -996908864.000]
[stage1] epoch 53/100 step 20 | loss -315012685001358573568.0000 | det 0.3145 seg 0.4407 cnt 309120412876.8000 | w [-904058624.000, -899477184.000, -1041496640.000]
[stage1] epoch 53/100 | train -320177566623462850560.0000
[stage1] epoch 53/100 | w [-936063552.000, -931620928.000, -1077953920.000]
[stage1] epoch 54/100 step 20 | loss -340561669019301183488.0000 | det 0.3067 seg 0.4120 cnt 309122957312.0000 | w [-978181824.000, -973867200.000, -1125769472.000]
[stage1] epoch 54/100 | train -346094466169530155008.0000
[stage1] epoch 54/100 | w [-1012609664.000, -1008513152.000, -1164838016.000]
[stage1] epoch 55/100 step 20 | loss -367967480126734204928.0000 | det 0.2889 seg 0.3860 cnt 309127897088.0000 | w [-1057916352.000, -1054032448.000, -1216143616.000]
[stage1] epoch 55/100 | train -373896799976231993344.0000
[stage1] epoch 55/100 | w [-1094966016.000, -1091217280.000, -1258077056.000]
[stage1] epoch 56/100 step 20 | loss -397341877963160616960.0000 | det 0.3322 seg 0.5018 cnt 309120611123.2000 | w [-1143585920.000, -1140083200.000, -1313062144.000]
[stage1] epoch 56/100 | train -403697273935713533952.0000
[stage1] epoch 56/100 | w [-1183530240.000, -1180118656.000, -1357980288.000]
[stage1] epoch 57/100 step 20 | loss -428820799109364252672.0000 | det 0.3422 seg 0.4674 cnt 309114568704.0000 | w [-1236182912.000, -1232658304.000, -1416906496.000]
[stage1] epoch 57/100 | train -435634305437441261568.0000
[stage1] epoch 57/100 | w [-1278985600.000, -1275810176.000, -1465001216.000]
[stage1] epoch 58/100 step 20 | loss -462492123571511361536.0000 | det 0.2265 seg 0.4919 cnt 309087489228.8000 | w [-1335308032.000, -1332257024.000, -1528028544.000]
[stage1] epoch 58/100 | train -469792807824113664000.0000
[stage1] epoch 58/100 | w [-1381344512.000, -1378399616.000, -1579479168.000]
[stage1] epoch 59/100 step 20 | loss -498548250051495329792.0000 | det 0.2992 seg 0.4860 cnt 309091773644.8000 | w [-1441639552.000, -1438820736.000, -1646836352.000]
[stage1] epoch 59/100 | train -506331353956231675904.0000
[stage1] epoch 59/100 | w [-1490996224.000, -1488120576.000, -1701774976.000]
[stage1] epoch 60/100 step 20 | loss -537057145960098758656.0000 | det 0.2876 seg 0.4281 cnt 309092402790.4000 | w [-1555941248.000, -1552787072.000, -1773658880.000]
[stage1] epoch 60/100 | train -545374797647821471744.0000
[stage1] epoch 60/100 | w [-1608991360.000, -1605443712.000, -1832313472.000]
[stage1] epoch 61/100 step 20 | loss -578123973867057905664.0000 | det 0.2860 seg 0.4220 cnt 309084010905.6000 | w [-1678219520.000, -1674856448.000, -1908997504.000]
[stage1] epoch 61/100 | train -586994702876877258752.0000
[stage1] epoch 61/100 | w [-1734720896.000, -1732212736.000, -1971472128.000]
[stage1] epoch 62/100 step 20 | loss -621909936250753646592.0000 | det 0.2324 seg 0.4393 cnt 309091586867.2000 | w [-1808566528.000, -1806918912.000, -2053121408.000]
[stage1] epoch 62/100 | train -631337618762155950080.0000
[stage1] epoch 62/100 | w [-1868961792.000, -1867475456.000, -2119563264.000]
[stage1] epoch 63/100 step 20 | loss -668466119060240334848.0000 | det 0.2125 seg 0.3962 cnt 309082367590.4000 | w [-1948147328.000, -1946616064.000, -2206396416.000]
[stage1] epoch 63/100 | train -678485898465869168640.0000
[stage1] epoch 63/100 | w [-2012595456.000, -2010773888.000, -2277063936.000]
[stage1] epoch 64/100 step 20 | loss -717947759263611092992.0000 | det 0.2256 seg 0.4520 cnt 309075686195.2000 | w [-2096630400.000, -2094921088.000, -2369194752.000]
[stage1] epoch 64/100 | train -728607652917857484800.0000
[stage1] epoch 64/100 | w [-2165274112.000, -2163855104.000, -2444221184.000]
[stage1] epoch 65/100 step 20 | loss -770485105887901515776.0000 | det 0.2251 seg 0.3677 cnt 309076652851.2000 | w [-2255310592.000, -2254013952.000, -2541975040.000]
[stage1] epoch 65/100 | train -781775937292590907392.0000
[stage1] epoch 65/100 | w [-2328275712.000, -2327349504.000, -2621465856.000]
[stage1] epoch 66/100 step 20 | loss -825641052923340521472.0000 | det 0.3509 seg 0.5024 cnt 309057386905.6000 | w [-2422695936.000, -2423331328.000, -2717645824.000]
[stage1] epoch 66/100 | train -835837379022468415488.0000
[stage1] epoch 66/100 | w [-2499795200.000, -2501557248.000, -2785420288.000]
[stage1] epoch 67/100 step 20 | loss -874282240512188088320.0000 | det 0.2682 seg 0.6523 cnt 309061255168.0000 | w [-2600546560.000, -2602073600.000, -2872514304.000]
[stage1] epoch 67/100 | train -884280907224894668800.0000
[stage1] epoch 67/100 | w [-2681881600.000, -2682045952.000, -2942402560.000]
[stage1] epoch 68/100 step 20 | loss -923232336332663947264.0000 | det 0.2943 seg 0.5435 cnt 309060052582.4000 | w [-2787387648.000, -2785394688.000, -3032244736.000]
[stage1] epoch 68/100 | train -933558067033897435136.0000
[stage1] epoch 68/100 | w [-2872735488.000, -2869610240.000, -3104364288.000]
[stage1] epoch 69/100 step 20 | loss -973696982152512929792.0000 | det 0.2187 seg 0.5033 cnt 309057943961.6000 | w [-2983751168.000, -2979188480.000, -3197009920.000]
[stage1] epoch 69/100 | train -984321714821929631744.0000
[stage1] epoch 69/100 | w [-3073454080.000, -3067659520.000, -3271215616.000]
[stage1] epoch 70/100 step 20 | loss -1025725678864826761216.0000 | det 0.3364 seg 0.4582 cnt 309057495040.0000 | w [-3188651008.000, -3183930880.000, -3366743552.000]
[stage1] epoch 70/100 | train -1036688675122340036608.0000
[stage1] epoch 70/100 | w [-3282020608.000, -3278163456.000, -3443350528.000]
[stage1] epoch 71/100 step 20 | loss -1079328707343129772032.0000 | det 0.3037 seg 0.3605 cnt 309052891136.0000 | w [-3403534848.000, -3399026432.000, -3541705728.000]
[stage1] epoch 71/100 | train -1090627801487154085888.0000
[stage1] epoch 71/100 | w [-3501812224.000, -3496140288.000, -3620582656.000]
[stage1] epoch 72/100 step 20 | loss -1134520137817820364800.0000 | det 0.3026 seg 0.4994 cnt 309037401702.4000 | w [-3628656896.000, -3622212352.000, -3721980160.000]
[stage1] epoch 72/100 | train -1146142562681525895168.0000
[stage1] epoch 72/100 | w [-3731022080.000, -3724559616.000, -3803188224.000]
[stage1] epoch 73/100 step 20 | loss -1191447857241662160896.0000 | det 0.3913 seg 0.4285 cnt 309041520640.0000 | w [-3863390976.000, -3858021376.000, -3907668224.000]
[stage1] epoch 73/100 | train -1203401744347372716032.0000
[stage1] epoch 73/100 | w [-3970214144.000, -3965421312.000, -3991318272.000]
[stage1] epoch 74/100 step 20 | loss -1250087771356648964096.0000 | det 0.2661 seg 0.6492 cnt 309048654233.6000 | w [-4109209088.000, -4104424448.000, -4098869760.000]
[stage1] epoch 74/100 | train -1262413685180879339520.0000
[stage1] epoch 74/100 | w [-4221693952.000, -4216109056.000, -4185039616.000]
[stage1] epoch 75/100 step 20 | loss -1310345751412131495936.0000 | det 0.2924 seg 0.5106 cnt 309027874406.4000 | w [-4367778304.000, -4359671296.000, -4295755776.000]
[stage1] epoch 75/100 | train -1323049960154252443648.0000
[stage1] epoch 75/100 | w [-4485070848.000, -4475762688.000, -4384456192.000]
[stage1] epoch 76/100 step 20 | loss -1372422306107769225216.0000 | det 0.3115 seg 0.4614 cnt 309020326297.6000 | w [-4635451392.000, -4625765888.000, -4498257408.000]
[stage1] epoch 76/100 | train -1385492538700598083584.0000
[stage1] epoch 76/100 | w [-4757114880.000, -4746382336.000, -4589470720.000]
[stage1] epoch 77/100 step 20 | loss -1436358087467074060288.0000 | det 0.3019 seg 0.3891 cnt 309026334310.4000 | w [-4915088384.000, -4903635456.000, -4706762240.000]
[stage1] epoch 77/100 | train -1449770855651671539712.0000
[stage1] epoch 77/100 | w [-5042391040.000, -5031864320.000, -4800603648.000]
[stage1] epoch 78/100 step 20 | loss -1502034615635473596416.0000 | det 0.3009 seg 0.3944 cnt 309013977497.6000 | w [-5206671872.000, -5196192768.000, -4921109504.000]
[stage1] epoch 78/100 | train -1515857848016329768960.0000
[stage1] epoch 78/100 | w [-5339284480.000, -5327857152.000, -5017630208.000]
[stage1] epoch 79/100 step 20 | loss -1569678963513555156992.0000 | det 0.2427 seg 0.4420 cnt 309022641356.8000 | w [-5511127040.000, -5498533376.000, -5141660672.000]
[stage1] epoch 79/100 | train -1583857119282692096000.0000
[stage1] epoch 79/100 | w [-5649145856.000, -5636959232.000, -5240804352.000]
[stage1] epoch 80/100 step 20 | loss -1639065859640582733824.0000 | det 0.2771 seg 0.4434 cnt 309002490675.2000 | w [-5827540992.000, -5815962112.000, -5368260608.000]
[stage1] epoch 80/100 | train -1653673973817784139776.0000
[stage1] epoch 80/100 | w [-5970885120.000, -5959222272.000, -5470250496.000]
[stage1] epoch 81/100 step 20 | loss -1710488375762307252224.0000 | det 0.3046 seg 0.6248 cnt 309003842355.2000 | w [-6155440640.000, -6143811072.000, -5601074688.000]
[stage1] epoch 81/100 | train -1725482760533651488768.0000
[stage1] epoch 81/100 | w [-6304615424.000, -6293794304.000, -5705931776.000]
[stage1] epoch 82/100 step 20 | loss -1783848868209307942912.0000 | det 0.3177 seg 0.5182 cnt 309002625024.0000 | w [-6496979456.000, -6487856640.000, -5840264192.000]
[stage1] epoch 82/100 | train -1799241448593330274304.0000
[stage1] epoch 82/100 | w [-6651821056.000, -6644035072.000, -5947918848.000]
[stage1] epoch 83/100 step 20 | loss -1859178876252724920320.0000 | det 0.2663 seg 0.5043 cnt 308999058227.2000 | w [-6851119104.000, -6845063168.000, -6085923328.000]
[stage1] epoch 83/100 | train -1875003046357875818496.0000
[stage1] epoch 83/100 | w [-7012621824.000, -7005758976.000, -6196522496.000]
[stage1] epoch 84/100 step 20 | loss -1936550577113461686272.0000 | det 0.2777 seg 0.4725 cnt 308999569408.0000 | w [-7220664320.000, -7212885504.000, -6338160640.000]
[stage1] epoch 84/100 | train -1952810636056076484608.0000
[stage1] epoch 84/100 | w [-7388276736.000, -7380064256.000, -6451607552.000]
[stage1] epoch 85/100 step 20 | loss -2015936787345642356736.0000 | det 0.2206 seg 0.4736 cnt 308995779788.8000 | w [-7604275712.000, -7594728448.000, -6597037568.000]
[stage1] epoch 85/100 | train -2032606163473985437696.0000
[stage1] epoch 85/100 | w [-7778271744.000, -7765879296.000, -6713412608.000]
[stage1] epoch 86/100 step 20 | loss -2097393541580255133696.0000 | det 0.2387 seg 0.5493 cnt 308992925696.0000 | w [-8004209152.000, -7988035584.000, -6862715904.000]
[stage1] epoch 86/100 | train -2114503443846303580160.0000
[stage1] epoch 86/100 | w [-8184508416.000, -8167993856.000, -6981821440.000]
[stage1] epoch 87/100 step 20 | loss -2180960562973388832768.0000 | det 0.2859 seg 0.4524 cnt 308991080857.6000 | w [-8415777280.000, -8401042432.000, -7135124992.000]
[stage1] epoch 87/100 | train -2198472338653833068544.0000
[stage1] epoch 87/100 | w [-8602062848.000, -8588321792.000, -7257400832.000]
[stage1] epoch 88/100 step 20 | loss -2266610428825437208576.0000 | det 0.2713 seg 0.4367 cnt 308983885004.8000 | w [-8843473920.000, -8829827072.000, -7414305792.000]
[stage1] epoch 88/100 | train -2284573062844900704256.0000
[stage1] epoch 88/100 | w [-9037126656.000, -9024812032.000, -7539879424.000]
[stage1] epoch 89/100 step 20 | loss -2354407146546104107008.0000 | det 0.2049 seg 0.5218 cnt 308974588723.2000 | w [-9286465536.000, -9276072960.000, -7700749824.000]
[stage1] epoch 89/100 | train -2372858297772868108288.0000
[stage1] epoch 89/100 | w [-9487409152.000, -9478242304.000, -7829187072.000]
[stage1] epoch 90/100 step 20 | loss -2444489842179503554560.0000 | det 0.3123 seg 0.4974 cnt 308980798259.2000 | w [-9745542144.000, -9737832448.000, -7993909248.000]
[stage1] epoch 90/100 | train -2463344675297388658688.0000
[stage1] epoch 90/100 | w [-9953698816.000, -9944260608.000, -8125868032.000]
[stage1] epoch 91/100 step 20 | loss -2536626721082313801728.0000 | det 0.2372 seg 0.5963 cnt 308965531648.0000 | w [-10221216768.000, -10210869248.000, -8294743040.000]
[stage1] epoch 91/100 | train -2555986310857920872448.0000
[stage1] epoch 91/100 | w [-10436277248.000, -10425367552.000, -8429531136.000]
[stage1] epoch 92/100 step 20 | loss -2631224029051547549696.0000 | det 0.2863 seg 0.4825 cnt 308978805964.8000 | w [-10714112000.000, -10704168960.000, -8602480640.000]
[stage1] epoch 92/100 | train -2651014514795252023296.0000
[stage1] epoch 92/100 | w [-10937337856.000, -10928034816.000, -8740738048.000]
[stage1] epoch 93/100 step 20 | loss -2727921140347042791424.0000 | det 0.2583 seg 0.4393 cnt 308971996774.4000 | w [-11222900736.000, -11215563776.000, -8917779456.000]
[stage1] epoch 93/100 | train -2748129466587130888192.0000
[stage1] epoch 93/100 | w [-11452917760.000, -11445833728.000, -9059281920.000]
[stage1] epoch 94/100 step 20 | loss -2826838695143817609216.0000 | det 0.2697 seg 0.5069 cnt 308957603430.4000 | w [-11750028288.000, -11742412800.000, -9240469504.000]
[stage1] epoch 94/100 | train -2847611217278032412672.0000
[stage1] epoch 94/100 | w [-11987622912.000, -11980914688.000, -9385124864.000]
[stage1] epoch 95/100 step 20 | loss -2928244516882212192256.0000 | det 0.2726 seg 0.4498 cnt 308961945190.4000 | w [-12293481472.000, -12287756288.000, -9570514944.000]
[stage1] epoch 95/100 | train -2949395118688747651072.0000
[stage1] epoch 95/100 | w [-12539465728.000, -12532995072.000, -9718629376.000]
[stage1] epoch 96/100 step 20 | loss -3031926570462270717952.0000 | det 0.2565 seg 0.4387 cnt 308958352179.2000 | w [-12856202240.000, -12848651264.000, -9908319232.000]
[stage1] epoch 96/100 | train -3053625956580090970112.0000
[stage1] epoch 96/100 | w [-13110380544.000, -13101041664.000, -10059954176.000]
[stage1] epoch 97/100 step 20 | loss -3137940193864414396416.0000 | det 0.3368 seg 0.4834 cnt 308951349657.6000 | w [-13436447744.000, -13425934336.000, -10253965312.000]
[stage1] epoch 97/100 | train -3160188309654258843648.0000
[stage1] epoch 97/100 | w [-13699084288.000, -13687583744.000, -10408966144.000]
[stage1] epoch 98/100 step 20 | loss -3246375923514901790720.0000 | det 0.3205 seg 0.4735 cnt 308946558976.0000 | w [-14036420608.000, -14025592832.000, -10607343616.000]
[stage1] epoch 98/100 | train -3269095895677028270080.0000
[stage1] epoch 98/100 | w [-14307971072.000, -14300343296.000, -10765788160.000]
[stage1] epoch 99/100 step 20 | loss -3357320594444048662528.0000 | det 0.3155 seg 0.4657 cnt 308949814476.8000 | w [-14655867904.000, -14654100480.000, -10968502272.000]
[stage1] epoch 99/100 | train -3380478673300881408000.0000
[stage1] epoch 99/100 | w [-14934508544.000, -14935946240.000, -11130517504.000]
[stage1] epoch 100/100 step 20 | loss -3470610191182925398016.0000 | det 0.3310 seg 0.4459 cnt 308942951219.2000 | w [-15291891712.000, -15296074752.000, -11337715712.000]
[stage1] epoch 100/100 | train -3494300944875831427072.0000
[stage1] epoch 100/100 | w [-15579238400.000, -15583736832.000, -11503196160.000]
[ckpt] saved stage1 phi -> /data/xiangyuyue/ULLM-zf/fsl-20260209/runs/32_conv2_512/stage1_phi_last.pt
[train] validation/model selection start from Stage2 (Stage1 validation disabled).
[stage2] epoch 1/50 step 20 | loss -3553709541902254080000.0000 | det 0.3261 seg 0.6895 cnt 308932362240.0000 | w [-15579238400.000, -15583736832.000, -11503196160.000] | cnt_gnorm inf cnt_gparams 6
[stage2] epoch 1/50 step 40 | loss -3553669938373031100416.0000 | det 0.3117 seg 0.5659 cnt 308928918323.2000 | w [-15579238400.000, -15583736832.000, -11503196160.000] | cnt_gnorm inf cnt_gparams 6
[stage2] epoch 1/50 | train -3553671434772558118912.0000
[stage2] epoch 1/50 | w [-15579238400.000, -15583736832.000, -11503196160.000]
[diag][cnt][stage2] epoch 1/50 | param_delta_l2 3.655634e-04
[diag][cnt][val] pred_count_mean 11909391.000000 gt_count_mean 8.000130 pred_dens_mean 59.338078 gt_dens_mean 0.000040
[stage2] epoch 1 | val det 0.3750 seg 1.0903 miou 0.5759 cnt 147557853082.8642 dens 1.475465e+11 mae 11367289.7901 total_mae 90938317.6914 | ap50 0.5585 | combo 1.134393
[ckpt] new best cached (stage2 epoch 1, combo 1.134393)
[stage2] epoch 2/50 step 20 | loss -3553644661920122273792.0000 | det 0.3005 seg 0.7222 cnt 308926719590.4000 | w [-15579238400.000, -15583736832.000, -11503196160.000] | cnt_gnorm inf cnt_gparams 6
[stage2] epoch 2/50 step 40 | loss -3553621208017688068096.0000 | det 0.3048 seg 0.6686 cnt 308924680601.6000 | w [-15579238400.000, -15583736832.000, -11503196160.000] | cnt_gnorm inf cnt_gparams 6
[stage2] epoch 2/50 | train -3553630588171286740992.0000
[stage2] epoch 2/50 | w [-15579238400.000, -15583736832.000, -11503196160.000]
[diag][cnt][stage2] epoch 2/50 | param_delta_l2 3.655626e-04
[diag][cnt][val] pred_count_mean 11163997.000000 gt_count_mean 8.000130 pred_dens_mean 55.624191 gt_dens_mean 0.000040
[stage2] epoch 2 | val det 0.3743 seg 1.1114 miou 0.5750 cnt 132718785927.9012 dens 1.327081e+11 mae 10692588.1512 total_mae 85540704.8519 | ap50 0.5585 | combo 1.133558
[stage2] epoch 3/50 step 20 | loss -3553486121139489996800.0000 | det 0.3306 seg 0.6250 cnt 308912937369.6000 | w [-15579238400.000, -15583736832.000, -11503196160.000] | cnt_gnorm inf cnt_gparams 6
[stage2] epoch 3/50 step 40 | loss -3553496451271135068160.0000 | det 0.3101 seg 0.6553 cnt 308913836032.0000 | w [-15579238400.000, -15583736832.000, -11503196160.000] | cnt_gnorm inf cnt_gparams 6
[stage2] epoch 3/50 | train -3553486944290148450304.0000
[stage2] epoch 3/50 | w [-15579238400.000, -15583736832.000, -11503196160.000]
[diag][cnt][stage2] epoch 3/50 | param_delta_l2 3.655617e-04
[diag][cnt][val] pred_count_mean 11506308.000000 gt_count_mean 8.000130 pred_dens_mean 57.329739 gt_dens_mean 0.000040
[stage2] epoch 3 | val det 0.3756 seg 1.1280 miou 0.5737 cnt 148475764596.9383 dens 1.484644e+11 mae 11397206.7022 total_mae 91177653.4074 | ap50 0.5585 | combo 1.132186
[stage2] epoch 4/50 step 20 | loss -3553584229242622705664.0000 | det 0.2631 seg 0.5936 cnt 308921465241.6000 | w [-15579238400.000, -15583736832.000, -11503196160.000] | cnt_gnorm inf cnt_gparams 6
[stage2] epoch 4/50 step 40 | loss -3553584764045078036480.0000 | det 0.2881 seg 0.5535 cnt 308921512755.2000 | w [-15579238400.000, -15583736832.000, -11503196160.000] | cnt_gnorm inf cnt_gparams 6
[stage2] epoch 4/50 | train -3553569043340332630016.0000
[stage2] epoch 4/50 | w [-15579238400.000, -15583736832.000, -11503196160.000]
[diag][cnt][stage2] epoch 4/50 | param_delta_l2 3.655610e-04
[diag][cnt][val] pred_count_mean 11061778.000000 gt_count_mean 8.000130 pred_dens_mean 55.114883 gt_dens_mean 0.000040
[stage2] epoch 4 | val det 0.3752 seg 1.1352 miou 0.5750 cnt 145040587017.4815 dens 1.450293e+11 mae 11243089.8194 total_mae 89944718.3086 | ap50 0.5584 | combo 1.133313
[stage2] epoch 5/50 step 20 | loss -3553421902623553355776.0000 | det 0.2155 seg 0.4043 cnt 308907353702.4000 | w [-15579238400.000, -15583736832.000, -11503196160.000] | cnt_gnorm inf cnt_gparams 6
[stage2] epoch 5/50 step 40 | loss -3553396900608747241472.0000 | det 0.2690 seg 0.5647 cnt 308905180364.8000 | w [-15579238400.000, -15583736832.000, -11503196160.000] | cnt_gnorm inf cnt_gparams 6
[stage2] epoch 5/50 | train -3553405454011425882112.0000
[stage2] epoch 5/50 | w [-15579238400.000, -15583736832.000, -11503196160.000]
[diag][cnt][stage2] epoch 5/50 | param_delta_l2 3.655599e-04
[diag][cnt][val] pred_count_mean 11192830.000000 gt_count_mean 8.000130 pred_dens_mean 55.767838 gt_dens_mean 0.000040
[stage2] epoch 5 | val det 0.3749 seg 1.1144 miou 0.5762 cnt 120420184961.5802 dens 1.204100e+11 mae 10144546.1343 total_mae 81156368.6667 | ap50 0.5584 | combo 1.134615
[ckpt] new best cached (stage2 epoch 5, combo 1.134615)
[stage2] epoch 6/50 step 20 | loss -3553497731982279311360.0000 | det 0.3552 seg 0.6268 cnt 308913948262.4000 | w [-15579238400.000, -15583736832.000, -11503196160.000] | cnt_gnorm inf cnt_gparams 6
[stage2] epoch 6/50 step 40 | loss -3553422078545413799936.0000 | det 0.3614 seg 0.6512 cnt 308907370905.6000 | w [-15579238400.000, -15583736832.000, -11503196160.000] | cnt_gnorm inf cnt_gparams 6
[stage2] epoch 6/50 | train -3553411135878397952000.0000
[stage2] epoch 6/50 | w [-15579238400.000, -15583736832.000, -11503196160.000]
[diag][cnt][stage2] epoch 6/50 | param_delta_l2 3.655592e-04
[diag][cnt][val] pred_count_mean 10552630.000000 gt_count_mean 8.000130 pred_dens_mean 52.578079 gt_dens_mean 0.000040
[stage2] epoch 6 | val det 0.3761 seg 1.1182 miou 0.5764 cnt 132253790840.0988 dens 1.322432e+11 mae 10590803.1127 total_mae 84726424.4815 | ap50 0.5584 | combo 1.134818
[ckpt] new best cached (stage2 epoch 6, combo 1.134818)
[stage2] epoch 7/50 step 20 | loss -3553374248909996556288.0000 | det 0.3362 seg 1.0839 cnt 308903210188.8000 | w [-15579238400.000, -15583736832.000, -11503196160.000] | cnt_gnorm inf cnt_gparams 6
[stage2] epoch 7/50 step 40 | loss -3553376761074163384320.0000 | det 0.3255 seg 0.8422 cnt 308903428915.2000 | w [-15579238400.000, -15583736832.000, -11503196160.000] | cnt_gnorm inf cnt_gparams 6
[stage2] epoch 7/50 | train -3553368332044148932608.0000
[stage2] epoch 7/50 | w [-15579238400.000, -15583736832.000, -11503196160.000]
[diag][cnt][stage2] epoch 7/50 | param_delta_l2 3.655587e-04
[diag][cnt][val] pred_count_mean 10794106.000000 gt_count_mean 8.000130 pred_dens_mean 53.781219 gt_dens_mean 0.000040
[stage2] epoch 7 | val det 0.3748 seg 1.1154 miou 0.5748 cnt 140058754895.0124 dens 1.400478e+11 mae 10996196.8210 total_mae 87969574.5309 | ap50 0.5584 | combo 1.133243
[stage2] epoch 8/50 step 20 | loss -3553233314389157216256.0000 | det 0.3898 seg 0.5978 cnt 308890959872.0000 | w [-15579238400.000, -15583736832.000, -11503196160.000] | cnt_gnorm inf cnt_gparams 6
[stage2] epoch 8/50 step 40 | loss -3553211999696545906688.0000 | det 0.3674 seg 0.5710 cnt 308889106841.6000 | w [-15579238400.000, -15583736832.000, -11503196160.000] | cnt_gnorm inf cnt_gparams 6
[stage2] epoch 8/50 | train -3553223123685814566912.0000
[stage2] epoch 8/50 | w [-15579238400.000, -15583736832.000, -11503196160.000]
[diag][cnt][stage2] epoch 8/50 | param_delta_l2 3.655578e-04
[diag][cnt][val] pred_count_mean 10895350.000000 gt_count_mean 8.000130 pred_dens_mean 54.285664 gt_dens_mean 0.000040
[stage2] epoch 8 | val det 0.3745 seg 1.1256 miou 0.5725 cnt 135759122406.7160 dens 1.357483e+11 mae 10817613.1651 total_mae 86540905.1111 | ap50 0.5583 | combo 1.130811
[stage2] epoch 9/50 step 20 | loss -3553266556583906639872.0000 | det 0.2713 seg 0.5866 cnt 308893850009.6000 | w [-15579238400.000, -15583736832.000, -11503196160.000] | cnt_gnorm inf cnt_gparams 6
[stage2] epoch 9/50 step 40 | loss -3553229549661343711232.0000 | det 0.2750 seg 0.5896 cnt 308890633011.2000 | w [-15579238400.000, -15583736832.000, -11503196160.000] | cnt_gnorm inf cnt_gparams 6
[stage2] epoch 9/50 | train -3553231541751397220352.0000
[stage2] epoch 9/50 | w [-15579238400.000, -15583736832.000, -11503196160.000]
[diag][cnt][stage2] epoch 9/50 | param_delta_l2 3.655572e-04
[diag][cnt][val] pred_count_mean 10272478.000000 gt_count_mean 8.000130 pred_dens_mean 51.182228 gt_dens_mean 0.000040
[stage2] epoch 9 | val det 0.3752 seg 1.1267 miou 0.5731 cnt 159016390188.2469 dens 1.590046e+11 mae 11774380.9059 total_mae 94195046.5926 | ap50 0.5583 | combo 1.131318
[stage2] epoch 10/50 step 20 | loss -3553051171931727855616.0000 | det 0.3296 seg 0.5585 cnt 308875126374.4000 | w [-15579238400.000, -15583736832.000, -11503196160.000] | cnt_gnorm inf cnt_gparams 6
[stage2] epoch 10/50 step 40 | loss -3553067610070367862784.0000 | det 0.2966 seg 0.5874 cnt 308876555059.2000 | w [-15579238400.000, -15583736832.000, -11503196160.000] | cnt_gnorm inf cnt_gparams 6
[stage2] epoch 10/50 | train -3553069857288030781440.0000
[stage2] epoch 10/50 | w [-15579238400.000, -15583736832.000, -11503196160.000]
[diag][cnt][stage2] epoch 10/50 | param_delta_l2 3.655567e-04
[diag][cnt][val] pred_count_mean 10777125.000000 gt_count_mean 8.000130 pred_dens_mean 53.696613 gt_dens_mean 0.000040
[stage2] epoch 10 | val det 0.3740 seg 1.1248 miou 0.5716 cnt 141380865517.0370 dens 1.413698e+11 mae 11075872.4120 total_mae 88606978.7037 | ap50 0.5582 | combo 1.129813
[stage2] epoch 11/50 step 20 | loss -3553111759420464824320.0000 | det 0.2264 seg 0.5514 cnt 308880395468.8000 | w [-15579238400.000, -15583736832.000, -11503196160.000] | cnt_gnorm inf cnt_gparams 6
[stage2] epoch 11/50 step 40 | loss -3553136409591550050304.0000 | det 0.2808 seg 0.5795 cnt 308882538496.0000 | w [-15579238400.000, -15583736832.000, -11503196160.000] | cnt_gnorm inf cnt_gparams 6
[stage2] epoch 11/50 | train -3553157422189506461696.0000
[stage2] epoch 11/50 | w [-15579238400.000, -15583736832.000, -11503196160.000]
[diag][cnt][stage2] epoch 11/50 | param_delta_l2 3.655559e-04
[diag][cnt][val] pred_count_mean 10550511.000000 gt_count_mean 8.000130 pred_dens_mean 52.567516 gt_dens_mean 0.000040
[stage2] epoch 11 | val det 0.3745 seg 1.1203 miou 0.5707 cnt 125680821905.3827 dens 1.256705e+11 mae 10333635.1852 total_mae 82669080.8642 | ap50 0.5585 | combo 1.129242
[stage2] epoch 12/50 step 20 | loss -3553113237164092555264.0000 | det 0.3110 seg 0.5554 cnt 308880523264.0000 | w [-15579238400.000, -15583736832.000, -11503196160.000] | cnt_gnorm inf cnt_gparams 6
[stage2] epoch 12/50 step 40 | loss -3553113933814659809280.0000 | det 0.2829 seg 0.5187 cnt 308880583065.6000 | w [-15579238400.000, -15583736832.000, -11503196160.000] | cnt_gnorm inf cnt_gparams 6
[stage2] epoch 12/50 | train -3553120457324541509632.0000
[stage2] epoch 12/50 | w [-15579238400.000, -15583736832.000, -11503196160.000]
[diag][cnt][stage2] epoch 12/50 | param_delta_l2 3.655550e-04
[diag][cnt][val] pred_count_mean 11665138.000000 gt_count_mean 8.000130 pred_dens_mean 58.121101 gt_dens_mean 0.000040
[stage2] epoch 12 | val det 0.3752 seg 1.0971 miou 0.5750 cnt 171989850794.6667 dens 1.719777e+11 mae 12199634.0278 total_mae 97597071.7778 | ap50 0.5587 | combo 1.133674
[stage2] epoch 13/50 step 20 | loss -3553002547129501089792.0000 | det 0.3309 seg 0.5239 cnt 308870899302.4000 | w [-15579238400.000, -15583736832.000, -11503196160.000] | cnt_gnorm inf cnt_gparams 6
[stage2] epoch 13/50 step 40 | loss -3553018337875694452736.0000 | det 0.3117 seg 0.4701 cnt 308872271462.4000 | w [-15579238400.000, -15583736832.000, -11503196160.000] | cnt_gnorm inf cnt_gparams 6
[stage2] epoch 13/50 | train -3553025580619601018880.0000
[stage2] epoch 13/50 | w [-15579238400.000, -15583736832.000, -11503196160.000]
[diag][cnt][stage2] epoch 13/50 | param_delta_l2 3.655544e-04
[diag][cnt][val] pred_count_mean 11506417.000000 gt_count_mean 8.000130 pred_dens_mean 57.330276 gt_dens_mean 0.000040
[stage2] epoch 13 | val det 0.3744 seg 1.1305 miou 0.5725 cnt 181378665307.6543 dens 1.813662e+11 mae 12450741.4738 total_mae 99605931.3704 | ap50 0.5587 | combo 1.131107
[stage2] epoch 14/50 step 20 | loss -3553116375610082983936.0000 | det 0.2371 seg 0.4877 cnt 308880795238.4000 | w [-15579238400.000, -15583736832.000, -11503196160.000] | cnt_gnorm inf cnt_gparams 6
[stage2] epoch 14/50 step 40 | loss -3553047491646407573504.0000 | det 0.2488 seg 0.5532 cnt 308874806067.2000 | w [-15579238400.000, -15583736832.000, -11503196160.000] | cnt_gnorm inf cnt_gparams 6
[stage2] epoch 14/50 | train -3553037985156365287424.0000
[stage2] epoch 14/50 | w [-15579238400.000, -15583736832.000, -11503196160.000]
[diag][cnt][stage2] epoch 14/50 | param_delta_l2 3.655536e-04
[diag][cnt][val] pred_count_mean 10795582.000000 gt_count_mean 8.000130 pred_dens_mean 53.788574 gt_dens_mean 0.000040
[stage2] epoch 14 | val det 0.3741 seg 1.1244 miou 0.5726 cnt 144393999789.8271 dens 1.443829e+11 mae 11134146.6157 total_mae 89073172.2716 | ap50 0.5587 | combo 1.131267
[stage2] epoch 15/50 step 20 | loss -3553007726269072670720.0000 | det 0.3151 seg 0.5947 cnt 308871349862.4000 | w [-15579238400.000, -15583736832.000, -11503196160.000] | cnt_gnorm inf cnt_gparams 6
[stage2] epoch 15/50 step 40 | loss -3552894066673476698112.0000 | det 0.3051 seg 0.5562 cnt 308861468672.0000 | w [-15579238400.000, -15583736832.000, -11503196160.000] | cnt_gnorm inf cnt_gparams 6
[stage2] epoch 15/50 | train -3552890544636006760448.0000
[stage2] epoch 15/50 | w [-15579238400.000, -15583736832.000, -11503196160.000]
[diag][cnt][stage2] epoch 15/50 | param_delta_l2 3.655327e-04
[diag][cnt][val] pred_count_mean 11080345.000000 gt_count_mean 8.000130 pred_dens_mean 55.207397 gt_dens_mean 0.000040
[stage2] epoch 15 | val det 0.3757 seg 1.1283 miou 0.5759 cnt 147229883885.0370 dens 1.472186e+11 mae 11282935.0586 total_mae 90263480.2469 | ap50 0.5586 | combo 1.134536
[stage2] epoch 16/50 step 20 | loss -3552758423882199728128.0000 | det 0.3783 seg 0.6243 cnt 308849673830.4000 | w [-15579238400.000, -15583736832.000, -11503196160.000] | cnt_gnorm inf cnt_gparams 6
[stage2] epoch 16/50 step 40 | loss -3552786606564242882560.0000 | det 0.3507 seg 0.6252 cnt 308852124876.8000 | w [-15579238400.000, -15583736832.000, -11503196160.000] | cnt_gnorm inf cnt_gparams 6
[stage2] epoch 16/50 | train -3552797003300722966528.0000
[stage2] epoch 16/50 | w [-15579238400.000, -15583736832.000, -11503196160.000]
[diag][cnt][stage2] epoch 16/50 | param_delta_l2 3.655252e-04
[diag][cnt][val] pred_count_mean 10941542.000000 gt_count_mean 8.000130 pred_dens_mean 54.515812 gt_dens_mean 0.000040
[stage2] epoch 16 | val det 0.3745 seg 1.1295 miou 0.5755 cnt 153589411991.7037 dens 1.535779e+11 mae 11499818.7377 total_mae 91998549.4198 | ap50 0.5587 | combo 1.134196
[stage2] epoch 17/50 step 20 | loss -3552885115769217613824.0000 | det 0.3393 seg 0.4643 cnt 308860690432.0000 | w [-15579238400.000, -15583736832.000, -11503196160.000] | cnt_gnorm inf cnt_gparams 6
[stage2] epoch 17/50 step 40 | loss -3552816738460499968000.0000 | det 0.3496 seg 0.5568 cnt 308854747136.0000 | w [-15579238400.000, -15583736832.000, -11503196160.000] | cnt_gnorm inf cnt_gparams 6
[stage2] epoch 17/50 | train -3552809564939799756800.0000
[stage2] epoch 17/50 | w [-15579238400.000, -15583736832.000, -11503196160.000]
[diag][cnt][stage2] epoch 17/50 | param_delta_l2 3.655244e-04
[diag][cnt][val] pred_count_mean 10679833.000000 gt_count_mean 8.000130 pred_dens_mean 53.211857 gt_dens_mean 0.000040
[stage2] epoch 17 | val det 0.3753 seg 1.1171 miou 0.5772 cnt 125858764382.8148 dens 1.258484e+11 mae 10402275.1435 total_mae 83218200.6667 | ap50 0.5590 | combo 1.136202
[ckpt] new best cached (stage2 epoch 17, combo 1.136202)
[stage2] epoch 18/50 step 20 | loss -3552612183558050021376.0000 | det 0.3891 seg 0.5439 cnt 308836963123.2000 | w [-15579238400.000, -15583736832.000, -11503196160.000] | cnt_gnorm inf cnt_gparams 6
[stage2] epoch 18/50 step 40 | loss -3552666663039792054272.0000 | det 0.3403 seg 0.5287 cnt 308841700556.8000 | w [-15579238400.000, -15583736832.000, -11503196160.000] | cnt_gnorm inf cnt_gparams 6
[stage2] epoch 18/50 | train -3552681552738763931648.0000
[stage2] epoch 18/50 | w [-15579238400.000, -15583736832.000, -11503196160.000]
[diag][cnt][stage2] epoch 18/50 | param_delta_l2 3.655239e-04
[diag][cnt][val] pred_count_mean 10416366.000000 gt_count_mean 8.000130 pred_dens_mean 51.899139 gt_dens_mean 0.000040
[stage2] epoch 18 | val det 0.3755 seg 1.1278 miou 0.5749 cnt 144796648624.9876 dens 1.447855e+11 mae 11160966.1127 total_mae 89287728.6173 | ap50 0.5588 | combo 1.133731
[stage2] epoch 19/50 step 20 | loss -3552665255664908500992.0000 | det 0.2168 seg 0.5197 cnt 308841576857.6000 | w [-15579238400.000, -15583736832.000, -11503196160.000] | cnt_gnorm inf cnt_gparams 6
[stage2] epoch 19/50 step 40 | loss -3552588518549382758400.0000 | det 0.2096 seg 0.5246 cnt 308834906931.2000 | w [-15579238400.000, -15583736832.000, -11503196160.000] | cnt_gnorm inf cnt_gparams 6
[stage2] epoch 19/50 | train -3552599047840938852352.0000
[stage2] epoch 19/50 | w [-15579238400.000, -15583736832.000, -11503196160.000]
[diag][cnt][stage2] epoch 19/50 | param_delta_l2 3.655231e-04
[diag][cnt][val] pred_count_mean 10759060.000000 gt_count_mean 8.000130 pred_dens_mean 53.606606 gt_dens_mean 0.000040
[stage2] epoch 19 | val det 0.3744 seg 1.1100 miou 0.5757 cnt 145752385106.1729 dens 1.457411e+11 mae 11255608.8333 total_mae 90044870.2099 | ap50 0.5591 | combo 1.134805
[stage2] epoch 20/50 step 20 | loss -3552552707895470850048.0000 | det 0.3376 seg 0.8310 cnt 308831790694.4000 | w [-15579238400.000, -15583736832.000, -11503196160.000] | cnt_gnorm inf cnt_gparams 6
[stage2] epoch 20/50 step 40 | loss -3552631851622047678464.0000 | det 0.3141 seg 0.7056 cnt 308838672793.6000 | w [-15579238400.000, -15583736832.000, -11503196160.000] | cnt_gnorm inf cnt_gparams 6
[stage2] epoch 20/50 | train -3552624838803921567744.0000
[stage2] epoch 20/50 | w [-15579238400.000, -15583736832.000, -11503196160.000]
[diag][cnt][stage2] epoch 20/50 | param_delta_l2 3.655224e-04
[diag][cnt][val] pred_count_mean 11110411.000000 gt_count_mean 8.000130 pred_dens_mean 55.357193 gt_dens_mean 0.000040
[stage2] epoch 20 | val det 0.3747 seg 1.1297 miou 0.5706 cnt 132539602792.2963 dens 1.325288e+11 mae 10759957.9969 total_mae 86079663.8889 | ap50 0.5591 | combo 1.129707
[stage2] epoch 21/50 step 20 | loss -3552503984577002340352.0000 | det 0.2115 seg 0.5452 cnt 308827558707.2000 | w [-15579238400.000, -15583736832.000, -11503196160.000] | cnt_gnorm inf cnt_gparams 6
[stage2] epoch 21/50 step 40 | loss -3552490178229394472960.0000 | det 0.2635 seg 0.5515 cnt 308826357760.0000 | w [-15579238400.000, -15583736832.000, -11503196160.000] | cnt_gnorm inf cnt_gparams 6
[stage2] epoch 21/50 | train -3552488971487255986176.0000
[stage2] epoch 21/50 | w [-15579238400.000, -15583736832.000, -11503196160.000]
[diag][cnt][stage2] epoch 21/50 | param_delta_l2 3.655215e-04
[diag][cnt][val] pred_count_mean 11429371.000000 gt_count_mean 8.000130 pred_dens_mean 56.946396 gt_dens_mean 0.000040
[stage2] epoch 21 | val det 0.3749 seg 1.1345 miou 0.5759 cnt 159086925786.0741 dens 1.590752e+11 mae 11747142.7068 total_mae 93977141.3333 | ap50 0.5593 | combo 1.135174
[stage2] epoch 22/50 step 20 | loss -3552590214436117544960.0000 | det 0.2077 seg 0.8248 cnt 308835054387.2000 | w [-15579238400.000, -15583736832.000, -11503196160.000] | cnt_gnorm inf cnt_gparams 6
[stage2] epoch 22/50 step 40 | loss -3552528684006208700416.0000 | det 0.2877 seg 0.6243 cnt 308829705011.2000 | w [-15579238400.000, -15583736832.000, -11503196160.000] | cnt_gnorm inf cnt_gparams 6
[stage2] epoch 22/50 | train -3552531245101200441344.0000
[stage2] epoch 22/50 | w [-15579238400.000, -15583736832.000, -11503196160.000]
[diag][cnt][stage2] epoch 22/50 | param_delta_l2 3.655207e-04
[diag][cnt][val] pred_count_mean 11436228.000000 gt_count_mean 8.000130 pred_dens_mean 56.980572 gt_dens_mean 0.000040
[stage2] epoch 22 | val det 0.3744 seg 1.1030 miou 0.5755 cnt 138695229275.6543 dens 1.386843e+11 mae 10968612.4090 total_mae 87748899.0000 | ap50 0.5592 | combo 1.134731
[stage2] epoch 23/50 step 20 | loss -3552326444235442094080.0000 | det 0.3279 seg 0.5310 cnt 308812124979.2000 | w [-15579238400.000, -15583736832.000, -11503196160.000] | cnt_gnorm inf cnt_gparams 6
[stage2] epoch 23/50 step 40 | loss -3552337105100185010176.0000 | det 0.3265 seg 0.6033 cnt 308813051494.4000 | w [-15579238400.000, -15583736832.000, -11503196160.000] | cnt_gnorm inf cnt_gparams 6
[stage2] epoch 23/50 | train -3552347808513470758912.0000
[stage2] epoch 23/50 | w [-15579238400.000, -15583736832.000, -11503196160.000]
[diag][cnt][stage2] epoch 23/50 | param_delta_l2 3.655202e-04
[diag][cnt][val] pred_count_mean 11293586.000000 gt_count_mean 8.000130 pred_dens_mean 56.269855 gt_dens_mean 0.000040
[stage2] epoch 23 | val det 0.3752 seg 1.1327 miou 0.5717 cnt 134117762389.3333 dens 1.341070e+11 mae 10756447.9691 total_mae 86051583.4444 | ap50 0.5592 | combo 1.130934
[stage2] epoch 24/50 step 20 | loss -3552518382022061195264.0000 | det 0.2788 seg 0.5482 cnt 308828807168.0000 | w [-15579238400.000, -15583736832.000, -11503196160.000] | cnt_gnorm inf cnt_gparams 6
[stage2] epoch 24/50 step 40 | loss -3552406671640679153664.0000 | det 0.3187 seg 0.5411 cnt 308819097190.4000 | w [-15579238400.000, -15583736832.000, -11503196160.000] | cnt_gnorm inf cnt_gparams 6
[stage2] epoch 24/50 | train -3552388864584492515328.0000
[stage2] epoch 24/50 | w [-15579238400.000, -15583736832.000, -11503196160.000]
[diag][cnt][stage2] epoch 24/50 | param_delta_l2 3.655196e-04
[diag][cnt][val] pred_count_mean 11556894.000000 gt_count_mean 8.000130 pred_dens_mean 57.581779 gt_dens_mean 0.000040
[stage2] epoch 24 | val det 0.3750 seg 1.1334 miou 0.5751 cnt 142998344792.4938 dens 1.429872e+11 mae 11134684.2685 total_mae 89077473.7654 | ap50 0.5590 | combo 1.134110
[stage2] epoch 25/50 step 20 | loss -3552309513515592843264.0000 | det 0.3124 seg 0.8194 cnt 308810653696.0000 | w [-15579238400.000, -15583736832.000, -11503196160.000] | cnt_gnorm inf cnt_gparams 6
[stage2] epoch 25/50 step 40 | loss -3552287129218069823488.0000 | det 0.3048 seg 0.6863 cnt 308808708096.0000 | w [-15579238400.000, -15583736832.000, -11503196160.000] | cnt_gnorm inf cnt_gparams 6
[stage2] epoch 25/50 | train -3552301194948141645824.0000
[stage2] epoch 25/50 | w [-15579238400.000, -15583736832.000, -11503196160.000]
[diag][cnt][stage2] epoch 25/50 | param_delta_l2 3.655188e-04
[diag][cnt][val] pred_count_mean 11194098.000000 gt_count_mean 8.000130 pred_dens_mean 55.774162 gt_dens_mean 0.000040
[stage2] epoch 25 | val det 0.3740 seg 1.1347 miou 0.5757 cnt 147710397212.4445 dens 1.476991e+11 mae 11323821.7130 total_mae 90590572.9753 | ap50 0.5593 | combo 1.134919
[stage2] epoch 26/50 step 20 | loss -3552206634411605098496.0000 | det 0.2953 seg 0.6534 cnt 308801706393.6000 | w [-15579238400.000, -15583736832.000, -11503196160.000] | cnt_gnorm inf cnt_gparams 6
[stage2] epoch 26/50 step 40 | loss -3552175749569785626624.0000 | det 0.3077 seg 0.6029 cnt 308799023513.6000 | w [-15579238400.000, -15583736832.000, -11503196160.000] | cnt_gnorm inf cnt_gparams 6
[stage2] epoch 26/50 | train -3552170210895025668096.0000
[stage2] epoch 26/50 | w [-15579238400.000, -15583736832.000, -11503196160.000]
[diag][cnt][stage2] epoch 26/50 | param_delta_l2 3.655179e-04
[diag][cnt][val] pred_count_mean 10176958.000000 gt_count_mean 8.000130 pred_dens_mean 50.706303 gt_dens_mean 0.000040
[stage2] epoch 26 | val det 0.3755 seg 1.1206 miou 0.5749 cnt 147933852482.3704 dens 1.479225e+11 mae 11330423.7284 total_mae 90643389.6790 | ap50 0.5592 | combo 1.134102
[stage2] epoch 27/50 step 20 | loss -3552202229328219471872.0000 | det 0.2998 seg 0.6956 cnt 308801326284.8000 | w [-15579238400.000, -15583736832.000, -11503196160.000] | cnt_gnorm inf cnt_gparams 6
[stage2] epoch 27/50 step 40 | loss -3552137201571725312000.0000 | det 0.3041 seg 0.5742 cnt 308795672166.4000 | w [-15579238400.000, -15583736832.000, -11503196160.000] | cnt_gnorm inf cnt_gparams 6
[stage2] epoch 27/50 | train -3552152530338930753536.0000
[stage2] epoch 27/50 | w [-15579238400.000, -15583736832.000, -11503196160.000]
[diag][cnt][stage2] epoch 27/50 | param_delta_l2 3.655172e-04
[diag][cnt][val] pred_count_mean 11587862.000000 gt_count_mean 8.000130 pred_dens_mean 57.736076 gt_dens_mean 0.000040
[stage2] epoch 27 | val det 0.3749 seg 1.1270 miou 0.5760 cnt 148084277639.9012 dens 1.480729e+11 mae 11364267.0617 total_mae 90914135.7901 | ap50 0.5592 | combo 1.135256
[stage2] epoch 28/50 step 20 | loss -3552181808318659428352.0000 | det 0.3170 seg 0.5014 cnt 308799553536.0000 | w [-15579238400.000, -15583736832.000, -11503196160.000] | cnt_gnorm inf cnt_gparams 6
[stage2] epoch 28/50 step 40 | loss -3552132873893958385664.0000 | det 0.3300 seg 0.5366 cnt 308795297792.0000 | w [-15579238400.000, -15583736832.000, -11503196160.000] | cnt_gnorm inf cnt_gparams 6
[stage2] epoch 28/50 | train -3552155574196236713984.0000
[stage2] epoch 28/50 | w [-15579238400.000, -15583736832.000, -11503196160.000]
[diag][cnt][stage2] epoch 28/50 | param_delta_l2 3.655159e-04
[diag][cnt][val] pred_count_mean 10647067.000000 gt_count_mean 8.000130 pred_dens_mean 53.048603 gt_dens_mean 0.000040
[stage2] epoch 28 | val det 0.3749 seg 1.1238 miou 0.5735 cnt 146600177512.2963 dens 1.465889e+11 mae 11254753.2160 total_mae 90038025.5309 | ap50 0.5592 | combo 1.132747
[stage2] epoch 29/50 step 20 | loss -3552030473297430839296.0000 | det 0.2999 seg 0.5619 cnt 308786393907.2000 | w [-15579238400.000, -15583736832.000, -11503196160.000] | cnt_gnorm inf cnt_gparams 6
[stage2] epoch 29/50 step 40 | loss -3552018644311534469120.0000 | det 0.2995 seg 0.6317 cnt 308785366630.4000 | w [-15579238400.000, -15583736832.000, -11503196160.000] | cnt_gnorm inf cnt_gparams 6
[stage2] epoch 29/50 | train -3552039082831457026048.0000
[stage2] epoch 29/50 | w [-15579238400.000, -15583736832.000, -11503196160.000]
[diag][cnt][stage2] epoch 29/50 | param_delta_l2 3.655151e-04
[diag][cnt][val] pred_count_mean 11498244.000000 gt_count_mean 8.000130 pred_dens_mean 57.289555 gt_dens_mean 0.000040
[stage2] epoch 29 | val det 0.3756 seg 1.1295 miou 0.5750 cnt 128048399461.1358 dens 1.280379e+11 mae 10506837.2623 total_mae 84054697.5309 | ap50 0.5592 | combo 1.134153
[stage2] epoch 30/50 step 20 | loss -3552054272006711934976.0000 | det 0.2590 seg 0.5834 cnt 308788461568.0000 | w [-15579238400.000, -15583736832.000, -11503196160.000] | cnt_gnorm inf cnt_gparams 6
[stage2] epoch 30/50 step 40 | loss -3552016681023572017152.0000 | det 0.3201 seg 0.5575 cnt 308785193779.2000 | w [-15579238400.000, -15583736832.000, -11503196160.000] | cnt_gnorm inf cnt_gparams 6
[stage2] epoch 30/50 | train -3552019844344095178752.0000
[stage2] epoch 30/50 | w [-15579238400.000, -15583736832.000, -11503196160.000]
[diag][cnt][stage2] epoch 30/50 | param_delta_l2 3.655144e-04
[diag][cnt][val] pred_count_mean 11115304.000000 gt_count_mean 8.000130 pred_dens_mean 55.381580 gt_dens_mean 0.000040
[stage2] epoch 30 | val det 0.3742 seg 1.1202 miou 0.5739 cnt 158464117696.7901 dens 1.584524e+11 mae 11699638.8040 total_mae 93597109.8765 | ap50 0.5593 | combo 1.133170
[stage2] epoch 31/50 step 20 | loss -3551842236906755588096.0000 | det 0.4795 seg 0.5140 cnt 308770029568.0000 | w [-15579238400.000, -15583736832.000, -11503196160.000] | cnt_gnorm inf cnt_gparams 6
[stage2] epoch 31/50 step 40 | loss -3551881755993485869056.0000 | det 0.3645 seg 0.6186 cnt 308773466112.0000 | w [-15579238400.000, -15583736832.000, -11503196160.000] | cnt_gnorm inf cnt_gparams 6
[stage2] epoch 31/50 | train -3551889390511284289536.0000
[stage2] epoch 31/50 | w [-15579238400.000, -15583736832.000, -11503196160.000]
[diag][cnt][stage2] epoch 31/50 | param_delta_l2 3.655134e-04
[diag][cnt][val] pred_count_mean 10433658.000000 gt_count_mean 8.000130 pred_dens_mean 51.985302 gt_dens_mean 0.000040
[stage2] epoch 31 | val det 0.3749 seg 1.1122 miou 0.5727 cnt 129082535468.2469 dens 1.290719e+11 mae 10600799.6003 total_mae 84806396.4198 | ap50 0.5593 | combo 1.131951
[stage2] epoch 32/50 step 20 | loss -3551898475607102586880.0000 | det 0.3472 seg 0.5284 cnt 308774921830.4000 | w [-15579238400.000, -15583736832.000, -11503196160.000] | cnt_gnorm inf cnt_gparams 6
[stage2] epoch 32/50 step 40 | loss -3551834855225491456000.0000 | det 0.3019 seg 0.4749 cnt 308769390592.0000 | w [-15579238400.000, -15583736832.000, -11503196160.000] | cnt_gnorm inf cnt_gparams 6
[stage2] epoch 32/50 | train -3551830032020846673920.0000
[stage2] epoch 32/50 | w [-15579238400.000, -15583736832.000, -11503196160.000]
[diag][cnt][stage2] epoch 32/50 | param_delta_l2 3.655122e-04
[diag][cnt][val] pred_count_mean 11243786.000000 gt_count_mean 8.000130 pred_dens_mean 56.021732 gt_dens_mean 0.000040
[stage2] epoch 32 | val det 0.3748 seg 1.1265 miou 0.5734 cnt 143262008433.7778 dens 1.432509e+11 mae 11073379.8843 total_mae 88587038.4568 | ap50 0.5592 | combo 1.132613
[stage2] epoch 33/50 step 20 | loss -3551769954132736081920.0000 | det 0.2480 seg 0.6294 cnt 308763746304.0000 | w [-15579238400.000, -15583736832.000, -11503196160.000] | cnt_gnorm inf cnt_gparams 6
[stage2] epoch 33/50 step 40 | loss -3551738780779065376768.0000 | det 0.2321 seg 0.6478 cnt 308761038028.8000 | w [-15579238400.000, -15583736832.000, -11503196160.000] | cnt_gnorm inf cnt_gparams 6
[stage2] epoch 33/50 | train -3551741812526401716224.0000
[stage2] epoch 33/50 | w [-15579238400.000, -15583736832.000, -11503196160.000]
[diag][cnt][stage2] epoch 33/50 | param_delta_l2 3.655113e-04
[diag][cnt][val] pred_count_mean 11357196.000000 gt_count_mean 8.000130 pred_dens_mean 56.586792 gt_dens_mean 0.000040
[stage2] epoch 33 | val det 0.3747 seg 1.1340 miou 0.5765 cnt 144836538431.2099 dens 1.448254e+11 mae 11170396.0247 total_mae 89363167.6296 | ap50 0.5592 | combo 1.135735
[stage2] epoch 34/50 step 20 | loss -3551730097276033957888.0000 | det 0.3075 seg 0.4929 cnt 308760282726.4000 | w [-15579238400.000, -15583736832.000, -11503196160.000] | cnt_gnorm inf cnt_gparams 6
[stage2] epoch 34/50 step 40 | loss -3551776533610316693504.0000 | det 0.2972 seg 0.5556 cnt 308764318924.8000 | w [-15579238400.000, -15583736832.000, -11503196160.000] | cnt_gnorm inf cnt_gparams 6
[stage2] epoch 34/50 | train -3551769469079346216960.0000
[stage2] epoch 34/50 | w [-15579238400.000, -15583736832.000, -11503196160.000]
[diag][cnt][stage2] epoch 34/50 | param_delta_l2 3.655105e-04
[diag][cnt][val] pred_count_mean 12191664.000000 gt_count_mean 8.000130 pred_dens_mean 60.744503 gt_dens_mean 0.000040
[stage2] epoch 34 | val det 0.3753 seg 1.1322 miou 0.5753 cnt 157881637521.3827 dens 1.578699e+11 mae 11711131.9012 total_mae 93689054.8272 | ap50 0.5593 | combo 1.134544
[stage2] epoch 35/50 step 20 | loss -3551791149198482604032.0000 | det 0.2875 seg 0.6122 cnt 308765589504.0000 | w [-15579238400.000, -15583736832.000, -11503196160.000] | cnt_gnorm inf cnt_gparams 6
[stage2] epoch 35/50 step 40 | loss -3551730019870415257600.0000 | det 0.2801 seg 0.7043 cnt 308760275353.6000 | w [-15579238400.000, -15583736832.000, -11503196160.000] | cnt_gnorm inf cnt_gparams 6
[stage2] epoch 35/50 | train -3551731836529553178624.0000
[stage2] epoch 35/50 | w [-15579238400.000, -15583736832.000, -11503196160.000]
[diag][cnt][stage2] epoch 35/50 | param_delta_l2 3.655099e-04
[diag][cnt][val] pred_count_mean 12559002.000000 gt_count_mean 8.000130 pred_dens_mean 62.574745 gt_dens_mean 0.000040
[stage2] epoch 35 | val det 0.3743 seg 1.1347 miou 0.5740 cnt 131671577991.9012 dens 1.316610e+11 mae 10550992.2469 total_mae 84407937.3827 | ap50 0.5593 | combo 1.133293
[stage2] epoch 36/50 step 20 | loss -3551586221341688201216.0000 | det 0.3477 seg 0.5120 cnt 308747775180.8000 | w [-15579238400.000, -15583736832.000, -11503196160.000] | cnt_gnorm inf cnt_gparams 6
[stage2] epoch 36/50 step 40 | loss -3551593553764831723520.0000 | det 0.3092 seg 0.6304 cnt 308748414156.8000 | w [-15579238400.000, -15583736832.000, -11503196160.000] | cnt_gnorm inf cnt_gparams 6
[stage2] epoch 36/50 | train -3551581450340833165312.0000
[stage2] epoch 36/50 | w [-15579238400.000, -15583736832.000, -11503196160.000]
[diag][cnt][stage2] epoch 36/50 | param_delta_l2 3.655091e-04
[diag][cnt][val] pred_count_mean 10994831.000000 gt_count_mean 8.000130 pred_dens_mean 54.781319 gt_dens_mean 0.000040
[stage2] epoch 36 | val det 0.3743 seg 1.1195 miou 0.5768 cnt 146312400870.7161 dens 1.463011e+11 mae 11273077.2932 total_mae 90184617.7407 | ap50 0.5593 | combo 1.136119
[stage2] epoch 37/50 step 20 | loss -3551574483835159576576.0000 | det 0.2852 seg 0.4827 cnt 308746752819.2000 | w [-15579238400.000, -15583736832.000, -11503196160.000] | cnt_gnorm inf cnt_gparams 6
[stage2] epoch 37/50 step 40 | loss -3551583631771902672896.0000 | det 0.3257 seg 0.5317 cnt 308747548262.4000 | w [-15579238400.000, -15583736832.000, -11503196160.000] | cnt_gnorm inf cnt_gparams 6
[stage2] epoch 37/50 | train -3551565380083441991680.0000
[stage2] epoch 37/50 | w [-15579238400.000, -15583736832.000, -11503196160.000]
[diag][cnt][stage2] epoch 37/50 | param_delta_l2 3.655084e-04
[diag][cnt][val] pred_count_mean 12296782.000000 gt_count_mean 8.000130 pred_dens_mean 61.268246 gt_dens_mean 0.000040
[stage2] epoch 37 | val det 0.3749 seg 1.1230 miou 0.5739 cnt 138346628171.8518 dens 1.383357e+11 mae 10925851.2870 total_mae 87406809.9259 | ap50 0.5593 | combo 1.133209
[stage2] epoch 38/50 step 20 | loss -3551381912729842876416.0000 | det 0.3064 seg 0.5273 cnt 308730014924.8000 | w [-15579238400.000, -15583736832.000, -11503196160.000] | cnt_gnorm inf cnt_gparams 6
[stage2] epoch 38/50 step 40 | loss -3551365903840542457856.0000 | det 0.3205 seg 0.5978 cnt 308728622284.8000 | w [-15579238400.000, -15583736832.000, -11503196160.000] | cnt_gnorm inf cnt_gparams 6
[stage2] epoch 38/50 | train -3551356466737355161600.0000
[stage2] epoch 38/50 | w [-15579238400.000, -15583736832.000, -11503196160.000]
[diag][cnt][stage2] epoch 38/50 | param_delta_l2 3.655078e-04
[diag][cnt][val] pred_count_mean 11195678.000000 gt_count_mean 8.000130 pred_dens_mean 55.782036 gt_dens_mean 0.000040
[stage2] epoch 38 | val det 0.3745 seg 1.1396 miou 0.5748 cnt 141047430776.0988 dens 1.410364e+11 mae 11059561.1111 total_mae 88476488.3951 | ap50 0.5593 | combo 1.134098
[stage2] epoch 39/50 step 20 | loss -3551356594055687962624.0000 | det 0.2465 seg 0.4481 cnt 308727814553.6000 | w [-15579238400.000, -15583736832.000, -11503196160.000] | cnt_gnorm inf cnt_gparams 6
[stage2] epoch 39/50 step 40 | loss -3551344265451707826176.0000 | det 0.2446 seg 0.5496 cnt 308726741401.6000 | w [-15579238400.000, -15583736832.000, -11503196160.000] | cnt_gnorm inf cnt_gparams 6
[stage2] epoch 39/50 | train -3551343793817473515520.0000
[stage2] epoch 39/50 | w [-15579238400.000, -15583736832.000, -11503196160.000]
[diag][cnt][stage2] epoch 39/50 | param_delta_l2 3.655070e-04
[diag][cnt][val] pred_count_mean 11730092.000000 gt_count_mean 8.000130 pred_dens_mean 58.444733 gt_dens_mean 0.000040
[stage2] epoch 39 | val det 0.3757 seg 1.1050 miou 0.5748 cnt 147720541234.5679 dens 1.477092e+11 mae 11317450.3040 total_mae 90539602.3210 | ap50 0.5593 | combo 1.134066
[stage2] epoch 40/50 step 20 | loss -3551447116408198004736.0000 | det 0.2559 seg 0.5472 cnt 308735683788.8000 | w [-15579238400.000, -15583736832.000, -11503196160.000] | cnt_gnorm inf cnt_gparams 6
[stage2] epoch 40/50 step 40 | loss -3551440994327454547968.0000 | det 0.2582 seg 0.5568 cnt 308735151308.8000 | w [-15579238400.000, -15583736832.000, -11503196160.000] | cnt_gnorm inf cnt_gparams 6
[stage2] epoch 40/50 | train -3551441144883837403136.0000
[stage2] epoch 40/50 | w [-15579238400.000, -15583736832.000, -11503196160.000]
[diag][cnt][stage2] epoch 40/50 | param_delta_l2 3.655063e-04
[diag][cnt][val] pred_count_mean 11730672.000000 gt_count_mean 8.000130 pred_dens_mean 58.447624 gt_dens_mean 0.000040
[stage2] epoch 40 | val det 0.3749 seg 1.1128 miou 0.5759 cnt 171084519373.4321 dens 1.710724e+11 mae 12073867.3241 total_mae 96590938.2222 | ap50 0.5593 | combo 1.135224
[stage2] epoch 41/50 step 20 | loss -3551237670878027710464.0000 | det 0.2659 seg 0.5083 cnt 308717476249.6000 | w [-15579238400.000, -15583736832.000, -11503196160.000] | cnt_gnorm inf cnt_gparams 6
[stage2] epoch 41/50 step 40 | loss -3551299848700383199232.0000 | det 0.3397 seg 0.4777 cnt 308722881331.2000 | w [-15579238400.000, -15583736832.000, -11503196160.000] | cnt_gnorm inf cnt_gparams 6
[stage2] epoch 41/50 | train -3551298116320090390528.0000
[stage2] epoch 41/50 | w [-15579238400.000, -15583736832.000, -11503196160.000]
[diag][cnt][stage2] epoch 41/50 | param_delta_l2 3.655053e-04
[diag][cnt][val] pred_count_mean 11444766.000000 gt_count_mean 8.000130 pred_dens_mean 57.023113 gt_dens_mean 0.000040
[stage2] epoch 41 | val det 0.3743 seg 1.1259 miou 0.5731 cnt 149245107339.0617 dens 1.492337e+11 mae 11373244.8426 total_mae 90985958.4198 | ap50 0.5593 | combo 1.132416
[stage2] epoch 42/50 step 20 | loss -3551392369525227782144.0000 | det 0.2576 seg 0.5008 cnt 308730920960.0000 | w [-15579238400.000, -15583736832.000, -11503196160.000] | cnt_gnorm inf cnt_gparams 6
[stage2] epoch 42/50 step 40 | loss -3551319573059375988736.0000 | det 0.3012 seg 0.5211 cnt 308724592640.0000 | w [-15579238400.000, -15583736832.000, -11503196160.000] | cnt_gnorm inf cnt_gparams 6
[stage2] epoch 42/50 | train -3551291720946782044160.0000
[stage2] epoch 42/50 | w [-15579238400.000, -15583736832.000, -11503196160.000]
[diag][cnt][stage2] epoch 42/50 | param_delta_l2 3.655046e-04
[diag][cnt][val] pred_count_mean 11143352.000000 gt_count_mean 8.000130 pred_dens_mean 55.521324 gt_dens_mean 0.000040
[stage2] epoch 42 | val det 0.3735 seg 1.1301 miou 0.5758 cnt 143878451275.8518 dens 1.438673e+11 mae 11192607.1698 total_mae 89540856.9753 | ap50 0.5592 | combo 1.135070
[stage2] epoch 43/50 step 20 | loss -3551190692704414597120.0000 | det 0.2536 seg 0.6146 cnt 308713388441.6000 | w [-15579238400.000, -15583736832.000, -11503196160.000] | cnt_gnorm inf cnt_gparams 6
[stage2] epoch 43/50 step 40 | loss -3551166908068882546688.0000 | det 0.2921 seg 0.6472 cnt 308711321600.0000 | w [-15579238400.000, -15583736832.000, -11503196160.000] | cnt_gnorm inf cnt_gparams 6
[stage2] epoch 43/50 | train -3551154465893022433280.0000
[stage2] epoch 43/50 | w [-15579238400.000, -15583736832.000, -11503196160.000]
[diag][cnt][stage2] epoch 43/50 | param_delta_l2 3.655041e-04
[diag][cnt][val] pred_count_mean 11948400.000000 gt_count_mean 8.000130 pred_dens_mean 59.532440 gt_dens_mean 0.000040
[stage2] epoch 43 | val det 0.3746 seg 1.1362 miou 0.5718 cnt 128767616910.2222 dens 1.287571e+11 mae 10506646.9414 total_mae 84053175.0864 | ap50 0.5593 | combo 1.131124
[stage2] epoch 44/50 step 20 | loss -3551297259130597146624.0000 | det 0.3425 seg 0.5927 cnt 308722655232.0000 | w [-15579238400.000, -15583736832.000, -11503196160.000] | cnt_gnorm inf cnt_gparams 6
[stage2] epoch 44/50 step 40 | loss -3551216433591034576896.0000 | det 0.3700 seg 0.5523 cnt 308715629772.8000 | w [-15579238400.000, -15583736832.000, -11503196160.000] | cnt_gnorm inf cnt_gparams 6
[stage2] epoch 44/50 | train -3551204601168525262848.0000
[stage2] epoch 44/50 | w [-15579238400.000, -15583736832.000, -11503196160.000]
[diag][cnt][stage2] epoch 44/50 | param_delta_l2 3.655034e-04
[diag][cnt][val] pred_count_mean 11633244.000000 gt_count_mean 8.000130 pred_dens_mean 57.962193 gt_dens_mean 0.000040
[stage2] epoch 44 | val det 0.3744 seg 1.1195 miou 0.5745 cnt 136115973271.7037 dens 1.361051e+11 mae 10823731.1898 total_mae 86589848.8765 | ap50 0.5593 | combo 1.133801
[stage2] epoch 45/50 step 20 | loss -3551241541158957481984.0000 | det 0.2124 seg 0.4745 cnt 308717810483.2000 | w [-15579238400.000, -15583736832.000, -11503196160.000] | cnt_gnorm inf cnt_gparams 6
[stage2] epoch 45/50 step 40 | loss -3551157387177795518464.0000 | det 0.2426 seg 0.5248 cnt 308710495846.4000 | w [-15579238400.000, -15583736832.000, -11503196160.000] | cnt_gnorm inf cnt_gparams 6
[stage2] epoch 45/50 | train -3551176597681307385856.0000
[stage2] epoch 45/50 | w [-15579238400.000, -15583736832.000, -11503196160.000]
[diag][cnt][stage2] epoch 45/50 | param_delta_l2 3.655029e-04
[diag][cnt][val] pred_count_mean 11239044.000000 gt_count_mean 8.000130 pred_dens_mean 55.998112 gt_dens_mean 0.000040
[stage2] epoch 45 | val det 0.3739 seg 1.1275 miou 0.5779 cnt 132897929936.5926 dens 1.328873e+11 mae 10664031.5247 total_mae 85312251.7531 | ap50 0.5593 | combo 1.137213
[ckpt] new best cached (stage2 epoch 45, combo 1.137213)
[stage2] epoch 46/50 step 20 | loss -3551136100632681775104.0000 | det 0.2727 seg 0.6044 cnt 308708643635.2000 | w [-15579238400.000, -15583736832.000, -11503196160.000] | cnt_gnorm inf cnt_gparams 6
[stage2] epoch 46/50 step 40 | loss -3551113730408907276288.0000 | det 0.2749 seg 0.5796 cnt 308706699673.6000 | w [-15579238400.000, -15583736832.000, -11503196160.000] | cnt_gnorm inf cnt_gparams 6
[stage2] epoch 46/50 | train -3551109096054334685184.0000
[stage2] epoch 46/50 | w [-15579238400.000, -15583736832.000, -11503196160.000]
[diag][cnt][stage2] epoch 46/50 | param_delta_l2 3.655021e-04
[diag][cnt][val] pred_count_mean 11413873.000000 gt_count_mean 8.000130 pred_dens_mean 56.869190 gt_dens_mean 0.000040
[stage2] epoch 46 | val det 0.3743 seg 1.1278 miou 0.5750 cnt 146418567661.0370 dens 1.464073e+11 mae 11311863.8858 total_mae 90494910.7284 | ap50 0.5592 | combo 1.134183
[stage2] epoch 47/50 step 20 | loss -3551091106857654157312.0000 | det 0.3477 seg 0.5440 cnt 308704732774.4000 | w [-15579238400.000, -15583736832.000, -11503196160.000] | cnt_gnorm inf cnt_gparams 6
[stage2] epoch 47/50 step 40 | loss -3551043263148487868416.0000 | det 0.3612 seg 0.5709 cnt 308700574515.2000 | w [-15579238400.000, -15583736832.000, -11503196160.000] | cnt_gnorm inf cnt_gparams 6
[stage2] epoch 47/50 | train -3551034210618670317568.0000
[stage2] epoch 47/50 | w [-15579238400.000, -15583736832.000, -11503196160.000]
[diag][cnt][stage2] epoch 47/50 | param_delta_l2 3.655013e-04
[diag][cnt][val] pred_count_mean 11777410.000000 gt_count_mean 8.000130 pred_dens_mean 58.680492 gt_dens_mean 0.000040
[stage2] epoch 47 | val det 0.3743 seg 1.1233 miou 0.5758 cnt 156474623570.1729 dens 1.564630e+11 mae 11646262.6142 total_mae 93170100.7531 | ap50 0.5592 | combo 1.135018
[stage2] epoch 48/50 step 20 | loss -3551206750851836149760.0000 | det 0.3922 seg 0.4947 cnt 308714784358.4000 | w [-15579238400.000, -15583736832.000, -11503196160.000] | cnt_gnorm inf cnt_gparams 6
[stage2] epoch 48/50 step 40 | loss -3551098214100816101376.0000 | det 0.3558 seg 0.5858 cnt 308705350451.2000 | w [-15579238400.000, -15583736832.000, -11503196160.000] | cnt_gnorm inf cnt_gparams 6
[stage2] epoch 48/50 | train -3551093412006794887168.0000
[stage2] epoch 48/50 | w [-15579238400.000, -15583736832.000, -11503196160.000]
[diag][cnt][stage2] epoch 48/50 | param_delta_l2 3.655006e-04
[diag][cnt][val] pred_count_mean 10493834.000000 gt_count_mean 8.000130 pred_dens_mean 52.285126 gt_dens_mean 0.000040
[stage2] epoch 48 | val det 0.3745 seg 1.1311 miou 0.5741 cnt 127518363445.7284 dens 1.275078e+11 mae 10530818.2485 total_mae 84246545.9259 | ap50 0.5592 | combo 1.133283
[stage2] epoch 49/50 step 20 | loss -3550996446822986678272.0000 | det 0.3022 seg 0.5890 cnt 308696504729.6000 | w [-15579238400.000, -15583736832.000, -11503196160.000] | cnt_gnorm inf cnt_gparams 6
[stage2] epoch 49/50 step 40 | loss -3551007593232064315392.0000 | det 0.2627 seg 0.5628 cnt 308697473843.2000 | w [-15579238400.000, -15583736832.000, -11503196160.000] | cnt_gnorm inf cnt_gparams 6
[stage2] epoch 49/50 | train -3550979794305149304832.0000
[stage2] epoch 49/50 | w [-15579238400.000, -15583736832.000, -11503196160.000]
[diag][cnt][stage2] epoch 49/50 | param_delta_l2 3.654998e-04
[diag][cnt][val] pred_count_mean 11455080.000000 gt_count_mean 8.000130 pred_dens_mean 57.074497 gt_dens_mean 0.000040
[stage2] epoch 49 | val det 0.3742 seg 1.1407 miou 0.5745 cnt 137549058262.9136 dens 1.375382e+11 mae 10890734.1713 total_mae 87125872.9383 | ap50 0.5593 | combo 1.133780
[stage2] epoch 50/50 step 20 | loss -3550900379413435121664.0000 | det 0.2795 seg 0.5467 cnt 308688157081.6000 | w [-15579238400.000, -15583736832.000, -11503196160.000] | cnt_gnorm inf cnt_gparams 6
[stage2] epoch 50/50 step 40 | loss -3550855617855263604736.0000 | det 0.3006 seg 0.5349 cnt 308684263424.0000 | w [-15579238400.000, -15583736832.000, -11503196160.000] | cnt_gnorm inf cnt_gparams 6
[stage2] epoch 50/50 | train -3550877402872923291648.0000
[stage2] epoch 50/50 | w [-15579238400.000, -15583736832.000, -11503196160.000]
[diag][cnt][stage2] epoch 50/50 | param_delta_l2 3.654991e-04
[diag][cnt][val] pred_count_mean 10426620.000000 gt_count_mean 8.000130 pred_dens_mean 51.950233 gt_dens_mean 0.000040
[stage2] epoch 50 | val det 0.3742 seg 1.1116 miou 0.5716 cnt 143676482357.7284 dens 1.436653e+11 mae 11187431.5478 total_mae 89499451.8148 | ap50 0.5593 | combo 1.130831
[ckpt] saved best -> /data/xiangyuyue/ULLM-zf/fsl-20260209/runs/32_conv2_512/best_combo.pt (combo 1.137213)
