WARNING:__main__:
*****************************************
Setting OMP_NUM_THREADS environment variable for each process to be 1 in default, to avoid your system being overloaded, please further tune the variable for optimal performance in your application as needed. 
*****************************************
[rank3]:[W308 13:58:12.466067879 ProcessGroupNCCL.cpp:4115] [PG ID 0 PG GUID 0 Rank 3]  using GPU 3 to perform barrier as devices used by this process are currently unknown. This can potentially cause a hang if this rank to GPU mapping is incorrect.Specify device_ids in barrier() to force use of a particular device,or call init_process_group() with a device_id.
[rank6]:[W308 13:58:13.985326728 ProcessGroupNCCL.cpp:4115] [PG ID 0 PG GUID 0 Rank 6]  using GPU 6 to perform barrier as devices used by this process are currently unknown. This can potentially cause a hang if this rank to GPU mapping is incorrect.Specify device_ids in barrier() to force use of a particular device,or call init_process_group() with a device_id.
[rank2]:[W308 13:58:13.029964404 ProcessGroupNCCL.cpp:4115] [PG ID 0 PG GUID 0 Rank 2]  using GPU 2 to perform barrier as devices used by this process are currently unknown. This can potentially cause a hang if this rank to GPU mapping is incorrect.Specify device_ids in barrier() to force use of a particular device,or call init_process_group() with a device_id.
[rank4]:[W308 13:58:13.085437266 ProcessGroupNCCL.cpp:4115] [PG ID 0 PG GUID 0 Rank 4]  using GPU 4 to perform barrier as devices used by this process are currently unknown. This can potentially cause a hang if this rank to GPU mapping is incorrect.Specify device_ids in barrier() to force use of a particular device,or call init_process_group() with a device_id.
[rank5]:[W308 13:58:13.155346484 ProcessGroupNCCL.cpp:4115] [PG ID 0 PG GUID 0 Rank 5]  using GPU 5 to perform barrier as devices used by this process are currently unknown. This can potentially cause a hang if this rank to GPU mapping is incorrect.Specify device_ids in barrier() to force use of a particular device,or call init_process_group() with a device_id.
[rank7]:[W308 13:58:13.172261042 ProcessGroupNCCL.cpp:4115] [PG ID 0 PG GUID 0 Rank 7]  using GPU 7 to perform barrier as devices used by this process are currently unknown. This can potentially cause a hang if this rank to GPU mapping is incorrect.Specify device_ids in barrier() to force use of a particular device,or call init_process_group() with a device_id.
[rank1]:[W308 13:58:13.183532010 ProcessGroupNCCL.cpp:4115] [PG ID 0 PG GUID 0 Rank 1]  using GPU 1 to perform barrier as devices used by this process are currently unknown. This can potentially cause a hang if this rank to GPU mapping is incorrect.Specify device_ids in barrier() to force use of a particular device,or call init_process_group() with a device_id.
[rank0]:[W308 13:58:13.213732553 ProcessGroupNCCL.cpp:4115] [PG ID 0 PG GUID 0 Rank 0]  using GPU 0 to perform barrier as devices used by this process are currently unknown. This can potentially cause a hang if this rank to GPU mapping is incorrect.Specify device_ids in barrier() to force use of a particular device,or call init_process_group() with a device_id.
[warn] Using first-order MAML (stop-grad through inner update).
[train] using --loss-weight-bias as base/init: [15.000, 8.000, 1.000]
[warn] Backbone is forced frozen for Full MAML (ignoring unfreeze flags).
[ddp] multi-process mode without DDP wrapper (manual theta grad all-reduce)
[LoRA-MoE] LoRA params: 6561792
[LoRA-MoE] Det head params: 14875060
[LoRA-MoE] Seg head params: 9451531
[LoRA-MoE] Cnt head params: 9448456
[train] Learnable loss weights MLP enabled (Full MAML), multilayer_grads=off, arch=joint, grad_vec_normalize=l2, prior_fuse=add, joint_task_proj64=on, joint_out=leakyrelu, joint_leaky_slope=0.010, weight_net_dropout=0.000, seg_classwise_grad=on, cnt_extra_conv_grad=off
[init] g0 initialized on rank0 from first inner-batch gradients and broadcast to all ranks.
[stage1] epoch 1/100 step 20 | loss 380667.8003 | det 1.0024 seg 1.3032 cnt 380752.9934 | w [14.999, 7.998, 1.000]
[stage1] epoch 1/100 | train 223957.5344
[stage1] epoch 1/100 | w [14.999, 7.998, 1.000]
[stage1] epoch 2/100 step 20 | loss 22.1102 | det 0.4363 seg 0.8331 cnt 8.9060 | w [14.999, 7.998, 1.000]
[stage1] epoch 2/100 | train 22.7630
[stage1] epoch 2/100 | w [14.999, 7.998, 1.000]
[stage1] epoch 3/100 step 20 | loss 20.7983 | det 0.3723 seg 0.8265 cnt 8.6072 | w [14.999, 7.998, 1.000]
[stage1] epoch 3/100 | train 20.2320
[stage1] epoch 3/100 | w [14.999, 7.998, 1.000]
[stage1] epoch 4/100 step 20 | loss 20.1630 | det 0.3404 seg 0.8204 cnt 8.4995 | w [14.999, 7.998, 1.000]
[stage1] epoch 4/100 | train 19.4844
[stage1] epoch 4/100 | w [14.999, 7.998, 1.000]
[stage1] epoch 5/100 step 20 | loss 17.0821 | det 0.3295 seg 0.5860 cnt 7.4558 | w [14.999, 7.998, 1.000]
[stage1] epoch 5/100 | train 17.5641
[stage1] epoch 5/100 | w [14.999, 7.998, 1.000]
[stage1] epoch 6/100 step 20 | loss 19.0559 | det 0.3191 seg 0.7103 cnt 8.5921 | w [14.999, 7.998, 1.000]
[stage1] epoch 6/100 | train 18.5820
[stage1] epoch 6/100 | w [14.999, 7.998, 1.000]
[stage1] epoch 7/100 step 20 | loss 17.2889 | det 0.2631 seg 0.5495 cnt 8.9517 | w [14.999, 7.998, 1.000]
[stage1] epoch 7/100 | train 16.4728
[stage1] epoch 7/100 | w [14.999, 7.998, 1.000]
[stage1] epoch 8/100 step 20 | loss 17.7658 | det 0.3184 seg 0.5070 cnt 8.9389 | w [14.999, 7.998, 1.000]
[stage1] epoch 8/100 | train 17.7301
[stage1] epoch 8/100 | w [14.999, 7.997, 1.000]
[stage1] epoch 9/100 step 20 | loss 15.6887 | det 0.2403 seg 0.5123 cnt 7.9897 | w [14.999, 7.997, 1.000]
[stage1] epoch 9/100 | train 15.5440
[stage1] epoch 9/100 | w [14.999, 7.997, 1.000]
[stage1] epoch 10/100 step 20 | loss 13.2699 | det 0.2536 seg 0.3979 cnt 6.2856 | w [14.999, 7.997, 1.000]
[stage1] epoch 10/100 | train 15.2750
[stage1] epoch 10/100 | w [14.999, 7.997, 1.000]
[stage1] epoch 11/100 step 20 | loss 15.1859 | det 0.2740 seg 0.4250 cnt 7.6803 | w [14.999, 7.997, 1.000]
[stage1] epoch 11/100 | train 15.2501
[stage1] epoch 11/100 | w [14.999, 7.997, 1.000]
[stage1] epoch 12/100 step 20 | loss 13.3251 | det 0.1692 seg 0.5670 cnt 6.2555 | w [14.999, 7.997, 1.000]
[stage1] epoch 12/100 | train 13.4559
[stage1] epoch 12/100 | w [14.999, 7.997, 1.000]
[stage1] epoch 13/100 step 20 | loss 14.5364 | det 0.2425 seg 0.4217 cnt 7.5292 | w [14.999, 7.997, 1.000]
[stage1] epoch 13/100 | train 14.3157
[stage1] epoch 13/100 | w [14.999, 7.997, 1.000]
[stage1] epoch 14/100 step 20 | loss 14.5201 | det 0.2092 seg 0.4639 cnt 7.6756 | w [14.999, 7.997, 1.000]
[stage1] epoch 14/100 | train 14.1223
[stage1] epoch 14/100 | w [14.999, 7.997, 1.000]
[stage1] epoch 15/100 step 20 | loss 15.5881 | det 0.2929 seg 0.3470 cnt 8.4232 | w [14.999, 7.997, 1.000]
[stage1] epoch 15/100 | train 14.1311
[stage1] epoch 15/100 | w [14.999, 7.997, 1.000]
[stage1] epoch 16/100 step 20 | loss 11.4513 | det 0.1793 seg 0.3368 cnt 6.0707 | w [14.999, 7.997, 1.000]
[stage1] epoch 16/100 | train 11.7381
[stage1] epoch 16/100 | w [14.999, 7.997, 1.000]
[stage1] epoch 17/100 step 20 | loss 11.7034 | det 0.2158 seg 0.3477 cnt 5.6874 | w [14.999, 7.997, 1.000]
[stage1] epoch 17/100 | train 11.4577
[stage1] epoch 17/100 | w [14.999, 7.997, 1.000]
[stage1] epoch 18/100 step 20 | loss 15.5337 | det 0.2090 seg 0.3459 cnt 9.6365 | w [14.999, 7.997, 1.000]
[stage1] epoch 18/100 | train 14.5016
[stage1] epoch 18/100 | w [14.999, 7.997, 1.000]
[stage1] epoch 19/100 step 20 | loss 13.2478 | det 0.2181 seg 0.4601 cnt 6.3000 | w [14.999, 7.997, 1.000]
[stage1] epoch 19/100 | train 12.3935
[stage1] epoch 19/100 | w [14.999, 7.997, 1.000]
[stage1] epoch 20/100 step 20 | loss 12.3138 | det 0.2373 seg 0.3670 cnt 5.8218 | w [14.999, 7.997, 1.000]
[stage1] epoch 20/100 | train 11.7686
[stage1] epoch 20/100 | w [14.999, 7.997, 1.000]
[stage1] epoch 21/100 step 20 | loss 13.5370 | det 0.1737 seg 0.3189 cnt 8.3845 | w [14.999, 7.997, 1.000]
[stage1] epoch 21/100 | train 12.7134
[stage1] epoch 21/100 | w [14.999, 7.997, 1.000]
[stage1] epoch 22/100 step 20 | loss 10.3789 | det 0.1389 seg 0.2756 cnt 6.0943 | w [14.999, 7.997, 1.000]
[stage1] epoch 22/100 | train 10.2666
[stage1] epoch 22/100 | w [14.999, 7.997, 1.000]
[stage1] epoch 23/100 step 20 | loss 12.4622 | det 0.2416 seg 0.4720 cnt 5.0667 | w [14.999, 7.997, 1.000]
[stage1] epoch 23/100 | train 11.1886
[stage1] epoch 23/100 | w [14.998, 7.997, 1.000]
[stage1] epoch 24/100 step 20 | loss 8.6226 | det 0.1530 seg 0.2672 cnt 4.1935 | w [14.998, 7.997, 1.000]
[stage1] epoch 24/100 | train 8.8967
[stage1] epoch 24/100 | w [14.998, 7.997, 1.000]
[stage1] epoch 25/100 step 20 | loss 10.5989 | det 0.1679 seg 0.2813 cnt 5.8338 | w [14.998, 7.997, 1.000]
[stage1] epoch 25/100 | train 10.0712
[stage1] epoch 25/100 | w [14.998, 7.997, 1.000]
[stage1] epoch 26/100 step 20 | loss 11.8465 | det 0.2155 seg 0.2404 cnt 6.6946 | w [14.998, 7.997, 1.000]
[stage1] epoch 26/100 | train 10.6975
[stage1] epoch 26/100 | w [14.998, 7.997, 1.000]
[stage1] epoch 27/100 step 20 | loss 9.0949 | det 0.1307 seg 0.2423 cnt 5.1986 | w [14.998, 7.997, 1.000]
[stage1] epoch 27/100 | train 9.3061
[stage1] epoch 27/100 | w [14.998, 7.997, 1.000]
[stage1] epoch 28/100 step 20 | loss 8.6347 | det 0.1651 seg 0.2364 cnt 4.2698 | w [14.998, 7.997, 1.000]
[stage1] epoch 28/100 | train 9.1378
[stage1] epoch 28/100 | w [14.998, 7.997, 1.000]
[stage1] epoch 29/100 step 20 | loss 8.2474 | det 0.1240 seg 0.2717 cnt 4.2163 | w [14.998, 7.997, 1.000]
[stage1] epoch 29/100 | train 8.7024
[stage1] epoch 29/100 | w [14.998, 7.997, 1.000]
[stage1] epoch 30/100 step 20 | loss 8.1590 | det 0.1498 seg 0.2612 cnt 3.8253 | w [14.998, 7.997, 1.000]
[stage1] epoch 30/100 | train 7.9324
[stage1] epoch 30/100 | w [14.998, 7.997, 1.000]
[stage1] epoch 31/100 step 20 | loss 8.2398 | det 0.1249 seg 0.2217 cnt 4.5956 | w [14.998, 7.997, 1.000]
[stage1] epoch 31/100 | train 8.1601
[stage1] epoch 31/100 | w [14.998, 7.997, 1.000]
[stage1] epoch 32/100 step 20 | loss 8.5469 | det 0.1582 seg 0.2538 cnt 4.1463 | w [14.998, 7.997, 1.000]
[stage1] epoch 32/100 | train 7.9820
[stage1] epoch 32/100 | w [14.998, 7.997, 1.000]
[stage1] epoch 33/100 step 20 | loss 8.8443 | det 0.2037 seg 0.2222 cnt 4.0147 | w [14.998, 7.997, 1.000]
[stage1] epoch 33/100 | train 8.7623
[stage1] epoch 33/100 | w [14.998, 7.996, 1.000]
[stage1] epoch 34/100 step 20 | loss 10.8624 | det 0.1705 seg 0.5039 cnt 4.2778 | w [14.998, 7.996, 1.000]
[stage1] epoch 34/100 | train 9.3577
[stage1] epoch 34/100 | w [14.998, 7.996, 1.000]
[stage1] epoch 35/100 step 20 | loss 10.2384 | det 0.2360 seg 0.3177 cnt 4.1609 | w [14.998, 7.996, 1.000]
[stage1] epoch 35/100 | train 9.0564
[stage1] epoch 35/100 | w [14.998, 7.996, 1.000]
[stage1] epoch 36/100 step 20 | loss 8.7454 | det 0.1974 seg 0.2276 cnt 3.9667 | w [14.998, 7.996, 1.000]
[stage1] epoch 36/100 | train 8.3484
[stage1] epoch 36/100 | w [14.998, 7.996, 1.000]
[stage1] epoch 37/100 step 20 | loss 8.0599 | det 0.1474 seg 0.2285 cnt 4.0241 | w [14.998, 7.996, 1.000]
[stage1] epoch 37/100 | train 8.5139
[stage1] epoch 37/100 | w [14.998, 7.996, 1.000]
[stage1] epoch 38/100 step 20 | loss 8.2343 | det 0.1851 seg 0.2208 cnt 3.6941 | w [14.998, 7.996, 1.000]
[stage1] epoch 38/100 | train 8.4017
[stage1] epoch 38/100 | w [14.998, 7.996, 1.000]
[stage1] epoch 39/100 step 20 | loss 8.0575 | det 0.1507 seg 0.2138 cnt 4.0897 | w [14.998, 7.996, 1.000]
[stage1] epoch 39/100 | train 7.8051
[stage1] epoch 39/100 | w [14.998, 7.996, 1.000]
[stage1] epoch 40/100 step 20 | loss 8.5339 | det 0.1561 seg 0.2602 cnt 4.1133 | w [14.998, 7.996, 1.000]
[stage1] epoch 40/100 | train 8.1276
[stage1] epoch 40/100 | w [14.998, 7.996, 1.000]
[stage1] epoch 41/100 step 20 | loss 7.8101 | det 0.1267 seg 0.2143 cnt 4.1973 | w [14.998, 7.996, 1.000]
[stage1] epoch 41/100 | train 7.5217
[stage1] epoch 41/100 | w [14.998, 7.996, 1.000]
[stage1] epoch 42/100 step 20 | loss 8.1575 | det 0.1497 seg 0.2291 cnt 4.0821 | w [14.998, 7.996, 1.000]
[stage1] epoch 42/100 | train 7.9705
[stage1] epoch 42/100 | w [14.998, 7.996, 1.000]
[stage1] epoch 43/100 step 20 | loss 8.5710 | det 0.1383 seg 0.2708 cnt 4.3336 | w [14.998, 7.996, 1.000]
[stage1] epoch 43/100 | train 8.3279
[stage1] epoch 43/100 | w [14.998, 7.996, 1.000]
[stage1] epoch 44/100 step 20 | loss 7.8475 | det 0.1233 seg 0.2429 cnt 4.0580 | w [14.998, 7.996, 1.000]
[stage1] epoch 44/100 | train 8.0154
[stage1] epoch 44/100 | w [14.998, 7.996, 1.000]
[stage1] epoch 45/100 step 20 | loss 7.1346 | det 0.0896 seg 0.1775 cnt 4.3736 | w [14.998, 7.996, 1.000]
[stage1] epoch 45/100 | train 7.5547
[stage1] epoch 45/100 | w [14.998, 7.996, 1.000]
[stage1] epoch 46/100 step 20 | loss 7.1325 | det 0.1116 seg 0.1668 cnt 4.1269 | w [14.998, 7.996, 1.000]
[stage1] epoch 46/100 | train 7.1289
[stage1] epoch 46/100 | w [14.998, 7.996, 1.000]
[stage1] epoch 47/100 step 20 | loss 7.1367 | det 0.1221 seg 0.1797 cnt 3.8703 | w [14.997, 7.996, 1.000]
[stage1] epoch 47/100 | train 9.0037
[stage1] epoch 47/100 | w [14.997, 7.996, 1.000]
[stage1] epoch 48/100 step 20 | loss 9.0669 | det 0.1238 seg 0.2003 cnt 5.6102 | w [14.997, 7.996, 1.000]
[stage1] epoch 48/100 | train 8.9482
[stage1] epoch 48/100 | w [14.997, 7.996, 1.000]
[stage1] epoch 49/100 step 20 | loss 11.5401 | det 0.1288 seg 0.4385 cnt 6.1050 | w [14.997, 7.996, 1.000]
[stage1] epoch 49/100 | train 11.7016
[stage1] epoch 49/100 | w [14.997, 7.996, 1.000]
[stage1] epoch 50/100 step 20 | loss 11.0355 | det 0.1257 seg 0.2864 cnt 6.8632 | w [14.997, 7.996, 1.000]
[stage1] epoch 50/100 | train 10.2942
[stage1] epoch 50/100 | w [14.997, 7.996, 1.000]
[stage1] epoch 51/100 step 20 | loss 6.4488 | det 0.1050 seg 0.1471 cnt 3.6994 | w [14.997, 7.996, 1.000]
[stage1] epoch 51/100 | train 6.6141
[stage1] epoch 51/100 | w [14.997, 7.996, 1.000]
[stage1] epoch 52/100 step 20 | loss 6.0047 | det 0.1020 seg 0.1891 cnt 2.9648 | w [14.997, 7.996, 1.000]
[stage1] epoch 52/100 | train 6.3451
[stage1] epoch 52/100 | w [14.997, 7.996, 1.000]
[stage1] epoch 53/100 step 20 | loss 6.6628 | det 0.1515 seg 0.1633 cnt 3.0870 | w [14.997, 7.996, 1.000]
[stage1] epoch 53/100 | train 7.1233
[stage1] epoch 53/100 | w [14.997, 7.996, 1.000]
[stage1] epoch 54/100 step 20 | loss 6.7105 | det 0.1345 seg 0.1638 cnt 3.3851 | w [14.997, 7.996, 1.000]
[stage1] epoch 54/100 | train 6.5477
[stage1] epoch 54/100 | w [14.997, 7.996, 1.000]
[stage1] epoch 55/100 step 20 | loss 7.4618 | det 0.1372 seg 0.1390 cnt 4.2940 | w [14.997, 7.996, 1.000]
[stage1] epoch 55/100 | train 7.4012
[stage1] epoch 55/100 | w [14.997, 7.996, 1.000]
[stage1] epoch 56/100 step 20 | loss 7.0868 | det 0.1473 seg 0.1668 cnt 3.5458 | w [14.997, 7.996, 1.000]
[stage1] epoch 56/100 | train 6.5721
[stage1] epoch 56/100 | w [14.997, 7.996, 1.000]
[stage1] epoch 57/100 step 20 | loss 7.3512 | det 0.1682 seg 0.1666 cnt 3.4980 | w [14.997, 7.996, 1.000]
[stage1] epoch 57/100 | train 6.9197
[stage1] epoch 57/100 | w [14.997, 7.995, 1.000]
[stage1] epoch 58/100 step 20 | loss 7.0639 | det 0.0913 seg 0.1708 cnt 4.3311 | w [14.997, 7.995, 1.000]
[stage1] epoch 58/100 | train 7.1451
[stage1] epoch 58/100 | w [14.997, 7.995, 1.000]
[stage1] epoch 59/100 step 20 | loss 6.9406 | det 0.1273 seg 0.1433 cnt 3.8871 | w [14.997, 7.995, 1.000]
[stage1] epoch 59/100 | train 6.6858
[stage1] epoch 59/100 | w [14.997, 7.995, 1.000]
[stage1] epoch 60/100 step 20 | loss 7.3683 | det 0.1172 seg 0.1682 cnt 4.2683 | w [14.997, 7.995, 1.000]
[stage1] epoch 60/100 | train 7.7801
[stage1] epoch 60/100 | w [14.997, 7.995, 1.000]
[stage1] epoch 61/100 step 20 | loss 7.3380 | det 0.1261 seg 0.1575 cnt 4.1893 | w [14.997, 7.995, 1.000]
[stage1] epoch 61/100 | train 7.3512
[stage1] epoch 61/100 | w [14.997, 7.995, 1.000]
[stage1] epoch 62/100 step 20 | loss 6.9626 | det 0.1036 seg 0.1446 cnt 4.2539 | w [14.997, 7.995, 1.000]
[stage1] epoch 62/100 | train 6.5540
[stage1] epoch 62/100 | w [14.997, 7.995, 1.000]
[stage1] epoch 63/100 step 20 | loss 5.9137 | det 0.0897 seg 0.1456 cnt 3.4053 | w [14.997, 7.995, 1.000]
[stage1] epoch 63/100 | train 6.0442
[stage1] epoch 63/100 | w [14.997, 7.995, 1.000]
[stage1] epoch 64/100 step 20 | loss 5.8189 | det 0.0865 seg 0.1688 cnt 3.1737 | w [14.997, 7.995, 1.000]
[stage1] epoch 64/100 | train 6.6931
[stage1] epoch 64/100 | w [14.997, 7.995, 1.000]
[stage1] epoch 65/100 step 20 | loss 5.3956 | det 0.0939 seg 0.1478 cnt 2.8067 | w [14.997, 7.995, 1.000]
[stage1] epoch 65/100 | train 5.6929
[stage1] epoch 65/100 | w [14.997, 7.995, 1.000]
[stage1] epoch 66/100 step 20 | loss 7.7694 | det 0.1530 seg 0.1335 cnt 4.4101 | w [14.997, 7.995, 1.000]
[stage1] epoch 66/100 | train 7.8389
[stage1] epoch 66/100 | w [14.997, 7.995, 1.000]
[stage1] epoch 67/100 step 20 | loss 9.3204 | det 0.1146 seg 0.1926 cnt 6.0646 | w [14.997, 7.995, 1.000]
[stage1] epoch 67/100 | train 8.2112
[stage1] epoch 67/100 | w [14.997, 7.995, 1.000]
[stage1] epoch 68/100 step 20 | loss 8.9390 | det 0.1189 seg 0.2232 cnt 5.3738 | w [14.997, 7.995, 1.000]
[stage1] epoch 68/100 | train 7.7099
[stage1] epoch 68/100 | w [14.997, 7.995, 1.000]
[stage1] epoch 69/100 step 20 | loss 6.9783 | det 0.0940 seg 0.1820 cnt 4.1143 | w [14.997, 7.995, 1.000]
[stage1] epoch 69/100 | train 6.6693
[stage1] epoch 69/100 | w [14.997, 7.995, 1.000]
[stage1] epoch 70/100 step 20 | loss 6.8534 | det 0.1440 seg 0.1661 cnt 3.3673 | w [14.996, 7.995, 1.000]
[stage1] epoch 70/100 | train 6.9392
[stage1] epoch 70/100 | w [14.996, 7.995, 1.000]
[stage1] epoch 71/100 step 20 | loss 6.8314 | det 0.1272 seg 0.1411 cnt 3.7973 | w [14.996, 7.995, 1.000]
[stage1] epoch 71/100 | train 7.2766
[stage1] epoch 71/100 | w [14.996, 7.995, 1.000]
[stage1] epoch 72/100 step 20 | loss 7.7463 | det 0.1326 seg 0.1437 cnt 4.6104 | w [14.996, 7.995, 1.000]
[stage1] epoch 72/100 | train 7.1014
[stage1] epoch 72/100 | w [14.997, 7.995, 1.000]
[stage1] epoch 73/100 step 20 | loss 6.7921 | det 0.1582 seg 0.1335 cnt 3.3539 | w [14.996, 7.995, 1.000]
[stage1] epoch 73/100 | train 6.5361
[stage1] epoch 73/100 | w [14.996, 7.995, 1.000]
[stage1] epoch 74/100 step 20 | loss 6.3392 | det 0.0993 seg 0.1970 cnt 3.2772 | w [14.996, 7.995, 1.000]
[stage1] epoch 74/100 | train 6.3499
[stage1] epoch 74/100 | w [14.996, 7.995, 1.000]
[stage1] epoch 75/100 step 20 | loss 6.2887 | det 0.1069 seg 0.1436 cnt 3.5394 | w [14.996, 7.995, 1.000]
[stage1] epoch 75/100 | train 6.0395
[stage1] epoch 75/100 | w [14.996, 7.995, 1.000]
[stage1] epoch 76/100 step 20 | loss 6.3059 | det 0.1341 seg 0.1337 cnt 3.2271 | w [14.996, 7.995, 1.000]
[stage1] epoch 76/100 | train 6.1889
[stage1] epoch 76/100 | w [14.996, 7.995, 1.000]
[stage1] epoch 77/100 step 20 | loss 6.2338 | det 0.1333 seg 0.1239 cnt 3.2451 | w [14.996, 7.995, 1.000]
[stage1] epoch 77/100 | train 6.3511
[stage1] epoch 77/100 | w [14.996, 7.995, 1.000]
[stage1] epoch 78/100 step 20 | loss 7.1662 | det 0.1175 seg 0.1235 cnt 4.4193 | w [14.996, 7.995, 1.000]
[stage1] epoch 78/100 | train 6.5734
[stage1] epoch 78/100 | w [14.996, 7.995, 1.000]
[stage1] epoch 79/100 step 20 | loss 9.0040 | det 0.0941 seg 0.1566 cnt 6.3428 | w [14.996, 7.995, 1.000]
[stage1] epoch 79/100 | train 7.8947
[stage1] epoch 79/100 | w [14.996, 7.994, 1.000]
[stage1] epoch 80/100 step 20 | loss 5.9020 | det 0.1070 seg 0.1440 cnt 3.1474 | w [14.996, 7.994, 1.000]
[stage1] epoch 80/100 | train 6.0740
[stage1] epoch 80/100 | w [14.996, 7.994, 1.000]
[stage1] epoch 81/100 step 20 | loss 6.1830 | det 0.1114 seg 0.1534 cnt 3.2882 | w [14.996, 7.994, 1.000]
[stage1] epoch 81/100 | train 5.8912
[stage1] epoch 81/100 | w [14.996, 7.994, 1.000]
[stage1] epoch 82/100 step 20 | loss 6.3001 | det 0.1202 seg 0.1377 cnt 3.3990 | w [14.996, 7.994, 1.000]
[stage1] epoch 82/100 | train 6.0296
[stage1] epoch 82/100 | w [14.996, 7.994, 1.000]
[stage1] epoch 83/100 step 20 | loss 6.7050 | det 0.1230 seg 0.1563 cnt 3.6122 | w [14.996, 7.994, 1.000]
[stage1] epoch 83/100 | train 6.8310
[stage1] epoch 83/100 | w [14.996, 7.994, 1.000]
[stage1] epoch 84/100 step 20 | loss 6.6912 | det 0.1131 seg 0.1437 cnt 3.8481 | w [14.996, 7.994, 1.000]
[stage1] epoch 84/100 | train 5.8438
[stage1] epoch 84/100 | w [14.996, 7.994, 1.000]
[stage1] epoch 85/100 step 20 | loss 4.8994 | det 0.0767 seg 0.1352 cnt 2.6699 | w [14.996, 7.994, 1.000]
[stage1] epoch 85/100 | train 5.2944
[stage1] epoch 85/100 | w [14.996, 7.994, 1.000]
[stage1] epoch 86/100 step 20 | loss 5.0737 | det 0.0829 seg 0.1283 cnt 2.8055 | w [14.996, 7.994, 1.000]
[stage1] epoch 86/100 | train 5.2462
[stage1] epoch 86/100 | w [14.996, 7.994, 1.000]
[stage1] epoch 87/100 step 20 | loss 5.2334 | det 0.1034 seg 0.1729 cnt 2.3022 | w [14.996, 7.994, 1.000]
[stage1] epoch 87/100 | train 5.3115
[stage1] epoch 87/100 | w [14.996, 7.994, 1.000]
[stage1] epoch 88/100 step 20 | loss 4.9905 | det 0.0981 seg 0.1355 cnt 2.4370 | w [14.996, 7.994, 1.000]
[stage1] epoch 88/100 | train 7.0487
[stage1] epoch 88/100 | w [14.996, 7.994, 1.000]
[stage1] epoch 89/100 step 20 | loss 5.3664 | det 0.0735 seg 0.1575 cnt 3.0059 | w [14.996, 7.994, 1.000]
[stage1] epoch 89/100 | train 5.9306
[stage1] epoch 89/100 | w [14.996, 7.994, 1.000]
[stage1] epoch 90/100 step 20 | loss 6.3546 | det 0.1152 seg 0.1956 cnt 3.0648 | w [14.996, 7.994, 1.000]
[stage1] epoch 90/100 | train 5.9486
[stage1] epoch 90/100 | w [14.996, 7.994, 1.000]
[stage1] epoch 91/100 step 20 | loss 6.1990 | det 0.0714 seg 0.2228 cnt 3.3482 | w [14.996, 7.994, 1.000]
[stage1] epoch 91/100 | train 6.0415
[stage1] epoch 91/100 | w [14.995, 7.994, 1.000]
[stage1] epoch 92/100 step 20 | loss 5.9123 | det 0.0922 seg 0.1849 cnt 3.0534 | w [14.996, 7.994, 1.000]
[stage1] epoch 92/100 | train 6.3290
[stage1] epoch 92/100 | w [14.995, 7.994, 1.000]
[stage1] epoch 93/100 step 20 | loss 5.8088 | det 0.0937 seg 0.1664 cnt 3.0752 | w [14.996, 7.994, 1.000]
[stage1] epoch 93/100 | train 5.9040
[stage1] epoch 93/100 | w [14.995, 7.994, 1.000]
[stage1] epoch 94/100 step 20 | loss 5.6864 | det 0.0901 seg 0.1766 cnt 2.9251 | w [14.995, 7.994, 1.000]
[stage1] epoch 94/100 | train 5.6835
[stage1] epoch 94/100 | w [14.995, 7.994, 1.000]
[stage1] epoch 95/100 step 20 | loss 5.3713 | det 0.1032 seg 0.1562 cnt 2.5769 | w [14.995, 7.994, 1.000]
[stage1] epoch 95/100 | train 5.3340
[stage1] epoch 95/100 | w [14.995, 7.994, 1.000]
[stage1] epoch 96/100 step 20 | loss 5.4282 | det 0.0964 seg 0.1580 cnt 2.7212 | w [14.995, 7.994, 1.000]
[stage1] epoch 96/100 | train 5.4672
[stage1] epoch 96/100 | w [14.995, 7.994, 1.000]
[stage1] epoch 97/100 step 20 | loss 6.1145 | det 0.1316 seg 0.1559 cnt 2.8963 | w [14.995, 7.994, 1.000]
[stage1] epoch 97/100 | train 6.3145
[stage1] epoch 97/100 | w [14.995, 7.994, 1.000]
[stage1] epoch 98/100 step 20 | loss 5.2528 | det 0.0982 seg 0.1305 cnt 2.7387 | w [14.995, 7.994, 1.000]
[stage1] epoch 98/100 | train 5.3276
[stage1] epoch 98/100 | w [14.995, 7.994, 1.000]
[stage1] epoch 99/100 step 20 | loss 5.2764 | det 0.1258 seg 0.1307 cnt 2.3456 | w [14.995, 7.994, 1.000]
[stage1] epoch 99/100 | train 5.6447
[stage1] epoch 99/100 | w [14.995, 7.994, 1.000]
[stage1] epoch 100/100 step 20 | loss 6.8138 | det 0.1315 seg 0.1256 cnt 3.8390 | w [14.995, 7.993, 1.000]
[stage1] epoch 100/100 | train 6.4667
[stage1] epoch 100/100 | w [14.995, 7.994, 1.000]
[ckpt] saved stage1 phi -> runs/33/stage1_phi_last.pt
[train] validation/model selection start from Stage2 (Stage1 validation disabled).
[stage2] epoch 1/30 step 20 | loss 9.0248 | det 0.1450 seg 0.4134 cnt 3.5474 | w [14.995, 7.994, 1.000] | cnt_gnorm 2.239347e+01 cnt_gparams 6
[stage2] epoch 1/30 step 40 | loss 8.4378 | det 0.1386 seg 0.3693 cnt 3.4081 | w [14.995, 7.994, 1.000] | cnt_gnorm 1.744538e+01 cnt_gparams 6
[stage2] epoch 1/30 | train 8.2231
[stage2] epoch 1/30 | w [14.995, 7.993, 1.000]
[diag][cnt][stage2] epoch 1/30 | param_delta_l2 1.146213e+01
[diag][cnt][val] pred_count_mean 8.201438 gt_count_mean 8.000130 pred_dens_mean 0.000041 gt_dens_mean 0.000040
[stage2] epoch 1 | val det 0.2701 seg 0.8749 miou 0.6153 cnt 3.6940 dens 8.517412e-01 mae 2.8422 total_mae 13.4980 | ap50 0.6651 | combo 1.632202
[ckpt] new best cached (stage2 epoch 1, combo 1.632202)
[stage2] epoch 2/30 step 20 | loss 8.0736 | det 0.1154 seg 0.2993 cnt 3.9519 | w [14.995, 7.993, 1.000] | cnt_gnorm 1.228522e+01 cnt_gparams 6
[stage2] epoch 2/30 step 40 | loss 7.7229 | det 0.1229 seg 0.2865 cnt 3.5915 | w [14.995, 7.993, 1.000] | cnt_gnorm 2.846033e+01 cnt_gparams 6
[stage2] epoch 2/30 | train 8.0931
[stage2] epoch 2/30 | w [14.995, 7.994, 1.000]
[diag][cnt][stage2] epoch 2/30 | param_delta_l2 9.219247e+00
[diag][cnt][val] pred_count_mean 8.505671 gt_count_mean 8.000130 pred_dens_mean 0.000042 gt_dens_mean 0.000040
[stage2] epoch 2 | val det 0.2808 seg 0.8564 miou 0.6313 cnt 3.6363 dens 8.495404e-01 mae 2.7868 total_mae 13.2054 | ap50 0.6740 | combo 1.664116
[ckpt] new best cached (stage2 epoch 2, combo 1.664116)
[stage2] epoch 3/30 step 20 | loss 7.0841 | det 0.1322 seg 0.2140 cnt 3.3924 | w [14.995, 7.994, 1.000] | cnt_gnorm 3.066229e+01 cnt_gparams 6
[stage2] epoch 3/30 step 40 | loss 6.4866 | det 0.1148 seg 0.2096 cnt 3.0912 | w [14.995, 7.994, 1.000] | cnt_gnorm 3.667310e+01 cnt_gparams 6
[stage2] epoch 3/30 | train 6.6077
[stage2] epoch 3/30 | w [14.995, 7.994, 1.000]
[diag][cnt][stage2] epoch 3/30 | param_delta_l2 9.213042e+00
[diag][cnt][val] pred_count_mean 10.361629 gt_count_mean 8.000130 pred_dens_mean 0.000052 gt_dens_mean 0.000040
[stage2] epoch 3 | val det 0.2630 seg 0.8535 miou 0.6375 cnt 3.6198 dens 8.439848e-01 mae 2.7759 total_mae 12.8603 | ap50 0.6835 | combo 1.681247
[ckpt] new best cached (stage2 epoch 3, combo 1.681247)
[stage2] epoch 4/30 step 20 | loss 5.4146 | det 0.1032 seg 0.1876 cnt 2.3679 | w [14.995, 7.993, 1.000] | cnt_gnorm 4.616092e+01 cnt_gparams 6
[stage2] epoch 4/30 step 40 | loss 5.4958 | det 0.1052 seg 0.1816 cnt 2.4673 | w [14.995, 7.993, 1.000] | cnt_gnorm 7.264152e+01 cnt_gparams 6
[stage2] epoch 4/30 | train 5.6801
[stage2] epoch 4/30 | w [14.995, 7.993, 1.000]
[diag][cnt][stage2] epoch 4/30 | param_delta_l2 8.339751e+00
[diag][cnt][val] pred_count_mean 8.684151 gt_count_mean 8.000130 pred_dens_mean 0.000043 gt_dens_mean 0.000040
[stage2] epoch 4 | val det 0.2619 seg 0.8649 miou 0.6443 cnt 3.7310 dens 8.498736e-01 mae 2.8812 total_mae 15.5675 | ap50 0.6754 | combo 1.666810
[stage2] epoch 5/30 step 20 | loss 5.7196 | det 0.0858 seg 0.1650 cnt 3.1152 | w [14.995, 7.994, 1.000] | cnt_gnorm 4.621261e+01 cnt_gparams 6
[stage2] epoch 5/30 step 40 | loss 5.9341 | det 0.0935 seg 0.2013 cnt 2.9236 | w [14.995, 7.993, 1.000] | cnt_gnorm 3.176291e+01 cnt_gparams 6
[stage2] epoch 5/30 | train 5.9436
[stage2] epoch 5/30 | w [14.995, 7.993, 1.000]
[diag][cnt][stage2] epoch 5/30 | param_delta_l2 8.296240e+00
[diag][cnt][val] pred_count_mean 11.885509 gt_count_mean 8.000130 pred_dens_mean 0.000059 gt_dens_mean 0.000040
[stage2] epoch 5 | val det 0.2798 seg 0.8898 miou 0.6202 cnt 3.7566 dens 8.485946e-01 mae 2.9080 total_mae 13.9182 | ap50 0.6859 | combo 1.649979
[stage2] epoch 6/30 step 20 | loss 6.4326 | det 0.1082 seg 0.2208 cnt 3.0462 | w [14.995, 7.993, 1.000] | cnt_gnorm 4.542540e+01 cnt_gparams 6
[stage2] epoch 6/30 step 40 | loss 6.2710 | det 0.1125 seg 0.2019 cnt 2.9718 | w [14.995, 7.993, 1.000] | cnt_gnorm 4.034213e+01 cnt_gparams 6
[stage2] epoch 6/30 | train 6.2243
[stage2] epoch 6/30 | w [14.995, 7.994, 1.000]
[diag][cnt][stage2] epoch 6/30 | param_delta_l2 8.606108e+00
[diag][cnt][val] pred_count_mean 9.464170 gt_count_mean 8.000130 pred_dens_mean 0.000047 gt_dens_mean 0.000040
[stage2] epoch 6 | val det 0.3041 seg 0.8746 miou 0.6040 cnt 3.6553 dens 8.447827e-01 mae 2.8105 total_mae 13.0639 | ap50 0.6782 | combo 1.637958
[stage2] epoch 7/30 step 20 | loss 7.3320 | det 0.1053 seg 0.2171 cnt 4.0195 | w [14.995, 7.994, 1.000] | cnt_gnorm 3.545199e+01 cnt_gparams 6
[stage2] epoch 7/30 step 40 | loss 7.2420 | det 0.1121 seg 0.1980 cnt 3.9800 | w [14.995, 7.994, 1.000] | cnt_gnorm 1.898591e+01 cnt_gparams 6
[stage2] epoch 7/30 | train 6.9715
[stage2] epoch 7/30 | w [14.995, 7.993, 1.000]
[diag][cnt][stage2] epoch 7/30 | param_delta_l2 8.811428e+00
[diag][cnt][val] pred_count_mean 7.227202 gt_count_mean 8.000130 pred_dens_mean 0.000036 gt_dens_mean 0.000040
[stage2] epoch 7 | val det 0.3111 seg 0.8874 miou 0.6329 cnt 3.7208 dens 8.493122e-01 mae 2.8715 total_mae 12.9777 | ap50 0.6759 | combo 1.656974
[stage2] epoch 8/30 step 20 | loss 6.1887 | det 0.1332 seg 0.1631 cnt 2.8896 | w [14.995, 7.993, 1.000] | cnt_gnorm 4.251839e+01 cnt_gparams 6
[stage2] epoch 8/30 step 40 | loss 6.8477 | det 0.1276 seg 0.1848 cnt 3.4576 | w [14.995, 7.994, 1.000] | cnt_gnorm 3.240911e+01 cnt_gparams 6
[stage2] epoch 8/30 | train 6.8265
[stage2] epoch 8/30 | w [14.995, 7.994, 1.000]
[diag][cnt][stage2] epoch 8/30 | param_delta_l2 9.587835e+00
[diag][cnt][val] pred_count_mean 12.796651 gt_count_mean 8.000130 pred_dens_mean 0.000064 gt_dens_mean 0.000040
[stage2] epoch 8 | val det 0.3376 seg 0.9673 miou 0.5703 cnt 3.6444 dens 8.521428e-01 mae 2.7922 total_mae 14.3050 | ap50 0.6753 | combo 1.603696
[stage2] epoch 9/30 step 20 | loss 5.8905 | det 0.0748 seg 0.1752 cnt 3.3699 | w [14.995, 7.994, 1.000] | cnt_gnorm 1.926547e+01 cnt_gparams 6
[stage2] epoch 9/30 step 40 | loss 6.0608 | det 0.0926 seg 0.1726 cnt 3.2936 | w [14.995, 7.993, 1.000] | cnt_gnorm 3.678284e+01 cnt_gparams 6
[stage2] epoch 9/30 | train 6.0060
[stage2] epoch 9/30 | w [14.995, 7.994, 1.000]
[diag][cnt][stage2] epoch 9/30 | param_delta_l2 1.036827e+01
[diag][cnt][val] pred_count_mean 10.582002 gt_count_mean 8.000130 pred_dens_mean 0.000053 gt_dens_mean 0.000040
[stage2] epoch 9 | val det 0.3117 seg 0.9278 miou 0.6075 cnt 3.5748 dens 8.442069e-01 mae 2.7306 total_mae 13.0238 | ap50 0.6759 | combo 1.649587
[stage2] epoch 10/30 step 20 | loss 5.7862 | det 0.0872 seg 0.1622 cnt 3.1838 | w [14.995, 7.994, 1.000] | cnt_gnorm 3.673951e+01 cnt_gparams 6
[stage2] epoch 10/30 step 40 | loss 5.6480 | det 0.0861 seg 0.1952 cnt 2.7974 | w [14.995, 7.993, 1.000] | cnt_gnorm 8.211273e+00 cnt_gparams 6
[stage2] epoch 10/30 | train 5.6656
[stage2] epoch 10/30 | w [14.995, 7.993, 1.000]
[diag][cnt][stage2] epoch 10/30 | param_delta_l2 8.255528e+00
[diag][cnt][val] pred_count_mean 10.253579 gt_count_mean 8.000130 pred_dens_mean 0.000051 gt_dens_mean 0.000040
[stage2] epoch 10 | val det 0.3437 seg 1.0138 miou 0.6084 cnt 3.5673 dens 8.446814e-01 mae 2.7227 total_mae 12.6833 | ap50 0.6753 | combo 1.650997
[stage2] epoch 11/30 step 20 | loss 4.7617 | det 0.0685 seg 0.1386 cnt 2.6275 | w [14.995, 7.994, 1.000] | cnt_gnorm 2.663464e+01 cnt_gparams 6
[stage2] epoch 11/30 step 40 | loss 5.2791 | det 0.0931 seg 0.1552 cnt 2.6443 | w [14.995, 7.993, 1.000] | cnt_gnorm 2.921076e+01 cnt_gparams 6
[stage2] epoch 11/30 | train 5.2856
[stage2] epoch 11/30 | w [14.995, 7.993, 1.000]
[diag][cnt][stage2] epoch 11/30 | param_delta_l2 8.240685e+00
[diag][cnt][val] pred_count_mean 9.145920 gt_count_mean 8.000130 pred_dens_mean 0.000046 gt_dens_mean 0.000040
[stage2] epoch 11 | val det 0.3527 seg 0.9914 miou 0.6187 cnt 3.6010 dens 8.473341e-01 mae 2.7537 total_mae 13.2185 | ap50 0.6751 | combo 1.656972
[stage2] epoch 12/30 step 20 | loss 5.5418 | det 0.1073 seg 0.1622 cnt 2.6376 | w [14.995, 7.993, 1.000] | cnt_gnorm 3.251537e+01 cnt_gparams 6
[stage2] epoch 12/30 step 40 | loss 5.4119 | det 0.1016 seg 0.1533 cnt 2.6636 | w [14.995, 7.993, 1.000] | cnt_gnorm 3.339662e+01 cnt_gparams 6
[stage2] epoch 12/30 | train 5.3457
[stage2] epoch 12/30 | w [14.995, 7.994, 1.000]
[diag][cnt][stage2] epoch 12/30 | param_delta_l2 8.412879e+00
[diag][cnt][val] pred_count_mean 7.145370 gt_count_mean 8.000130 pred_dens_mean 0.000036 gt_dens_mean 0.000040
[stage2] epoch 12 | val det 0.3179 seg 0.9396 miou 0.6209 cnt 3.6497 dens 8.461985e-01 mae 2.8035 total_mae 14.7125 | ap50 0.6788 | combo 1.656406
[stage2] epoch 13/30 step 20 | loss 5.1423 | det 0.1112 seg 0.1545 cnt 2.2399 | w [14.995, 7.993, 1.000] | cnt_gnorm 3.738161e+01 cnt_gparams 6
[stage2] epoch 13/30 step 40 | loss 5.3877 | det 0.1012 seg 0.1440 cnt 2.7202 | w [14.995, 7.993, 1.000] | cnt_gnorm 3.416990e+01 cnt_gparams 6
[stage2] epoch 13/30 | train 5.3436
[stage2] epoch 13/30 | w [14.995, 7.994, 1.000]
[diag][cnt][stage2] epoch 13/30 | param_delta_l2 8.386833e+00
[diag][cnt][val] pred_count_mean 10.033117 gt_count_mean 8.000130 pred_dens_mean 0.000050 gt_dens_mean 0.000040
[stage2] epoch 13 | val det 0.3273 seg 0.9401 miou 0.6225 cnt 3.6734 dens 8.497819e-01 mae 2.8236 total_mae 13.6632 | ap50 0.6735 | combo 1.650133
[stage2] epoch 14/30 step 20 | loss 4.9820 | det 0.0770 seg 0.1304 cnt 2.7860 | w [14.995, 7.993, 1.000] | cnt_gnorm 3.725129e+01 cnt_gparams 6
[stage2] epoch 14/30 step 40 | loss 5.4070 | det 0.0762 seg 0.1435 cnt 3.1186 | w [14.995, 7.993, 1.000] | cnt_gnorm 3.239748e+01 cnt_gparams 6
[stage2] epoch 14/30 | train 5.4078
[stage2] epoch 14/30 | w [14.995, 7.994, 1.000]
[diag][cnt][stage2] epoch 14/30 | param_delta_l2 8.579882e+00
[diag][cnt][val] pred_count_mean 9.903053 gt_count_mean 8.000130 pred_dens_mean 0.000049 gt_dens_mean 0.000040
[stage2] epoch 14 | val det 0.3504 seg 0.9086 miou 0.6270 cnt 3.6159 dens 8.457287e-01 mae 2.7702 total_mae 13.4193 | ap50 0.6756 | combo 1.663547
[stage2] epoch 15/30 step 20 | loss 5.8897 | det 0.0889 seg 0.1448 cnt 3.4008 | w [14.995, 7.994, 1.000] | cnt_gnorm 3.200885e+01 cnt_gparams 6
[stage2] epoch 15/30 step 40 | loss 5.7496 | det 0.0886 seg 0.1407 cnt 3.2970 | w [14.995, 7.993, 1.000] | cnt_gnorm 2.165222e+01 cnt_gparams 6
[stage2] epoch 15/30 | train 5.7644
[stage2] epoch 15/30 | w [14.995, 7.994, 1.000]
[diag][cnt][stage2] epoch 15/30 | param_delta_l2 9.186592e+00
[diag][cnt][val] pred_count_mean 8.898124 gt_count_mean 8.000130 pred_dens_mean 0.000044 gt_dens_mean 0.000040
[stage2] epoch 15 | val det 0.3366 seg 0.9712 miou 0.6277 cnt 3.6184 dens 8.440646e-01 mae 2.7744 total_mae 12.9735 | ap50 0.6737 | combo 1.661902
[stage2] epoch 16/30 step 20 | loss 5.2853 | det 0.1197 seg 0.1550 cnt 2.2528 | w [14.995, 7.994, 1.000] | cnt_gnorm 5.004253e+01 cnt_gparams 6
[stage2] epoch 16/30 step 40 | loss 5.3225 | det 0.1149 seg 0.1502 cnt 2.4006 | w [14.995, 7.993, 1.000] | cnt_gnorm 3.054575e+01 cnt_gparams 6
[stage2] epoch 16/30 | train 5.2725
[stage2] epoch 16/30 | w [14.995, 7.994, 1.000]
[diag][cnt][stage2] epoch 16/30 | param_delta_l2 7.657325e+00
[diag][cnt][val] pred_count_mean 10.158715 gt_count_mean 8.000130 pred_dens_mean 0.000051 gt_dens_mean 0.000040
[stage2] epoch 16 | val det 0.3497 seg 0.9935 miou 0.6109 cnt 3.5722 dens 8.426796e-01 mae 2.7295 total_mae 12.7485 | ap50 0.6760 | combo 1.653344
[stage2] epoch 17/30 step 20 | loss 5.4525 | det 0.1219 seg 0.1340 cnt 2.5552 | w [14.995, 7.993, 1.000] | cnt_gnorm 1.117112e+01 cnt_gparams 6
[stage2] epoch 17/30 step 40 | loss 5.6250 | det 0.1216 seg 0.1349 cnt 2.7248 | w [14.995, 7.993, 1.000] | cnt_gnorm 3.943278e+01 cnt_gparams 6
[stage2] epoch 17/30 | train 5.6248
[stage2] epoch 17/30 | w [14.995, 7.994, 1.000]
[diag][cnt][stage2] epoch 17/30 | param_delta_l2 7.563690e+00
[diag][cnt][val] pred_count_mean 10.561313 gt_count_mean 8.000130 pred_dens_mean 0.000053 gt_dens_mean 0.000040
[stage2] epoch 17 | val det 0.3400 seg 0.9194 miou 0.6240 cnt 3.7748 dens 8.438492e-01 mae 2.9310 total_mae 13.0003 | ap50 0.6700 | combo 1.635267
[stage2] epoch 18/30 step 20 | loss 5.7593 | det 0.1045 seg 0.1549 cnt 2.9553 | w [14.995, 7.993, 1.000] | cnt_gnorm 5.564712e+01 cnt_gparams 6
[stage2] epoch 18/30 step 40 | loss 5.6050 | det 0.1031 seg 0.1522 cnt 2.8430 | w [14.995, 7.993, 1.000] | cnt_gnorm 3.962659e+01 cnt_gparams 6
[stage2] epoch 18/30 | train 5.5627
[stage2] epoch 18/30 | w [14.995, 7.993, 1.000]
[diag][cnt][stage2] epoch 18/30 | param_delta_l2 7.546144e+00
[diag][cnt][val] pred_count_mean 11.644025 gt_count_mean 8.000130 pred_dens_mean 0.000058 gt_dens_mean 0.000040
[stage2] epoch 18 | val det 0.3499 seg 0.9346 miou 0.6250 cnt 3.6897 dens 8.421355e-01 mae 2.8475 total_mae 12.9086 | ap50 0.6739 | combo 1.650071
[stage2] epoch 19/30 step 20 | loss 4.9121 | det 0.0812 seg 0.1511 cnt 2.4876 | w [14.995, 7.994, 1.000] | cnt_gnorm 2.830534e+01 cnt_gparams 6
[stage2] epoch 19/30 step 40 | loss 4.4018 | det 0.0707 seg 0.1345 cnt 2.2666 | w [14.995, 7.993, 1.000] | cnt_gnorm 3.169459e+01 cnt_gparams 6
[stage2] epoch 19/30 | train 4.3662
[stage2] epoch 19/30 | w [14.995, 7.993, 1.000]
[diag][cnt][stage2] epoch 19/30 | param_delta_l2 8.707315e+00
[diag][cnt][val] pred_count_mean 9.441176 gt_count_mean 8.000130 pred_dens_mean 0.000047 gt_dens_mean 0.000040
[stage2] epoch 19 | val det 0.3524 seg 0.9714 miou 0.6197 cnt 3.5987 dens 8.413345e-01 mae 2.7574 total_mae 13.0135 | ap50 0.6797 | combo 1.662028
[stage2] epoch 20/30 step 20 | loss 4.7592 | det 0.0998 seg 0.1258 cnt 2.2577 | w [14.995, 7.994, 1.000] | cnt_gnorm 2.844658e+01 cnt_gparams 6
[stage2] epoch 20/30 step 40 | loss 5.0710 | det 0.1041 seg 0.1268 cnt 2.4977 | w [14.995, 7.993, 1.000] | cnt_gnorm 4.963822e+01 cnt_gparams 6
[stage2] epoch 20/30 | train 5.2519
[stage2] epoch 20/30 | w [14.995, 7.993, 1.000]
[diag][cnt][stage2] epoch 20/30 | param_delta_l2 7.856431e+00
[diag][cnt][val] pred_count_mean 9.076385 gt_count_mean 8.000130 pred_dens_mean 0.000045 gt_dens_mean 0.000040
[stage2] epoch 20 | val det 0.3597 seg 0.9643 miou 0.6256 cnt 3.5458 dens 8.406326e-01 mae 2.7052 total_mae 12.9911 | ap50 0.6761 | combo 1.671341
[stage2] epoch 21/30 step 20 | loss 6.8134 | det 0.0595 seg 0.1398 cnt 4.8051 | w [14.995, 7.994, 1.000] | cnt_gnorm 9.029328e+01 cnt_gparams 6
[stage2] epoch 21/30 step 40 | loss 6.2222 | det 0.0869 seg 0.1396 cnt 3.8041 | w [14.995, 7.993, 1.000] | cnt_gnorm 2.806148e+01 cnt_gparams 6
[stage2] epoch 21/30 | train 6.0096
[stage2] epoch 21/30 | w [14.995, 7.994, 1.000]
[diag][cnt][stage2] epoch 21/30 | param_delta_l2 7.641229e+00
[diag][cnt][val] pred_count_mean 12.819062 gt_count_mean 8.000130 pred_dens_mean 0.000064 gt_dens_mean 0.000040
[stage2] epoch 21 | val det 0.3419 seg 0.9631 miou 0.6298 cnt 3.7142 dens 8.430673e-01 mae 2.8712 total_mae 13.5534 | ap50 0.6780 | combo 1.656084
[stage2] epoch 22/30 step 20 | loss 6.1714 | det 0.0660 seg 0.1448 cnt 4.0256 | w [14.995, 7.994, 1.000] | cnt_gnorm 4.004647e+01 cnt_gparams 6
[stage2] epoch 22/30 step 40 | loss 5.8597 | det 0.0958 seg 0.1473 cnt 3.2477 | w [14.995, 7.994, 1.000] | cnt_gnorm 1.068592e+02 cnt_gparams 6
[stage2] epoch 22/30 | train 5.9875
[stage2] epoch 22/30 | w [14.995, 7.993, 1.000]
[diag][cnt][stage2] epoch 22/30 | param_delta_l2 8.684575e+00
[diag][cnt][val] pred_count_mean 12.313474 gt_count_mean 8.000130 pred_dens_mean 0.000061 gt_dens_mean 0.000040
[stage2] epoch 22 | val det 0.3605 seg 0.9467 miou 0.6296 cnt 3.6697 dens 8.447045e-01 mae 2.8250 total_mae 13.0251 | ap50 0.6746 | combo 1.658185
[stage2] epoch 23/30 step 20 | loss 5.6218 | det 0.0996 seg 0.1272 cnt 3.1130 | w [14.995, 7.994, 1.000] | cnt_gnorm 3.895708e+01 cnt_gparams 6
[stage2] epoch 23/30 step 40 | loss 5.4198 | det 0.0950 seg 0.1407 cnt 2.8719 | w [14.995, 7.994, 1.000] | cnt_gnorm 4.515660e+01 cnt_gparams 6
[stage2] epoch 23/30 | train 5.4687
[stage2] epoch 23/30 | w [14.995, 7.994, 1.000]
[diag][cnt][stage2] epoch 23/30 | param_delta_l2 8.779420e+00
[diag][cnt][val] pred_count_mean 8.569027 gt_count_mean 8.000130 pred_dens_mean 0.000043 gt_dens_mean 0.000040
[stage2] epoch 23 | val det 0.3514 seg 0.9955 miou 0.6248 cnt 3.5929 dens 8.435853e-01 mae 2.7494 total_mae 13.0244 | ap50 0.6790 | combo 1.667466
[stage2] epoch 24/30 step 20 | loss 4.7929 | det 0.0735 seg 0.1474 cnt 2.5130 | w [14.995, 7.993, 1.000] | cnt_gnorm 3.139925e+01 cnt_gparams 6
[stage2] epoch 24/30 step 40 | loss 4.9839 | det 0.0813 seg 0.1448 cnt 2.6089 | w [14.995, 7.993, 1.000] | cnt_gnorm 3.514787e+01 cnt_gparams 6
[stage2] epoch 24/30 | train 4.8634
[stage2] epoch 24/30 | w [14.995, 7.993, 1.000]
[diag][cnt][stage2] epoch 24/30 | param_delta_l2 8.596913e+00
[diag][cnt][val] pred_count_mean 8.420388 gt_count_mean 8.000130 pred_dens_mean 0.000042 gt_dens_mean 0.000040
[stage2] epoch 24 | val det 0.3608 seg 0.9731 miou 0.6290 cnt 3.5874 dens 8.397187e-01 mae 2.7477 total_mae 13.0804 | ap50 0.6785 | combo 1.671405
[stage2] epoch 25/30 step 20 | loss 5.1649 | det 0.1120 seg 0.1366 cnt 2.3939 | w [14.995, 7.993, 1.000] | cnt_gnorm 1.022359e+02 cnt_gparams 6
[stage2] epoch 25/30 step 40 | loss 5.0696 | det 0.0983 seg 0.1368 cnt 2.5037 | w [14.995, 7.994, 1.000] | cnt_gnorm 4.286370e+01 cnt_gparams 6
[stage2] epoch 25/30 | train 5.1139
[stage2] epoch 25/30 | w [14.995, 7.994, 1.000]
[diag][cnt][stage2] epoch 25/30 | param_delta_l2 7.722361e+00
[diag][cnt][val] pred_count_mean 9.098909 gt_count_mean 8.000130 pred_dens_mean 0.000045 gt_dens_mean 0.000040
[stage2] epoch 25 | val det 0.3529 seg 0.9679 miou 0.6301 cnt 3.6002 dens 8.438535e-01 mae 2.7563 total_mae 13.4326 | ap50 0.6803 | combo 1.673173
[stage2] epoch 26/30 step 20 | loss 5.1974 | det 0.1075 seg 0.1256 cnt 2.5832 | w [14.995, 7.994, 1.000] | cnt_gnorm 4.169776e+01 cnt_gparams 6
[stage2] epoch 26/30 step 40 | loss 5.1775 | det 0.1032 seg 0.1356 cnt 2.5471 | w [14.995, 7.993, 1.000] | cnt_gnorm 3.096875e+01 cnt_gparams 6
[stage2] epoch 26/30 | train 5.1035
[stage2] epoch 26/30 | w [14.995, 7.994, 1.000]
[diag][cnt][stage2] epoch 26/30 | param_delta_l2 7.630597e+00
[diag][cnt][val] pred_count_mean 9.540210 gt_count_mean 8.000130 pred_dens_mean 0.000048 gt_dens_mean 0.000040
[stage2] epoch 26 | val det 0.3545 seg 0.9850 miou 0.6228 cnt 3.5304 dens 8.380298e-01 mae 2.6924 total_mae 12.8442 | ap50 0.6780 | combo 1.672186
[stage2] epoch 27/30 step 20 | loss 6.0139 | det 0.0975 seg 0.1233 cnt 3.5684 | w [14.995, 7.993, 1.000] | cnt_gnorm 4.252581e+01 cnt_gparams 6
[stage2] epoch 27/30 step 40 | loss 7.1710 | det 0.1010 seg 0.1282 cnt 4.6334 | w [14.995, 7.993, 1.000] | cnt_gnorm 2.124744e+02 cnt_gparams 6
[stage2] epoch 27/30 | train 7.0275
[stage2] epoch 27/30 | w [14.995, 7.993, 1.000]
[diag][cnt][stage2] epoch 27/30 | param_delta_l2 7.998412e+00
[diag][cnt][val] pred_count_mean 11.036334 gt_count_mean 8.000130 pred_dens_mean 0.000055 gt_dens_mean 0.000040
[stage2] epoch 27 | val det 0.3717 seg 1.0015 miou 0.6279 cnt 3.8225 dens 8.437779e-01 mae 2.9787 total_mae 14.0233 | ap50 0.6681 | combo 1.631678
[stage2] epoch 28/30 step 20 | loss 5.0182 | det 0.0820 seg 0.1151 cnt 2.8705 | w [14.995, 7.994, 1.000] | cnt_gnorm 2.704955e+01 cnt_gparams 6
[stage2] epoch 28/30 step 40 | loss 5.4824 | det 0.0951 seg 0.1292 cnt 3.0255 | w [14.995, 7.994, 1.000] | cnt_gnorm 3.824947e+01 cnt_gparams 6
[stage2] epoch 28/30 | train 5.4982
[stage2] epoch 28/30 | w [14.995, 7.993, 1.000]
[diag][cnt][stage2] epoch 28/30 | param_delta_l2 8.311913e+00
[diag][cnt][val] pred_count_mean 13.425763 gt_count_mean 8.000130 pred_dens_mean 0.000067 gt_dens_mean 0.000040
[stage2] epoch 28 | val det 0.3451 seg 0.9966 miou 0.6269 cnt 3.7971 dens 8.432238e-01 mae 2.9538 total_mae 13.4761 | ap50 0.6752 | combo 1.640642
[stage2] epoch 29/30 step 20 | loss 6.1987 | det 0.0804 seg 0.1541 cnt 3.7627 | w [14.995, 7.993, 1.000] | cnt_gnorm 2.029724e+01 cnt_gparams 6
[stage2] epoch 29/30 step 40 | loss 5.8682 | det 0.0822 seg 0.1442 cnt 3.4846 | w [14.995, 7.994, 1.000] | cnt_gnorm 3.699742e+01 cnt_gparams 6
[stage2] epoch 29/30 | train 5.7988
[stage2] epoch 29/30 | w [14.995, 7.993, 1.000]
[diag][cnt][stage2] epoch 29/30 | param_delta_l2 7.733460e+00
[diag][cnt][val] pred_count_mean 10.850614 gt_count_mean 8.000130 pred_dens_mean 0.000054 gt_dens_mean 0.000040
[stage2] epoch 29 | val det 0.3780 seg 1.0233 miou 0.6110 cnt 3.5075 dens 8.408115e-01 mae 2.6667 total_mae 12.6891 | ap50 0.6797 | combo 1.665659
[stage2] epoch 30/30 step 20 | loss 4.9143 | det 0.0747 seg 0.1435 cnt 2.6477 | w [14.995, 7.993, 1.000] | cnt_gnorm 2.737479e+01 cnt_gparams 6
[stage2] epoch 30/30 step 40 | loss 4.9999 | det 0.0875 seg 0.1575 cnt 2.4300 | w [14.995, 7.994, 1.000] | cnt_gnorm 3.924853e+01 cnt_gparams 6
[stage2] epoch 30/30 | train 5.3792
[stage2] epoch 30/30 | w [14.995, 7.993, 1.000]
[diag][cnt][stage2] epoch 30/30 | param_delta_l2 7.309112e+00
[diag][cnt][val] pred_count_mean 9.498203 gt_count_mean 8.000130 pred_dens_mean 0.000047 gt_dens_mean 0.000040
[stage2] epoch 30 | val det 0.3551 seg 1.0060 miou 0.6191 cnt 3.5668 dens 8.401821e-01 mae 2.7266 total_mae 14.5060 | ap50 0.6784 | combo 1.664256
[ckpt] saved best -> runs/33/best_combo.pt (combo 1.681247)
