WARNING:__main__:
*****************************************
Setting OMP_NUM_THREADS environment variable for each process to be 1 in default, to avoid your system being overloaded, please further tune the variable for optimal performance in your application as needed. 
*****************************************
[mae] fallback to local config+bin load for torch<2.6: /data/xiangyuyue/ULLM-zf/fsl-20260209/pretrained/facebook_vit-mae-large
[lora] enabled: replaced_linear=48, trainable_params=1966080
[params] trainable_total=35741127
/data/xiangyuyue/ULLM-zf/fsl-20260209/miniconda3/envs/fsl/lib/python3.11/site-packages/torch/autograd/graph.py:825: UserWarning: Grad strides do not match bucket view strides. This may indicate grad was not created according to the gradient layout contract, or that the param's strides changed since DDP was constructed.  This is not an error, but may impair performance.
grad.sizes() = [8, 1024, 1, 1], strides() = [1024, 1, 1024, 1024]
bucket_view.sizes() = [8, 1024, 1, 1], strides() = [1024, 1, 1, 1] (Triggered internally at ../torch/csrc/distributed/c10d/reducer.cpp:327.)
  return Variable._execution_engine.run_backward(  # Calls into the C++ engine to run the backward pass
/data/xiangyuyue/ULLM-zf/fsl-20260209/miniconda3/envs/fsl/lib/python3.11/site-packages/torch/autograd/graph.py:825: UserWarning: Grad strides do not match bucket view strides. This may indicate grad was not created according to the gradient layout contract, or that the param's strides changed since DDP was constructed.  This is not an error, but may impair performance.
grad.sizes() = [8, 1024, 1, 1], strides() = [1024, 1, 1024, 1024]
bucket_view.sizes() = [8, 1024, 1, 1], strides() = [1024, 1, 1, 1] (Triggered internally at ../torch/csrc/distributed/c10d/reducer.cpp:327.)
  return Variable._execution_engine.run_backward(  # Calls into the C++ engine to run the backward pass
/data/xiangyuyue/ULLM-zf/fsl-20260209/miniconda3/envs/fsl/lib/python3.11/site-packages/torch/autograd/graph.py:825: UserWarning: Grad strides do not match bucket view strides. This may indicate grad was not created according to the gradient layout contract, or that the param's strides changed since DDP was constructed.  This is not an error, but may impair performance.
grad.sizes() = [8, 1024, 1, 1], strides() = [1024, 1, 1024, 1024]
bucket_view.sizes() = [8, 1024, 1, 1], strides() = [1024, 1, 1, 1] (Triggered internally at ../torch/csrc/distributed/c10d/reducer.cpp:327.)
  return Variable._execution_engine.run_backward(  # Calls into the C++ engine to run the backward pass
/data/xiangyuyue/ULLM-zf/fsl-20260209/miniconda3/envs/fsl/lib/python3.11/site-packages/torch/autograd/graph.py:825: UserWarning: Grad strides do not match bucket view strides. This may indicate grad was not created according to the gradient layout contract, or that the param's strides changed since DDP was constructed.  This is not an error, but may impair performance.
grad.sizes() = [8, 1024, 1, 1], strides() = [1024, 1, 1024, 1024]
bucket_view.sizes() = [8, 1024, 1, 1], strides() = [1024, 1, 1, 1] (Triggered internally at ../torch/csrc/distributed/c10d/reducer.cpp:327.)
  return Variable._execution_engine.run_backward(  # Calls into the C++ engine to run the backward pass
/data/xiangyuyue/ULLM-zf/fsl-20260209/miniconda3/envs/fsl/lib/python3.11/site-packages/torch/autograd/graph.py:825: UserWarning: Grad strides do not match bucket view strides. This may indicate grad was not created according to the gradient layout contract, or that the param's strides changed since DDP was constructed.  This is not an error, but may impair performance.
grad.sizes() = [8, 1024, 1, 1], strides() = [1024, 1, 1024, 1024]
bucket_view.sizes() = [8, 1024, 1, 1], strides() = [1024, 1, 1, 1] (Triggered internally at ../torch/csrc/distributed/c10d/reducer.cpp:327.)
  return Variable._execution_engine.run_backward(  # Calls into the C++ engine to run the backward pass
/data/xiangyuyue/ULLM-zf/fsl-20260209/miniconda3/envs/fsl/lib/python3.11/site-packages/torch/autograd/graph.py:825: UserWarning: Grad strides do not match bucket view strides. This may indicate grad was not created according to the gradient layout contract, or that the param's strides changed since DDP was constructed.  This is not an error, but may impair performance.
grad.sizes() = [8, 1024, 1, 1], strides() = [1024, 1, 1024, 1024]
bucket_view.sizes() = [8, 1024, 1, 1], strides() = [1024, 1, 1, 1] (Triggered internally at ../torch/csrc/distributed/c10d/reducer.cpp:327.)
  return Variable._execution_engine.run_backward(  # Calls into the C++ engine to run the backward pass
/data/xiangyuyue/ULLM-zf/fsl-20260209/miniconda3/envs/fsl/lib/python3.11/site-packages/torch/autograd/graph.py:825: UserWarning: Grad strides do not match bucket view strides. This may indicate grad was not created according to the gradient layout contract, or that the param's strides changed since DDP was constructed.  This is not an error, but may impair performance.
grad.sizes() = [8, 1024, 1, 1], strides() = [1024, 1, 1024, 1024]
bucket_view.sizes() = [8, 1024, 1, 1], strides() = [1024, 1, 1, 1] (Triggered internally at ../torch/csrc/distributed/c10d/reducer.cpp:327.)
  return Variable._execution_engine.run_backward(  # Calls into the C++ engine to run the backward pass
/data/xiangyuyue/ULLM-zf/fsl-20260209/miniconda3/envs/fsl/lib/python3.11/site-packages/torch/autograd/graph.py:825: UserWarning: Grad strides do not match bucket view strides. This may indicate grad was not created according to the gradient layout contract, or that the param's strides changed since DDP was constructed.  This is not an error, but may impair performance.
grad.sizes() = [8, 1024, 1, 1], strides() = [1024, 1, 1024, 1024]
bucket_view.sizes() = [8, 1024, 1, 1], strides() = [1024, 1, 1, 1] (Triggered internally at ../torch/csrc/distributed/c10d/reducer.cpp:327.)
  return Variable._execution_engine.run_backward(  # Calls into the C++ engine to run the backward pass
epoch 1/100 step 20 | loss 1098658.3687 | det 3.8623 seg 2.5001 cnt 1099543.6250
epoch 1/100 | train 1014103.8519 | val det 0.0000 seg 0.0000 miou 0.0000 cnt 0.0000 dens 0.000000e+00 mae 0.0000 total_mae 0.0000 | ap50 0.0000 | selected combo 100000000.000000
epoch 2/100 step 20 | loss 312966.9875 | det 3.0617 seg 2.3110 cnt 147460.2188
epoch 2/100 | train 260822.8779 | val det 0.0000 seg 0.0000 miou 0.0000 cnt 0.0000 dens 0.000000e+00 mae 0.0000 total_mae 0.0000 | ap50 0.0000 | selected combo 100000000.000000
epoch 3/100 step 20 | loss 48679.5448 | det 0.9347 seg 1.9198 cnt 24968.0371
epoch 3/100 | train 41055.6522 | val det 0.0000 seg 0.0000 miou 0.0000 cnt 0.0000 dens 0.000000e+00 mae 0.0000 total_mae 0.0000 | ap50 0.0000 | selected combo 100000000.000000
epoch 4/100 step 20 | loss 10104.4665 | det 0.8002 seg 1.5170 cnt 5725.7529
epoch 4/100 | train 8684.2051 | val det 0.0000 seg 0.0000 miou 0.0000 cnt 0.0000 dens 0.000000e+00 mae 0.0000 total_mae 0.0000 | ap50 0.0000 | selected combo 100000000.000000
epoch 5/100 step 20 | loss 2559.4324 | det 0.5056 seg 1.2784 cnt 1813.1913
epoch 5/100 | train 2229.8084 | val det 0.0000 seg 0.0000 miou 0.0000 cnt 0.0000 dens 0.000000e+00 mae 0.0000 total_mae 0.0000 | ap50 0.0000 | selected combo 100000000.000000
epoch 6/100 step 20 | loss 657.6969 | det 0.4134 seg 1.1479 cnt 392.4193
epoch 6/100 | train 592.4835 | val det 0.0000 seg 0.0000 miou 0.0000 cnt 0.0000 dens 0.000000e+00 mae 0.0000 total_mae 0.0000 | ap50 0.0000 | selected combo 100000000.000000
epoch 7/100 step 20 | loss 210.7311 | det 0.2787 seg 1.1030 cnt 96.0562
epoch 7/100 | train 178.1014 | val det 0.0000 seg 0.0000 miou 0.0000 cnt 0.0000 dens 0.000000e+00 mae 0.0000 total_mae 0.0000 | ap50 0.0000 | selected combo 100000000.000000
epoch 8/100 step 20 | loss 59.3013 | det 0.4482 seg 0.9026 cnt 29.7443
epoch 8/100 | train 54.1132 | val det 0.0000 seg 0.0000 miou 0.0000 cnt 0.0000 dens 0.000000e+00 mae 0.0000 total_mae 0.0000 | ap50 0.0000 | selected combo 100000000.000000
epoch 9/100 step 20 | loss 27.4529 | det 0.4087 seg 1.0051 cnt 25.6639
epoch 9/100 | train 25.9781 | val det 0.0000 seg 0.0000 miou 0.0000 cnt 0.0000 dens 0.000000e+00 mae 0.0000 total_mae 0.0000 | ap50 0.0000 | selected combo 100000000.000000
epoch 10/100 step 20 | loss 21.5834 | det 0.4517 seg 0.6721 cnt 5.5759
epoch 10/100 | train 21.1221 | val det 0.0000 seg 0.0000 miou 0.0000 cnt 0.0000 dens 0.000000e+00 mae 0.0000 total_mae 0.0000 | ap50 0.0000 | selected combo 100000000.000000
epoch 11/100 step 20 | loss 19.4488 | det 0.4313 seg 0.9153 cnt 4.3221
epoch 11/100 | train 19.7496 | val det 0.0000 seg 0.0000 miou 0.0000 cnt 0.0000 dens 0.000000e+00 mae 0.0000 total_mae 0.0000 | ap50 0.0000 | selected combo 100000000.000000
epoch 12/100 step 20 | loss 20.1217 | det 0.4766 seg 0.6685 cnt 9.3531
epoch 12/100 | train 20.2290 | val det 0.0000 seg 0.0000 miou 0.0000 cnt 0.0000 dens 0.000000e+00 mae 0.0000 total_mae 0.0000 | ap50 0.0000 | selected combo 100000000.000000
epoch 13/100 step 20 | loss 17.7897 | det 0.2848 seg 0.7537 cnt 5.7763
epoch 13/100 | train 17.3039 | val det 0.0000 seg 0.0000 miou 0.0000 cnt 0.0000 dens 0.000000e+00 mae 0.0000 total_mae 0.0000 | ap50 0.0000 | selected combo 100000000.000000
epoch 14/100 step 20 | loss 18.0800 | det 0.2570 seg 1.0948 cnt 4.5024
epoch 14/100 | train 17.6765 | val det 0.0000 seg 0.0000 miou 0.0000 cnt 0.0000 dens 0.000000e+00 mae 0.0000 total_mae 0.0000 | ap50 0.0000 | selected combo 100000000.000000
epoch 15/100 step 20 | loss 17.2497 | det 0.2159 seg 0.5485 cnt 6.9960
epoch 15/100 | train 17.7573 | val det 0.0000 seg 0.0000 miou 0.0000 cnt 0.0000 dens 0.000000e+00 mae 0.0000 total_mae 0.0000 | ap50 0.0000 | selected combo 100000000.000000
epoch 16/100 step 20 | loss 16.9237 | det 0.4157 seg 0.5214 cnt 4.4477
epoch 16/100 | train 16.9791 | val det 0.0000 seg 0.0000 miou 0.0000 cnt 0.0000 dens 0.000000e+00 mae 0.0000 total_mae 0.0000 | ap50 0.0000 | selected combo 100000000.000000
epoch 17/100 step 20 | loss 17.7294 | det 0.3424 seg 0.6102 cnt 6.8096
epoch 17/100 | train 17.7070 | val det 0.0000 seg 0.0000 miou 0.0000 cnt 0.0000 dens 0.000000e+00 mae 0.0000 total_mae 0.0000 | ap50 0.0000 | selected combo 100000000.000000
epoch 18/100 step 20 | loss 18.5449 | det 0.2313 seg 0.4404 cnt 7.5139
epoch 18/100 | train 18.2254 | val det 0.0000 seg 0.0000 miou 0.0000 cnt 0.0000 dens 0.000000e+00 mae 0.0000 total_mae 0.0000 | ap50 0.0000 | selected combo 100000000.000000
epoch 19/100 step 20 | loss 15.1925 | det 0.3113 seg 0.5127 cnt 13.2688
epoch 19/100 | train 16.4413 | val det 0.0000 seg 0.0000 miou 0.0000 cnt 0.0000 dens 0.000000e+00 mae 0.0000 total_mae 0.0000 | ap50 0.0000 | selected combo 100000000.000000
epoch 20/100 step 20 | loss 15.8210 | det 0.2875 seg 0.4748 cnt 8.9672
epoch 20/100 | train 15.5080 | val det 0.0000 seg 0.0000 miou 0.0000 cnt 0.0000 dens 0.000000e+00 mae 0.0000 total_mae 0.0000 | ap50 0.0000 | selected combo 100000000.000000
epoch 21/100 step 20 | loss 14.9981 | det 0.1413 seg 0.4426 cnt 6.3893
epoch 21/100 | train 15.2257 | val det 0.0000 seg 0.0000 miou 0.0000 cnt 0.0000 dens 0.000000e+00 mae 0.0000 total_mae 0.0000 | ap50 0.0000 | selected combo 100000000.000000
epoch 22/100 step 20 | loss 14.2197 | det 0.1905 seg 0.4508 cnt 6.0786
epoch 22/100 | train 15.2041 | val det 0.0000 seg 0.0000 miou 0.0000 cnt 0.0000 dens 0.000000e+00 mae 0.0000 total_mae 0.0000 | ap50 0.0000 | selected combo 100000000.000000
epoch 23/100 step 20 | loss 14.9083 | det 0.2685 seg 0.6145 cnt 3.2279
epoch 23/100 | train 15.3348 | val det 0.0000 seg 0.0000 miou 0.0000 cnt 0.0000 dens 0.000000e+00 mae 0.0000 total_mae 0.0000 | ap50 0.0000 | selected combo 100000000.000000
epoch 24/100 step 20 | loss 16.2537 | det 0.2967 seg 0.4203 cnt 9.5854
epoch 24/100 | train 15.9204 | val det 0.0000 seg 0.0000 miou 0.0000 cnt 0.0000 dens 0.000000e+00 mae 0.0000 total_mae 0.0000 | ap50 0.0000 | selected combo 100000000.000000
epoch 25/100 step 20 | loss 14.6737 | det 0.1565 seg 0.5686 cnt 5.1901
epoch 25/100 | train 14.4452 | val det 0.0000 seg 0.0000 miou 0.0000 cnt 0.0000 dens 0.000000e+00 mae 0.0000 total_mae 0.0000 | ap50 0.0000 | selected combo 100000000.000000
epoch 26/100 step 20 | loss 14.9735 | det 0.4244 seg 0.7381 cnt 3.3669
epoch 26/100 | train 16.0137 | val det 0.0000 seg 0.0000 miou 0.0000 cnt 0.0000 dens 0.000000e+00 mae 0.0000 total_mae 0.0000 | ap50 0.0000 | selected combo 100000000.000000
epoch 27/100 step 20 | loss 13.8705 | det 0.1371 seg 0.5699 cnt 6.0591
epoch 27/100 | train 14.1529 | val det 0.0000 seg 0.0000 miou 0.0000 cnt 0.0000 dens 0.000000e+00 mae 0.0000 total_mae 0.0000 | ap50 0.0000 | selected combo 100000000.000000
epoch 28/100 step 20 | loss 12.7659 | det 0.1491 seg 0.4522 cnt 4.6730
epoch 28/100 | train 14.3812 | val det 0.0000 seg 0.0000 miou 0.0000 cnt 0.0000 dens 0.000000e+00 mae 0.0000 total_mae 0.0000 | ap50 0.0000 | selected combo 100000000.000000
epoch 29/100 step 20 | loss 13.5768 | det 0.1970 seg 0.4163 cnt 4.1076
epoch 29/100 | train 13.4266 | val det 0.0000 seg 0.0000 miou 0.0000 cnt 0.0000 dens 0.000000e+00 mae 0.0000 total_mae 0.0000 | ap50 0.0000 | selected combo 100000000.000000
epoch 30/100 step 20 | loss 12.7627 | det 0.1230 seg 0.3367 cnt 4.3854
epoch 30/100 | train 12.4932 | val det 0.0000 seg 0.0000 miou 0.0000 cnt 0.0000 dens 0.000000e+00 mae 0.0000 total_mae 0.0000 | ap50 0.0000 | selected combo 100000000.000000
epoch 31/100 step 20 | loss 16.0236 | det 0.2857 seg 0.6180 cnt 6.1058
epoch 31/100 | train 15.6680 | val det 0.0000 seg 0.0000 miou 0.0000 cnt 0.0000 dens 0.000000e+00 mae 0.0000 total_mae 0.0000 | ap50 0.0000 | selected combo 100000000.000000
epoch 32/100 step 20 | loss 13.0978 | det 0.2624 seg 0.3860 cnt 7.3554
epoch 32/100 | train 13.0383 | val det 0.0000 seg 0.0000 miou 0.0000 cnt 0.0000 dens 0.000000e+00 mae 0.0000 total_mae 0.0000 | ap50 0.0000 | selected combo 100000000.000000
epoch 33/100 step 20 | loss 14.5667 | det 0.0834 seg 0.5237 cnt 3.5038
epoch 33/100 | train 13.7766 | val det 0.0000 seg 0.0000 miou 0.0000 cnt 0.0000 dens 0.000000e+00 mae 0.0000 total_mae 0.0000 | ap50 0.0000 | selected combo 100000000.000000
epoch 34/100 step 20 | loss 12.9950 | det 0.1875 seg 0.8441 cnt 5.7681
epoch 34/100 | train 13.3782 | val det 0.0000 seg 0.0000 miou 0.0000 cnt 0.0000 dens 0.000000e+00 mae 0.0000 total_mae 0.0000 | ap50 0.0000 | selected combo 100000000.000000
epoch 35/100 step 20 | loss 12.5821 | det 0.1671 seg 0.6946 cnt 8.8144
epoch 35/100 | train 12.4441 | val det 0.0000 seg 0.0000 miou 0.0000 cnt 0.0000 dens 0.000000e+00 mae 0.0000 total_mae 0.0000 | ap50 0.0000 | selected combo 100000000.000000
epoch 36/100 step 20 | loss 12.5002 | det 0.1470 seg 0.5446 cnt 3.4985
epoch 36/100 | train 12.5798 | val det 0.0000 seg 0.0000 miou 0.0000 cnt 0.0000 dens 0.000000e+00 mae 0.0000 total_mae 0.0000 | ap50 0.0000 | selected combo 100000000.000000
epoch 37/100 step 20 | loss 12.1153 | det 0.0982 seg 0.3062 cnt 10.9133
epoch 37/100 | train 12.1956 | val det 0.0000 seg 0.0000 miou 0.0000 cnt 0.0000 dens 0.000000e+00 mae 0.0000 total_mae 0.0000 | ap50 0.0000 | selected combo 100000000.000000
epoch 38/100 step 20 | loss 12.2299 | det 0.1901 seg 0.2748 cnt 3.8494
epoch 38/100 | train 11.7833 | val det 0.0000 seg 0.0000 miou 0.0000 cnt 0.0000 dens 0.000000e+00 mae 0.0000 total_mae 0.0000 | ap50 0.0000 | selected combo 100000000.000000
epoch 39/100 step 20 | loss 11.6320 | det 0.1222 seg 0.3015 cnt 2.5706
epoch 39/100 | train 11.6600 | val det 0.0000 seg 0.0000 miou 0.0000 cnt 0.0000 dens 0.000000e+00 mae 0.0000 total_mae 0.0000 | ap50 0.0000 | selected combo 100000000.000000
epoch 40/100 step 20 | loss 11.8260 | det 0.1275 seg 0.4426 cnt 5.6923
epoch 40/100 | train 11.2168 | val det 0.0000 seg 0.0000 miou 0.0000 cnt 0.0000 dens 0.000000e+00 mae 0.0000 total_mae 0.0000 | ap50 0.0000 | selected combo 100000000.000000
epoch 41/100 step 20 | loss 12.0270 | det 0.1697 seg 0.4834 cnt 4.2273
epoch 41/100 | train 11.9713 | val det 0.0000 seg 0.0000 miou 0.0000 cnt 0.0000 dens 0.000000e+00 mae 0.0000 total_mae 0.0000 | ap50 0.0000 | selected combo 100000000.000000
epoch 42/100 step 20 | loss 10.4761 | det 0.1524 seg 0.4559 cnt 3.0996
epoch 42/100 | train 10.4702 | val det 0.0000 seg 0.0000 miou 0.0000 cnt 0.0000 dens 0.000000e+00 mae 0.0000 total_mae 0.0000 | ap50 0.0000 | selected combo 100000000.000000
epoch 43/100 step 20 | loss 11.4954 | det 0.1407 seg 0.4803 cnt 5.0476
epoch 43/100 | train 11.3428 | val det 0.0000 seg 0.0000 miou 0.0000 cnt 0.0000 dens 0.000000e+00 mae 0.0000 total_mae 0.0000 | ap50 0.0000 | selected combo 100000000.000000
epoch 44/100 step 20 | loss 11.7456 | det 0.1117 seg 0.4625 cnt 5.0923
epoch 44/100 | train 11.2236 | val det 0.0000 seg 0.0000 miou 0.0000 cnt 0.0000 dens 0.000000e+00 mae 0.0000 total_mae 0.0000 | ap50 0.0000 | selected combo 100000000.000000
epoch 45/100 step 20 | loss 9.6805 | det 0.1417 seg 0.4686 cnt 6.5721
epoch 45/100 | train 9.9518 | val det 0.0000 seg 0.0000 miou 0.0000 cnt 0.0000 dens 0.000000e+00 mae 0.0000 total_mae 0.0000 | ap50 0.0000 | selected combo 100000000.000000
epoch 46/100 step 20 | loss 11.7821 | det 0.1697 seg 0.5196 cnt 11.2912
epoch 46/100 | train 11.8276 | val det 0.0000 seg 0.0000 miou 0.0000 cnt 0.0000 dens 0.000000e+00 mae 0.0000 total_mae 0.0000 | ap50 0.0000 | selected combo 100000000.000000
epoch 47/100 step 20 | loss 10.0802 | det 0.1401 seg 0.4657 cnt 4.0114
epoch 47/100 | train 10.1983 | val det 0.0000 seg 0.0000 miou 0.0000 cnt 0.0000 dens 0.000000e+00 mae 0.0000 total_mae 0.0000 | ap50 0.0000 | selected combo 100000000.000000
epoch 48/100 step 20 | loss 10.5189 | det 0.1843 seg 0.3164 cnt 3.3178
epoch 48/100 | train 10.5477 | val det 0.0000 seg 0.0000 miou 0.0000 cnt 0.0000 dens 0.000000e+00 mae 0.0000 total_mae 0.0000 | ap50 0.0000 | selected combo 100000000.000000
epoch 49/100 step 20 | loss 11.1677 | det 0.4895 seg 0.5275 cnt 4.7480
epoch 49/100 | train 10.8358 | val det 0.0000 seg 0.0000 miou 0.0000 cnt 0.0000 dens 0.000000e+00 mae 0.0000 total_mae 0.0000 | ap50 0.0000 | selected combo 100000000.000000
epoch 50/100 step 20 | loss 10.8684 | det 0.1596 seg 0.5361 cnt 7.5262
epoch 50/100 | train 10.6995 | val det 0.0000 seg 0.0000 miou 0.0000 cnt 0.0000 dens 0.000000e+00 mae 0.0000 total_mae 0.0000 | ap50 0.0000 | selected combo 100000000.000000
epoch 51/100 step 20 | loss 12.0197 | det 0.3481 seg 0.3667 cnt 3.8308
epoch 51/100 | train 11.2864 | val det 0.3423 seg 0.8173 miou 0.5765 cnt 4.7430 dens 9.153988e-01 mae 3.8276 total_mae 17.8462 | ap50 0.4814 | selected combo 1.319143
[ckpt] new best cached (combo 1.319143)
epoch 52/100 step 20 | loss 11.8830 | det 0.0936 seg 0.4194 cnt 5.7011
epoch 52/100 | train 11.1778 | val det 0.3290 seg 0.8436 miou 0.5742 cnt 4.7398 dens 9.113748e-01 mae 3.8284 total_mae 17.0642 | ap50 0.4822 | selected combo 1.317645
epoch 53/100 step 20 | loss 10.2167 | det 0.1446 seg 0.3099 cnt 2.6845
epoch 53/100 | train 10.5332 | val det 0.3376 seg 0.8299 miou 0.5748 cnt 4.5393 dens 9.081014e-01 mae 3.6312 total_mae 19.1049 | ap50 0.4829 | selected combo 1.333055
[ckpt] new best cached (combo 1.333055)
epoch 54/100 step 20 | loss 10.1742 | det 0.1244 seg 0.4471 cnt 5.4452
epoch 54/100 | train 10.0901 | val det 0.3320 seg 0.8489 miou 0.5661 cnt 5.6899 dens 9.387399e-01 mae 4.7511 total_mae 24.7576 | ap50 0.4781 | selected combo 1.254639
epoch 55/100 step 20 | loss 10.1669 | det 0.2968 seg 0.4391 cnt 3.1901
epoch 55/100 | train 10.2204 | val det 0.3349 seg 0.8009 miou 0.5795 cnt 4.6072 dens 9.103195e-01 mae 3.6969 total_mae 18.5854 | ap50 0.4863 | selected combo 1.336272
[ckpt] new best cached (combo 1.336272)
epoch 56/100 step 20 | loss 10.5121 | det 0.1007 seg 0.3327 cnt 5.3284
epoch 56/100 | train 10.4105 | val det 0.3422 seg 0.8011 miou 0.5846 cnt 4.7057 dens 9.102317e-01 mae 3.7955 total_mae 17.5068 | ap50 0.4794 | selected combo 1.327473
epoch 57/100 step 20 | loss 10.7583 | det 0.1214 seg 0.3132 cnt 3.8208
epoch 57/100 | train 11.2491 | val det 0.3415 seg 0.8047 miou 0.5779 cnt 4.4445 dens 9.057487e-01 mae 3.5387 total_mae 16.6483 | ap50 0.4762 | selected combo 1.336669
[ckpt] new best cached (combo 1.336669)
epoch 58/100 step 20 | loss 10.1504 | det 0.1114 seg 0.3891 cnt 3.3877
epoch 58/100 | train 10.6103 | val det 0.3420 seg 0.8117 miou 0.5795 cnt 4.9302 dens 9.132285e-01 mae 4.0170 total_mae 19.0093 | ap50 0.4827 | selected combo 1.311106
epoch 59/100 step 20 | loss 13.0796 | det 0.1165 seg 0.4440 cnt 5.3063
epoch 59/100 | train 12.1985 | val det 0.3471 seg 0.8123 miou 0.5836 cnt 4.5000 dens 9.074034e-01 mae 3.5926 total_mae 18.2286 | ap50 0.4819 | selected combo 1.343851
[ckpt] new best cached (combo 1.343851)
epoch 60/100 step 20 | loss 9.7727 | det 0.1174 seg 0.3629 cnt 2.4922
epoch 60/100 | train 9.7967 | val det 0.3352 seg 0.7987 miou 0.5849 cnt 4.5933 dens 9.083700e-01 mae 3.6849 total_mae 16.9866 | ap50 0.4834 | selected combo 1.339668
epoch 61/100 step 20 | loss 10.8375 | det 0.5671 seg 0.2767 cnt 5.5703
epoch 61/100 | train 10.5243 | val det 0.3481 seg 0.7913 miou 0.5857 cnt 4.4263 dens 9.039659e-01 mae 3.5223 total_mae 17.9785 | ap50 0.4845 | selected combo 1.354044
[ckpt] new best cached (combo 1.354044)
epoch 62/100 step 20 | loss 10.2179 | det 0.3241 seg 0.3356 cnt 2.9571
epoch 62/100 | train 10.2421 | val det 0.3416 seg 0.7925 miou 0.5862 cnt 4.5197 dens 9.064379e-01 mae 3.6132 total_mae 17.9583 | ap50 0.4747 | selected combo 1.337586
epoch 63/100 step 20 | loss 9.2417 | det 0.0962 seg 0.3449 cnt 5.3995
epoch 63/100 | train 9.0888 | val det 0.3411 seg 0.7940 miou 0.5842 cnt 4.4330 dens 9.042467e-01 mae 3.5287 total_mae 16.5380 | ap50 0.4857 | selected combo 1.353303
epoch 64/100 step 20 | loss 8.3864 | det 0.1986 seg 0.3024 cnt 6.5798
epoch 64/100 | train 8.4583 | val det 0.3472 seg 0.8282 miou 0.5830 cnt 4.5153 dens 9.012020e-01 mae 3.6141 total_mae 17.2837 | ap50 0.4872 | selected combo 1.346940
epoch 65/100 step 20 | loss 9.4127 | det 0.2206 seg 0.4353 cnt 4.6718
epoch 65/100 | train 9.1412 | val det 0.3549 seg 0.8187 miou 0.5840 cnt 4.4113 dens 9.034190e-01 mae 3.5079 total_mae 16.9182 | ap50 0.4856 | selected combo 1.354636
[ckpt] new best cached (combo 1.354636)
epoch 66/100 step 20 | loss 9.2595 | det 0.1577 seg 0.2839 cnt 7.7215
epoch 66/100 | train 9.1672 | val det 0.3407 seg 0.8235 miou 0.5772 cnt 4.4135 dens 9.023242e-01 mae 3.5112 total_mae 17.3819 | ap50 0.4803 | selected combo 1.342299
epoch 67/100 step 20 | loss 8.6859 | det 0.1266 seg 0.3968 cnt 2.8624
epoch 67/100 | train 9.0322 | val det 0.3519 seg 0.8303 miou 0.5784 cnt 4.3869 dens 9.042788e-01 mae 3.4826 total_mae 17.2277 | ap50 0.4860 | selected combo 1.351597
epoch 68/100 step 20 | loss 9.9036 | det 0.0684 seg 0.2901 cnt 4.9050
epoch 68/100 | train 9.6834 | val det 0.3493 seg 0.8109 miou 0.5825 cnt 4.5746 dens 9.043339e-01 mae 3.6703 total_mae 21.0720 | ap50 0.4852 | selected combo 1.340164
epoch 69/100 step 20 | loss 9.7997 | det 0.1258 seg 0.3989 cnt 4.0545
epoch 69/100 | train 9.4723 | val det 0.3582 seg 0.8383 miou 0.5768 cnt 4.5738 dens 9.024842e-01 mae 3.6713 total_mae 17.3537 | ap50 0.4850 | selected combo 1.334191
epoch 70/100 step 20 | loss 10.5868 | det 0.1169 seg 0.3485 cnt 3.8724
epoch 70/100 | train 10.2369 | val det 0.3523 seg 0.8142 miou 0.5798 cnt 4.4056 dens 9.000224e-01 mae 3.5056 total_mae 16.7932 | ap50 0.4870 | selected combo 1.352054
epoch 71/100 step 20 | loss 9.8605 | det 0.0908 seg 0.3984 cnt 4.8540
epoch 71/100 | train 9.9323 | val det 0.3523 seg 0.8166 miou 0.5849 cnt 4.3606 dens 8.990852e-01 mae 3.4615 total_mae 18.6719 | ap50 0.4859 | selected combo 1.359653
[ckpt] new best cached (combo 1.359653)
epoch 72/100 step 20 | loss 9.9234 | det 0.0958 seg 0.4128 cnt 3.3443
epoch 72/100 | train 9.6619 | val det 0.3447 seg 0.8533 miou 0.5780 cnt 4.4924 dens 9.064767e-01 mae 3.5860 total_mae 18.3042 | ap50 0.4904 | selected combo 1.347340
epoch 73/100 step 20 | loss 8.3851 | det 0.1777 seg 0.4650 cnt 4.9110
epoch 73/100 | train 8.2000 | val det 0.3526 seg 0.8481 miou 0.5758 cnt 5.0490 dens 9.080589e-01 mae 4.1409 total_mae 21.0301 | ap50 0.4887 | selected combo 1.305989
epoch 74/100 step 20 | loss 9.3605 | det 0.2557 seg 0.3444 cnt 4.3295
epoch 74/100 | train 9.2275 | val det 0.3511 seg 0.8312 miou 0.5764 cnt 4.4360 dens 9.053387e-01 mae 3.5306 total_mae 16.7983 | ap50 0.4891 | selected combo 1.348683
epoch 75/100 step 20 | loss 8.9405 | det 0.2477 seg 0.3627 cnt 3.8161
epoch 75/100 | train 8.7119 | val det 0.3555 seg 0.8232 miou 0.5832 cnt 4.4290 dens 9.025232e-01 mae 3.5265 total_mae 17.3614 | ap50 0.4892 | selected combo 1.355988
epoch 76/100 step 20 | loss 9.3476 | det 0.1182 seg 0.2772 cnt 2.5634
epoch 76/100 | train 9.1983 | val det 0.3634 seg 0.8263 miou 0.5804 cnt 4.4240 dens 9.050950e-01 mae 3.5189 total_mae 17.4662 | ap50 0.4903 | selected combo 1.354907
epoch 77/100 step 20 | loss 8.6193 | det 0.0823 seg 0.3847 cnt 3.2025
epoch 77/100 | train 8.6027 | val det 0.3654 seg 0.8152 miou 0.5833 cnt 4.4135 dens 9.047377e-01 mae 3.5088 total_mae 17.2471 | ap50 0.4872 | selected combo 1.355497
epoch 78/100 step 20 | loss 8.3853 | det 0.0752 seg 0.3646 cnt 5.9975
epoch 78/100 | train 8.2859 | val det 0.3622 seg 0.8345 miou 0.5764 cnt 4.4372 dens 9.031564e-01 mae 3.5341 total_mae 16.8983 | ap50 0.4884 | selected combo 1.347712
epoch 79/100 step 20 | loss 7.9678 | det 0.0678 seg 0.4233 cnt 5.0415
epoch 79/100 | train 7.9223 | val det 0.3525 seg 0.8163 miou 0.5857 cnt 4.4385 dens 9.003617e-01 mae 3.5382 total_mae 16.1327 | ap50 0.4955 | selected combo 1.363868
[ckpt] new best cached (combo 1.363868)
epoch 80/100 step 20 | loss 8.2995 | det 0.2417 seg 0.2738 cnt 3.7421
epoch 80/100 | train 8.3729 | val det 0.3763 seg 0.8749 miou 0.5736 cnt 4.5397 dens 9.021714e-01 mae 3.6375 total_mae 16.9248 | ap50 0.4821 | selected combo 1.330659
epoch 81/100 step 20 | loss 8.2922 | det 0.0902 seg 0.3019 cnt 2.3355
epoch 81/100 | train 8.2855 | val det 0.3691 seg 0.8318 miou 0.5838 cnt 4.5445 dens 9.044151e-01 mae 3.6401 total_mae 16.8957 | ap50 0.4917 | selected combo 1.350275
epoch 82/100 step 20 | loss 7.8888 | det 0.0722 seg 0.3920 cnt 2.6126
epoch 82/100 | train 8.4195 | val det 0.3626 seg 0.8347 miou 0.5796 cnt 4.4665 dens 8.991104e-01 mae 3.5674 total_mae 16.4368 | ap50 0.4925 | selected combo 1.352412
epoch 83/100 step 20 | loss 8.5153 | det 0.2569 seg 0.3304 cnt 2.9522
epoch 83/100 | train 8.6538 | val det 0.3582 seg 0.8211 miou 0.5847 cnt 4.4121 dens 8.992193e-01 mae 3.5129 total_mae 16.2453 | ap50 0.4971 | selected combo 1.366382
[ckpt] new best cached (combo 1.366382)
epoch 84/100 step 20 | loss 8.6416 | det 0.0826 seg 0.2712 cnt 4.7365
epoch 84/100 | train 8.6479 | val det 0.3792 seg 0.8420 miou 0.5786 cnt 4.3865 dens 9.008362e-01 mae 3.4857 total_mae 16.5302 | ap50 0.4927 | selected combo 1.358098
epoch 85/100 step 20 | loss 8.2222 | det 0.1013 seg 0.4627 cnt 1.7697
epoch 85/100 | train 7.9990 | val det 0.3605 seg 0.8349 miou 0.5790 cnt 4.5216 dens 9.018734e-01 mae 3.6197 total_mae 16.9867 | ap50 0.4938 | selected combo 1.349070
epoch 86/100 step 20 | loss 7.9986 | det 0.1513 seg 0.3014 cnt 1.6941
epoch 86/100 | train 7.8154 | val det 0.3563 seg 0.8524 miou 0.5827 cnt 4.4119 dens 9.013142e-01 mae 3.5106 total_mae 15.9714 | ap50 0.4916 | selected combo 1.359205
epoch 87/100 step 20 | loss 8.8917 | det 0.0867 seg 0.1433 cnt 4.8335
epoch 87/100 | train 8.6001 | val det 0.3763 seg 0.8230 miou 0.5813 cnt 4.3387 dens 8.968708e-01 mae 3.4419 total_mae 18.3046 | ap50 0.4859 | selected combo 1.357743
epoch 88/100 step 20 | loss 8.4334 | det 0.0752 seg 0.2700 cnt 5.2932
epoch 88/100 | train 8.1686 | val det 0.3651 seg 0.8656 miou 0.5794 cnt 4.4015 dens 9.003153e-01 mae 3.5012 total_mae 16.0603 | ap50 0.4942 | selected combo 1.359248
epoch 89/100 step 20 | loss 8.1238 | det 0.1395 seg 0.3374 cnt 4.0395
epoch 89/100 | train 8.1720 | val det 0.3547 seg 0.8376 miou 0.5794 cnt 4.3338 dens 8.987621e-01 mae 3.4351 total_mae 15.9088 | ap50 0.4912 | selected combo 1.361704
epoch 90/100 step 20 | loss 7.6782 | det 0.0820 seg 0.3423 cnt 4.1411
epoch 90/100 | train 7.7764 | val det 0.3645 seg 0.8412 miou 0.5840 cnt 4.4803 dens 8.984807e-01 mae 3.5818 total_mae 16.0502 | ap50 0.4930 | selected combo 1.356253
epoch 91/100 step 20 | loss 8.9144 | det 0.0610 seg 0.4126 cnt 4.2800
epoch 91/100 | train 8.3921 | val det 0.3827 seg 0.8340 miou 0.5825 cnt 4.3798 dens 9.006438e-01 mae 3.4792 total_mae 15.6754 | ap50 0.4943 | selected combo 1.364227
epoch 92/100 step 20 | loss 8.6834 | det 0.0976 seg 0.2138 cnt 3.0007
epoch 92/100 | train 9.0173 | val det 0.3795 seg 0.8344 miou 0.5827 cnt 4.2749 dens 8.968608e-01 mae 3.3780 total_mae 17.2661 | ap50 0.4960 | selected combo 1.374795
[ckpt] new best cached (combo 1.374795)
epoch 93/100 step 20 | loss 7.6189 | det 0.1249 seg 0.2566 cnt 3.8179
epoch 93/100 | train 8.5776 | val det 0.3859 seg 0.8239 miou 0.5885 cnt 4.3375 dens 8.974650e-01 mae 3.4401 total_mae 17.6630 | ap50 0.4897 | selected combo 1.368900
epoch 94/100 step 20 | loss 8.0399 | det 0.1664 seg 0.3282 cnt 3.5198
epoch 94/100 | train 7.6776 | val det 0.3723 seg 0.8284 miou 0.5873 cnt 4.4392 dens 9.029799e-01 mae 3.5362 total_mae 16.4801 | ap50 0.4904 | selected combo 1.360517
epoch 95/100 step 20 | loss 8.3025 | det 0.0806 seg 0.3038 cnt 3.7098
epoch 95/100 | train 8.1353 | val det 0.3767 seg 0.8553 miou 0.5864 cnt 4.2728 dens 8.951140e-01 mae 3.3776 total_mae 16.6381 | ap50 0.4908 | selected combo 1.373304
epoch 96/100 step 20 | loss 8.1101 | det 0.2494 seg 0.3348 cnt 1.8313
epoch 96/100 | train 7.8514 | val det 0.3706 seg 0.8519 miou 0.5877 cnt 4.3189 dens 8.984292e-01 mae 3.4205 total_mae 15.7920 | ap50 0.4924 | selected combo 1.372440
epoch 97/100 step 20 | loss 7.7786 | det 0.1164 seg 0.2813 cnt 2.6724
epoch 97/100 | train 7.9862 | val det 0.3759 seg 0.9092 miou 0.5683 cnt 4.2958 dens 8.971037e-01 mae 3.3987 total_mae 16.5503 | ap50 0.4961 | selected combo 1.358675
epoch 98/100 step 20 | loss 7.2218 | det 0.0911 seg 0.2520 cnt 2.3624
epoch 98/100 | train 7.3370 | val det 0.3818 seg 0.8516 miou 0.5800 cnt 4.4720 dens 8.977667e-01 mae 3.5742 total_mae 16.5074 | ap50 0.4958 | selected combo 1.355561
epoch 99/100 step 20 | loss 7.1157 | det 0.1694 seg 0.2542 cnt 2.3502
epoch 99/100 | train 7.0305 | val det 0.3560 seg 0.8344 miou 0.5830 cnt 4.2558 dens 8.955859e-01 mae 3.3602 total_mae 15.9027 | ap50 0.4947 | selected combo 1.375324
[ckpt] new best cached (combo 1.375324)
epoch 100/100 step 20 | loss 8.3694 | det 0.1059 seg 0.3161 cnt 4.7331
epoch 100/100 | train 7.8653 | val det 0.3702 seg 0.8414 miou 0.5841 cnt 4.3003 dens 8.970420e-01 mae 3.4033 total_mae 15.6109 | ap50 0.4927 | selected combo 1.370559
[ckpt] saved best -> runs/lora_full/best_combo.pt (combo 1.375324)
[run] project: /data/xiangyuyue/ULLM-zf/fsl-20260209
[run] ckpt: /data/xiangyuyue/ULLM-zf/fsl-20260209/ours_mae/runs/lora_full/best_combo.pt
[run] stats: /data/xiangyuyue/ULLM-zf/fsl-20260209/ours_mae/runs/lora_full/stats_eval_best_combo_20260418_174704
[run] cmd: /data/xiangyuyue/ULLM-zf/fsl-20260209/miniconda3/envs/fsl/bin/python -m lora_multitask.eval --checkpoint /data/xiangyuyue/ULLM-zf/fsl-20260209/ours_mae/runs/lora_full/best_combo.pt --tasks det,seg,cnt --stats-dir /data/xiangyuyue/ULLM-zf/fsl-20260209/ours_mae/runs/lora_full/stats_eval_best_combo_20260418_174704 --device cuda --image-size 448 --model-name facebook/vit-mae-large --det-data-root /data/xiangyuyue/ULLM-zf/fsl-20260209/data/det/coco --det-ann-file /data/xiangyuyue/ULLM-zf/fsl-20260209/data/det/coco/annotations/instances_test.json --det-img-dir /data/xiangyuyue/ULLM-zf/fsl-20260209/data/det/coco/images/test --det-score-thr 0 --seg-data-dir /data/xiangyuyue/ULLM-zf/fsl-20260209/data/seg/nas/liyangguang103/newdataset/CD-SematicSeg/EvLab-SS/mydataset/test --cnt-data-root /data/xiangyuyue/ULLM-zf/fsl-20260209/data/cnt/nas/liyangguang103/newdataset/CD-Count/DSACA --cnt-test-dir /data/xiangyuyue/ULLM-zf/fsl-20260209/data/cnt/nas/liyangguang103/newdataset/CD-Count/DSACA/test_data_class8 --det-use-coco-eval

Traceback (most recent call last):
  File "<frozen runpy>", line 198, in _run_module_as_main
  File "<frozen runpy>", line 88, in _run_code
  File "/data/xiangyuyue/ULLM-zf/fsl-20260209/lora_multitask/eval.py", line 821, in <module>
    raise SystemExit(main())
                     ^^^^^^
  File "/data/xiangyuyue/ULLM-zf/fsl-20260209/lora_multitask/eval.py", line 765, in main
    return _run_full_model_eval(args, tasks)
           ^^^^^^^^^^^^^^^^^^^^^^^^^^^^^^^^^
  File "/data/xiangyuyue/ULLM-zf/fsl-20260209/lora_multitask/eval.py", line 562, in _run_full_model_eval
    model, meta, device = _build_full_multitask_model_from_ckpt(
                          ^^^^^^^^^^^^^^^^^^^^^^^^^^^^^^^^^^^^^^
  File "/data/xiangyuyue/ULLM-zf/fsl-20260209/lora_multitask/eval.py", line 199, in _build_full_multitask_model_from_ckpt
    shared = SharedDinoV3Backbone(
             ^^^^^^^^^^^^^^^^^^^^^
  File "/data/xiangyuyue/ULLM-zf/fsl-20260209/lora_multitask/models.py", line 37, in __init__
    self.backbone = getattr(dino_backbones, model_name)(pretrained=False)
                    ^^^^^^^^^^^^^^^^^^^^^^^^^^^^^^^^^^^
AttributeError: module 'dinov3.hub.backbones' has no attribute 'facebook/vit-mae-large'
WARNING:__main__:
*****************************************
Setting OMP_NUM_THREADS environment variable for each process to be 1 in default, to avoid your system being overloaded, please further tune the variable for optimal performance in your application as needed. 
*****************************************
[mae] fallback to local config+bin load for torch<2.6: /data/xiangyuyue/ULLM-zf/fsl-20260209/pretrained/facebook_vit-mae-large
[lora] enabled: replaced_linear=48, trainable_params=1966080
[params] trainable_total=35741127
/data/xiangyuyue/ULLM-zf/fsl-20260209/miniconda3/envs/fsl/lib/python3.11/site-packages/torch/autograd/graph.py:825: UserWarning: Grad strides do not match bucket view strides. This may indicate grad was not created according to the gradient layout contract, or that the param's strides changed since DDP was constructed.  This is not an error, but may impair performance.
grad.sizes() = [8, 1024, 1, 1], strides() = [1024, 1, 1024, 1024]
bucket_view.sizes() = [8, 1024, 1, 1], strides() = [1024, 1, 1, 1] (Triggered internally at ../torch/csrc/distributed/c10d/reducer.cpp:327.)
  return Variable._execution_engine.run_backward(  # Calls into the C++ engine to run the backward pass
/data/xiangyuyue/ULLM-zf/fsl-20260209/miniconda3/envs/fsl/lib/python3.11/site-packages/torch/autograd/graph.py:825: UserWarning: Grad strides do not match bucket view strides. This may indicate grad was not created according to the gradient layout contract, or that the param's strides changed since DDP was constructed.  This is not an error, but may impair performance.
grad.sizes() = [8, 1024, 1, 1], strides() = [1024, 1, 1024, 1024]
bucket_view.sizes() = [8, 1024, 1, 1], strides() = [1024, 1, 1, 1] (Triggered internally at ../torch/csrc/distributed/c10d/reducer.cpp:327.)
  return Variable._execution_engine.run_backward(  # Calls into the C++ engine to run the backward pass
/data/xiangyuyue/ULLM-zf/fsl-20260209/miniconda3/envs/fsl/lib/python3.11/site-packages/torch/autograd/graph.py:825: UserWarning: Grad strides do not match bucket view strides. This may indicate grad was not created according to the gradient layout contract, or that the param's strides changed since DDP was constructed.  This is not an error, but may impair performance.
grad.sizes() = [8, 1024, 1, 1], strides() = [1024, 1, 1024, 1024]
bucket_view.sizes() = [8, 1024, 1, 1], strides() = [1024, 1, 1, 1] (Triggered internally at ../torch/csrc/distributed/c10d/reducer.cpp:327.)
  return Variable._execution_engine.run_backward(  # Calls into the C++ engine to run the backward pass
/data/xiangyuyue/ULLM-zf/fsl-20260209/miniconda3/envs/fsl/lib/python3.11/site-packages/torch/autograd/graph.py:825: UserWarning: Grad strides do not match bucket view strides. This may indicate grad was not created according to the gradient layout contract, or that the param's strides changed since DDP was constructed.  This is not an error, but may impair performance.
grad.sizes() = [8, 1024, 1, 1], strides() = [1024, 1, 1024, 1024]
bucket_view.sizes() = [8, 1024, 1, 1], strides() = [1024, 1, 1, 1] (Triggered internally at ../torch/csrc/distributed/c10d/reducer.cpp:327.)
  return Variable._execution_engine.run_backward(  # Calls into the C++ engine to run the backward pass
/data/xiangyuyue/ULLM-zf/fsl-20260209/miniconda3/envs/fsl/lib/python3.11/site-packages/torch/autograd/graph.py:825: UserWarning: Grad strides do not match bucket view strides. This may indicate grad was not created according to the gradient layout contract, or that the param's strides changed since DDP was constructed.  This is not an error, but may impair performance.
grad.sizes() = [8, 1024, 1, 1], strides() = [1024, 1, 1024, 1024]
bucket_view.sizes() = [8, 1024, 1, 1], strides() = [1024, 1, 1, 1] (Triggered internally at ../torch/csrc/distributed/c10d/reducer.cpp:327.)
  return Variable._execution_engine.run_backward(  # Calls into the C++ engine to run the backward pass
/data/xiangyuyue/ULLM-zf/fsl-20260209/miniconda3/envs/fsl/lib/python3.11/site-packages/torch/autograd/graph.py:825: UserWarning: Grad strides do not match bucket view strides. This may indicate grad was not created according to the gradient layout contract, or that the param's strides changed since DDP was constructed.  This is not an error, but may impair performance.
grad.sizes() = [8, 1024, 1, 1], strides() = [1024, 1, 1024, 1024]
bucket_view.sizes() = [8, 1024, 1, 1], strides() = [1024, 1, 1, 1] (Triggered internally at ../torch/csrc/distributed/c10d/reducer.cpp:327.)
  return Variable._execution_engine.run_backward(  # Calls into the C++ engine to run the backward pass
/data/xiangyuyue/ULLM-zf/fsl-20260209/miniconda3/envs/fsl/lib/python3.11/site-packages/torch/autograd/graph.py:825: UserWarning: Grad strides do not match bucket view strides. This may indicate grad was not created according to the gradient layout contract, or that the param's strides changed since DDP was constructed.  This is not an error, but may impair performance.
grad.sizes() = [8, 1024, 1, 1], strides() = [1024, 1, 1024, 1024]
bucket_view.sizes() = [8, 1024, 1, 1], strides() = [1024, 1, 1, 1] (Triggered internally at ../torch/csrc/distributed/c10d/reducer.cpp:327.)
  return Variable._execution_engine.run_backward(  # Calls into the C++ engine to run the backward pass
/data/xiangyuyue/ULLM-zf/fsl-20260209/miniconda3/envs/fsl/lib/python3.11/site-packages/torch/autograd/graph.py:825: UserWarning: Grad strides do not match bucket view strides. This may indicate grad was not created according to the gradient layout contract, or that the param's strides changed since DDP was constructed.  This is not an error, but may impair performance.
grad.sizes() = [8, 1024, 1, 1], strides() = [1024, 1, 1024, 1024]
bucket_view.sizes() = [8, 1024, 1, 1], strides() = [1024, 1, 1, 1] (Triggered internally at ../torch/csrc/distributed/c10d/reducer.cpp:327.)
  return Variable._execution_engine.run_backward(  # Calls into the C++ engine to run the backward pass
epoch 1/100 step 20 | loss 1222787.1125 | det 3.8195 seg 2.4623 cnt 1214296.8750
epoch 1/100 step 40 | loss 907259.8688 | det 3.2013 seg 2.1011 cnt 282940.4688
epoch 1/100 | train 861778.3626 | val det 0.0000 seg 0.0000 miou 0.0000 cnt 0.0000 dens 0.000000e+00 mae 0.0000 total_mae 0.0000 | ap50 0.0000 | selected combo 100000000.000000
epoch 2/100 step 20 | loss 124442.1803 | det 1.6688 seg 2.4840 cnt 58823.2344
epoch 2/100 step 40 | loss 79643.2199 | det 0.8401 seg 1.7925 cnt 17475.6562
epoch 2/100 | train 75138.1506 | val det 0.0000 seg 0.0000 miou 0.0000 cnt 0.0000 dens 0.000000e+00 mae 0.0000 total_mae 0.0000 | ap50 0.0000 | selected combo 100000000.000000
epoch 3/100 step 20 | loss 8815.4093 | det 0.5834 seg 2.1385 cnt 4614.8037
epoch 3/100 step 40 | loss 5922.4072 | det 0.2915 seg 1.7026 cnt 1776.5793
epoch 3/100 | train 5657.3564 | val det 0.0000 seg 0.0000 miou 0.0000 cnt 0.0000 dens 0.000000e+00 mae 0.0000 total_mae 0.0000 | ap50 0.0000 | selected combo 100000000.000000
epoch 4/100 step 20 | loss 979.6168 | det 0.2749 seg 1.5502 cnt 556.2677
epoch 4/100 step 40 | loss 669.9048 | det 0.4018 seg 1.3710 cnt 260.7024
epoch 4/100 | train 637.1192 | val det 0.0000 seg 0.0000 miou 0.0000 cnt 0.0000 dens 0.000000e+00 mae 0.0000 total_mae 0.0000 | ap50 0.0000 | selected combo 100000000.000000
epoch 5/100 step 20 | loss 114.0796 | det 0.3662 seg 1.4672 cnt 78.9604
epoch 5/100 step 40 | loss 84.0705 | det 0.3998 seg 0.8554 cnt 19.9741
epoch 5/100 | train 80.4316 | val det 0.0000 seg 0.0000 miou 0.0000 cnt 0.0000 dens 0.000000e+00 mae 0.0000 total_mae 0.0000 | ap50 0.0000 | selected combo 100000000.000000
epoch 6/100 step 20 | loss 32.1776 | det 0.2557 seg 1.2048 cnt 12.7702
epoch 6/100 step 40 | loss 29.5020 | det 0.7785 seg 1.2477 cnt 24.8667
epoch 6/100 | train 28.8810 | val det 0.0000 seg 0.0000 miou 0.0000 cnt 0.0000 dens 0.000000e+00 mae 0.0000 total_mae 0.0000 | ap50 0.0000 | selected combo 100000000.000000
epoch 7/100 step 20 | loss 24.6099 | det 0.4489 seg 0.9643 cnt 4.5492
epoch 7/100 step 40 | loss 23.4888 | det 0.2796 seg 1.6300 cnt 5.2683
epoch 7/100 | train 23.1953 | val det 0.0000 seg 0.0000 miou 0.0000 cnt 0.0000 dens 0.000000e+00 mae 0.0000 total_mae 0.0000 | ap50 0.0000 | selected combo 100000000.000000
epoch 8/100 step 20 | loss 20.5362 | det 0.2722 seg 0.7121 cnt 8.3785
epoch 8/100 step 40 | loss 22.5339 | det 0.4123 seg 0.5925 cnt 3.7179
epoch 8/100 | train 22.4425 | val det 0.0000 seg 0.0000 miou 0.0000 cnt 0.0000 dens 0.000000e+00 mae 0.0000 total_mae 0.0000 | ap50 0.0000 | selected combo 100000000.000000
epoch 9/100 step 20 | loss 21.0847 | det 0.4445 seg 0.5079 cnt 3.6672
epoch 9/100 step 40 | loss 20.8783 | det 0.8194 seg 0.5071 cnt 3.0582
epoch 9/100 | train 20.7079 | val det 0.0000 seg 0.0000 miou 0.0000 cnt 0.0000 dens 0.000000e+00 mae 0.0000 total_mae 0.0000 | ap50 0.0000 | selected combo 100000000.000000
epoch 10/100 step 20 | loss 19.1250 | det 0.3692 seg 1.0480 cnt 6.5946
epoch 10/100 step 40 | loss 19.7214 | det 0.2837 seg 0.4257 cnt 3.5962
epoch 10/100 | train 19.5916 | val det 0.0000 seg 0.0000 miou 0.0000 cnt 0.0000 dens 0.000000e+00 mae 0.0000 total_mae 0.0000 | ap50 0.0000 | selected combo 100000000.000000
epoch 11/100 step 20 | loss 20.2164 | det 0.1379 seg 0.2731 cnt 8.4266
epoch 11/100 step 40 | loss 20.1662 | det 0.0604 seg 0.9620 cnt 4.5122
epoch 11/100 | train 20.4916 | val det 0.0000 seg 0.0000 miou 0.0000 cnt 0.0000 dens 0.000000e+00 mae 0.0000 total_mae 0.0000 | ap50 0.0000 | selected combo 100000000.000000
epoch 12/100 step 20 | loss 19.1555 | det 0.1833 seg 0.4637 cnt 5.6563
epoch 12/100 step 40 | loss 19.0571 | det 0.3164 seg 1.1740 cnt 5.5970
epoch 12/100 | train 19.0008 | val det 0.0000 seg 0.0000 miou 0.0000 cnt 0.0000 dens 0.000000e+00 mae 0.0000 total_mae 0.0000 | ap50 0.0000 | selected combo 100000000.000000
epoch 13/100 step 20 | loss 21.1183 | det 0.6368 seg 0.7215 cnt 6.5419
epoch 13/100 step 40 | loss 19.3764 | det 0.2143 seg 1.0309 cnt 3.7524
epoch 13/100 | train 19.4047 | val det 0.0000 seg 0.0000 miou 0.0000 cnt 0.0000 dens 0.000000e+00 mae 0.0000 total_mae 0.0000 | ap50 0.0000 | selected combo 100000000.000000
epoch 14/100 step 20 | loss 16.9475 | det 0.2834 seg 1.0134 cnt 8.0166
epoch 14/100 step 40 | loss 16.9739 | det 0.1123 seg 0.4771 cnt 1.3607
epoch 14/100 | train 16.7692 | val det 0.0000 seg 0.0000 miou 0.0000 cnt 0.0000 dens 0.000000e+00 mae 0.0000 total_mae 0.0000 | ap50 0.0000 | selected combo 100000000.000000
epoch 15/100 step 20 | loss 18.4819 | det 0.1658 seg 0.5567 cnt 3.3688
epoch 15/100 step 40 | loss 17.8084 | det 0.3324 seg 1.4820 cnt 2.8192
epoch 15/100 | train 18.1540 | val det 0.0000 seg 0.0000 miou 0.0000 cnt 0.0000 dens 0.000000e+00 mae 0.0000 total_mae 0.0000 | ap50 0.0000 | selected combo 100000000.000000
epoch 16/100 step 20 | loss 19.7051 | det 0.2728 seg 0.4699 cnt 11.7220
epoch 16/100 step 40 | loss 18.9660 | det 0.2855 seg 1.2737 cnt 23.1940
epoch 16/100 | train 19.2084 | val det 0.0000 seg 0.0000 miou 0.0000 cnt 0.0000 dens 0.000000e+00 mae 0.0000 total_mae 0.0000 | ap50 0.0000 | selected combo 100000000.000000
epoch 17/100 step 20 | loss 18.5022 | det 0.4132 seg 0.4758 cnt 6.8515
epoch 17/100 step 40 | loss 18.0157 | det 0.3052 seg 0.8626 cnt 3.4209
epoch 17/100 | train 17.8908 | val det 0.0000 seg 0.0000 miou 0.0000 cnt 0.0000 dens 0.000000e+00 mae 0.0000 total_mae 0.0000 | ap50 0.0000 | selected combo 100000000.000000
epoch 18/100 step 20 | loss 16.7738 | det 0.4081 seg 0.6252 cnt 13.6366
epoch 18/100 step 40 | loss 17.1553 | det 0.3623 seg 0.8204 cnt 4.8401
epoch 18/100 | train 17.4656 | val det 0.0000 seg 0.0000 miou 0.0000 cnt 0.0000 dens 0.000000e+00 mae 0.0000 total_mae 0.0000 | ap50 0.0000 | selected combo 100000000.000000
epoch 19/100 step 20 | loss 15.7009 | det 0.3313 seg 0.5239 cnt 11.1476
epoch 19/100 step 40 | loss 15.7089 | det 0.0965 seg 0.4786 cnt 5.5402
epoch 19/100 | train 15.6579 | val det 0.0000 seg 0.0000 miou 0.0000 cnt 0.0000 dens 0.000000e+00 mae 0.0000 total_mae 0.0000 | ap50 0.0000 | selected combo 100000000.000000
epoch 20/100 step 20 | loss 15.6981 | det 0.2627 seg 0.7828 cnt 5.4801
epoch 20/100 step 40 | loss 15.0936 | det 0.2720 seg 0.5012 cnt 6.6155
epoch 20/100 | train 15.6265 | val det 0.0000 seg 0.0000 miou 0.0000 cnt 0.0000 dens 0.000000e+00 mae 0.0000 total_mae 0.0000 | ap50 0.0000 | selected combo 100000000.000000
epoch 21/100 step 20 | loss 14.6251 | det 0.1583 seg 0.5207 cnt 2.4744
epoch 21/100 step 40 | loss 14.5492 | det 0.1663 seg 0.5299 cnt 2.1239
epoch 21/100 | train 14.6722 | val det 0.0000 seg 0.0000 miou 0.0000 cnt 0.0000 dens 0.000000e+00 mae 0.0000 total_mae 0.0000 | ap50 0.0000 | selected combo 100000000.000000
epoch 22/100 step 20 | loss 13.5933 | det 0.1881 seg 0.7318 cnt 2.7131
epoch 22/100 step 40 | loss 13.0542 | det 0.1062 seg 0.5661 cnt 3.2331
epoch 22/100 | train 13.5384 | val det 0.0000 seg 0.0000 miou 0.0000 cnt 0.0000 dens 0.000000e+00 mae 0.0000 total_mae 0.0000 | ap50 0.0000 | selected combo 100000000.000000
epoch 23/100 step 20 | loss 14.5148 | det 0.1891 seg 1.5288 cnt 6.4249
epoch 23/100 step 40 | loss 14.8299 | det 0.0686 seg 0.5497 cnt 7.8690
epoch 23/100 | train 15.3030 | val det 0.0000 seg 0.0000 miou 0.0000 cnt 0.0000 dens 0.000000e+00 mae 0.0000 total_mae 0.0000 | ap50 0.0000 | selected combo 100000000.000000
epoch 24/100 step 20 | loss 14.2035 | det 0.2763 seg 0.5975 cnt 8.5788
epoch 24/100 step 40 | loss 14.1594 | det 0.2177 seg 0.5299 cnt 4.2466
epoch 24/100 | train 14.1163 | val det 0.0000 seg 0.0000 miou 0.0000 cnt 0.0000 dens 0.000000e+00 mae 0.0000 total_mae 0.0000 | ap50 0.0000 | selected combo 100000000.000000
epoch 25/100 step 20 | loss 15.3038 | det 0.1413 seg 0.7149 cnt 2.1925
epoch 25/100 step 40 | loss 15.0649 | det 0.2013 seg 1.4401 cnt 2.0581
epoch 25/100 | train 15.3080 | val det 0.0000 seg 0.0000 miou 0.0000 cnt 0.0000 dens 0.000000e+00 mae 0.0000 total_mae 0.0000 | ap50 0.0000 | selected combo 100000000.000000
epoch 26/100 step 20 | loss 14.1139 | det 0.1999 seg 0.8531 cnt 1.7803
epoch 26/100 step 40 | loss 13.7600 | det 0.1126 seg 0.6207 cnt 5.1876
epoch 26/100 | train 13.7573 | val det 0.0000 seg 0.0000 miou 0.0000 cnt 0.0000 dens 0.000000e+00 mae 0.0000 total_mae 0.0000 | ap50 0.0000 | selected combo 100000000.000000
epoch 27/100 step 20 | loss 13.4914 | det 0.5977 seg 0.5853 cnt 2.7136
epoch 27/100 step 40 | loss 13.9347 | det 0.1803 seg 1.0880 cnt 2.8943
epoch 27/100 | train 14.0061 | val det 0.0000 seg 0.0000 miou 0.0000 cnt 0.0000 dens 0.000000e+00 mae 0.0000 total_mae 0.0000 | ap50 0.0000 | selected combo 100000000.000000
epoch 28/100 step 20 | loss 13.3889 | det 0.2669 seg 0.2537 cnt 2.0793
epoch 28/100 step 40 | loss 14.9159 | det 0.1209 seg 0.6702 cnt 10.1997
epoch 28/100 | train 14.8904 | val det 0.0000 seg 0.0000 miou 0.0000 cnt 0.0000 dens 0.000000e+00 mae 0.0000 total_mae 0.0000 | ap50 0.0000 | selected combo 100000000.000000
epoch 29/100 step 20 | loss 14.6172 | det 0.2295 seg 0.6604 cnt 6.0575
epoch 29/100 step 40 | loss 13.7666 | det 0.1287 seg 0.4340 cnt 3.1900
epoch 29/100 | train 14.0973 | val det 0.0000 seg 0.0000 miou 0.0000 cnt 0.0000 dens 0.000000e+00 mae 0.0000 total_mae 0.0000 | ap50 0.0000 | selected combo 100000000.000000
epoch 30/100 step 20 | loss 14.6955 | det 0.1946 seg 0.7238 cnt 16.7073
epoch 30/100 step 40 | loss 14.3714 | det 0.1075 seg 0.3037 cnt 3.3275
epoch 30/100 | train 14.1274 | val det 0.0000 seg 0.0000 miou 0.0000 cnt 0.0000 dens 0.000000e+00 mae 0.0000 total_mae 0.0000 | ap50 0.0000 | selected combo 100000000.000000
epoch 31/100 step 20 | loss 13.1385 | det 0.2768 seg 0.4145 cnt 3.0098
epoch 31/100 step 40 | loss 12.8949 | det 0.3237 seg 0.4202 cnt 4.9194
epoch 31/100 | train 12.8758 | val det 0.0000 seg 0.0000 miou 0.0000 cnt 0.0000 dens 0.000000e+00 mae 0.0000 total_mae 0.0000 | ap50 0.0000 | selected combo 100000000.000000
epoch 32/100 step 20 | loss 13.1040 | det 0.5248 seg 0.2378 cnt 10.6204
epoch 32/100 step 40 | loss 12.9812 | det 0.2383 seg 0.5374 cnt 1.9252
epoch 32/100 | train 13.0737 | val det 0.0000 seg 0.0000 miou 0.0000 cnt 0.0000 dens 0.000000e+00 mae 0.0000 total_mae 0.0000 | ap50 0.0000 | selected combo 100000000.000000
epoch 33/100 step 20 | loss 15.3149 | det 0.1874 seg 0.8436 cnt 4.1394
epoch 33/100 step 40 | loss 14.4356 | det 0.6835 seg 0.5617 cnt 5.4486
epoch 33/100 | train 14.3620 | val det 0.0000 seg 0.0000 miou 0.0000 cnt 0.0000 dens 0.000000e+00 mae 0.0000 total_mae 0.0000 | ap50 0.0000 | selected combo 100000000.000000
epoch 34/100 step 20 | loss 14.1170 | det 0.1776 seg 0.3958 cnt 3.1102
epoch 34/100 step 40 | loss 13.1871 | det 0.2312 seg 0.5934 cnt 4.6087
epoch 34/100 | train 13.2467 | val det 0.0000 seg 0.0000 miou 0.0000 cnt 0.0000 dens 0.000000e+00 mae 0.0000 total_mae 0.0000 | ap50 0.0000 | selected combo 100000000.000000
epoch 35/100 step 20 | loss 13.9149 | det 0.3693 seg 0.6583 cnt 8.3278
epoch 35/100 step 40 | loss 12.7521 | det 0.4850 seg 0.5848 cnt 4.4001
epoch 35/100 | train 12.7388 | val det 0.0000 seg 0.0000 miou 0.0000 cnt 0.0000 dens 0.000000e+00 mae 0.0000 total_mae 0.0000 | ap50 0.0000 | selected combo 100000000.000000
epoch 36/100 step 20 | loss 12.5823 | det 0.1731 seg 0.4709 cnt 2.5759
epoch 36/100 step 40 | loss 12.5457 | det 0.5098 seg 0.6701 cnt 2.6899
epoch 36/100 | train 12.4063 | val det 0.0000 seg 0.0000 miou 0.0000 cnt 0.0000 dens 0.000000e+00 mae 0.0000 total_mae 0.0000 | ap50 0.0000 | selected combo 100000000.000000
epoch 37/100 step 20 | loss 11.3116 | det 0.0891 seg 0.5416 cnt 8.8399
epoch 37/100 step 40 | loss 11.4141 | det 0.0856 seg 0.6834 cnt 1.8188
epoch 37/100 | train 11.3076 | val det 0.0000 seg 0.0000 miou 0.0000 cnt 0.0000 dens 0.000000e+00 mae 0.0000 total_mae 0.0000 | ap50 0.0000 | selected combo 100000000.000000
epoch 38/100 step 20 | loss 12.5059 | det 0.1152 seg 0.5477 cnt 3.3134
epoch 38/100 step 40 | loss 12.2208 | det 0.1787 seg 0.5495 cnt 5.1310
epoch 38/100 | train 12.0147 | val det 0.0000 seg 0.0000 miou 0.0000 cnt 0.0000 dens 0.000000e+00 mae 0.0000 total_mae 0.0000 | ap50 0.0000 | selected combo 100000000.000000
epoch 39/100 step 20 | loss 11.0257 | det 0.1824 seg 0.3075 cnt 4.1775
epoch 39/100 step 40 | loss 11.9772 | det 0.1025 seg 0.3279 cnt 8.5351
epoch 39/100 | train 12.4033 | val det 0.0000 seg 0.0000 miou 0.0000 cnt 0.0000 dens 0.000000e+00 mae 0.0000 total_mae 0.0000 | ap50 0.0000 | selected combo 100000000.000000
epoch 40/100 step 20 | loss 12.8398 | det 0.6651 seg 0.6144 cnt 5.7788
epoch 40/100 step 40 | loss 11.6539 | det 0.1415 seg 0.5353 cnt 5.3907
epoch 40/100 | train 11.7157 | val det 0.0000 seg 0.0000 miou 0.0000 cnt 0.0000 dens 0.000000e+00 mae 0.0000 total_mae 0.0000 | ap50 0.0000 | selected combo 100000000.000000
epoch 41/100 step 20 | loss 10.7254 | det 0.6274 seg 0.5099 cnt 5.2397
epoch 41/100 step 40 | loss 10.4736 | det 0.1350 seg 0.4104 cnt 3.3982
epoch 41/100 | train 10.6169 | val det 0.0000 seg 0.0000 miou 0.0000 cnt 0.0000 dens 0.000000e+00 mae 0.0000 total_mae 0.0000 | ap50 0.0000 | selected combo 100000000.000000
epoch 42/100 step 20 | loss 11.3249 | det 0.1122 seg 0.4511 cnt 5.6211
epoch 42/100 step 40 | loss 10.9728 | det 0.3506 seg 0.1354 cnt 1.8161
epoch 42/100 | train 11.0117 | val det 0.0000 seg 0.0000 miou 0.0000 cnt 0.0000 dens 0.000000e+00 mae 0.0000 total_mae 0.0000 | ap50 0.0000 | selected combo 100000000.000000
epoch 43/100 step 20 | loss 11.3381 | det 0.1703 seg 0.4133 cnt 3.9350
epoch 43/100 step 40 | loss 11.4665 | det 0.2320 seg 0.5537 cnt 5.7150
epoch 43/100 | train 11.2188 | val det 0.0000 seg 0.0000 miou 0.0000 cnt 0.0000 dens 0.000000e+00 mae 0.0000 total_mae 0.0000 | ap50 0.0000 | selected combo 100000000.000000
epoch 44/100 step 20 | loss 10.6629 | det 0.0529 seg 0.3397 cnt 5.1270
epoch 44/100 step 40 | loss 11.2789 | det 0.2866 seg 0.2296 cnt 3.7279
epoch 44/100 | train 11.4306 | val det 0.0000 seg 0.0000 miou 0.0000 cnt 0.0000 dens 0.000000e+00 mae 0.0000 total_mae 0.0000 | ap50 0.0000 | selected combo 100000000.000000
epoch 45/100 step 20 | loss 10.0591 | det 0.1276 seg 0.3753 cnt 3.0226
epoch 45/100 step 40 | loss 10.2082 | det 0.1161 seg 0.4787 cnt 5.5092
epoch 45/100 | train 10.4288 | val det 0.0000 seg 0.0000 miou 0.0000 cnt 0.0000 dens 0.000000e+00 mae 0.0000 total_mae 0.0000 | ap50 0.0000 | selected combo 100000000.000000
epoch 46/100 step 20 | loss 11.3449 | det 0.2364 seg 0.3809 cnt 2.6466
epoch 46/100 step 40 | loss 11.2359 | det 0.0690 seg 0.1733 cnt 6.0899
epoch 46/100 | train 11.2632 | val det 0.0000 seg 0.0000 miou 0.0000 cnt 0.0000 dens 0.000000e+00 mae 0.0000 total_mae 0.0000 | ap50 0.0000 | selected combo 100000000.000000
epoch 47/100 step 20 | loss 15.3574 | det 0.1719 seg 0.3175 cnt 4.9622
epoch 47/100 step 40 | loss 13.0509 | det 0.0673 seg 1.0734 cnt 6.8185
epoch 47/100 | train 12.9364 | val det 0.0000 seg 0.0000 miou 0.0000 cnt 0.0000 dens 0.000000e+00 mae 0.0000 total_mae 0.0000 | ap50 0.0000 | selected combo 100000000.000000
epoch 48/100 step 20 | loss 10.2632 | det 0.3485 seg 0.3433 cnt 1.8855
epoch 48/100 step 40 | loss 11.7049 | det 0.1155 seg 0.2866 cnt 6.0989
epoch 48/100 | train 11.6087 | val det 0.0000 seg 0.0000 miou 0.0000 cnt 0.0000 dens 0.000000e+00 mae 0.0000 total_mae 0.0000 | ap50 0.0000 | selected combo 100000000.000000
epoch 49/100 step 20 | loss 10.8061 | det 0.2810 seg 0.9382 cnt 3.8756
epoch 49/100 step 40 | loss 11.3784 | det 0.0956 seg 0.6458 cnt 3.2571
epoch 49/100 | train 11.2258 | val det 0.0000 seg 0.0000 miou 0.0000 cnt 0.0000 dens 0.000000e+00 mae 0.0000 total_mae 0.0000 | ap50 0.0000 | selected combo 100000000.000000
epoch 50/100 step 20 | loss 10.6947 | det 0.1425 seg 0.4135 cnt 2.6937
epoch 50/100 step 40 | loss 10.9906 | det 0.0976 seg 0.8515 cnt 5.0736
epoch 50/100 | train 10.7682 | val det 0.0000 seg 0.0000 miou 0.0000 cnt 0.0000 dens 0.000000e+00 mae 0.0000 total_mae 0.0000 | ap50 0.0000 | selected combo 100000000.000000
epoch 51/100 step 20 | loss 10.9602 | det 0.1573 seg 0.5875 cnt 2.8946
epoch 51/100 step 40 | loss 10.8283 | det 0.0606 seg 0.4264 cnt 2.0416
epoch 51/100 | train 11.5171 | val det 0.3410 seg 0.9228 miou 0.5619 cnt 4.7859 dens 9.191179e-01 mae 3.8668 total_mae 18.7225 | ap50 0.4782 | selected combo 1.298737
[ckpt] new best cached (combo 1.298737)
epoch 52/100 step 20 | loss 11.0194 | det 0.0520 seg 0.4216 cnt 1.1634
epoch 52/100 step 40 | loss 10.7227 | det 0.1152 seg 0.3135 cnt 6.1064
epoch 52/100 | train 10.7632 | val det 0.3456 seg 0.8790 miou 0.5757 cnt 4.7149 dens 9.091433e-01 mae 3.8057 total_mae 17.8349 | ap50 0.4757 | selected combo 1.314205
[ckpt] new best cached (combo 1.314205)
epoch 53/100 step 20 | loss 11.1857 | det 0.2067 seg 0.4383 cnt 2.3082
epoch 53/100 step 40 | loss 10.6989 | det 0.1540 seg 0.6400 cnt 5.5098
epoch 53/100 | train 10.8316 | val det 0.3359 seg 0.9281 miou 0.5603 cnt 4.6685 dens 9.122778e-01 mae 3.7562 total_mae 17.8514 | ap50 0.4898 | selected combo 1.316341
[ckpt] new best cached (combo 1.316341)
epoch 54/100 step 20 | loss 9.0136 | det 0.1423 seg 0.5571 cnt 1.8586
epoch 54/100 step 40 | loss 9.3974 | det 0.0489 seg 0.2875 cnt 3.0495
epoch 54/100 | train 9.4830 | val det 0.3421 seg 0.8758 miou 0.5771 cnt 4.6584 dens 9.111938e-01 mae 3.7472 total_mae 18.4052 | ap50 0.4880 | selected combo 1.332021
[ckpt] new best cached (combo 1.332021)
epoch 55/100 step 20 | loss 9.6944 | det 0.0923 seg 0.3680 cnt 3.5614
epoch 55/100 step 40 | loss 9.5488 | det 0.0948 seg 0.1941 cnt 3.2101
epoch 55/100 | train 9.7105 | val det 0.3398 seg 0.8873 miou 0.5758 cnt 4.8205 dens 9.151943e-01 mae 3.9053 total_mae 19.0770 | ap50 0.4855 | selected combo 1.317335
epoch 56/100 step 20 | loss 9.9853 | det 0.1037 seg 0.4270 cnt 7.4375
epoch 56/100 step 40 | loss 9.6637 | det 0.1387 seg 0.3060 cnt 2.2448
epoch 56/100 | train 9.9244 | val det 0.3486 seg 0.9024 miou 0.5753 cnt 4.7370 dens 9.107202e-01 mae 3.8263 total_mae 18.5426 | ap50 0.4886 | selected combo 1.325268
epoch 57/100 step 20 | loss 11.2981 | det 0.6464 seg 0.2590 cnt 2.8594
epoch 57/100 step 40 | loss 10.4201 | det 0.0741 seg 0.5678 cnt 7.7832
epoch 57/100 | train 10.3289 | val det 0.3390 seg 0.8758 miou 0.5791 cnt 4.9679 dens 9.154887e-01 mae 4.0524 total_mae 19.3393 | ap50 0.4884 | selected combo 1.314356
epoch 58/100 step 20 | loss 11.3693 | det 0.2305 seg 0.3452 cnt 1.4741
epoch 58/100 step 40 | loss 11.2136 | det 0.4021 seg 0.3643 cnt 4.6127
epoch 58/100 | train 11.2906 | val det 0.3393 seg 0.9283 miou 0.5635 cnt 4.7173 dens 9.126813e-01 mae 3.8046 total_mae 19.3914 | ap50 0.4918 | selected combo 1.318196
epoch 59/100 step 20 | loss 10.5915 | det 0.1305 seg 0.3515 cnt 3.6732
epoch 59/100 step 40 | loss 10.3735 | det 0.0754 seg 0.1807 cnt 4.3321
epoch 59/100 | train 10.2707 | val det 0.3482 seg 0.9487 miou 0.5634 cnt 4.9125 dens 9.189690e-01 mae 3.9935 total_mae 19.0947 | ap50 0.4789 | selected combo 1.292672
epoch 60/100 step 20 | loss 9.4527 | det 0.1158 seg 0.7910 cnt 6.5636
epoch 60/100 step 40 | loss 9.3931 | det 0.0599 seg 0.2563 cnt 3.0283
epoch 60/100 | train 9.4622 | val det 0.3430 seg 0.9425 miou 0.5658 cnt 4.7626 dens 9.139773e-01 mae 3.8486 total_mae 18.8655 | ap50 0.4791 | selected combo 1.304736
epoch 61/100 step 20 | loss 10.0674 | det 0.0866 seg 0.4121 cnt 3.7238
epoch 61/100 step 40 | loss 9.8556 | det 0.1292 seg 0.5484 cnt 2.5733
epoch 61/100 | train 9.7729 | val det 0.3464 seg 0.9601 miou 0.5539 cnt 4.6964 dens 9.111110e-01 mae 3.7853 total_mae 18.4322 | ap50 0.4901 | selected combo 1.308187
epoch 62/100 step 20 | loss 8.3042 | det 0.4330 seg 0.4422 cnt 4.6443
epoch 62/100 step 40 | loss 8.9548 | det 0.2753 seg 0.3360 cnt 3.8250
epoch 62/100 | train 8.8986 | val det 0.3588 seg 0.9027 miou 0.5747 cnt 4.6376 dens 9.121036e-01 mae 3.7255 total_mae 17.9693 | ap50 0.4870 | selected combo 1.330111
epoch 63/100 step 20 | loss 9.7995 | det 0.1040 seg 0.3319 cnt 3.8773
epoch 63/100 step 40 | loss 9.9242 | det 0.1260 seg 0.4575 cnt 1.9771
epoch 63/100 | train 9.7404 | val det 0.3307 seg 0.9440 miou 0.5619 cnt 4.6476 dens 9.100587e-01 mae 3.7375 total_mae 17.7364 | ap50 0.4898 | selected combo 1.319280
epoch 64/100 step 20 | loss 9.3609 | det 0.1559 seg 0.2806 cnt 6.6951
epoch 64/100 step 40 | loss 9.4971 | det 0.0566 seg 0.1993 cnt 2.4333
epoch 64/100 | train 9.5863 | val det 0.3544 seg 0.9031 miou 0.5821 cnt 4.7941 dens 9.128151e-01 mae 3.8813 total_mae 18.5078 | ap50 0.4897 | selected combo 1.329511
epoch 65/100 step 20 | loss 9.4491 | det 0.0173 seg 0.5603 cnt 8.0609
epoch 65/100 step 40 | loss 10.1223 | det 0.0375 seg 0.3850 cnt 3.0143
epoch 65/100 | train 10.0657 | val det 0.3487 seg 0.9651 miou 0.5567 cnt 4.6122 dens 9.102307e-01 mae 3.7019 total_mae 17.3813 | ap50 0.4875 | selected combo 1.314332
epoch 66/100 step 20 | loss 10.0175 | det 0.1271 seg 0.2070 cnt 3.4234
epoch 66/100 step 40 | loss 9.2901 | det 0.4399 seg 0.4525 cnt 4.1394
epoch 66/100 | train 9.2494 | val det 0.3419 seg 0.9248 miou 0.5725 cnt 4.7345 dens 9.105112e-01 mae 3.8240 total_mae 18.0526 | ap50 0.4895 | selected combo 1.323509
epoch 67/100 step 20 | loss 7.8361 | det 0.1206 seg 0.4944 cnt 2.1105
epoch 67/100 step 40 | loss 8.0612 | det 0.1638 seg 0.3843 cnt 3.1569
epoch 67/100 | train 7.9993 | val det 0.3520 seg 0.8801 miou 0.5814 cnt 4.6104 dens 9.110641e-01 mae 3.6993 total_mae 18.1440 | ap50 0.4955 | selected combo 1.347194
[ckpt] new best cached (combo 1.347194)
epoch 68/100 step 20 | loss 8.8118 | det 0.0853 seg 0.4749 cnt 3.1242
epoch 68/100 step 40 | loss 8.7454 | det 0.1398 seg 0.3519 cnt 2.1499
epoch 68/100 | train 8.7409 | val det 0.3566 seg 0.9675 miou 0.5664 cnt 4.6998 dens 9.116179e-01 mae 3.7882 total_mae 18.2622 | ap50 0.4957 | selected combo 1.326103
epoch 69/100 step 20 | loss 9.3746 | det 0.0687 seg 0.5474 cnt 3.5465
epoch 69/100 step 40 | loss 8.9258 | det 0.0771 seg 0.5582 cnt 1.5364
epoch 69/100 | train 8.7768 | val det 0.3494 seg 0.8997 miou 0.5825 cnt 4.5794 dens 9.087094e-01 mae 3.6707 total_mae 18.1976 | ap50 0.4930 | selected combo 1.347964
[ckpt] new best cached (combo 1.347964)
epoch 70/100 step 20 | loss 7.5279 | det 0.0959 seg 0.4699 cnt 1.9085
epoch 70/100 step 40 | loss 8.4646 | det 0.0999 seg 0.4116 cnt 2.9115
epoch 70/100 | train 8.4119 | val det 0.3403 seg 0.9330 miou 0.5738 cnt 4.7417 dens 9.103507e-01 mae 3.8314 total_mae 17.9681 | ap50 0.4951 | selected combo 1.329876
epoch 71/100 step 20 | loss 8.2578 | det 0.1129 seg 0.1945 cnt 1.0637
epoch 71/100 step 40 | loss 8.6148 | det 0.0831 seg 0.3921 cnt 3.2302
epoch 71/100 | train 8.7669 | val det 0.3462 seg 0.9108 miou 0.5791 cnt 4.7127 dens 9.133371e-01 mae 3.7994 total_mae 18.2835 | ap50 0.4923 | selected combo 1.334569
epoch 72/100 step 20 | loss 7.9949 | det 0.0955 seg 0.8181 cnt 4.0255
epoch 72/100 step 40 | loss 8.0258 | det 0.0751 seg 0.1767 cnt 1.3123
epoch 72/100 | train 7.9512 | val det 0.3450 seg 1.0431 miou 0.5584 cnt 4.6398 dens 9.093049e-01 mae 3.7305 total_mae 18.7135 | ap50 0.4925 | selected combo 1.318931
epoch 73/100 step 20 | loss 8.8162 | det 0.0426 seg 0.3059 cnt 3.1255
epoch 73/100 step 40 | loss 9.1077 | det 0.1206 seg 0.3750 cnt 2.4965
epoch 73/100 | train 9.0318 | val det 0.3478 seg 0.9521 miou 0.5701 cnt 4.5528 dens 9.074835e-01 mae 3.6453 total_mae 18.7135 | ap50 0.4828 | selected combo 1.327293
epoch 74/100 step 20 | loss 8.0893 | det 0.0503 seg 1.0083 cnt 4.4770
epoch 74/100 step 40 | loss 9.1418 | det 0.1617 seg 0.2702 cnt 3.6354
epoch 74/100 | train 9.1860 | val det 0.3588 seg 0.9405 miou 0.5723 cnt 4.7027 dens 9.081077e-01 mae 3.7946 total_mae 17.5971 | ap50 0.4899 | selected combo 1.325716
epoch 75/100 step 20 | loss 7.7969 | det 0.1266 seg 0.1374 cnt 4.2644
epoch 75/100 step 40 | loss 8.0596 | det 0.0678 seg 0.1825 cnt 1.7195
epoch 75/100 | train 8.1621 | val det 0.3528 seg 0.8881 miou 0.5843 cnt 4.5864 dens 9.077971e-01 mae 3.6786 total_mae 18.4655 | ap50 0.4958 | selected combo 1.351918
[ckpt] new best cached (combo 1.351918)
epoch 76/100 step 20 | loss 9.3733 | det 0.3241 seg 1.1308 cnt 3.3471
epoch 76/100 step 40 | loss 8.9032 | det 0.1097 seg 0.3332 cnt 2.9199
epoch 76/100 | train 8.8799 | val det 0.3618 seg 0.9279 miou 0.5773 cnt 4.6179 dens 9.061911e-01 mae 3.7117 total_mae 17.5781 | ap50 0.4984 | selected combo 1.345065
epoch 77/100 step 20 | loss 8.2325 | det 0.0879 seg 0.3610 cnt 2.0185
epoch 77/100 step 40 | loss 8.2691 | det 0.3042 seg 0.2613 cnt 1.4505
epoch 77/100 | train 8.1969 | val det 0.3602 seg 0.9460 miou 0.5760 cnt 4.6198 dens 9.068246e-01 mae 3.7130 total_mae 17.4340 | ap50 0.4948 | selected combo 1.340088
epoch 78/100 step 20 | loss 8.0952 | det 0.1134 seg 0.3901 cnt 2.0734
epoch 78/100 step 40 | loss 8.2963 | det 0.0819 seg 0.5694 cnt 1.8939
epoch 78/100 | train 8.2723 | val det 0.3661 seg 0.9793 miou 0.5703 cnt 4.6186 dens 9.086402e-01 mae 3.7099 total_mae 19.4219 | ap50 0.4860 | selected combo 1.325837
epoch 79/100 step 20 | loss 8.9067 | det 0.0609 seg 0.2793 cnt 4.5688
epoch 79/100 step 40 | loss 8.2510 | det 0.0453 seg 0.1971 cnt 3.6247
epoch 79/100 | train 8.1313 | val det 0.3457 seg 0.9667 miou 0.5683 cnt 4.7515 dens 9.060196e-01 mae 3.8455 total_mae 17.8831 | ap50 0.4945 | selected combo 1.322784
epoch 80/100 step 20 | loss 8.5224 | det 0.2846 seg 0.5053 cnt 1.5590
epoch 80/100 step 40 | loss 8.3104 | det 0.1239 seg 0.1874 cnt 3.6538
epoch 80/100 | train 8.3859 | val det 0.3657 seg 0.9313 miou 0.5779 cnt 4.5691 dens 9.068064e-01 mae 3.6623 total_mae 18.4654 | ap50 0.5010 | selected combo 1.351914
epoch 81/100 step 20 | loss 8.0124 | det 0.0515 seg 0.2037 cnt 2.1568
epoch 81/100 step 40 | loss 7.7908 | det 0.1553 seg 0.5845 cnt 5.4014
epoch 81/100 | train 7.6746 | val det 0.3696 seg 0.9391 miou 0.5818 cnt 4.6551 dens 9.077327e-01 mae 3.7473 total_mae 17.8692 | ap50 0.4932 | selected combo 1.341839
epoch 82/100 step 20 | loss 8.7647 | det 0.1903 seg 0.3142 cnt 2.4039
epoch 82/100 step 40 | loss 9.0659 | det 0.0771 seg 0.4472 cnt 2.0233
epoch 82/100 | train 9.0021 | val det 0.3467 seg 0.9918 miou 0.5719 cnt 4.6856 dens 9.095744e-01 mae 3.7760 total_mae 18.0515 | ap50 0.4980 | selected combo 1.334749
epoch 83/100 step 20 | loss 7.7205 | det 0.0799 seg 0.3972 cnt 2.2309
epoch 83/100 step 40 | loss 9.0022 | det 0.1287 seg 0.2192 cnt 2.1722
epoch 83/100 | train 9.0725 | val det 0.3822 seg 0.9376 miou 0.5859 cnt 4.6378 dens 9.117269e-01 mae 3.7261 total_mae 18.3369 | ap50 0.4941 | selected combo 1.348316
epoch 84/100 step 20 | loss 9.6752 | det 0.0363 seg 0.3019 cnt 3.1334
epoch 84/100 step 40 | loss 9.4844 | det 0.1420 seg 0.4212 cnt 7.7096
epoch 84/100 | train 9.3969 | val det 0.3729 seg 0.9379 miou 0.5766 cnt 4.5935 dens 9.075647e-01 mae 3.6859 total_mae 17.6338 | ap50 0.4925 | selected combo 1.340398
epoch 85/100 step 20 | loss 8.0901 | det 0.1106 seg 0.4075 cnt 1.9409
epoch 85/100 step 40 | loss 8.0906 | det 0.0924 seg 0.3444 cnt 2.4635
epoch 85/100 | train 8.0993 | val det 0.3676 seg 0.9364 miou 0.5771 cnt 4.6035 dens 9.073793e-01 mae 3.6961 total_mae 19.1441 | ap50 0.4996 | selected combo 1.347331
epoch 86/100 step 20 | loss 7.5349 | det 0.0574 seg 0.3757 cnt 4.4192
epoch 86/100 step 40 | loss 8.0317 | det 0.1457 seg 0.3299 cnt 2.0718
epoch 86/100 | train 8.0151 | val det 0.3740 seg 0.9634 miou 0.5700 cnt 4.6012 dens 9.072757e-01 mae 3.6939 total_mae 17.9865 | ap50 0.4970 | selected combo 1.337733
epoch 87/100 step 20 | loss 7.2505 | det 0.1939 seg 0.1808 cnt 3.4836
epoch 87/100 step 40 | loss 7.5821 | det 0.0870 seg 0.2693 cnt 2.7142
epoch 87/100 | train 7.5710 | val det 0.3929 seg 0.9635 miou 0.5703 cnt 4.9028 dens 9.124686e-01 mae 3.9903 total_mae 19.3402 | ap50 0.4872 | selected combo 1.308165
epoch 88/100 step 20 | loss 6.8678 | det 0.0780 seg 0.3391 cnt 1.6966
epoch 88/100 step 40 | loss 7.0031 | det 0.0907 seg 0.1987 cnt 0.9470
epoch 88/100 | train 7.0133 | val det 0.3800 seg 0.9632 miou 0.5794 cnt 4.5173 dens 9.073670e-01 mae 3.6099 total_mae 17.1889 | ap50 0.4934 | selected combo 1.349805
epoch 89/100 step 20 | loss 7.7458 | det 0.0944 seg 0.1354 cnt 2.7393
epoch 89/100 step 40 | loss 7.8042 | det 0.0886 seg 0.2659 cnt 2.7208
epoch 89/100 | train 7.6744 | val det 0.3674 seg 1.0521 miou 0.5639 cnt 4.5752 dens 9.053915e-01 mae 3.6698 total_mae 17.1440 | ap50 0.4995 | selected combo 1.335897
epoch 90/100 step 20 | loss 6.5691 | det 0.0758 seg 0.3127 cnt 1.5154
epoch 90/100 step 40 | loss 6.5373 | det 0.0806 seg 0.1763 cnt 2.5029
epoch 90/100 | train 6.4931 | val det 0.3672 seg 0.9942 miou 0.5675 cnt 4.7070 dens 9.108855e-01 mae 3.7961 total_mae 18.2955 | ap50 0.4962 | selected combo 1.327140
epoch 91/100 step 20 | loss 6.5394 | det 0.0619 seg 0.1407 cnt 2.6134
epoch 91/100 step 40 | loss 6.8846 | det 0.0504 seg 0.3992 cnt 4.4226
epoch 91/100 | train 6.9647 | val det 0.3656 seg 0.9804 miou 0.5752 cnt 4.5415 dens 9.061340e-01 mae 3.6353 total_mae 17.1722 | ap50 0.4890 | selected combo 1.339226
epoch 92/100 step 20 | loss 7.3769 | det 0.1065 seg 0.2845 cnt 1.9691
epoch 92/100 step 40 | loss 7.8787 | det 0.7709 seg 0.2372 cnt 2.7151
epoch 92/100 | train 8.1402 | val det 0.3754 seg 0.9825 miou 0.5739 cnt 4.7450 dens 9.085234e-01 mae 3.8365 total_mae 18.0018 | ap50 0.4869 | selected combo 1.321452
epoch 93/100 step 20 | loss 6.8048 | det 0.1051 seg 0.2122 cnt 4.9622
epoch 93/100 step 40 | loss 6.6439 | det 0.0711 seg 0.3033 cnt 2.1833
epoch 93/100 | train 7.0613 | val det 0.3820 seg 0.9517 miou 0.5765 cnt 4.5666 dens 9.052472e-01 mae 3.6613 total_mae 18.6616 | ap50 0.4988 | selected combo 1.348486
epoch 94/100 step 20 | loss 7.2341 | det 0.0834 seg 0.1327 cnt 2.5842
epoch 94/100 step 40 | loss 7.2638 | det 0.0602 seg 0.4525 cnt 5.1969
epoch 94/100 | train 7.2616 | val det 0.3785 seg 0.9823 miou 0.5720 cnt 4.5142 dens 9.052523e-01 mae 3.6089 total_mae 17.4697 | ap50 0.4983 | selected combo 1.347306
epoch 95/100 step 20 | loss 6.7069 | det 0.2713 seg 0.3076 cnt 1.5466
epoch 95/100 step 40 | loss 7.0790 | det 0.3929 seg 0.3856 cnt 5.6392
epoch 95/100 | train 7.0689 | val det 0.3805 seg 1.0454 miou 0.5657 cnt 4.5915 dens 9.042734e-01 mae 3.6873 total_mae 17.3602 | ap50 0.4901 | selected combo 1.326999
epoch 96/100 step 20 | loss 7.4922 | det 0.1829 seg 0.1952 cnt 3.0325
epoch 96/100 step 40 | loss 8.1960 | det 0.1199 seg 0.2864 cnt 5.6254
epoch 96/100 | train 8.2165 | val det 0.3762 seg 0.9941 miou 0.5726 cnt 4.5571 dens 9.052435e-01 mae 3.6519 total_mae 17.4635 | ap50 0.4983 | selected combo 1.344698
epoch 97/100 step 20 | loss 6.9974 | det 0.0622 seg 0.3287 cnt 2.8205
epoch 97/100 step 40 | loss 7.3510 | det 0.1013 seg 0.2157 cnt 0.8442
epoch 97/100 | train 7.2617 | val det 0.3820 seg 1.0432 miou 0.5702 cnt 4.6438 dens 9.071109e-01 mae 3.7367 total_mae 18.0066 | ap50 0.4965 | selected combo 1.334305
epoch 98/100 step 20 | loss 7.1670 | det 0.3050 seg 0.3320 cnt 2.4233
epoch 98/100 step 40 | loss 7.4070 | det 0.0979 seg 0.1404 cnt 2.4426
epoch 98/100 | train 7.6820 | val det 0.3870 seg 0.9715 miou 0.5781 cnt 4.6995 dens 9.077986e-01 mae 3.7917 total_mae 18.2808 | ap50 0.4933 | selected combo 1.335103
epoch 99/100 step 20 | loss 9.4705 | det 0.0750 seg 0.4314 cnt 5.4318
epoch 99/100 step 40 | loss 9.1161 | det 0.1832 seg 0.2029 cnt 3.6499
epoch 99/100 | train 9.1626 | val det 0.3905 seg 0.9494 miou 0.5864 cnt 4.8558 dens 9.092686e-01 mae 3.9465 total_mae 19.1481 | ap50 0.4996 | selected combo 1.339405
epoch 100/100 step 20 | loss 6.9826 | det 0.1041 seg 0.1166 cnt 1.2141
epoch 100/100 step 40 | loss 7.8132 | det 0.0483 seg 0.2547 cnt 1.9692
epoch 100/100 | train 7.9509 | val det 0.3982 seg 0.9890 miou 0.5775 cnt 4.4960 dens 9.041532e-01 mae 3.5918 total_mae 17.2679 | ap50 0.5015 | selected combo 1.357438
[ckpt] new best cached (combo 1.357438)
[ckpt] saved best -> runs/lora_full/best_combo.pt (combo 1.357438)
[run] project: /data/xiangyuyue/ULLM-zf/fsl-20260209
[run] ckpt: /data/xiangyuyue/ULLM-zf/fsl-20260209/ours_mae/runs/lora_full/best_combo.pt
[run] stats: /data/xiangyuyue/ULLM-zf/fsl-20260209/ours_mae/runs/lora_full/stats_eval_best_combo_20260419_234337
[run] cmd: /data/xiangyuyue/ULLM-zf/fsl-20260209/miniconda3/envs/fsl/bin/python -m lora_multitask.eval --checkpoint /data/xiangyuyue/ULLM-zf/fsl-20260209/ours_mae/runs/lora_full/best_combo.pt --tasks det,seg,cnt --stats-dir /data/xiangyuyue/ULLM-zf/fsl-20260209/ours_mae/runs/lora_full/stats_eval_best_combo_20260419_234337 --device cuda --image-size 448 --model-name facebook/vit-mae-large --det-data-root /data/xiangyuyue/ULLM-zf/fsl-20260209/data/det/coco --det-ann-file /data/xiangyuyue/ULLM-zf/fsl-20260209/data/det/coco/annotations/instances_test.json --det-img-dir /data/xiangyuyue/ULLM-zf/fsl-20260209/data/det/coco/images/test --det-score-thr 0 --seg-data-dir /data/xiangyuyue/ULLM-zf/fsl-20260209/data/seg/nas/liyangguang103/newdataset/CD-SematicSeg/EvLab-SS/mydataset/test --cnt-data-root /data/xiangyuyue/ULLM-zf/fsl-20260209/data/cnt/nas/liyangguang103/newdataset/CD-Count/DSACA --cnt-test-dir /data/xiangyuyue/ULLM-zf/fsl-20260209/data/cnt/nas/liyangguang103/newdataset/CD-Count/DSACA/test_data_class8 --det-use-coco-eval

Traceback (most recent call last):
  File "<frozen runpy>", line 198, in _run_module_as_main
  File "<frozen runpy>", line 88, in _run_code
  File "/data/xiangyuyue/ULLM-zf/fsl-20260209/lora_multitask/eval.py", line 821, in <module>
    raise SystemExit(main())
                     ^^^^^^
  File "/data/xiangyuyue/ULLM-zf/fsl-20260209/lora_multitask/eval.py", line 765, in main
    return _run_full_model_eval(args, tasks)
           ^^^^^^^^^^^^^^^^^^^^^^^^^^^^^^^^^
  File "/data/xiangyuyue/ULLM-zf/fsl-20260209/lora_multitask/eval.py", line 562, in _run_full_model_eval
    model, meta, device = _build_full_multitask_model_from_ckpt(
                          ^^^^^^^^^^^^^^^^^^^^^^^^^^^^^^^^^^^^^^
  File "/data/xiangyuyue/ULLM-zf/fsl-20260209/lora_multitask/eval.py", line 199, in _build_full_multitask_model_from_ckpt
    shared = SharedDinoV3Backbone(
             ^^^^^^^^^^^^^^^^^^^^^
  File "/data/xiangyuyue/ULLM-zf/fsl-20260209/lora_multitask/models.py", line 37, in __init__
    self.backbone = getattr(dino_backbones, model_name)(pretrained=False)
                    ^^^^^^^^^^^^^^^^^^^^^^^^^^^^^^^^^^^
AttributeError: module 'dinov3.hub.backbones' has no attribute 'facebook/vit-mae-large'
