WARNING:__main__:
*****************************************
Setting OMP_NUM_THREADS environment variable for each process to be 1 in default, to avoid your system being overloaded, please further tune the variable for optimal performance in your application as needed. 
*****************************************
[rank2]:[W301 21:55:45.951721935 ProcessGroupNCCL.cpp:4115] [PG ID 0 PG GUID 0 Rank 2]  using GPU 2 to perform barrier as devices used by this process are currently unknown. This can potentially cause a hang if this rank to GPU mapping is incorrect.Specify device_ids in barrier() to force use of a particular device,or call init_process_group() with a device_id.
[rank3]:[W301 21:55:45.292305612 ProcessGroupNCCL.cpp:4115] [PG ID 0 PG GUID 0 Rank 3]  using GPU 3 to perform barrier as devices used by this process are currently unknown. This can potentially cause a hang if this rank to GPU mapping is incorrect.Specify device_ids in barrier() to force use of a particular device,or call init_process_group() with a device_id.
[rank0]:[W301 21:55:45.332148045 ProcessGroupNCCL.cpp:4115] [PG ID 0 PG GUID 0 Rank 0]  using GPU 0 to perform barrier as devices used by this process are currently unknown. This can potentially cause a hang if this rank to GPU mapping is incorrect.Specify device_ids in barrier() to force use of a particular device,or call init_process_group() with a device_id.
[rank5]:[W301 21:55:45.446865028 ProcessGroupNCCL.cpp:4115] [PG ID 0 PG GUID 0 Rank 5]  using GPU 5 to perform barrier as devices used by this process are currently unknown. This can potentially cause a hang if this rank to GPU mapping is incorrect.Specify device_ids in barrier() to force use of a particular device,or call init_process_group() with a device_id.
[rank1]:[W301 21:55:45.467421922 ProcessGroupNCCL.cpp:4115] [PG ID 0 PG GUID 0 Rank 1]  using GPU 1 to perform barrier as devices used by this process are currently unknown. This can potentially cause a hang if this rank to GPU mapping is incorrect.Specify device_ids in barrier() to force use of a particular device,or call init_process_group() with a device_id.
[rank7]:[W301 21:55:45.518238671 ProcessGroupNCCL.cpp:4115] [PG ID 0 PG GUID 0 Rank 7]  using GPU 7 to perform barrier as devices used by this process are currently unknown. This can potentially cause a hang if this rank to GPU mapping is incorrect.Specify device_ids in barrier() to force use of a particular device,or call init_process_group() with a device_id.
[rank4]:[W301 21:55:45.634419625 ProcessGroupNCCL.cpp:4115] [PG ID 0 PG GUID 0 Rank 4]  using GPU 4 to perform barrier as devices used by this process are currently unknown. This can potentially cause a hang if this rank to GPU mapping is incorrect.Specify device_ids in barrier() to force use of a particular device,or call init_process_group() with a device_id.
[rank6]:[W301 21:55:45.652384139 ProcessGroupNCCL.cpp:4115] [PG ID 0 PG GUID 0 Rank 6]  using GPU 6 to perform barrier as devices used by this process are currently unknown. This can potentially cause a hang if this rank to GPU mapping is incorrect.Specify device_ids in barrier() to force use of a particular device,or call init_process_group() with a device_id.
[warn] Using first-order MAML (stop-grad through inner update).
[train] using --loss-weight-bias as base/init: [15.000, 8.000, 1.000]
[warn] Backbone is forced frozen for Full MAML (ignoring unfreeze flags).
[ddp] multi-process mode without DDP wrapper (manual theta grad all-reduce)
[LoRA-MoE] LoRA params: 6561792
[LoRA-MoE] Det head params: 14875060
[LoRA-MoE] Seg head params: 9451531
[LoRA-MoE] Cnt head params: 9448456
[train] Learnable loss weights MLP enabled (Full MAML), arch=joint, grad_vec_normalize=l2, prior_fuse=add, joint_out=leakyrelu, joint_leaky_slope=0.050, weight_net_dropout=0.000
[init] g0 initialized on rank0 from first inner-batch gradients and broadcast to all ranks.
[stage1] epoch 1/100 step 20 | loss 459429.9611 | det 0.9938 seg 1.3194 cnt 372559.9267 | w [15.011, 7.997, 1.184]
[stage1] epoch 1/100 | train 270292.5330
[stage1] epoch 1/100 | w [15.000, 7.997, 1.264]
[stage1] epoch 2/100 step 20 | loss 24.3532 | det 0.4316 seg 0.8361 cnt 8.9843 | w [15.000, 7.996, 1.250]
[stage1] epoch 2/100 | train 24.4697
[stage1] epoch 2/100 | w [15.000, 7.997, 1.265]
[stage1] epoch 3/100 step 20 | loss 21.6954 | det 0.3916 seg 0.8092 cnt 7.4590 | w [15.002, 7.996, 1.196]
[stage1] epoch 3/100 | train 21.8229
[stage1] epoch 3/100 | w [15.000, 7.996, 1.261]
[stage1] epoch 4/100 step 20 | loss 21.6352 | det 0.3356 seg 0.8150 cnt 8.0609 | w [15.000, 7.996, 1.264]
[stage1] epoch 4/100 | train 20.9360
[stage1] epoch 4/100 | w [15.000, 7.996, 1.258]
[stage1] epoch 5/100 step 20 | loss 18.1637 | det 0.3200 seg 0.5690 cnt 7.0779 | w [15.000, 7.996, 1.227]
[stage1] epoch 5/100 | train 18.5102
[stage1] epoch 5/100 | w [15.000, 7.996, 1.238]
[stage1] epoch 6/100 step 20 | loss 19.9993 | det 0.3001 seg 0.7088 cnt 7.9304 | w [15.000, 7.996, 1.253]
[stage1] epoch 6/100 | train 19.1501
[stage1] epoch 6/100 | w [14.999, 7.996, 1.257]
[stage1] epoch 7/100 step 20 | loss 19.0853 | det 0.2543 seg 0.5525 cnt 8.7049 | w [15.000, 7.995, 1.238]
[stage1] epoch 7/100 | train 18.2063
[stage1] epoch 7/100 | w [14.999, 7.995, 1.240]
[stage1] epoch 8/100 step 20 | loss 19.7211 | det 0.3202 seg 0.5031 cnt 8.6982 | w [15.000, 7.995, 1.261]
[stage1] epoch 8/100 | train 18.9516
[stage1] epoch 8/100 | w [15.000, 7.995, 1.220]
[stage1] epoch 9/100 step 20 | loss 17.0869 | det 0.2469 seg 0.5159 cnt 7.4434 | w [15.000, 7.995, 1.252]
[stage1] epoch 9/100 | train 16.4981
[stage1] epoch 9/100 | w [15.000, 7.995, 1.217]
[stage1] epoch 10/100 step 20 | loss 15.2652 | det 0.2540 seg 0.4027 cnt 6.5910 | w [15.000, 7.995, 1.232]
[stage1] epoch 10/100 | train 17.8059
[stage1] epoch 10/100 | w [14.999, 7.995, 1.229]
[stage1] epoch 11/100 step 20 | loss 14.6961 | det 0.2611 seg 0.4159 cnt 5.9690 | w [15.000, 7.995, 1.246]
[stage1] epoch 11/100 | train 15.2636
[stage1] epoch 11/100 | w [15.000, 7.994, 1.276]
[stage1] epoch 12/100 step 20 | loss 13.9763 | det 0.1579 seg 0.5064 cnt 6.0500 | w [15.001, 7.994, 1.284]
[stage1] epoch 12/100 | train 14.5597
[stage1] epoch 12/100 | w [15.000, 7.994, 1.212]
[stage1] epoch 13/100 step 20 | loss 16.0075 | det 0.2147 seg 0.4283 cnt 7.5260 | w [15.000, 7.994, 1.256]
[stage1] epoch 13/100 | train 15.6121
[stage1] epoch 13/100 | w [14.999, 7.994, 1.266]
[stage1] epoch 14/100 step 20 | loss 15.5307 | det 0.1862 seg 0.4713 cnt 7.1648 | w [15.000, 7.994, 1.274]
[stage1] epoch 14/100 | train 15.8152
[stage1] epoch 14/100 | w [15.000, 7.994, 1.265]
[stage1] epoch 15/100 step 20 | loss 15.9396 | det 0.2842 seg 0.3470 cnt 7.1431 | w [14.999, 7.994, 1.262]
[stage1] epoch 15/100 | train 14.5645
[stage1] epoch 15/100 | w [15.000, 7.994, 1.206]
[stage1] epoch 16/100 step 20 | loss 12.6473 | det 0.1674 seg 0.3140 cnt 6.1166 | w [14.999, 7.993, 1.251]
[stage1] epoch 16/100 | train 13.4310
[stage1] epoch 16/100 | w [14.999, 7.993, 1.265]
[stage1] epoch 17/100 step 20 | loss 14.6811 | det 0.2011 seg 0.3438 cnt 7.1582 | w [15.000, 7.993, 1.224]
[stage1] epoch 17/100 | train 14.0867
[stage1] epoch 17/100 | w [14.999, 7.993, 1.249]
[stage1] epoch 18/100 step 20 | loss 35.5051 | det 0.2072 seg 0.3687 cnt 23.3601 | w [15.000, 7.993, 1.274]
[stage1] epoch 18/100 | train 28.9650
[stage1] epoch 18/100 | w [14.999, 7.993, 1.232]
[stage1] epoch 19/100 step 20 | loss 16.2632 | det 0.2273 seg 0.4719 cnt 7.3360 | w [14.999, 7.993, 1.262]
[stage1] epoch 19/100 | train 14.5571
[stage1] epoch 19/100 | w [14.999, 7.993, 1.263]
[stage1] epoch 20/100 step 20 | loss 14.6219 | det 0.2308 seg 0.3842 cnt 6.4902 | w [14.999, 7.992, 1.269]
[stage1] epoch 20/100 | train 14.0534
[stage1] epoch 20/100 | w [14.999, 7.992, 1.271]
[stage1] epoch 21/100 step 20 | loss 17.3222 | det 0.1542 seg 0.3360 cnt 9.9679 | w [14.999, 7.992, 1.237]
[stage1] epoch 21/100 | train 15.6224
[stage1] epoch 21/100 | w [14.999, 7.992, 1.233]
[stage1] epoch 22/100 step 20 | loss 12.1100 | det 0.1356 seg 0.2964 cnt 6.1653 | w [14.999, 7.992, 1.220]
[stage1] epoch 22/100 | train 11.9477
[stage1] epoch 22/100 | w [14.999, 7.992, 1.212]
[stage1] epoch 23/100 step 20 | loss 14.5383 | det 0.2558 seg 0.4579 cnt 5.6670 | w [14.999, 7.992, 1.205]
[stage1] epoch 23/100 | train 13.1690
[stage1] epoch 23/100 | w [14.999, 7.992, 1.242]
[stage1] epoch 24/100 step 20 | loss 9.8492 | det 0.1544 seg 0.2444 cnt 4.4766 | w [15.000, 7.991, 1.276]
[stage1] epoch 24/100 | train 10.2665
[stage1] epoch 24/100 | w [14.999, 7.991, 1.249]
[stage1] epoch 25/100 step 20 | loss 12.4731 | det 0.1593 seg 0.2690 cnt 6.3501 | w [14.999, 7.991, 1.246]
[stage1] epoch 25/100 | train 11.8906
[stage1] epoch 25/100 | w [14.999, 7.991, 1.223]
[stage1] epoch 26/100 step 20 | loss 13.0351 | det 0.1993 seg 0.2347 cnt 6.5455 | w [15.000, 7.991, 1.198]
[stage1] epoch 26/100 | train 12.5247
[stage1] epoch 26/100 | w [14.999, 7.991, 1.211]
[stage1] epoch 27/100 step 20 | loss 12.3156 | det 0.1360 seg 0.2191 cnt 6.8353 | w [14.999, 7.991, 1.209]
[stage1] epoch 27/100 | train 12.0536
[stage1] epoch 27/100 | w [14.999, 7.990, 1.270]
[stage1] epoch 28/100 step 20 | loss 9.5191 | det 0.1467 seg 0.2453 cnt 4.3122 | w [14.999, 7.991, 1.215]
[stage1] epoch 28/100 | train 10.3128
[stage1] epoch 28/100 | w [14.999, 7.990, 1.250]
[stage1] epoch 29/100 step 20 | loss 10.1293 | det 0.1297 seg 0.2887 cnt 4.7439 | w [14.999, 7.990, 1.240]
[stage1] epoch 29/100 | train 10.2145
[stage1] epoch 29/100 | w [14.999, 7.990, 1.257]
[stage1] epoch 30/100 step 20 | loss 10.3898 | det 0.1501 seg 0.2966 cnt 4.6473 | w [14.999, 7.990, 1.244]
[stage1] epoch 30/100 | train 10.0518
[stage1] epoch 30/100 | w [14.999, 7.990, 1.234]
[stage1] epoch 31/100 step 20 | loss 10.1882 | det 0.1340 seg 0.2352 cnt 5.0349 | w [14.999, 7.989, 1.270]
[stage1] epoch 31/100 | train 9.8352
[stage1] epoch 31/100 | w [14.999, 7.989, 1.265]
[stage1] epoch 32/100 step 20 | loss 10.7397 | det 0.1559 seg 0.2492 cnt 5.1249 | w [14.999, 7.990, 1.214]
[stage1] epoch 32/100 | train 9.9822
[stage1] epoch 32/100 | w [14.999, 7.989, 1.204]
[stage1] epoch 33/100 step 20 | loss 10.5257 | det 0.1861 seg 0.2264 cnt 4.7991 | w [14.999, 7.989, 1.229]
[stage1] epoch 33/100 | train 10.3918
[stage1] epoch 33/100 | w [14.999, 7.989, 1.222]
[stage1] epoch 34/100 step 20 | loss 10.8314 | det 0.1726 seg 0.3850 cnt 4.1777 | w [14.999, 7.989, 1.265]
[stage1] epoch 34/100 | train 10.0078
[stage1] epoch 34/100 | w [14.999, 7.988, 1.269]
[stage1] epoch 35/100 step 20 | loss 11.0439 | det 0.2240 seg 0.2949 cnt 4.2865 | w [14.999, 7.988, 1.256]
[stage1] epoch 35/100 | train 10.0084
[stage1] epoch 35/100 | w [14.999, 7.989, 1.227]
[stage1] epoch 36/100 step 20 | loss 10.6253 | det 0.1860 seg 0.2295 cnt 4.8331 | w [14.999, 7.988, 1.268]
[stage1] epoch 36/100 | train 9.8541
[stage1] epoch 36/100 | w [14.999, 7.988, 1.238]
[stage1] epoch 37/100 step 20 | loss 9.9080 | det 0.1428 seg 0.2453 cnt 4.6790 | w [14.999, 7.988, 1.264]
[stage1] epoch 37/100 | train 9.9854
[stage1] epoch 37/100 | w [14.999, 7.988, 1.220]
[stage1] epoch 38/100 step 20 | loss 9.9185 | det 0.1702 seg 0.2299 cnt 4.4434 | w [14.999, 7.988, 1.252]
[stage1] epoch 38/100 | train 10.1895
[stage1] epoch 38/100 | w [14.999, 7.988, 1.242]
[stage1] epoch 39/100 step 20 | loss 9.1574 | det 0.1390 seg 0.2084 cnt 4.3757 | w [14.999, 7.988, 1.222]
[stage1] epoch 39/100 | train 8.8547
[stage1] epoch 39/100 | w [14.998, 7.987, 1.252]
[stage1] epoch 40/100 step 20 | loss 9.2599 | det 0.1618 seg 0.2168 cnt 4.1205 | w [14.999, 7.988, 1.232]
[stage1] epoch 40/100 | train 9.1338
[stage1] epoch 40/100 | w [14.999, 7.988, 1.213]
[stage1] epoch 41/100 step 20 | loss 9.1439 | det 0.1410 seg 0.1942 cnt 4.4187 | w [14.998, 7.987, 1.230]
[stage1] epoch 41/100 | train 8.6118
[stage1] epoch 41/100 | w [14.998, 7.987, 1.266]
[stage1] epoch 42/100 step 20 | loss 8.8700 | det 0.1517 seg 0.2269 cnt 3.8389 | w [14.998, 7.987, 1.231]
[stage1] epoch 42/100 | train 8.8060
[stage1] epoch 42/100 | w [14.999, 7.987, 1.269]
[stage1] epoch 43/100 step 20 | loss 8.9047 | det 0.1332 seg 0.2383 cnt 4.0292 | w [14.999, 7.987, 1.245]
[stage1] epoch 43/100 | train 8.3173
[stage1] epoch 43/100 | w [14.998, 7.987, 1.231]
[stage1] epoch 44/100 step 20 | loss 8.6318 | det 0.1288 seg 0.2339 cnt 3.9099 | w [14.999, 7.986, 1.214]
[stage1] epoch 44/100 | train 8.6356
[stage1] epoch 44/100 | w [14.998, 7.986, 1.203]
[stage1] epoch 45/100 step 20 | loss 7.6171 | det 0.0964 seg 0.1709 cnt 3.8874 | w [14.999, 7.987, 1.211]
[stage1] epoch 45/100 | train 7.5463
[stage1] epoch 45/100 | w [14.999, 7.986, 1.201]
[stage1] epoch 46/100 step 20 | loss 7.9643 | det 0.1151 seg 0.1732 cnt 3.9108 | w [14.998, 7.985, 1.273]
[stage1] epoch 46/100 | train 8.3786
[stage1] epoch 46/100 | w [14.998, 7.986, 1.254]
[stage1] epoch 47/100 step 20 | loss 8.0183 | det 0.1322 seg 0.1738 cnt 3.7285 | w [14.998, 7.985, 1.272]
[stage1] epoch 47/100 | train 9.6843
[stage1] epoch 47/100 | w [14.999, 7.986, 1.213]
[stage1] epoch 48/100 step 20 | loss 11.4630 | det 0.1270 seg 0.2056 cnt 6.3312 | w [14.998, 7.985, 1.242]
[stage1] epoch 48/100 | train 10.5883
[stage1] epoch 48/100 | w [14.998, 7.985, 1.243]
[stage1] epoch 49/100 step 20 | loss 13.5327 | det 0.1129 seg 0.4483 cnt 6.7034 | w [14.998, 7.985, 1.240]
[stage1] epoch 49/100 | train 13.4359
[stage1] epoch 49/100 | w [14.997, 7.985, 1.243]
[stage1] epoch 50/100 step 20 | loss 11.1698 | det 0.1295 seg 0.2989 cnt 5.4803 | w [14.998, 7.985, 1.221]
[stage1] epoch 50/100 | train 11.9115
[stage1] epoch 50/100 | w [14.998, 7.985, 1.260]
[stage1] epoch 51/100 step 20 | loss 7.4807 | det 0.1077 seg 0.1663 cnt 3.6452 | w [14.999, 7.985, 1.184]
[stage1] epoch 51/100 | train 7.4803
[stage1] epoch 51/100 | w [14.998, 7.984, 1.257]
[stage1] epoch 52/100 step 20 | loss 6.6729 | det 0.1025 seg 0.1677 cnt 3.0661 | w [14.998, 7.985, 1.215]
[stage1] epoch 52/100 | train 6.8981
[stage1] epoch 52/100 | w [14.997, 7.984, 1.256]
[stage1] epoch 53/100 step 20 | loss 7.8458 | det 0.1458 seg 0.1551 cnt 3.5458 | w [14.998, 7.985, 1.226]
[stage1] epoch 53/100 | train 8.7122
[stage1] epoch 53/100 | w [14.998, 7.983, 1.274]
[stage1] epoch 54/100 step 20 | loss 7.5064 | det 0.1531 seg 0.1798 cnt 3.0405 | w [14.998, 7.984, 1.218]
[stage1] epoch 54/100 | train 7.0911
[stage1] epoch 54/100 | w [14.998, 7.984, 1.202]
[stage1] epoch 55/100 step 20 | loss 8.1667 | det 0.1374 seg 0.1466 cnt 3.9809 | w [14.998, 7.984, 1.223]
[stage1] epoch 55/100 | train 7.9379
[stage1] epoch 55/100 | w [14.997, 7.983, 1.256]
[stage1] epoch 56/100 step 20 | loss 8.1970 | det 0.1476 seg 0.1786 cnt 3.6611 | w [14.998, 7.984, 1.207]
[stage1] epoch 56/100 | train 7.5708
[stage1] epoch 56/100 | w [14.998, 7.983, 1.201]
[stage1] epoch 57/100 step 20 | loss 7.6792 | det 0.1712 seg 0.1727 cnt 3.0004 | w [14.998, 7.983, 1.223]
[stage1] epoch 57/100 | train 7.5536
[stage1] epoch 57/100 | w [14.998, 7.983, 1.212]
[stage1] epoch 58/100 step 20 | loss 7.9612 | det 0.0858 seg 0.1811 cnt 4.1963 | w [14.997, 7.983, 1.227]
[stage1] epoch 58/100 | train 8.0368
[stage1] epoch 58/100 | w [14.997, 7.982, 1.267]
[stage1] epoch 59/100 step 20 | loss 8.0128 | det 0.1238 seg 0.1727 cnt 3.8284 | w [14.997, 7.983, 1.237]
[stage1] epoch 59/100 | train 7.8959
[stage1] epoch 59/100 | w [14.998, 7.983, 1.213]
[stage1] epoch 60/100 step 20 | loss 8.7163 | det 0.1279 seg 0.1986 cnt 4.2122 | w [14.997, 7.982, 1.215]
[stage1] epoch 60/100 | train 9.2155
[stage1] epoch 60/100 | w [14.997, 7.982, 1.242]
[stage1] epoch 61/100 step 20 | loss 7.6083 | det 0.1232 seg 0.1807 cnt 3.4898 | w [14.997, 7.982, 1.248]
[stage1] epoch 61/100 | train 7.7416
[stage1] epoch 61/100 | w [14.997, 7.981, 1.229]
[stage1] epoch 62/100 step 20 | loss 7.6929 | det 0.0934 seg 0.1571 cnt 4.0607 | w [14.997, 7.982, 1.213]
[stage1] epoch 62/100 | train 7.4085
[stage1] epoch 62/100 | w [14.997, 7.982, 1.221]
[stage1] epoch 63/100 step 20 | loss 6.8679 | det 0.0841 seg 0.1561 cnt 3.5098 | w [14.998, 7.981, 1.196]
[stage1] epoch 63/100 | train 7.1405
[stage1] epoch 63/100 | w [14.997, 7.982, 1.211]
[stage1] epoch 64/100 step 20 | loss 7.1668 | det 0.0897 seg 0.1778 cnt 3.5325 | w [14.997, 7.982, 1.211]
[stage1] epoch 64/100 | train 7.5418
[stage1] epoch 64/100 | w [14.997, 7.980, 1.255]
[stage1] epoch 65/100 step 20 | loss 6.2004 | det 0.0890 seg 0.1628 cnt 2.8796 | w [14.997, 7.981, 1.231]
[stage1] epoch 65/100 | train 6.4117
[stage1] epoch 65/100 | w [14.997, 7.981, 1.243]
[stage1] epoch 66/100 step 20 | loss 11.0774 | det 0.1517 seg 0.1401 cnt 6.2534 | w [14.996, 7.982, 1.203]
[stage1] epoch 66/100 | train 9.7785
[stage1] epoch 66/100 | w [14.998, 7.982, 1.205]
[stage1] epoch 67/100 step 20 | loss 9.9134 | det 0.1073 seg 0.1648 cnt 5.6400 | w [14.996, 7.980, 1.255]
[stage1] epoch 67/100 | train 8.9862
[stage1] epoch 67/100 | w [14.996, 7.980, 1.263]
[stage1] epoch 68/100 step 20 | loss 9.0125 | det 0.1130 seg 0.1981 cnt 4.5891 | w [14.996, 7.980, 1.250]
[stage1] epoch 68/100 | train 8.0920
[stage1] epoch 68/100 | w [14.996, 7.980, 1.251]
[stage1] epoch 69/100 step 20 | loss 9.2007 | det 0.0873 seg 0.1721 cnt 5.3122 | w [14.997, 7.978, 1.253]
[stage1] epoch 69/100 | train 8.2547
[stage1] epoch 69/100 | w [14.997, 7.980, 1.251]
[stage1] epoch 70/100 step 20 | loss 7.9667 | det 0.1463 seg 0.1894 cnt 3.4617 | w [14.995, 7.979, 1.258]
[stage1] epoch 70/100 | train 8.0601
[stage1] epoch 70/100 | w [14.997, 7.980, 1.219]
[stage1] epoch 71/100 step 20 | loss 7.9527 | det 0.1325 seg 0.2158 cnt 3.4555 | w [14.997, 7.978, 1.243]
[stage1] epoch 71/100 | train 8.1471
[stage1] epoch 71/100 | w [14.996, 7.980, 1.239]
[stage1] epoch 72/100 step 20 | loss 8.0333 | det 0.1279 seg 0.1570 cnt 3.9441 | w [14.996, 7.980, 1.214]
[stage1] epoch 72/100 | train 7.3657
[stage1] epoch 72/100 | w [14.996, 7.979, 1.256]
[stage1] epoch 73/100 step 20 | loss 7.5531 | det 0.1645 seg 0.1330 cnt 3.2708 | w [14.995, 7.980, 1.222]
[stage1] epoch 73/100 | train 7.1692
[stage1] epoch 73/100 | w [14.997, 7.979, 1.205]
[stage1] epoch 74/100 step 20 | loss 7.4592 | det 0.1041 seg 0.1610 cnt 3.7465 | w [14.996, 7.978, 1.236]
[stage1] epoch 74/100 | train 7.4104
[stage1] epoch 74/100 | w [14.996, 7.979, 1.242]
[stage1] epoch 75/100 step 20 | loss 6.5718 | det 0.1092 seg 0.1459 cnt 3.0438 | w [14.996, 7.979, 1.223]
[stage1] epoch 75/100 | train 6.6199
[stage1] epoch 75/100 | w [14.995, 7.978, 1.258]
[stage1] epoch 76/100 step 20 | loss 7.3749 | det 0.1342 seg 0.1534 cnt 3.3617 | w [14.996, 7.977, 1.213]
[stage1] epoch 76/100 | train 7.1522
[stage1] epoch 76/100 | w [14.996, 7.977, 1.226]
[stage1] epoch 77/100 step 20 | loss 7.2216 | det 0.1375 seg 0.1339 cnt 3.3147 | w [14.996, 7.977, 1.231]
[stage1] epoch 77/100 | train 7.3946
[stage1] epoch 77/100 | w [14.996, 7.977, 1.235]
[stage1] epoch 78/100 step 20 | loss 8.4480 | det 0.1246 seg 0.1248 cnt 4.5471 | w [14.996, 7.978, 1.219]
[stage1] epoch 78/100 | train 7.6026
[stage1] epoch 78/100 | w [14.996, 7.976, 1.253]
[stage1] epoch 79/100 step 20 | loss 10.7729 | det 0.0897 seg 0.1576 cnt 6.6260 | w [14.996, 7.978, 1.221]
[stage1] epoch 79/100 | train 9.9818
[stage1] epoch 79/100 | w [14.995, 7.977, 1.246]
[stage1] epoch 80/100 step 20 | loss 6.8295 | det 0.1164 seg 0.1432 cnt 3.1932 | w [14.995, 7.977, 1.201]
[stage1] epoch 80/100 | train 6.9575
[stage1] epoch 80/100 | w [14.995, 7.975, 1.262]
[stage1] epoch 81/100 step 20 | loss 6.7753 | det 0.1241 seg 0.1576 cnt 2.9752 | w [14.994, 7.977, 1.254]
[stage1] epoch 81/100 | train 6.4312
[stage1] epoch 81/100 | w [14.995, 7.977, 1.229]
[stage1] epoch 82/100 step 20 | loss 6.5034 | det 0.1140 seg 0.1605 cnt 2.8498 | w [14.995, 7.977, 1.227]
[stage1] epoch 82/100 | train 6.4509
[stage1] epoch 82/100 | w [14.995, 7.978, 1.198]
[stage1] epoch 83/100 step 20 | loss 6.6865 | det 0.1094 seg 0.1791 cnt 2.9358 | w [14.995, 7.976, 1.243]
[stage1] epoch 83/100 | train 7.3886
[stage1] epoch 83/100 | w [14.995, 7.975, 1.261]
[stage1] epoch 84/100 step 20 | loss 6.9964 | det 0.1104 seg 0.1676 cnt 3.2439 | w [14.995, 7.976, 1.226]
[stage1] epoch 84/100 | train 6.1370
[stage1] epoch 84/100 | w [14.995, 7.975, 1.261]
[stage1] epoch 85/100 step 20 | loss 5.3562 | det 0.0651 seg 0.1540 cnt 2.5725 | w [14.995, 7.973, 1.223]
[stage1] epoch 85/100 | train 5.6896
[stage1] epoch 85/100 | w [14.995, 7.975, 1.210]
[stage1] epoch 86/100 step 20 | loss 6.0867 | det 0.0805 seg 0.1770 cnt 2.8148 | w [14.995, 7.974, 1.273]
[stage1] epoch 86/100 | train 6.4255
[stage1] epoch 86/100 | w [14.996, 7.975, 1.232]
[stage1] epoch 87/100 step 20 | loss 5.4038 | det 0.1022 seg 0.1427 cnt 2.2301 | w [14.995, 7.975, 1.217]
[stage1] epoch 87/100 | train 5.9538
[stage1] epoch 87/100 | w [14.995, 7.974, 1.212]
[stage1] epoch 88/100 step 20 | loss 5.4566 | det 0.0938 seg 0.1332 cnt 2.4166 | w [14.996, 7.975, 1.190]
[stage1] epoch 88/100 | train 7.4897
[stage1] epoch 88/100 | w [14.995, 7.974, 1.247]
[stage1] epoch 89/100 step 20 | loss 5.3918 | det 0.0769 seg 0.1288 cnt 2.6434 | w [14.994, 7.974, 1.215]
[stage1] epoch 89/100 | train 6.0176
[stage1] epoch 89/100 | w [14.994, 7.974, 1.244]
[stage1] epoch 90/100 step 20 | loss 6.0142 | det 0.1202 seg 0.1376 cnt 2.5270 | w [14.994, 7.973, 1.265]
[stage1] epoch 90/100 | train 6.0172
[stage1] epoch 90/100 | w [14.994, 7.974, 1.246]
[stage1] epoch 91/100 step 20 | loss 6.4935 | det 0.0669 seg 0.1275 cnt 3.6299 | w [14.994, 7.972, 1.263]
[stage1] epoch 91/100 | train 6.4464
[stage1] epoch 91/100 | w [14.994, 7.973, 1.205]
[stage1] epoch 92/100 step 20 | loss 6.1039 | det 0.1061 seg 0.1283 cnt 2.8508 | w [14.994, 7.972, 1.253]
[stage1] epoch 92/100 | train 6.4468
[stage1] epoch 92/100 | w [14.995, 7.974, 1.209]
[stage1] epoch 93/100 step 20 | loss 6.2473 | det 0.0969 seg 0.1274 cnt 3.0649 | w [14.994, 7.974, 1.222]
[stage1] epoch 93/100 | train 6.3269
[stage1] epoch 93/100 | w [14.994, 7.972, 1.253]
[stage1] epoch 94/100 step 20 | loss 5.9518 | det 0.0964 seg 0.1448 cnt 2.7318 | w [14.995, 7.972, 1.161]
[stage1] epoch 94/100 | train 5.7845
[stage1] epoch 94/100 | w [14.993, 7.970, 1.238]
[stage1] epoch 95/100 step 20 | loss 5.3332 | det 0.0977 seg 0.1323 cnt 2.3014 | w [14.992, 7.973, 1.236]
[stage1] epoch 95/100 | train 5.3372
[stage1] epoch 95/100 | w [14.992, 7.972, 1.264]
[stage1] epoch 96/100 step 20 | loss 5.5144 | det 0.0900 seg 0.1285 cnt 2.5708 | w [14.993, 7.972, 1.242]
[stage1] epoch 96/100 | train 5.7190
[stage1] epoch 96/100 | w [14.993, 7.972, 1.235]
[stage1] epoch 97/100 step 20 | loss 6.7545 | det 0.1335 seg 0.1397 cnt 2.9503 | w [14.992, 7.971, 1.255]
[stage1] epoch 97/100 | train 6.9455
[stage1] epoch 97/100 | w [14.993, 7.972, 1.238]
[stage1] epoch 98/100 step 20 | loss 5.8032 | det 0.1042 seg 0.1192 cnt 2.6796 | w [14.993, 7.970, 1.254]
[stage1] epoch 98/100 | train 5.8635
[stage1] epoch 98/100 | w [14.993, 7.970, 1.243]
[stage1] epoch 99/100 step 20 | loss 5.4230 | det 0.1153 seg 0.1201 cnt 2.2317 | w [14.993, 7.973, 1.228]
[stage1] epoch 99/100 | train 6.4062
[stage1] epoch 99/100 | w [14.993, 7.972, 1.248]
[stage1] epoch 100/100 step 20 | loss 7.1598 | det 0.1317 seg 0.1149 cnt 3.4618 | w [14.992, 7.970, 1.254]
[stage1] epoch 100/100 | train 7.3750
[stage1] epoch 100/100 | w [14.993, 7.968, 1.173]
[ckpt] saved stage1 phi -> runs/31_lkrelu_0.05/stage1_phi_last.pt
[train] validation/model selection start from Stage2 (Stage1 validation disabled).
[stage2] epoch 1/20 step 20 | loss 9.9174 | det 0.1394 seg 0.4004 cnt 3.7555 | w [14.993, 7.970, 1.255] | cnt_gnorm 5.555088e+01 cnt_gparams 6
[stage2] epoch 1/20 step 40 | loss 9.1066 | det 0.1370 seg 0.3445 cnt 3.5108 | w [14.992, 7.971, 1.221] | cnt_gnorm 1.427788e+01 cnt_gparams 6
[stage2] epoch 1/20 | train 8.8460
[stage2] epoch 1/20 | w [14.993, 7.972, 1.213]
[diag][cnt][stage2] epoch 1/20 | param_delta_l2 1.070361e+01
[diag][cnt][val] pred_count_mean 8.609907 gt_count_mean 8.000130 pred_dens_mean 0.000043 gt_dens_mean 0.000040
[stage2] epoch 1 | val det 0.2428 seg 0.9486 miou 0.6107 cnt 3.7211 dens 8.555937e-01 mae 2.8655 total_mae 13.6305 | ap50 0.6847 | combo 1.644310
[ckpt] new best cached (stage2 epoch 1, combo 1.644310)
[stage2] epoch 2/20 step 20 | loss 9.2980 | det 0.1131 seg 0.3328 cnt 4.0008 | w [14.992, 7.970, 1.246] | cnt_gnorm 3.619991e+01 cnt_gparams 6
[stage2] epoch 2/20 step 40 | loss 8.8761 | det 0.1199 seg 0.3023 cnt 3.8098 | w [14.993, 7.972, 1.246] | cnt_gnorm 2.211681e+01 cnt_gparams 6
[stage2] epoch 2/20 | train 9.3733
[stage2] epoch 2/20 | w [14.993, 7.970, 1.269]
[diag][cnt][stage2] epoch 2/20 | param_delta_l2 8.704444e+00
[diag][cnt][val] pred_count_mean 12.664972 gt_count_mean 8.000130 pred_dens_mean 0.000063 gt_dens_mean 0.000040
[stage2] epoch 2 | val det 0.2728 seg 0.8846 miou 0.6216 cnt 3.7532 dens 8.565110e-01 mae 2.8967 total_mae 13.7959 | ap50 0.6852 | combo 1.652002
[ckpt] new best cached (stage2 epoch 2, combo 1.652002)
[stage2] epoch 3/20 step 20 | loss 8.1762 | det 0.1355 seg 0.2091 cnt 3.6563 | w [14.993, 7.971, 1.239] | cnt_gnorm 4.120714e+01 cnt_gparams 6
[stage2] epoch 3/20 step 40 | loss 7.3236 | det 0.1197 seg 0.2184 cnt 3.0841 | w [14.992, 7.968, 1.237] | cnt_gnorm 1.931890e+01 cnt_gparams 6
[stage2] epoch 3/20 | train 7.4373
[stage2] epoch 3/20 | w [14.993, 7.972, 1.232]
[diag][cnt][stage2] epoch 3/20 | param_delta_l2 7.724766e+00
[diag][cnt][val] pred_count_mean 9.723475 gt_count_mean 8.000130 pred_dens_mean 0.000048 gt_dens_mean 0.000040
[stage2] epoch 3 | val det 0.2876 seg 0.9200 miou 0.6280 cnt 3.6461 dens 8.541200e-01 mae 2.7920 total_mae 14.3154 | ap50 0.6860 | combo 1.672224
[ckpt] new best cached (stage2 epoch 3, combo 1.672224)
[stage2] epoch 4/20 step 20 | loss 5.9843 | det 0.0919 seg 0.2122 cnt 2.3682 | w [14.992, 7.971, 1.265] | cnt_gnorm 7.040852e+01 cnt_gparams 6
[stage2] epoch 4/20 step 40 | loss 6.2077 | det 0.0980 seg 0.1876 cnt 2.6462 | w [14.991, 7.972, 1.188] | cnt_gnorm 3.348963e+01 cnt_gparams 6
[stage2] epoch 4/20 | train 6.3153
[stage2] epoch 4/20 | w [14.993, 7.970, 1.229]
[diag][cnt][stage2] epoch 4/20 | param_delta_l2 8.916275e+00
[diag][cnt][val] pred_count_mean 11.922179 gt_count_mean 8.000130 pred_dens_mean 0.000059 gt_dens_mean 0.000040
[stage2] epoch 4 | val det 0.2750 seg 0.8911 miou 0.6357 cnt 3.8010 dens 8.584347e-01 mae 2.9425 total_mae 13.9323 | ap50 0.6857 | combo 1.661238
[stage2] epoch 5/20 step 20 | loss 6.1069 | det 0.0825 seg 0.1635 cnt 2.9371 | w [14.993, 7.970, 1.198] | cnt_gnorm 1.221573e+01 cnt_gparams 6
[stage2] epoch 5/20 step 40 | loss 6.3828 | det 0.0890 seg 0.1963 cnt 2.8491 | w [14.992, 7.967, 1.173] | cnt_gnorm 5.104253e+01 cnt_gparams 6
[stage2] epoch 5/20 | train 6.4392
[stage2] epoch 5/20 | w [14.992, 7.969, 1.262]
[diag][cnt][stage2] epoch 5/20 | param_delta_l2 8.543146e+00
[diag][cnt][val] pred_count_mean 9.470083 gt_count_mean 8.000130 pred_dens_mean 0.000047 gt_dens_mean 0.000040
[stage2] epoch 5 | val det 0.3129 seg 0.9382 miou 0.6162 cnt 3.6305 dens 8.533273e-01 mae 2.7772 total_mae 13.1198 | ap50 0.6901 | combo 1.666409
[stage2] epoch 6/20 step 20 | loss 6.8334 | det 0.1102 seg 0.1932 cnt 2.9860 | w [14.993, 7.971, 1.253] | cnt_gnorm 8.827517e+01 cnt_gparams 6
[stage2] epoch 6/20 step 40 | loss 6.9122 | det 0.1128 seg 0.1828 cnt 3.0829 | w [14.993, 7.972, 1.213] | cnt_gnorm 6.187029e+01 cnt_gparams 6
[stage2] epoch 6/20 | train 6.9087
[stage2] epoch 6/20 | w [14.991, 7.971, 1.193]
[diag][cnt][stage2] epoch 6/20 | param_delta_l2 8.448445e+00
[diag][cnt][val] pred_count_mean 6.040977 gt_count_mean 8.000130 pred_dens_mean 0.000030 gt_dens_mean 0.000040
[stage2] epoch 6 | val det 0.3150 seg 0.9101 miou 0.6003 cnt 3.7733 dens 8.530708e-01 mae 2.9202 total_mae 16.3377 | ap50 0.6875 | combo 1.630192
[stage2] epoch 7/20 step 20 | loss 8.4165 | det 0.1107 seg 0.2394 cnt 3.9997 | w [14.993, 7.971, 1.227] | cnt_gnorm 4.573578e+01 cnt_gparams 6
[stage2] epoch 7/20 step 40 | loss 8.2552 | det 0.1159 seg 0.1985 cnt 4.0442 | w [14.992, 7.968, 1.233] | cnt_gnorm 3.875649e+01 cnt_gparams 6
[stage2] epoch 7/20 | train 7.9935
[stage2] epoch 7/20 | w [14.993, 7.972, 1.195]
[diag][cnt][stage2] epoch 7/20 | param_delta_l2 8.845351e+00
[diag][cnt][val] pred_count_mean 8.229847 gt_count_mean 8.000130 pred_dens_mean 0.000041 gt_dens_mean 0.000040
[stage2] epoch 7 | val det 0.3223 seg 0.9130 miou 0.6435 cnt 3.8444 dens 8.538142e-01 mae 2.9906 total_mae 13.5972 | ap50 0.6804 | combo 1.658318
[stage2] epoch 8/20 step 20 | loss 6.8930 | det 0.1387 seg 0.1551 cnt 2.9269 | w [14.992, 7.971, 1.194] | cnt_gnorm 4.641476e+01 cnt_gparams 6
[stage2] epoch 8/20 step 40 | loss 7.5024 | det 0.1291 seg 0.1727 cnt 3.4271 | w [14.994, 7.971, 1.178] | cnt_gnorm 7.763117e+01 cnt_gparams 6
[stage2] epoch 8/20 | train 7.4891
[stage2] epoch 8/20 | w [14.993, 7.969, 1.216]
[diag][cnt][stage2] epoch 8/20 | param_delta_l2 9.701480e+00
[diag][cnt][val] pred_count_mean 8.309752 gt_count_mean 8.000130 pred_dens_mean 0.000041 gt_dens_mean 0.000040
[stage2] epoch 8 | val det 0.2904 seg 1.1482 miou 0.5738 cnt 4.1227 dens 8.629307e-01 mae 3.2598 total_mae 20.3643 | ap50 0.6871 | combo 1.567630
[stage2] epoch 9/20 step 20 | loss 7.1879 | det 0.0781 seg 0.2344 cnt 3.3637 | w [14.992, 7.972, 1.189] | cnt_gnorm 2.236687e+01 cnt_gparams 6
[stage2] epoch 9/20 step 40 | loss 7.1060 | det 0.0910 seg 0.2083 cnt 3.3311 | w [14.992, 7.966, 1.210] | cnt_gnorm 4.735922e+01 cnt_gparams 6
[stage2] epoch 9/20 | train 7.0185
[stage2] epoch 9/20 | w [14.992, 7.971, 1.238]
[diag][cnt][stage2] epoch 9/20 | param_delta_l2 7.284403e+00
[diag][cnt][val] pred_count_mean 10.342244 gt_count_mean 8.000130 pred_dens_mean 0.000052 gt_dens_mean 0.000040
[stage2] epoch 9 | val det 0.3221 seg 0.9338 miou 0.6172 cnt 3.7399 dens 8.521544e-01 mae 2.8877 total_mae 14.5395 | ap50 0.6779 | combo 1.641330
[stage2] epoch 10/20 step 20 | loss 6.8886 | det 0.0941 seg 0.1917 cnt 3.1979 | w [14.993, 7.971, 1.252] | cnt_gnorm 3.217160e+01 cnt_gparams 6
[stage2] epoch 10/20 step 40 | loss 6.4362 | det 0.0930 seg 0.1936 cnt 2.8434 | w [14.992, 7.972, 1.251] | cnt_gnorm 1.376488e+01 cnt_gparams 6
[stage2] epoch 10/20 | train 6.4390
[stage2] epoch 10/20 | w [14.992, 7.972, 1.246]
[diag][cnt][stage2] epoch 10/20 | param_delta_l2 7.720940e+00
[diag][cnt][val] pred_count_mean 8.973076 gt_count_mean 8.000130 pred_dens_mean 0.000045 gt_dens_mean 0.000040
[stage2] epoch 10 | val det 0.3251 seg 1.0009 miou 0.6153 cnt 3.5872 dens 8.488347e-01 mae 2.7384 total_mae 12.4334 | ap50 0.6834 | combo 1.663863
[stage2] epoch 11/20 step 20 | loss 5.7036 | det 0.0749 seg 0.1529 cnt 2.7333 | w [14.992, 7.972, 1.241] | cnt_gnorm 3.198878e+01 cnt_gparams 6
[stage2] epoch 11/20 step 40 | loss 6.3047 | det 0.0969 seg 0.2017 cnt 2.6372 | w [14.993, 7.970, 1.255] | cnt_gnorm 2.223132e+01 cnt_gparams 6
[stage2] epoch 11/20 | train 6.2477
[stage2] epoch 11/20 | w [14.993, 7.972, 1.224]
[diag][cnt][stage2] epoch 11/20 | param_delta_l2 7.933395e+00
[diag][cnt][val] pred_count_mean 10.403187 gt_count_mean 8.000130 pred_dens_mean 0.000052 gt_dens_mean 0.000040
[stage2] epoch 11 | val det 0.3179 seg 0.9192 miou 0.6123 cnt 3.6855 dens 8.487223e-01 mae 2.8368 total_mae 13.0251 | ap50 0.6794 | combo 1.644209
[stage2] epoch 12/20 step 20 | loss 5.6819 | det 0.1019 seg 0.1483 cnt 2.4256 | w [14.992, 7.971, 1.269] | cnt_gnorm 1.713824e+01 cnt_gparams 6
[stage2] epoch 12/20 step 40 | loss 5.8577 | det 0.0988 seg 0.1486 cnt 2.6146 | w [14.993, 7.971, 1.225] | cnt_gnorm 3.215113e+01 cnt_gparams 6
[stage2] epoch 12/20 | train 6.0628
[stage2] epoch 12/20 | w [14.993, 7.970, 1.206]
[diag][cnt][stage2] epoch 12/20 | param_delta_l2 7.390768e+00
[diag][cnt][val] pred_count_mean 9.108023 gt_count_mean 8.000130 pred_dens_mean 0.000045 gt_dens_mean 0.000040
[stage2] epoch 12 | val det 0.3377 seg 0.9268 miou 0.6257 cnt 3.6004 dens 8.476489e-01 mae 2.7527 total_mae 13.0974 | ap50 0.6791 | combo 1.668090
[stage2] epoch 13/20 step 20 | loss 6.1788 | det 0.1306 seg 0.1780 cnt 2.2846 | w [14.993, 7.972, 1.252] | cnt_gnorm 2.299282e+01 cnt_gparams 6
[stage2] epoch 13/20 step 40 | loss 6.1756 | det 0.1127 seg 0.1588 cnt 2.6207 | w [14.993, 7.972, 1.250] | cnt_gnorm 6.667202e+01 cnt_gparams 6
[stage2] epoch 13/20 | train 6.0961
[stage2] epoch 13/20 | w [14.993, 7.972, 1.216]
[diag][cnt][stage2] epoch 13/20 | param_delta_l2 7.909220e+00
[diag][cnt][val] pred_count_mean 9.234673 gt_count_mean 8.000130 pred_dens_mean 0.000046 gt_dens_mean 0.000040
[stage2] epoch 13 | val det 0.2666 seg 0.9276 miou 0.6246 cnt 3.6291 dens 8.487335e-01 mae 2.7804 total_mae 12.7576 | ap50 0.6808 | combo 1.664993
[stage2] epoch 14/20 step 20 | loss 6.0562 | det 0.0744 seg 0.1301 cnt 3.1579 | w [14.993, 7.972, 1.232] | cnt_gnorm 4.181548e+01 cnt_gparams 6
[stage2] epoch 14/20 step 40 | loss 6.4208 | det 0.0772 seg 0.1473 cnt 3.3173 | w [14.992, 7.969, 1.245] | cnt_gnorm 3.638257e+01 cnt_gparams 6
[stage2] epoch 14/20 | train 6.3865
[stage2] epoch 14/20 | w [14.993, 7.973, 1.233]
[diag][cnt][stage2] epoch 14/20 | param_delta_l2 8.569121e+00
[diag][cnt][val] pred_count_mean 9.689374 gt_count_mean 8.000130 pred_dens_mean 0.000048 gt_dens_mean 0.000040
[stage2] epoch 14 | val det 0.3202 seg 0.9011 miou 0.6280 cnt 3.6448 dens 8.495365e-01 mae 2.7953 total_mae 14.4311 | ap50 0.6819 | combo 1.667680
[stage2] epoch 15/20 step 20 | loss 7.7666 | det 0.0871 seg 0.1512 cnt 4.2665 | w [14.993, 7.972, 1.209] | cnt_gnorm 7.216628e+01 cnt_gparams 6
[stage2] epoch 15/20 step 40 | loss 6.8994 | det 0.0824 seg 0.1481 cnt 3.6521 | w [14.992, 7.970, 1.237] | cnt_gnorm 2.906196e+01 cnt_gparams 6
[stage2] epoch 15/20 | train 6.8517
[stage2] epoch 15/20 | w [14.993, 7.972, 1.207]
[diag][cnt][stage2] epoch 15/20 | param_delta_l2 7.901964e+00
[diag][cnt][val] pred_count_mean 12.009874 gt_count_mean 8.000130 pred_dens_mean 0.000060 gt_dens_mean 0.000040
[stage2] epoch 15 | val det 0.3096 seg 0.9401 miou 0.6278 cnt 3.6072 dens 8.467448e-01 mae 2.7605 total_mae 13.3031 | ap50 0.6838 | combo 1.673893
[ckpt] new best cached (stage2 epoch 15, combo 1.673893)
[stage2] epoch 16/20 step 20 | loss 6.2277 | det 0.1252 seg 0.1652 cnt 2.4617 | w [14.992, 7.969, 1.244] | cnt_gnorm 6.319831e+01 cnt_gparams 6
[stage2] epoch 16/20 step 40 | loss 6.0333 | det 0.1157 seg 0.1595 cnt 2.4739 | w [14.993, 7.972, 1.235] | cnt_gnorm 5.654637e+01 cnt_gparams 6
[stage2] epoch 16/20 | train 5.9575
[stage2] epoch 16/20 | w [14.993, 7.970, 1.209]
[diag][cnt][stage2] epoch 16/20 | param_delta_l2 7.846984e+00
[diag][cnt][val] pred_count_mean 11.279262 gt_count_mean 8.000130 pred_dens_mean 0.000056 gt_dens_mean 0.000040
[stage2] epoch 16 | val det 0.3432 seg 1.0854 miou 0.6083 cnt 3.7582 dens 8.566958e-01 mae 2.9015 total_mae 14.4082 | ap50 0.6705 | combo 1.623456
[stage2] epoch 17/20 step 20 | loss 5.9853 | det 0.1268 seg 0.1372 cnt 2.4488 | w [14.993, 7.972, 1.197] | cnt_gnorm 2.033584e+01 cnt_gparams 6
[stage2] epoch 17/20 step 40 | loss 6.4363 | det 0.1268 seg 0.1384 cnt 2.8130 | w [14.992, 7.968, 1.250] | cnt_gnorm 3.221986e+01 cnt_gparams 6
[stage2] epoch 17/20 | train 6.4363
[stage2] epoch 17/20 | w [14.993, 7.972, 1.217]
[diag][cnt][stage2] epoch 17/20 | param_delta_l2 7.471083e+00
[diag][cnt][val] pred_count_mean 10.979015 gt_count_mean 8.000130 pred_dens_mean 0.000055 gt_dens_mean 0.000040
[stage2] epoch 17 | val det 0.3379 seg 0.9426 miou 0.6244 cnt 3.7224 dens 8.498023e-01 mae 2.8726 total_mae 13.6607 | ap50 0.6779 | combo 1.650388
[stage2] epoch 18/20 step 20 | loss 6.4132 | det 0.1067 seg 0.1538 cnt 2.9344 | w [14.990, 7.971, 1.210] | cnt_gnorm 3.371040e+01 cnt_gparams 6
[stage2] epoch 18/20 step 40 | loss 6.0807 | det 0.1027 seg 0.1449 cnt 2.7808 | w [14.993, 7.970, 1.216] | cnt_gnorm 1.028306e+01 cnt_gparams 6
[stage2] epoch 18/20 | train 6.0037
[stage2] epoch 18/20 | w [14.992, 7.971, 1.269]
[diag][cnt][stage2] epoch 18/20 | param_delta_l2 8.204174e+00
[diag][cnt][val] pred_count_mean 9.304752 gt_count_mean 8.000130 pred_dens_mean 0.000046 gt_dens_mean 0.000040
[stage2] epoch 18 | val det 0.3387 seg 1.0035 miou 0.6250 cnt 3.6246 dens 8.472995e-01 mae 2.7773 total_mae 13.1534 | ap50 0.6853 | combo 1.670284
[stage2] epoch 19/20 step 20 | loss 5.5497 | det 0.0841 seg 0.1488 cnt 2.5231 | w [14.993, 7.972, 1.232] | cnt_gnorm 4.078571e+01 cnt_gparams 6
[stage2] epoch 19/20 step 40 | loss 4.9977 | det 0.0704 seg 0.1328 cnt 2.3459 | w [14.992, 7.970, 1.248] | cnt_gnorm 5.871150e+01 cnt_gparams 6
[stage2] epoch 19/20 | train 4.9560
[stage2] epoch 19/20 | w [14.993, 7.972, 1.197]
[diag][cnt][stage2] epoch 19/20 | param_delta_l2 7.400903e+00
[diag][cnt][val] pred_count_mean 11.328887 gt_count_mean 8.000130 pred_dens_mean 0.000056 gt_dens_mean 0.000040
[stage2] epoch 19 | val det 0.3659 seg 0.9829 miou 0.6202 cnt 3.6010 dens 8.483912e-01 mae 2.7526 total_mae 13.0695 | ap50 0.6846 | combo 1.668072
[stage2] epoch 20/20 step 20 | loss 5.2538 | det 0.0972 seg 0.1270 cnt 2.2717 | w [14.992, 7.972, 1.240] | cnt_gnorm 4.761811e+01 cnt_gparams 6
[stage2] epoch 20/20 step 40 | loss 5.4073 | det 0.0981 seg 0.1295 cnt 2.3727 | w [14.993, 7.973, 1.210] | cnt_gnorm 3.606416e+01 cnt_gparams 6
[stage2] epoch 20/20 | train 5.6736
[stage2] epoch 20/20 | w [14.993, 7.970, 1.206]
[diag][cnt][stage2] epoch 20/20 | param_delta_l2 7.505539e+00
[diag][cnt][val] pred_count_mean 10.012827 gt_count_mean 8.000130 pred_dens_mean 0.000050 gt_dens_mean 0.000040
[stage2] epoch 20 | val det 0.3150 seg 1.0092 miou 0.6224 cnt 3.5848 dens 8.475760e-01 mae 2.7373 total_mae 12.3091 | ap50 0.6855 | combo 1.673259
[ckpt] saved best -> runs/31_lkrelu_0.05/best_combo.pt (combo 1.673893)
