WARNING:__main__:
*****************************************
Setting OMP_NUM_THREADS environment variable for each process to be 1 in default, to avoid your system being overloaded, please further tune the variable for optimal performance in your application as needed. 
*****************************************
[lora] enabled: replaced_linear=48, trainable_params=1966080
[params] trainable_total=35741127
/data/xiangyuyue/ULLM-zf/fsl-20260209/miniconda3/envs/fsl/lib/python3.11/site-packages/torch/autograd/graph.py:825: UserWarning: Grad strides do not match bucket view strides. This may indicate grad was not created according to the gradient layout contract, or that the param's strides changed since DDP was constructed.  This is not an error, but may impair performance.
grad.sizes() = [8, 1024, 1, 1], strides() = [1024, 1, 1024, 1024]
bucket_view.sizes() = [8, 1024, 1, 1], strides() = [1024, 1, 1, 1] (Triggered internally at ../torch/csrc/distributed/c10d/reducer.cpp:327.)
  return Variable._execution_engine.run_backward(  # Calls into the C++ engine to run the backward pass
/data/xiangyuyue/ULLM-zf/fsl-20260209/miniconda3/envs/fsl/lib/python3.11/site-packages/torch/autograd/graph.py:825: UserWarning: Grad strides do not match bucket view strides. This may indicate grad was not created according to the gradient layout contract, or that the param's strides changed since DDP was constructed.  This is not an error, but may impair performance.
grad.sizes() = [8, 1024, 1, 1], strides() = [1024, 1, 1024, 1024]
bucket_view.sizes() = [8, 1024, 1, 1], strides() = [1024, 1, 1, 1] (Triggered internally at ../torch/csrc/distributed/c10d/reducer.cpp:327.)
  return Variable._execution_engine.run_backward(  # Calls into the C++ engine to run the backward pass
/data/xiangyuyue/ULLM-zf/fsl-20260209/miniconda3/envs/fsl/lib/python3.11/site-packages/torch/autograd/graph.py:825: UserWarning: Grad strides do not match bucket view strides. This may indicate grad was not created according to the gradient layout contract, or that the param's strides changed since DDP was constructed.  This is not an error, but may impair performance.
grad.sizes() = [8, 1024, 1, 1], strides() = [1024, 1, 1024, 1024]
bucket_view.sizes() = [8, 1024, 1, 1], strides() = [1024, 1, 1, 1] (Triggered internally at ../torch/csrc/distributed/c10d/reducer.cpp:327.)
  return Variable._execution_engine.run_backward(  # Calls into the C++ engine to run the backward pass
/data/xiangyuyue/ULLM-zf/fsl-20260209/miniconda3/envs/fsl/lib/python3.11/site-packages/torch/autograd/graph.py:825: UserWarning: Grad strides do not match bucket view strides. This may indicate grad was not created according to the gradient layout contract, or that the param's strides changed since DDP was constructed.  This is not an error, but may impair performance.
grad.sizes() = [8, 1024, 1, 1], strides() = [1024, 1, 1024, 1024]
bucket_view.sizes() = [8, 1024, 1, 1], strides() = [1024, 1, 1, 1] (Triggered internally at ../torch/csrc/distributed/c10d/reducer.cpp:327.)
  return Variable._execution_engine.run_backward(  # Calls into the C++ engine to run the backward pass
/data/xiangyuyue/ULLM-zf/fsl-20260209/miniconda3/envs/fsl/lib/python3.11/site-packages/torch/autograd/graph.py:825: UserWarning: Grad strides do not match bucket view strides. This may indicate grad was not created according to the gradient layout contract, or that the param's strides changed since DDP was constructed.  This is not an error, but may impair performance.
grad.sizes() = [8, 1024, 1, 1], strides() = [1024, 1, 1024, 1024]
bucket_view.sizes() = [8, 1024, 1, 1], strides() = [1024, 1, 1, 1] (Triggered internally at ../torch/csrc/distributed/c10d/reducer.cpp:327.)
  return Variable._execution_engine.run_backward(  # Calls into the C++ engine to run the backward pass
/data/xiangyuyue/ULLM-zf/fsl-20260209/miniconda3/envs/fsl/lib/python3.11/site-packages/torch/autograd/graph.py:825: UserWarning: Grad strides do not match bucket view strides. This may indicate grad was not created according to the gradient layout contract, or that the param's strides changed since DDP was constructed.  This is not an error, but may impair performance.
grad.sizes() = [8, 1024, 1, 1], strides() = [1024, 1, 1024, 1024]
bucket_view.sizes() = [8, 1024, 1, 1], strides() = [1024, 1, 1, 1] (Triggered internally at ../torch/csrc/distributed/c10d/reducer.cpp:327.)
  return Variable._execution_engine.run_backward(  # Calls into the C++ engine to run the backward pass
/data/xiangyuyue/ULLM-zf/fsl-20260209/miniconda3/envs/fsl/lib/python3.11/site-packages/torch/autograd/graph.py:825: UserWarning: Grad strides do not match bucket view strides. This may indicate grad was not created according to the gradient layout contract, or that the param's strides changed since DDP was constructed.  This is not an error, but may impair performance.
grad.sizes() = [8, 1024, 1, 1], strides() = [1024, 1, 1024, 1024]
bucket_view.sizes() = [8, 1024, 1, 1], strides() = [1024, 1, 1, 1] (Triggered internally at ../torch/csrc/distributed/c10d/reducer.cpp:327.)
  return Variable._execution_engine.run_backward(  # Calls into the C++ engine to run the backward pass
/data/xiangyuyue/ULLM-zf/fsl-20260209/miniconda3/envs/fsl/lib/python3.11/site-packages/torch/autograd/graph.py:825: UserWarning: Grad strides do not match bucket view strides. This may indicate grad was not created according to the gradient layout contract, or that the param's strides changed since DDP was constructed.  This is not an error, but may impair performance.
grad.sizes() = [8, 1024, 1, 1], strides() = [1024, 1, 1024, 1024]
bucket_view.sizes() = [8, 1024, 1, 1], strides() = [1024, 1, 1, 1] (Triggered internally at ../torch/csrc/distributed/c10d/reducer.cpp:327.)
  return Variable._execution_engine.run_backward(  # Calls into the C++ engine to run the backward pass
epoch 1/100 step 20 | loss 831986.9375 | det 3.7691 seg 2.5266 cnt 1255547.6250
epoch 1/100 step 40 | loss 638579.3242 | det 3.6592 seg 1.8336 cnt 189751.8750
epoch 1/100 step 60 | loss 457670.4432 | det 2.3179 seg 0.9143 cnt 41120.4336
epoch 1/100 | train 354008.7149 | val det 0.0000 seg 0.0000 miou 0.0000 cnt 0.0000 dens 0.000000e+00 mae 0.0000 total_mae 0.0000 | ap50 0.0000 | selected combo 100000000.000000
epoch 2/100 step 20 | loss 7782.6680 | det 1.0633 seg 1.1753 cnt 3879.8982
epoch 2/100 step 40 | loss 5193.0058 | det 0.5906 seg 0.9875 cnt 1418.1057
epoch 2/100 step 60 | loss 3763.7219 | det 0.4443 seg 0.6025 cnt 430.0334
epoch 2/100 | train 2934.9801 | val det 0.0000 seg 0.0000 miou 0.0000 cnt 0.0000 dens 0.000000e+00 mae 0.0000 total_mae 0.0000 | ap50 0.0000 | selected combo 100000000.000000
epoch 3/100 step 20 | loss 123.1360 | det 0.5655 seg 0.9697 cnt 54.7993
epoch 3/100 step 40 | loss 84.4250 | det 0.2518 seg 0.3165 cnt 18.5944
epoch 3/100 step 60 | loss 66.1637 | det 0.2375 seg 0.6536 cnt 6.1320
epoch 3/100 | train 55.9312 | val det 0.0000 seg 0.0000 miou 0.0000 cnt 0.0000 dens 0.000000e+00 mae 0.0000 total_mae 0.0000 | ap50 0.0000 | selected combo 100000000.000000
epoch 4/100 step 20 | loss 21.0831 | det 0.2950 seg 0.5928 cnt 5.8400
epoch 4/100 step 40 | loss 20.1077 | det 0.5118 seg 1.1114 cnt 7.4744
epoch 4/100 step 60 | loss 19.6227 | det 0.1734 seg 0.1696 cnt 3.1560
epoch 4/100 | train 19.1762 | val det 0.0000 seg 0.0000 miou 0.0000 cnt 0.0000 dens 0.000000e+00 mae 0.0000 total_mae 0.0000 | ap50 0.0000 | selected combo 100000000.000000
epoch 5/100 step 20 | loss 18.6631 | det 0.1942 seg 0.4933 cnt 5.7986
epoch 5/100 step 40 | loss 19.0039 | det 0.3875 seg 0.4186 cnt 6.4438
epoch 5/100 step 60 | loss 17.7740 | det 0.2799 seg 0.7333 cnt 8.7579
epoch 5/100 | train 17.6165 | val det 0.0000 seg 0.0000 miou 0.0000 cnt 0.0000 dens 0.000000e+00 mae 0.0000 total_mae 0.0000 | ap50 0.0000 | selected combo 100000000.000000
epoch 6/100 step 20 | loss 17.0148 | det 0.5251 seg 0.8427 cnt 6.8923
epoch 6/100 step 40 | loss 16.6361 | det 0.5383 seg 0.6245 cnt 4.7159
epoch 6/100 step 60 | loss 16.7322 | det 0.6048 seg 0.6004 cnt 2.9440
epoch 6/100 | train 17.4014 | val det 0.0000 seg 0.0000 miou 0.0000 cnt 0.0000 dens 0.000000e+00 mae 0.0000 total_mae 0.0000 | ap50 0.0000 | selected combo 100000000.000000
epoch 7/100 step 20 | loss 15.5613 | det 0.1702 seg 0.5536 cnt 2.9812
epoch 7/100 step 40 | loss 14.9916 | det 0.1769 seg 0.7408 cnt 4.9337
epoch 7/100 step 60 | loss 15.1789 | det 0.6272 seg 0.5848 cnt 7.0083
epoch 7/100 | train 15.2602 | val det 0.0000 seg 0.0000 miou 0.0000 cnt 0.0000 dens 0.000000e+00 mae 0.0000 total_mae 0.0000 | ap50 0.0000 | selected combo 100000000.000000
epoch 8/100 step 20 | loss 14.9994 | det 0.2165 seg 0.4535 cnt 2.7148
epoch 8/100 step 40 | loss 14.9914 | det 0.3134 seg 0.8190 cnt 9.8090
epoch 8/100 step 60 | loss 15.0693 | det 0.2319 seg 0.6158 cnt 15.6401
epoch 8/100 | train 14.8966 | val det 0.0000 seg 0.0000 miou 0.0000 cnt 0.0000 dens 0.000000e+00 mae 0.0000 total_mae 0.0000 | ap50 0.0000 | selected combo 100000000.000000
epoch 9/100 step 20 | loss 15.7074 | det 0.1067 seg 0.3733 cnt 9.3651
epoch 9/100 step 40 | loss 15.1039 | det 0.2538 seg 0.4917 cnt 3.6670
epoch 9/100 step 60 | loss 15.1147 | det 0.1084 seg 0.8439 cnt 2.1524
epoch 9/100 | train 15.0873 | val det 0.0000 seg 0.0000 miou 0.0000 cnt 0.0000 dens 0.000000e+00 mae 0.0000 total_mae 0.0000 | ap50 0.0000 | selected combo 100000000.000000
epoch 10/100 step 20 | loss 13.6920 | det 0.2496 seg 0.6787 cnt 8.2225
epoch 10/100 step 40 | loss 13.3398 | det 0.1705 seg 0.5518 cnt 2.1673
epoch 10/100 step 60 | loss 12.8952 | det 0.1820 seg 0.7389 cnt 4.4860
epoch 10/100 | train 13.2726 | val det 0.0000 seg 0.0000 miou 0.0000 cnt 0.0000 dens 0.000000e+00 mae 0.0000 total_mae 0.0000 | ap50 0.0000 | selected combo 100000000.000000
epoch 11/100 step 20 | loss 12.9355 | det 0.1800 seg 0.6194 cnt 3.7313
epoch 11/100 step 40 | loss 13.5109 | det 0.1057 seg 0.7674 cnt 9.5402
epoch 11/100 step 60 | loss 13.0534 | det 0.1897 seg 0.2386 cnt 1.9269
epoch 11/100 | train 12.6965 | val det 0.0000 seg 0.0000 miou 0.0000 cnt 0.0000 dens 0.000000e+00 mae 0.0000 total_mae 0.0000 | ap50 0.0000 | selected combo 100000000.000000
epoch 12/100 step 20 | loss 13.9398 | det 0.3539 seg 0.6083 cnt 2.8352
epoch 12/100 step 40 | loss 12.7909 | det 0.1435 seg 0.4809 cnt 4.6267
epoch 12/100 step 60 | loss 12.9928 | det 0.2370 seg 0.9395 cnt 2.6168
epoch 12/100 | train 12.8188 | val det 0.0000 seg 0.0000 miou 0.0000 cnt 0.0000 dens 0.000000e+00 mae 0.0000 total_mae 0.0000 | ap50 0.0000 | selected combo 100000000.000000
epoch 13/100 step 20 | loss 11.8465 | det 0.1528 seg 0.5639 cnt 7.4252
epoch 13/100 step 40 | loss 12.2336 | det 0.7774 seg 0.3126 cnt 2.6381
epoch 13/100 step 60 | loss 12.5720 | det 0.1751 seg 0.7142 cnt 2.4969
epoch 13/100 | train 12.2450 | val det 0.0000 seg 0.0000 miou 0.0000 cnt 0.0000 dens 0.000000e+00 mae 0.0000 total_mae 0.0000 | ap50 0.0000 | selected combo 100000000.000000
epoch 14/100 step 20 | loss 12.4541 | det 0.1426 seg 0.7500 cnt 2.6443
epoch 14/100 step 40 | loss 13.5044 | det 0.1562 seg 0.3806 cnt 3.7054
epoch 14/100 step 60 | loss 13.0913 | det 0.1598 seg 0.8454 cnt 7.1634
epoch 14/100 | train 13.1628 | val det 0.0000 seg 0.0000 miou 0.0000 cnt 0.0000 dens 0.000000e+00 mae 0.0000 total_mae 0.0000 | ap50 0.0000 | selected combo 100000000.000000
epoch 15/100 step 20 | loss 11.4808 | det 0.1920 seg 0.6654 cnt 3.1362
epoch 15/100 step 40 | loss 11.3765 | det 0.2099 seg 0.3311 cnt 2.6684
epoch 15/100 step 60 | loss 11.9806 | det 0.3072 seg 0.4911 cnt 3.2753
epoch 15/100 | train 11.8501 | val det 0.0000 seg 0.0000 miou 0.0000 cnt 0.0000 dens 0.000000e+00 mae 0.0000 total_mae 0.0000 | ap50 0.0000 | selected combo 100000000.000000
epoch 16/100 step 20 | loss 11.3680 | det 0.1258 seg 0.3283 cnt 4.8805
epoch 16/100 step 40 | loss 11.4559 | det 0.1904 seg 0.4584 cnt 2.4539
epoch 16/100 step 60 | loss 11.7909 | det 0.3486 seg 0.3480 cnt 1.5750
epoch 16/100 | train 11.5487 | val det 0.0000 seg 0.0000 miou 0.0000 cnt 0.0000 dens 0.000000e+00 mae 0.0000 total_mae 0.0000 | ap50 0.0000 | selected combo 100000000.000000
epoch 17/100 step 20 | loss 10.6582 | det 0.1057 seg 0.2109 cnt 5.3211
epoch 17/100 step 40 | loss 12.4151 | det 0.3839 seg 0.6376 cnt 1.6920
epoch 17/100 step 60 | loss 12.4276 | det 0.1250 seg 0.6430 cnt 3.7729
epoch 17/100 | train 12.4270 | val det 0.0000 seg 0.0000 miou 0.0000 cnt 0.0000 dens 0.000000e+00 mae 0.0000 total_mae 0.0000 | ap50 0.0000 | selected combo 100000000.000000
epoch 18/100 step 20 | loss 13.6929 | det 0.1993 seg 0.4410 cnt 3.1908
epoch 18/100 step 40 | loss 13.3911 | det 0.1491 seg 0.5387 cnt 5.8032
epoch 18/100 step 60 | loss 12.8235 | det 0.1449 seg 0.6514 cnt 8.2919
epoch 18/100 | train 12.7662 | val det 0.0000 seg 0.0000 miou 0.0000 cnt 0.0000 dens 0.000000e+00 mae 0.0000 total_mae 0.0000 | ap50 0.0000 | selected combo 100000000.000000
epoch 19/100 step 20 | loss 13.4137 | det 0.7902 seg 0.5397 cnt 4.1202
epoch 19/100 step 40 | loss 12.8625 | det 0.1909 seg 0.4087 cnt 3.7126
epoch 19/100 step 60 | loss 12.2841 | det 0.3815 seg 0.7831 cnt 4.3681
epoch 19/100 | train 12.1101 | val det 0.0000 seg 0.0000 miou 0.0000 cnt 0.0000 dens 0.000000e+00 mae 0.0000 total_mae 0.0000 | ap50 0.0000 | selected combo 100000000.000000
epoch 20/100 step 20 | loss 11.1158 | det 0.1804 seg 0.6978 cnt 1.8865
epoch 20/100 step 40 | loss 11.5474 | det 0.1700 seg 0.2788 cnt 4.6167
epoch 20/100 step 60 | loss 11.4844 | det 0.1751 seg 0.3930 cnt 2.8645
epoch 20/100 | train 11.6761 | val det 0.0000 seg 0.0000 miou 0.0000 cnt 0.0000 dens 0.000000e+00 mae 0.0000 total_mae 0.0000 | ap50 0.0000 | selected combo 100000000.000000
epoch 21/100 step 20 | loss 11.8048 | det 0.1813 seg 0.8083 cnt 5.0458
epoch 21/100 step 40 | loss 10.9207 | det 0.6206 seg 0.2862 cnt 4.8355
epoch 21/100 step 60 | loss 10.7238 | det 0.0659 seg 0.4461 cnt 2.1477
epoch 21/100 | train 10.4799 | val det 0.0000 seg 0.0000 miou 0.0000 cnt 0.0000 dens 0.000000e+00 mae 0.0000 total_mae 0.0000 | ap50 0.0000 | selected combo 100000000.000000
epoch 22/100 step 20 | loss 11.4598 | det 0.1440 seg 0.2830 cnt 3.8260
epoch 22/100 step 40 | loss 11.9803 | det 0.0677 seg 0.7382 cnt 2.8891
epoch 22/100 step 60 | loss 11.0887 | det 0.1462 seg 0.3200 cnt 1.3853
epoch 22/100 | train 10.6756 | val det 0.0000 seg 0.0000 miou 0.0000 cnt 0.0000 dens 0.000000e+00 mae 0.0000 total_mae 0.0000 | ap50 0.0000 | selected combo 100000000.000000
epoch 23/100 step 20 | loss 10.9455 | det 0.5342 seg 1.5366 cnt 3.4415
epoch 23/100 step 40 | loss 10.0819 | det 0.0890 seg 0.5826 cnt 2.7508
epoch 23/100 step 60 | loss 10.1780 | det 0.3621 seg 0.7799 cnt 3.0521
epoch 23/100 | train 10.0423 | val det 0.0000 seg 0.0000 miou 0.0000 cnt 0.0000 dens 0.000000e+00 mae 0.0000 total_mae 0.0000 | ap50 0.0000 | selected combo 100000000.000000
epoch 24/100 step 20 | loss 10.3773 | det 0.1603 seg 0.4464 cnt 8.0540
epoch 24/100 step 40 | loss 10.3879 | det 0.1744 seg 0.3247 cnt 7.0182
epoch 24/100 step 60 | loss 10.7766 | det 0.1762 seg 0.2627 cnt 3.5879
epoch 24/100 | train 10.4780 | val det 0.0000 seg 0.0000 miou 0.0000 cnt 0.0000 dens 0.000000e+00 mae 0.0000 total_mae 0.0000 | ap50 0.0000 | selected combo 100000000.000000
epoch 25/100 step 20 | loss 11.8685 | det 0.1708 seg 0.4146 cnt 6.0935
epoch 25/100 step 40 | loss 10.7773 | det 0.1832 seg 0.2362 cnt 2.6268
epoch 25/100 step 60 | loss 11.0083 | det 0.3186 seg 0.2655 cnt 4.4316
epoch 25/100 | train 10.6673 | val det 0.0000 seg 0.0000 miou 0.0000 cnt 0.0000 dens 0.000000e+00 mae 0.0000 total_mae 0.0000 | ap50 0.0000 | selected combo 100000000.000000
epoch 26/100 step 20 | loss 9.2132 | det 0.4597 seg 0.2570 cnt 3.1939
epoch 26/100 step 40 | loss 9.2580 | det 0.0558 seg 0.4488 cnt 3.8102
epoch 26/100 step 60 | loss 9.7143 | det 0.1589 seg 0.7073 cnt 3.1024
epoch 26/100 | train 9.9954 | val det 0.0000 seg 0.0000 miou 0.0000 cnt 0.0000 dens 0.000000e+00 mae 0.0000 total_mae 0.0000 | ap50 0.0000 | selected combo 100000000.000000
epoch 27/100 step 20 | loss 10.3914 | det 0.6340 seg 0.3895 cnt 5.2699
epoch 27/100 step 40 | loss 10.1123 | det 0.2412 seg 0.4094 cnt 3.3781
epoch 27/100 step 60 | loss 10.4685 | det 0.0934 seg 0.3044 cnt 4.2467
epoch 27/100 | train 10.2292 | val det 0.0000 seg 0.0000 miou 0.0000 cnt 0.0000 dens 0.000000e+00 mae 0.0000 total_mae 0.0000 | ap50 0.0000 | selected combo 100000000.000000
epoch 28/100 step 20 | loss 11.8737 | det 0.0825 seg 0.1487 cnt 5.0155
epoch 28/100 step 40 | loss 11.1124 | det 0.0575 seg 0.5368 cnt 2.1075
epoch 28/100 step 60 | loss 10.4147 | det 0.0888 seg 0.6862 cnt 3.4352
epoch 28/100 | train 10.5809 | val det 0.0000 seg 0.0000 miou 0.0000 cnt 0.0000 dens 0.000000e+00 mae 0.0000 total_mae 0.0000 | ap50 0.0000 | selected combo 100000000.000000
epoch 29/100 step 20 | loss 9.2886 | det 0.1233 seg 0.2619 cnt 4.4063
epoch 29/100 step 40 | loss 9.6943 | det 0.3276 seg 0.2911 cnt 6.3026
epoch 29/100 step 60 | loss 9.7699 | det 0.4139 seg 0.1899 cnt 4.4940
epoch 29/100 | train 9.6996 | val det 0.0000 seg 0.0000 miou 0.0000 cnt 0.0000 dens 0.000000e+00 mae 0.0000 total_mae 0.0000 | ap50 0.0000 | selected combo 100000000.000000
epoch 30/100 step 20 | loss 9.3726 | det 0.1406 seg 0.3458 cnt 3.0589
epoch 30/100 step 40 | loss 9.2658 | det 0.0551 seg 0.2318 cnt 3.1001
epoch 30/100 step 60 | loss 9.4051 | det 0.1297 seg 0.1273 cnt 1.4714
epoch 30/100 | train 9.3482 | val det 0.0000 seg 0.0000 miou 0.0000 cnt 0.0000 dens 0.000000e+00 mae 0.0000 total_mae 0.0000 | ap50 0.0000 | selected combo 100000000.000000
epoch 31/100 step 20 | loss 9.3759 | det 0.5755 seg 0.1177 cnt 3.8294
epoch 31/100 step 40 | loss 10.1465 | det 0.1467 seg 0.8792 cnt 2.2591
epoch 31/100 step 60 | loss 10.1506 | det 0.1026 seg 0.3539 cnt 2.9496
epoch 31/100 | train 9.8702 | val det 0.0000 seg 0.0000 miou 0.0000 cnt 0.0000 dens 0.000000e+00 mae 0.0000 total_mae 0.0000 | ap50 0.0000 | selected combo 100000000.000000
epoch 32/100 step 20 | loss 11.8468 | det 0.1433 seg 0.4172 cnt 2.4378
epoch 32/100 step 40 | loss 10.3218 | det 0.1088 seg 0.3115 cnt 5.0356
epoch 32/100 step 60 | loss 10.4221 | det 0.4344 seg 0.2804 cnt 2.3328
epoch 32/100 | train 10.2353 | val det 0.0000 seg 0.0000 miou 0.0000 cnt 0.0000 dens 0.000000e+00 mae 0.0000 total_mae 0.0000 | ap50 0.0000 | selected combo 100000000.000000
epoch 33/100 step 20 | loss 8.3704 | det 0.1176 seg 0.1492 cnt 2.1905
epoch 33/100 step 40 | loss 8.8389 | det 0.0659 seg 0.3125 cnt 1.4862
epoch 33/100 step 60 | loss 10.4344 | det 0.1168 seg 0.3957 cnt 3.3980
epoch 33/100 | train 9.7614 | val det 0.0000 seg 0.0000 miou 0.0000 cnt 0.0000 dens 0.000000e+00 mae 0.0000 total_mae 0.0000 | ap50 0.0000 | selected combo 100000000.000000
epoch 34/100 step 20 | loss 9.9586 | det 0.2879 seg 0.4366 cnt 38.1806
epoch 34/100 step 40 | loss 8.6479 | det 0.0810 seg 0.2481 cnt 1.0462
epoch 34/100 step 60 | loss 8.6849 | det 0.0794 seg 0.2743 cnt 7.0486
epoch 34/100 | train 8.8386 | val det 0.0000 seg 0.0000 miou 0.0000 cnt 0.0000 dens 0.000000e+00 mae 0.0000 total_mae 0.0000 | ap50 0.0000 | selected combo 100000000.000000
epoch 35/100 step 20 | loss 9.7636 | det 0.0451 seg 0.5063 cnt 2.9725
epoch 35/100 step 40 | loss 9.0515 | det 0.1753 seg 0.1766 cnt 1.9792
epoch 35/100 step 60 | loss 9.0542 | det 0.0842 seg 0.3372 cnt 4.2587
epoch 35/100 | train 9.0445 | val det 0.0000 seg 0.0000 miou 0.0000 cnt 0.0000 dens 0.000000e+00 mae 0.0000 total_mae 0.0000 | ap50 0.0000 | selected combo 100000000.000000
epoch 36/100 step 20 | loss 8.7466 | det 0.0936 seg 0.3244 cnt 3.8899
epoch 36/100 step 40 | loss 8.5166 | det 0.1079 seg 0.4358 cnt 1.8843
epoch 36/100 step 60 | loss 8.2711 | det 0.1171 seg 0.2476 cnt 1.8471
epoch 36/100 | train 8.4217 | val det 0.0000 seg 0.0000 miou 0.0000 cnt 0.0000 dens 0.000000e+00 mae 0.0000 total_mae 0.0000 | ap50 0.0000 | selected combo 100000000.000000
epoch 37/100 step 20 | loss 9.2266 | det 0.5780 seg 0.2855 cnt 3.4276
epoch 37/100 step 40 | loss 8.5745 | det 0.1626 seg 0.4965 cnt 4.0666
epoch 37/100 step 60 | loss 8.9149 | det 0.2973 seg 0.1727 cnt 3.6641
epoch 37/100 | train 8.8670 | val det 0.0000 seg 0.0000 miou 0.0000 cnt 0.0000 dens 0.000000e+00 mae 0.0000 total_mae 0.0000 | ap50 0.0000 | selected combo 100000000.000000
epoch 38/100 step 20 | loss 7.7806 | det 0.4675 seg 0.5143 cnt 2.8638
epoch 38/100 step 40 | loss 8.3361 | det 0.2178 seg 0.2530 cnt 1.5295
epoch 38/100 step 60 | loss 9.0442 | det 0.0640 seg 0.1086 cnt 2.8204
epoch 38/100 | train 8.9126 | val det 0.0000 seg 0.0000 miou 0.0000 cnt 0.0000 dens 0.000000e+00 mae 0.0000 total_mae 0.0000 | ap50 0.0000 | selected combo 100000000.000000
epoch 39/100 step 20 | loss 8.2846 | det 0.1109 seg 0.3535 cnt 1.2596
epoch 39/100 step 40 | loss 8.1585 | det 0.1363 seg 0.3463 cnt 1.9639
epoch 39/100 step 60 | loss 8.2563 | det 0.1726 seg 0.2059 cnt 3.0262
epoch 39/100 | train 8.0611 | val det 0.0000 seg 0.0000 miou 0.0000 cnt 0.0000 dens 0.000000e+00 mae 0.0000 total_mae 0.0000 | ap50 0.0000 | selected combo 100000000.000000
epoch 40/100 step 20 | loss 8.7727 | det 0.1145 seg 0.2009 cnt 5.5800
epoch 40/100 step 40 | loss 8.2149 | det 0.0532 seg 0.4441 cnt 1.4472
epoch 40/100 step 60 | loss 8.1649 | det 0.1644 seg 0.2587 cnt 1.8949
epoch 40/100 | train 8.1364 | val det 0.0000 seg 0.0000 miou 0.0000 cnt 0.0000 dens 0.000000e+00 mae 0.0000 total_mae 0.0000 | ap50 0.0000 | selected combo 100000000.000000
epoch 41/100 step 20 | loss 7.4739 | det 0.1571 seg 0.1479 cnt 1.0278
epoch 41/100 step 40 | loss 8.1260 | det 0.2229 seg 0.5321 cnt 1.1326
epoch 41/100 step 60 | loss 8.0450 | det 0.0718 seg 0.2667 cnt 2.3345
epoch 41/100 | train 7.9213 | val det 0.0000 seg 0.0000 miou 0.0000 cnt 0.0000 dens 0.000000e+00 mae 0.0000 total_mae 0.0000 | ap50 0.0000 | selected combo 100000000.000000
epoch 42/100 step 20 | loss 7.6212 | det 0.0946 seg 0.2684 cnt 2.4525
epoch 42/100 step 40 | loss 7.5068 | det 0.1357 seg 0.2693 cnt 1.5803
epoch 42/100 step 60 | loss 7.7858 | det 0.3215 seg 0.1945 cnt 4.4655
epoch 42/100 | train 8.1215 | val det 0.0000 seg 0.0000 miou 0.0000 cnt 0.0000 dens 0.000000e+00 mae 0.0000 total_mae 0.0000 | ap50 0.0000 | selected combo 100000000.000000
epoch 43/100 step 20 | loss 7.6536 | det 0.1504 seg 0.4101 cnt 1.5893
epoch 43/100 step 40 | loss 7.5198 | det 0.0645 seg 0.5935 cnt 1.1520
epoch 43/100 step 60 | loss 7.7356 | det 0.0986 seg 0.3170 cnt 3.1754
epoch 43/100 | train 7.8858 | val det 0.0000 seg 0.0000 miou 0.0000 cnt 0.0000 dens 0.000000e+00 mae 0.0000 total_mae 0.0000 | ap50 0.0000 | selected combo 100000000.000000
epoch 44/100 step 20 | loss 7.5590 | det 0.0872 seg 0.1470 cnt 7.9297
epoch 44/100 step 40 | loss 7.9519 | det 0.0691 seg 0.3092 cnt 3.2447
epoch 44/100 step 60 | loss 8.0317 | det 0.2335 seg 0.0667 cnt 2.7960
epoch 44/100 | train 7.8124 | val det 0.0000 seg 0.0000 miou 0.0000 cnt 0.0000 dens 0.000000e+00 mae 0.0000 total_mae 0.0000 | ap50 0.0000 | selected combo 100000000.000000
epoch 45/100 step 20 | loss 7.3307 | det 0.1524 seg 0.3923 cnt 3.1107
epoch 45/100 step 40 | loss 7.5740 | det 0.1867 seg 0.3412 cnt 3.3659
epoch 45/100 step 60 | loss 7.6091 | det 0.3828 seg 0.2174 cnt 3.8505
epoch 45/100 | train 7.5722 | val det 0.0000 seg 0.0000 miou 0.0000 cnt 0.0000 dens 0.000000e+00 mae 0.0000 total_mae 0.0000 | ap50 0.0000 | selected combo 100000000.000000
epoch 46/100 step 20 | loss 7.4872 | det 0.0929 seg 0.3306 cnt 6.1226
epoch 46/100 step 40 | loss 7.1087 | det 0.1141 seg 0.2596 cnt 4.0107
epoch 46/100 step 60 | loss 8.0706 | det 0.0476 seg 0.4733 cnt 2.8542
epoch 46/100 | train 8.1584 | val det 0.0000 seg 0.0000 miou 0.0000 cnt 0.0000 dens 0.000000e+00 mae 0.0000 total_mae 0.0000 | ap50 0.0000 | selected combo 100000000.000000
epoch 47/100 step 20 | loss 7.9969 | det 0.0652 seg 0.3397 cnt 3.9198
epoch 47/100 step 40 | loss 8.5808 | det 0.0682 seg 0.3260 cnt 1.5843
epoch 47/100 step 60 | loss 8.6328 | det 0.3207 seg 0.2450 cnt 1.9153
epoch 47/100 | train 8.4425 | val det 0.0000 seg 0.0000 miou 0.0000 cnt 0.0000 dens 0.000000e+00 mae 0.0000 total_mae 0.0000 | ap50 0.0000 | selected combo 100000000.000000
epoch 48/100 step 20 | loss 7.8669 | det 0.0672 seg 0.4205 cnt 1.3502
epoch 48/100 step 40 | loss 8.7309 | det 0.0516 seg 0.2221 cnt 5.5303
epoch 48/100 step 60 | loss 8.3751 | det 0.4797 seg 0.2439 cnt 1.4871
epoch 48/100 | train 8.3249 | val det 0.0000 seg 0.0000 miou 0.0000 cnt 0.0000 dens 0.000000e+00 mae 0.0000 total_mae 0.0000 | ap50 0.0000 | selected combo 100000000.000000
epoch 49/100 step 20 | loss 7.5763 | det 0.0847 seg 0.1692 cnt 4.0591
epoch 49/100 step 40 | loss 7.1836 | det 0.0543 seg 0.2850 cnt 3.9882
epoch 49/100 step 60 | loss 7.2230 | det 0.1734 seg 0.1856 cnt 2.3334
epoch 49/100 | train 7.1865 | val det 0.0000 seg 0.0000 miou 0.0000 cnt 0.0000 dens 0.000000e+00 mae 0.0000 total_mae 0.0000 | ap50 0.0000 | selected combo 100000000.000000
epoch 50/100 step 20 | loss 6.8900 | det 0.2165 seg 0.2154 cnt 1.3124
epoch 50/100 step 40 | loss 7.5035 | det 0.0190 seg 0.2975 cnt 4.2256
epoch 50/100 step 60 | loss 7.5814 | det 0.0666 seg 0.1760 cnt 3.4929
epoch 50/100 | train 7.5004 | val det 0.0000 seg 0.0000 miou 0.0000 cnt 0.0000 dens 0.000000e+00 mae 0.0000 total_mae 0.0000 | ap50 0.0000 | selected combo 100000000.000000
epoch 51/100 step 20 | loss 8.8094 | det 0.0861 seg 0.0591 cnt 2.4964
epoch 51/100 step 40 | loss 8.2199 | det 0.4018 seg 0.3780 cnt 4.1788
epoch 51/100 step 60 | loss 7.8866 | det 0.1349 seg 0.2932 cnt 2.2782
epoch 51/100 | train 8.0682 | val det 0.2721 seg 0.7729 miou 0.6496 cnt 3.6916 dens 8.499064e-01 mae 2.8417 total_mae 17.4607 | ap50 0.6492 | selected combo 1.650684
[ckpt] new best cached (combo 1.650684)
epoch 52/100 step 20 | loss 7.1764 | det 0.1982 seg 0.1590 cnt 3.1735
epoch 52/100 step 40 | loss 6.8024 | det 0.1407 seg 0.2811 cnt 1.8337
epoch 52/100 step 60 | loss 7.0698 | det 0.1968 seg 0.1769 cnt 4.0877
epoch 52/100 | train 7.1060 | val det 0.2714 seg 0.8621 miou 0.6324 cnt 3.4419 dens 8.401894e-01 mae 2.6017 total_mae 14.0007 | ap50 0.6534 | selected combo 1.670157
[ckpt] new best cached (combo 1.670157)
epoch 53/100 step 20 | loss 7.8038 | det 0.1304 seg 0.1947 cnt 5.7313
epoch 53/100 step 40 | loss 7.5557 | det 0.0871 seg 0.2200 cnt 2.8238
epoch 53/100 step 60 | loss 7.3502 | det 0.1766 seg 0.2102 cnt 1.9248
epoch 53/100 | train 7.0951 | val det 0.2767 seg 0.8839 miou 0.6327 cnt 3.3508 dens 8.370029e-01 mae 2.5138 total_mae 12.2017 | ap50 0.6487 | selected combo 1.679148
[ckpt] new best cached (combo 1.679148)
epoch 54/100 step 20 | loss 6.9866 | det 0.1005 seg 0.1120 cnt 3.3150
epoch 54/100 step 40 | loss 7.5979 | det 0.0946 seg 0.1940 cnt 3.5597
epoch 54/100 step 60 | loss 7.2784 | det 0.1187 seg 0.2382 cnt 2.0072
epoch 54/100 | train 7.5215 | val det 0.2778 seg 0.8081 miou 0.6381 cnt 3.3777 dens 8.400240e-01 mae 2.5377 total_mae 12.8651 | ap50 0.6429 | selected combo 1.675048
epoch 55/100 step 20 | loss 7.7762 | det 0.1079 seg 0.2226 cnt 2.6103
epoch 55/100 step 40 | loss 7.6374 | det 0.1964 seg 0.1843 cnt 0.9822
epoch 55/100 step 60 | loss 7.5142 | det 0.1351 seg 0.2189 cnt 2.0167
epoch 55/100 | train 7.4666 | val det 0.2765 seg 0.8427 miou 0.6370 cnt 3.4703 dens 8.404135e-01 mae 2.6299 total_mae 14.7417 | ap50 0.6443 | selected combo 1.661478
epoch 56/100 step 20 | loss 6.7323 | det 0.0466 seg 0.2116 cnt 3.6443
epoch 56/100 step 40 | loss 7.1661 | det 0.4540 seg 0.2935 cnt 3.7504
epoch 56/100 step 60 | loss 7.3966 | det 0.1223 seg 0.1634 cnt 2.1074
epoch 56/100 | train 7.3750 | val det 0.2813 seg 0.7948 miou 0.6414 cnt 3.3335 dens 8.353320e-01 mae 2.4981 total_mae 12.5901 | ap50 0.6485 | selected combo 1.690151
[ckpt] new best cached (combo 1.690151)
epoch 57/100 step 20 | loss 6.2564 | det 0.0305 seg 0.2868 cnt 2.4023
epoch 57/100 step 40 | loss 6.8295 | det 0.1897 seg 0.3444 cnt 3.4288
epoch 57/100 step 60 | loss 7.0216 | det 0.0559 seg 0.1415 cnt 3.8606
epoch 57/100 | train 7.0394 | val det 0.2847 seg 0.8033 miou 0.6490 cnt 3.3855 dens 8.427324e-01 mae 2.5427 total_mae 12.9978 | ap50 0.6530 | selected combo 1.695223
[ckpt] new best cached (combo 1.695223)
epoch 58/100 step 20 | loss 7.0295 | det 0.0259 seg 0.2431 cnt 2.9450
epoch 58/100 step 40 | loss 6.5571 | det 0.0985 seg 0.3978 cnt 1.2386
epoch 58/100 step 60 | loss 6.9926 | det 0.0742 seg 0.5277 cnt 2.1823
epoch 58/100 | train 7.0429 | val det 0.2696 seg 0.8351 miou 0.6381 cnt 3.3426 dens 8.389317e-01 mae 2.5037 total_mae 12.9177 | ap50 0.6504 | selected combo 1.687948
epoch 59/100 step 20 | loss 6.8846 | det 0.0859 seg 0.1092 cnt 3.2801
epoch 59/100 step 40 | loss 8.1206 | det 0.1018 seg 0.2545 cnt 3.2217
epoch 59/100 step 60 | loss 7.6599 | det 0.2717 seg 0.1786 cnt 1.6266
epoch 59/100 | train 7.5570 | val det 0.2736 seg 0.7916 miou 0.6460 cnt 3.3709 dens 8.369891e-01 mae 2.5339 total_mae 11.8850 | ap50 0.6549 | selected combo 1.695574
[ckpt] new best cached (combo 1.695574)
epoch 60/100 step 20 | loss 7.1132 | det 0.0982 seg 0.2725 cnt 3.0590
epoch 60/100 step 40 | loss 7.3778 | det 0.0503 seg 0.4298 cnt 1.1824
epoch 60/100 step 60 | loss 7.3957 | det 0.0916 seg 0.3916 cnt 3.8740
epoch 60/100 | train 7.2981 | val det 0.2789 seg 0.7948 miou 0.6459 cnt 3.2762 dens 8.336555e-01 mae 2.4425 total_mae 11.2053 | ap50 0.6510 | selected combo 1.706374
[ckpt] new best cached (combo 1.706374)
epoch 61/100 step 20 | loss 7.1310 | det 0.0725 seg 0.4523 cnt 2.9753
epoch 61/100 step 40 | loss 6.7409 | det 0.0498 seg 0.3536 cnt 2.2297
epoch 61/100 step 60 | loss 6.7507 | det 0.0573 seg 0.2528 cnt 2.8780
epoch 61/100 | train 7.1172 | val det 0.2876 seg 0.8247 miou 0.6442 cnt 3.3684 dens 8.372184e-01 mae 2.5312 total_mae 12.6698 | ap50 0.6537 | selected combo 1.693042
epoch 62/100 step 20 | loss 6.6209 | det 0.2415 seg 0.1271 cnt 1.4357
epoch 62/100 step 40 | loss 6.6309 | det 0.3384 seg 0.1868 cnt 3.5442
epoch 62/100 step 60 | loss 6.7912 | det 0.8689 seg 0.1927 cnt 3.9526
epoch 62/100 | train 6.7696 | val det 0.2747 seg 0.8058 miou 0.6495 cnt 3.3255 dens 8.352914e-01 mae 2.4902 total_mae 11.4015 | ap50 0.6540 | selected combo 1.705062
epoch 63/100 step 20 | loss 5.8882 | det 0.1132 seg 0.3690 cnt 1.8077
epoch 63/100 step 40 | loss 6.2650 | det 0.0474 seg 0.2252 cnt 3.3872
epoch 63/100 step 60 | loss 6.5791 | det 0.0964 seg 0.3505 cnt 1.4600
epoch 63/100 | train 6.7633 | val det 0.2815 seg 0.7846 miou 0.6529 cnt 3.2921 dens 8.337098e-01 mae 2.4584 total_mae 11.7280 | ap50 0.6535 | selected combo 1.713245
[ckpt] new best cached (combo 1.713245)
epoch 64/100 step 20 | loss 6.9398 | det 0.4384 seg 0.1877 cnt 1.8433
epoch 64/100 step 40 | loss 6.9773 | det 0.0365 seg 0.2390 cnt 3.1359
epoch 64/100 step 60 | loss 6.8076 | det 0.2672 seg 0.2498 cnt 1.9180
epoch 64/100 | train 6.6409 | val det 0.2851 seg 0.8093 miou 0.6449 cnt 3.3945 dens 8.332269e-01 mae 2.5613 total_mae 13.0522 | ap50 0.6518 | selected combo 1.687176
epoch 65/100 step 20 | loss 7.2227 | det 0.1195 seg 0.1496 cnt 0.8261
epoch 65/100 step 40 | loss 7.4187 | det 0.0479 seg 0.0921 cnt 1.8489
epoch 65/100 step 60 | loss 6.9036 | det 0.0169 seg 0.2255 cnt 4.1653
epoch 65/100 | train 7.0234 | val det 0.2836 seg 0.7637 miou 0.6574 cnt 3.2995 dens 8.316814e-01 mae 2.4678 total_mae 12.2400 | ap50 0.6554 | selected combo 1.718001
[ckpt] new best cached (combo 1.718001)
epoch 66/100 step 20 | loss 6.1904 | det 0.1182 seg 0.1588 cnt 2.3059
epoch 66/100 step 40 | loss 6.0968 | det 0.0578 seg 0.1285 cnt 1.7591
epoch 66/100 step 60 | loss 6.2574 | det 0.8226 seg 0.2317 cnt 4.3921
epoch 66/100 | train 6.2163 | val det 0.2831 seg 0.7843 miou 0.6479 cnt 3.4187 dens 8.401481e-01 mae 2.5785 total_mae 14.1334 | ap50 0.6538 | selected combo 1.689517
epoch 67/100 step 20 | loss 7.5644 | det 0.0228 seg 0.1764 cnt 1.1634
epoch 67/100 step 40 | loss 6.6357 | det 0.1411 seg 0.2907 cnt 1.5103
epoch 67/100 step 60 | loss 6.7846 | det 0.5824 seg 0.1938 cnt 1.8308
epoch 67/100 | train 6.6243 | val det 0.2946 seg 0.7824 miou 0.6492 cnt 3.3394 dens 8.349450e-01 mae 2.5045 total_mae 12.1960 | ap50 0.6577 | selected combo 1.706165
epoch 68/100 step 20 | loss 6.2224 | det 0.1447 seg 0.1622 cnt 1.8576
epoch 68/100 step 40 | loss 6.7672 | det 0.2030 seg 0.1342 cnt 2.6246
epoch 68/100 step 60 | loss 6.9425 | det 0.4014 seg 0.2912 cnt 0.9867
epoch 68/100 | train 7.0788 | val det 0.2887 seg 0.7719 miou 0.6527 cnt 3.2993 dens 8.322945e-01 mae 2.4670 total_mae 11.4749 | ap50 0.6541 | selected combo 1.712142
epoch 69/100 step 20 | loss 6.4984 | det 0.0688 seg 0.2943 cnt 6.3197
epoch 69/100 step 40 | loss 7.1467 | det 0.1605 seg 0.2504 cnt 1.6151
epoch 69/100 step 60 | loss 7.0194 | det 0.0978 seg 0.2041 cnt 1.9314
epoch 69/100 | train 6.7609 | val det 0.2816 seg 0.8161 miou 0.6484 cnt 3.3128 dens 8.349224e-01 mae 2.4779 total_mae 12.4958 | ap50 0.6569 | selected combo 1.708895
epoch 70/100 step 20 | loss 7.5169 | det 0.1337 seg 0.1191 cnt 1.4288
epoch 70/100 step 40 | loss 7.3890 | det 0.2176 seg 0.2726 cnt 1.6877
epoch 70/100 step 60 | loss 7.2789 | det 0.0639 seg 0.3040 cnt 3.5694
epoch 70/100 | train 7.4021 | val det 0.2755 seg 0.8104 miou 0.6495 cnt 3.3903 dens 8.342535e-01 mae 2.5560 total_mae 13.8510 | ap50 0.6541 | selected combo 1.694841
epoch 71/100 step 20 | loss 6.8595 | det 0.0568 seg 0.2174 cnt 2.0271
epoch 71/100 step 40 | loss 6.2760 | det 0.2379 seg 0.3836 cnt 3.1572
epoch 71/100 step 60 | loss 6.7858 | det 0.0356 seg 0.1939 cnt 1.5569
epoch 71/100 | train 6.7154 | val det 0.2807 seg 0.8009 miou 0.6535 cnt 3.2656 dens 8.303737e-01 mae 2.4352 total_mae 11.4346 | ap50 0.6482 | selected combo 1.712317
epoch 72/100 step 20 | loss 6.3992 | det 0.0637 seg 0.2129 cnt 1.9668
epoch 72/100 step 40 | loss 7.3483 | det 0.1566 seg 0.2221 cnt 3.0870
epoch 72/100 step 60 | loss 7.2446 | det 0.0833 seg 0.1271 cnt 2.9124
epoch 72/100 | train 7.0203 | val det 0.2834 seg 0.7961 miou 0.6511 cnt 3.2966 dens 8.301613e-01 mae 2.4664 total_mae 11.7200 | ap50 0.6599 | selected combo 1.716377
epoch 73/100 step 20 | loss 10.3479 | det 0.4568 seg 0.1197 cnt 2.5642
epoch 73/100 step 40 | loss 8.7823 | det 0.0607 seg 0.3165 cnt 3.1096
epoch 73/100 step 60 | loss 7.7114 | det 0.0541 seg 0.1516 cnt 0.9986
epoch 73/100 | train 7.2485 | val det 0.2897 seg 0.8411 miou 0.6432 cnt 3.3018 dens 8.291319e-01 mae 2.4726 total_mae 11.4777 | ap50 0.6585 | selected combo 1.706132
epoch 74/100 step 20 | loss 6.4662 | det 0.1025 seg 0.1943 cnt 0.6801
epoch 74/100 step 40 | loss 6.2260 | det 0.0510 seg 0.1943 cnt 2.2679
epoch 74/100 step 60 | loss 5.9618 | det 0.0373 seg 0.2412 cnt 1.7722
epoch 74/100 | train 5.9276 | val det 0.2867 seg 0.8428 miou 0.6479 cnt 3.2973 dens 8.314040e-01 mae 2.4659 total_mae 11.9359 | ap50 0.6545 | selected combo 1.707937
epoch 75/100 step 20 | loss 6.6032 | det 0.0308 seg 0.1662 cnt 3.3391
epoch 75/100 step 40 | loss 6.2060 | det 0.0755 seg 0.2021 cnt 2.2080
epoch 75/100 step 60 | loss 6.6691 | det 0.0301 seg 0.2491 cnt 2.2164
epoch 75/100 | train 6.6006 | val det 0.2920 seg 0.8124 miou 0.6510 cnt 3.2720 dens 8.311034e-01 mae 2.4409 total_mae 11.4219 | ap50 0.6564 | selected combo 1.717060
epoch 76/100 step 20 | loss 5.5039 | det 0.0654 seg 0.4484 cnt 1.5411
epoch 76/100 step 40 | loss 6.4559 | det 0.0833 seg 0.2007 cnt 1.1122
epoch 76/100 step 60 | loss 6.3121 | det 0.1257 seg 0.2354 cnt 1.9112
epoch 76/100 | train 6.2705 | val det 0.2876 seg 0.8052 miou 0.6505 cnt 3.3684 dens 8.324263e-01 mae 2.5360 total_mae 12.5148 | ap50 0.6555 | selected combo 1.700360
epoch 77/100 step 20 | loss 6.6996 | det 0.0390 seg 0.1387 cnt 2.9226
epoch 77/100 step 40 | loss 6.6286 | det 0.0337 seg 0.1625 cnt 2.9426
epoch 77/100 step 60 | loss 6.2134 | det 0.1012 seg 0.1509 cnt 5.2484
epoch 77/100 | train 6.3249 | val det 0.2890 seg 0.8376 miou 0.6498 cnt 3.2980 dens 8.309524e-01 mae 2.4671 total_mae 11.7455 | ap50 0.6521 | selected combo 1.707254
epoch 78/100 step 20 | loss 6.6989 | det 0.0787 seg 0.4185 cnt 1.1403
epoch 78/100 step 40 | loss 6.6600 | det 0.1930 seg 0.1391 cnt 2.2984
epoch 78/100 step 60 | loss 6.5489 | det 0.0334 seg 0.1764 cnt 1.2445
epoch 78/100 | train 6.3870 | val det 0.3013 seg 0.7710 miou 0.6508 cnt 3.3080 dens 8.291264e-01 mae 2.4789 total_mae 11.1037 | ap50 0.6483 | selected combo 1.702515
epoch 79/100 step 20 | loss 5.8581 | det 0.0590 seg 0.2743 cnt 2.0426
epoch 79/100 step 40 | loss 6.1776 | det 0.2623 seg 0.1650 cnt 2.2502
epoch 79/100 step 60 | loss 6.1460 | det 0.8480 seg 0.2307 cnt 2.3151
epoch 79/100 | train 6.1345 | val det 0.2877 seg 0.8346 miou 0.6465 cnt 3.2874 dens 8.278154e-01 mae 2.4596 total_mae 11.3363 | ap50 0.6541 | selected combo 1.707204
epoch 80/100 step 20 | loss 5.6968 | det 0.0466 seg 0.1061 cnt 1.2633
epoch 80/100 step 40 | loss 6.1446 | det 0.1867 seg 0.2294 cnt 4.0570
epoch 80/100 step 60 | loss 5.8611 | det 0.0569 seg 0.3413 cnt 2.1448
epoch 80/100 | train 5.9653 | val det 0.2947 seg 0.8335 miou 0.6479 cnt 3.2511 dens 8.286571e-01 mae 2.4225 total_mae 11.2720 | ap50 0.6573 | selected combo 1.718029
[ckpt] new best cached (combo 1.718029)
epoch 81/100 step 20 | loss 5.2701 | det 0.1248 seg 0.0773 cnt 2.3192
epoch 81/100 step 40 | loss 5.7508 | det 0.0978 seg 0.2316 cnt 1.4824
epoch 81/100 step 60 | loss 5.8276 | det 0.1182 seg 0.1306 cnt 4.1679
epoch 81/100 | train 5.6173 | val det 0.2925 seg 0.8170 miou 0.6547 cnt 3.2327 dens 8.276376e-01 mae 2.4051 total_mae 11.3354 | ap50 0.6595 | selected combo 1.729982
[ckpt] new best cached (combo 1.729982)
epoch 82/100 step 20 | loss 5.4650 | det 0.1508 seg 0.2213 cnt 2.5379
epoch 82/100 step 40 | loss 5.6612 | det 0.0916 seg 0.1724 cnt 1.5122
epoch 82/100 step 60 | loss 5.9017 | det 0.0371 seg 0.5616 cnt 1.8171
epoch 82/100 | train 5.9154 | val det 0.2858 seg 0.8456 miou 0.6517 cnt 3.2213 dens 8.279226e-01 mae 2.3934 total_mae 11.7377 | ap50 0.6624 | selected combo 1.731979
[ckpt] new best cached (combo 1.731979)
epoch 83/100 step 20 | loss 6.7345 | det 0.0700 seg 0.2281 cnt 1.3313
epoch 83/100 step 40 | loss 6.3169 | det 0.4350 seg 0.1335 cnt 2.9848
epoch 83/100 step 60 | loss 6.0963 | det 0.0565 seg 0.2301 cnt 2.9773
epoch 83/100 | train 6.1788 | val det 0.2887 seg 0.8055 miou 0.6539 cnt 3.5664 dens 8.363627e-01 mae 2.7300 total_mae 15.9534 | ap50 0.6598 | selected combo 1.679934
epoch 84/100 step 20 | loss 5.7160 | det 0.0360 seg 0.2690 cnt 2.0507
epoch 84/100 step 40 | loss 5.8233 | det 0.0494 seg 0.1781 cnt 1.9730
epoch 84/100 step 60 | loss 5.9171 | det 0.0433 seg 0.1574 cnt 7.5972
epoch 84/100 | train 5.8711 | val det 0.2928 seg 0.8046 miou 0.6551 cnt 3.2283 dens 8.298024e-01 mae 2.3984 total_mae 11.9278 | ap50 0.6565 | selected combo 1.728488
epoch 85/100 step 20 | loss 6.6688 | det 0.0342 seg 0.1357 cnt 2.3128
epoch 85/100 step 40 | loss 6.8483 | det 0.0438 seg 0.0805 cnt 3.7566
epoch 85/100 step 60 | loss 6.2796 | det 0.0603 seg 0.1541 cnt 1.2820
epoch 85/100 | train 6.1768 | val det 0.2963 seg 0.8170 miou 0.6562 cnt 3.2169 dens 8.272268e-01 mae 2.3897 total_mae 11.3559 | ap50 0.6621 | selected combo 1.736824
[ckpt] new best cached (combo 1.736824)
epoch 86/100 step 20 | loss 6.1234 | det 0.0262 seg 0.1820 cnt 1.1940
epoch 86/100 step 40 | loss 5.7470 | det 0.0543 seg 0.1510 cnt 1.4177
epoch 86/100 step 60 | loss 5.4400 | det 0.0303 seg 0.1080 cnt 2.1733
epoch 86/100 | train 5.5353 | val det 0.2934 seg 0.8462 miou 0.6569 cnt 3.3430 dens 8.301357e-01 mae 2.5128 total_mae 12.5042 | ap50 0.6557 | selected combo 1.710590
epoch 87/100 step 20 | loss 6.1296 | det 0.1147 seg 0.1502 cnt 3.8706
epoch 87/100 step 40 | loss 5.7577 | det 0.0593 seg 0.1180 cnt 2.5135
epoch 87/100 step 60 | loss 5.6763 | det 0.1203 seg 0.2455 cnt 2.2488
epoch 87/100 | train 5.7621 | val det 0.2884 seg 0.8258 miou 0.6516 cnt 3.3114 dens 8.285813e-01 mae 2.4828 total_mae 12.8457 | ap50 0.6555 | selected combo 1.709850
epoch 88/100 step 20 | loss 6.1959 | det 0.0603 seg 0.1330 cnt 0.7962
epoch 88/100 step 40 | loss 5.7688 | det 0.0566 seg 0.1330 cnt 1.4004
epoch 88/100 step 60 | loss 5.8973 | det 0.1073 seg 0.0881 cnt 2.5859
epoch 88/100 | train 5.9355 | val det 0.2852 seg 0.8011 miou 0.6504 cnt 3.2777 dens 8.279526e-01 mae 2.4497 total_mae 12.3221 | ap50 0.6568 | selected combo 1.715400
epoch 89/100 step 20 | loss 5.6321 | det 0.0387 seg 0.2489 cnt 1.0861
epoch 89/100 step 40 | loss 5.4764 | det 0.1443 seg 0.1406 cnt 5.1801
epoch 89/100 step 60 | loss 5.3807 | det 0.0393 seg 0.1417 cnt 2.0249
epoch 89/100 | train 5.2962 | val det 0.2888 seg 0.9608 miou 0.6532 cnt 3.2661 dens 8.272607e-01 mae 2.4388 total_mae 11.7939 | ap50 0.6553 | selected combo 1.718506
epoch 90/100 step 20 | loss 5.8325 | det 0.2137 seg 0.1271 cnt 3.7053
epoch 90/100 step 40 | loss 5.9896 | det 0.1683 seg 0.1838 cnt 1.6053
epoch 90/100 step 60 | loss 5.9532 | det 0.0553 seg 0.1474 cnt 1.0240
epoch 90/100 | train 6.3352 | val det 0.3010 seg 0.8372 miou 0.6590 cnt 3.2300 dens 8.275609e-01 mae 2.4025 total_mae 11.7984 | ap50 0.6575 | selected combo 1.732651
epoch 91/100 step 20 | loss 5.5521 | det 0.1387 seg 0.2043 cnt 2.2414
epoch 91/100 step 40 | loss 5.7958 | det 0.0658 seg 0.2577 cnt 1.4240
epoch 91/100 step 60 | loss 5.7355 | det 0.0358 seg 0.2683 cnt 2.0252
epoch 91/100 | train 5.9144 | val det 0.2945 seg 0.8248 miou 0.6527 cnt 3.2174 dens 8.258087e-01 mae 2.3916 total_mae 10.8594 | ap50 0.6578 | selected combo 1.728571
epoch 92/100 step 20 | loss 6.1399 | det 0.5509 seg 0.3119 cnt 2.1423
epoch 92/100 step 40 | loss 5.7778 | det 0.0155 seg 0.2059 cnt 1.4642
epoch 92/100 step 60 | loss 5.4802 | det 0.0292 seg 0.2126 cnt 1.2699
epoch 92/100 | train 5.5128 | val det 0.2959 seg 0.8364 miou 0.6551 cnt 3.2338 dens 8.273334e-01 mae 2.4065 total_mae 11.3075 | ap50 0.6621 | selected combo 1.732734
epoch 93/100 step 20 | loss 5.9456 | det 0.3981 seg 0.4029 cnt 0.9350
epoch 93/100 step 40 | loss 5.8681 | det 0.0360 seg 0.1570 cnt 1.6128
epoch 93/100 step 60 | loss 5.5182 | det 0.0917 seg 0.2021 cnt 2.3409
epoch 93/100 | train 5.6755 | val det 0.2884 seg 0.8248 miou 0.6577 cnt 3.2543 dens 8.265206e-01 mae 2.4277 total_mae 11.1457 | ap50 0.6615 | selected combo 1.731091
epoch 94/100 step 20 | loss 4.5633 | det 0.0899 seg 0.1322 cnt 1.1521
epoch 94/100 step 40 | loss 5.1136 | det 0.2144 seg 0.2189 cnt 11.9428
epoch 94/100 step 60 | loss 4.9329 | det 0.0361 seg 0.1864 cnt 1.2281
epoch 94/100 | train 5.0689 | val det 0.2962 seg 0.8162 miou 0.6524 cnt 3.2238 dens 8.269060e-01 mae 2.3969 total_mae 11.7109 | ap50 0.6583 | selected combo 1.727926
epoch 95/100 step 20 | loss 6.0150 | det 0.2175 seg 0.1777 cnt 3.2814
epoch 95/100 step 40 | loss 5.6537 | det 0.0424 seg 0.0284 cnt 1.7675
epoch 95/100 step 60 | loss 5.5037 | det 0.0780 seg 0.1355 cnt 1.6880
epoch 95/100 | train 5.7919 | val det 0.2947 seg 0.8081 miou 0.6577 cnt 3.2515 dens 8.282741e-01 mae 2.4233 total_mae 11.8230 | ap50 0.6606 | selected combo 1.730985
epoch 96/100 step 20 | loss 5.9915 | det 0.0379 seg 0.3366 cnt 1.7259
epoch 96/100 step 40 | loss 5.6688 | det 0.0815 seg 0.3204 cnt 1.0282
epoch 96/100 step 60 | loss 5.5121 | det 0.3151 seg 0.1577 cnt 1.9101
epoch 96/100 | train 5.4506 | val det 0.2904 seg 0.8384 miou 0.6561 cnt 3.2418 dens 8.266196e-01 mae 2.4151 total_mae 10.9060 | ap50 0.6638 | selected combo 1.733928
epoch 97/100 step 20 | loss 5.0911 | det 0.0421 seg 0.4152 cnt 1.7067
epoch 97/100 step 40 | loss 5.9185 | det 0.1044 seg 0.2185 cnt 1.3058
epoch 97/100 step 60 | loss 5.7293 | det 0.3630 seg 0.2261 cnt 2.0244
epoch 97/100 | train 5.6848 | val det 0.2927 seg 0.8476 miou 0.6552 cnt 3.2372 dens 8.260835e-01 mae 2.4111 total_mae 11.0118 | ap50 0.6650 | selected combo 1.734977
epoch 98/100 step 20 | loss 5.3755 | det 0.0304 seg 0.2081 cnt 2.4563
epoch 98/100 step 40 | loss 5.0141 | det 0.0469 seg 0.2346 cnt 1.1938
epoch 98/100 step 60 | loss 5.0148 | det 0.3072 seg 0.2419 cnt 1.2790
epoch 98/100 | train 5.0761 | val det 0.2876 seg 0.8717 miou 0.6545 cnt 3.2501 dens 8.274733e-01 mae 2.4226 total_mae 11.5829 | ap50 0.6609 | selected combo 1.728139
epoch 99/100 step 20 | loss 4.6548 | det 0.0390 seg 0.2841 cnt 1.6040
epoch 99/100 step 40 | loss 4.7409 | det 0.0296 seg 0.1570 cnt 4.8646
epoch 99/100 step 60 | loss 5.0492 | det 0.1851 seg 0.2071 cnt 1.6822
epoch 99/100 | train 5.1407 | val det 0.2934 seg 0.8579 miou 0.6545 cnt 3.3377 dens 8.280154e-01 mae 2.5097 total_mae 11.6342 | ap50 0.6614 | selected combo 1.714271
epoch 100/100 step 20 | loss 5.0049 | det 0.0783 seg 0.1690 cnt 2.2421
epoch 100/100 step 40 | loss 5.2695 | det 0.5702 seg 0.0961 cnt 1.6012
epoch 100/100 step 60 | loss 5.3129 | det 0.0550 seg 0.4546 cnt 1.9137
epoch 100/100 | train 5.2991 | val det 0.2900 seg 0.8619 miou 0.6570 cnt 3.2406 dens 8.279578e-01 mae 2.4126 total_mae 11.1636 | ap50 0.6628 | selected combo 1.734246
[ckpt] saved best -> runs/lora_20per/best_combo.pt (combo 1.736824)
[run] project: /data/xiangyuyue/ULLM-zf/fsl-20260209
[run] ckpt: runs/lora_20per/best_combo.pt
[run] stats: runs/lora_20per/stats_eval_best_combo_20260416_225449
[run] cmd: /data/xiangyuyue/ULLM-zf/fsl-20260209/miniconda3/envs/fsl/bin/python -m lora_multitask.eval --checkpoint runs/lora_20per/best_combo.pt --tasks det,seg,cnt --stats-dir runs/lora_20per/stats_eval_best_combo_20260416_225449 --device cuda --image-size 448 --model-name dinov3_vitl16 --det-data-root /data/xiangyuyue/ULLM-zf/fsl-20260209/data/det/coco --det-ann-file /data/xiangyuyue/ULLM-zf/fsl-20260209/data/det/coco/annotations/instances_test.json --det-img-dir /data/xiangyuyue/ULLM-zf/fsl-20260209/data/det/coco/images/test --det-backbone-checkpoint /data/xiangyuyue/ULLM-zf/fsl-20260209/dinov3_vitl16_pretrain_lvd1689m-8aa4cbdd.pth --det-score-thr 0 --seg-data-dir /data/xiangyuyue/ULLM-zf/fsl-20260209/data/seg/nas/liyangguang103/newdataset/CD-SematicSeg/EvLab-SS/mydataset/test --seg-backbone-checkpoint /data/xiangyuyue/ULLM-zf/fsl-20260209/dinov3_vitl16_pretrain_lvd1689m-8aa4cbdd.pth --cnt-data-root /data/xiangyuyue/ULLM-zf/fsl-20260209/data/cnt/nas/liyangguang103/newdataset/CD-Count/DSACA --cnt-test-dir /data/xiangyuyue/ULLM-zf/fsl-20260209/data/cnt/nas/liyangguang103/newdataset/CD-Count/DSACA/test_data_class8 --cnt-backbone-checkpoint /data/xiangyuyue/ULLM-zf/fsl-20260209/dinov3_vitl16_pretrain_lvd1689m-8aa4cbdd.pth --det-use-coco-eval

[lora] enabled: replaced_linear=48, trainable_params=1966080
[multitask/eval] shared(full): total=464, matched=464 (100.0%), missing=0, unexpected=0
[multitask/eval] detector: missing=464 (expected_shared_missing=464, real_missing=0), unexpected=0
[multitask/eval] seg_head: missing=0, unexpected=0
[multitask/eval] cnt_head: missing=0, unexpected=0
[multitask/eval][det] processed 50/367
[multitask/eval][det] processed 100/367
[multitask/eval][det] processed 150/367
[multitask/eval][det] processed 200/367
[multitask/eval][det] processed 250/367
[multitask/eval][det] processed 300/367
[multitask/eval][det] processed 350/367
loading annotations into memory...
Done (t=0.49s)
creating index...
index created!
Loading and preparing results...
DONE (t=0.72s)
creating index...
index created!
Running per image evaluation...
Evaluate annotation type *bbox*
DONE (t=59.96s).
Accumulating evaluation results...
DONE (t=2.38s).
 Average Precision  (AP) @[ IoU=0.50:0.95 | area=   all | maxDets=100 ] = 0.271
 Average Precision  (AP) @[ IoU=0.50      | area=   all | maxDets=100 ] = 0.523
 Average Precision  (AP) @[ IoU=0.75      | area=   all | maxDets=100 ] = 0.256
 Average Precision  (AP) @[ IoU=0.50:0.95 | area= small | maxDets=100 ] = 0.004
 Average Precision  (AP) @[ IoU=0.50:0.95 | area=medium | maxDets=100 ] = 0.156
 Average Precision  (AP) @[ IoU=0.50:0.95 | area= large | maxDets=100 ] = 0.467
 Average Recall     (AR) @[ IoU=0.50:0.95 | area=   all | maxDets=  1 ] = 0.203
 Average Recall     (AR) @[ IoU=0.50:0.95 | area=   all | maxDets= 10 ] = 0.324
 Average Recall     (AR) @[ IoU=0.50:0.95 | area=   all | maxDets=100 ] = 0.338
 Average Recall     (AR) @[ IoU=0.50:0.95 | area= small | maxDets=100 ] = 0.017
 Average Recall     (AR) @[ IoU=0.50:0.95 | area=medium | maxDets=100 ] = 0.220
 Average Recall     (AR) @[ IoU=0.50:0.95 | area= large | maxDets=100 ] = 0.558
Saved predictions to runs/lora_20per/stats_eval_best_combo_20260416_225449/predictions_det_instances_test.json
Saved metrics to runs/lora_20per/stats_eval_best_combo_20260416_225449/metrics_det_instances_test.json
[multitask/eval][seg] processed 0/1112
[multitask/eval][seg] processed 10/1112
[multitask/eval][seg] processed 20/1112
[multitask/eval][seg] processed 30/1112
[multitask/eval][seg] processed 40/1112
[multitask/eval][seg] processed 50/1112
[multitask/eval][seg] processed 60/1112
[multitask/eval][seg] processed 70/1112
[multitask/eval][seg] processed 80/1112
[multitask/eval][seg] processed 90/1112
[multitask/eval][seg] processed 100/1112
[multitask/eval][seg] processed 110/1112
[multitask/eval][seg] processed 120/1112
[multitask/eval][seg] processed 130/1112
[multitask/eval][seg] processed 140/1112
[multitask/eval][seg] processed 150/1112
[multitask/eval][seg] processed 160/1112
[multitask/eval][seg] processed 170/1112
[multitask/eval][seg] processed 180/1112
[multitask/eval][seg] processed 190/1112
[multitask/eval][seg] processed 200/1112
[multitask/eval][seg] processed 210/1112
[multitask/eval][seg] processed 220/1112
[multitask/eval][seg] processed 230/1112
[multitask/eval][seg] processed 240/1112
[multitask/eval][seg] processed 250/1112
[multitask/eval][seg] processed 260/1112
[multitask/eval][seg] processed 270/1112
[multitask/eval][seg] processed 280/1112
[multitask/eval][seg] processed 290/1112
[multitask/eval][seg] processed 300/1112
[multitask/eval][seg] processed 310/1112
[multitask/eval][seg] processed 320/1112
[multitask/eval][seg] processed 330/1112
[multitask/eval][seg] processed 340/1112
[multitask/eval][seg] processed 350/1112
[multitask/eval][seg] processed 360/1112
[multitask/eval][seg] processed 370/1112
[multitask/eval][seg] processed 380/1112
[multitask/eval][seg] processed 390/1112
[multitask/eval][seg] processed 400/1112
[multitask/eval][seg] processed 410/1112
[multitask/eval][seg] processed 420/1112
[multitask/eval][seg] processed 430/1112
[multitask/eval][seg] processed 440/1112
[multitask/eval][seg] processed 450/1112
[multitask/eval][seg] processed 460/1112
[multitask/eval][seg] processed 470/1112
[multitask/eval][seg] processed 480/1112
[multitask/eval][seg] processed 490/1112
[multitask/eval][seg] processed 500/1112
[multitask/eval][seg] processed 510/1112
[multitask/eval][seg] processed 520/1112
[multitask/eval][seg] processed 530/1112
[multitask/eval][seg] processed 540/1112
[multitask/eval][seg] processed 550/1112
[multitask/eval][seg] processed 560/1112
[multitask/eval][seg] processed 570/1112
[multitask/eval][seg] processed 580/1112
[multitask/eval][seg] processed 590/1112
[multitask/eval][seg] processed 600/1112
[multitask/eval][seg] processed 610/1112
[multitask/eval][seg] processed 620/1112
[multitask/eval][seg] processed 630/1112
[multitask/eval][seg] processed 640/1112
[multitask/eval][seg] processed 650/1112
[multitask/eval][seg] processed 660/1112
[multitask/eval][seg] processed 670/1112
[multitask/eval][seg] processed 680/1112
[multitask/eval][seg] processed 690/1112
[multitask/eval][seg] processed 700/1112
[multitask/eval][seg] processed 710/1112
[multitask/eval][seg] processed 720/1112
[multitask/eval][seg] processed 730/1112
[multitask/eval][seg] processed 740/1112
[multitask/eval][seg] processed 750/1112
[multitask/eval][seg] processed 760/1112
[multitask/eval][seg] processed 770/1112
[multitask/eval][seg] processed 780/1112
[multitask/eval][seg] processed 790/1112
[multitask/eval][seg] processed 800/1112
[multitask/eval][seg] processed 810/1112
[multitask/eval][seg] processed 820/1112
[multitask/eval][seg] processed 830/1112
[multitask/eval][seg] processed 840/1112
[multitask/eval][seg] processed 850/1112
[multitask/eval][seg] processed 860/1112
[multitask/eval][seg] processed 870/1112
[multitask/eval][seg] processed 880/1112
[multitask/eval][seg] processed 890/1112
[multitask/eval][seg] processed 900/1112
[multitask/eval][seg] processed 910/1112
[multitask/eval][seg] processed 920/1112
[multitask/eval][seg] processed 930/1112
[multitask/eval][seg] processed 940/1112
[multitask/eval][seg] processed 950/1112
[multitask/eval][seg] processed 960/1112
[multitask/eval][seg] processed 970/1112
[multitask/eval][seg] processed 980/1112
[multitask/eval][seg] processed 990/1112
[multitask/eval][seg] processed 1000/1112
[multitask/eval][seg] processed 1010/1112
[multitask/eval][seg] processed 1020/1112
[multitask/eval][seg] processed 1030/1112
[multitask/eval][seg] processed 1040/1112
[multitask/eval][seg] processed 1050/1112
[multitask/eval][seg] processed 1060/1112
[multitask/eval][seg] processed 1070/1112
[multitask/eval][seg] processed 1080/1112
[multitask/eval][seg] processed 1090/1112
[multitask/eval][seg] processed 1100/1112
[multitask/eval][seg] processed 1110/1112
Saved metrics to runs/lora_20per/stats_eval_best_combo_20260416_225449/metrics_seg_test.json
Saved metrics to runs/lora_20per/stats_eval_best_combo_20260416_225449/metrics_cnt_test_data_class8.json
[multitask/eval] wrote full-model summary: runs/lora_20per/stats_eval_best_combo_20260416_225449/multitask_full_model_eval_summary.json
