WARNING:__main__:
*****************************************
Setting OMP_NUM_THREADS environment variable for each process to be 1 in default, to avoid your system being overloaded, please further tune the variable for optimal performance in your application as needed. 
*****************************************
[lora] enabled: replaced_linear=48, trainable_params=1966080
[params] trainable_total=35741127
/data/xiangyuyue/ULLM-zf/fsl-20260209/miniconda3/envs/fsl/lib/python3.11/site-packages/torch/autograd/graph.py:825: UserWarning: Grad strides do not match bucket view strides. This may indicate grad was not created according to the gradient layout contract, or that the param's strides changed since DDP was constructed.  This is not an error, but may impair performance.
grad.sizes() = [8, 1024, 1, 1], strides() = [1024, 1, 1024, 1024]
bucket_view.sizes() = [8, 1024, 1, 1], strides() = [1024, 1, 1, 1] (Triggered internally at ../torch/csrc/distributed/c10d/reducer.cpp:327.)
  return Variable._execution_engine.run_backward(  # Calls into the C++ engine to run the backward pass
/data/xiangyuyue/ULLM-zf/fsl-20260209/miniconda3/envs/fsl/lib/python3.11/site-packages/torch/autograd/graph.py:825: UserWarning: Grad strides do not match bucket view strides. This may indicate grad was not created according to the gradient layout contract, or that the param's strides changed since DDP was constructed.  This is not an error, but may impair performance.
grad.sizes() = [8, 1024, 1, 1], strides() = [1024, 1, 1024, 1024]
bucket_view.sizes() = [8, 1024, 1, 1], strides() = [1024, 1, 1, 1] (Triggered internally at ../torch/csrc/distributed/c10d/reducer.cpp:327.)
  return Variable._execution_engine.run_backward(  # Calls into the C++ engine to run the backward pass
/data/xiangyuyue/ULLM-zf/fsl-20260209/miniconda3/envs/fsl/lib/python3.11/site-packages/torch/autograd/graph.py:825: UserWarning: Grad strides do not match bucket view strides. This may indicate grad was not created according to the gradient layout contract, or that the param's strides changed since DDP was constructed.  This is not an error, but may impair performance.
grad.sizes() = [8, 1024, 1, 1], strides() = [1024, 1, 1024, 1024]
bucket_view.sizes() = [8, 1024, 1, 1], strides() = [1024, 1, 1, 1] (Triggered internally at ../torch/csrc/distributed/c10d/reducer.cpp:327.)
  return Variable._execution_engine.run_backward(  # Calls into the C++ engine to run the backward pass
/data/xiangyuyue/ULLM-zf/fsl-20260209/miniconda3/envs/fsl/lib/python3.11/site-packages/torch/autograd/graph.py:825: UserWarning: Grad strides do not match bucket view strides. This may indicate grad was not created according to the gradient layout contract, or that the param's strides changed since DDP was constructed.  This is not an error, but may impair performance.
grad.sizes() = [8, 1024, 1, 1], strides() = [1024, 1, 1024, 1024]
bucket_view.sizes() = [8, 1024, 1, 1], strides() = [1024, 1, 1, 1] (Triggered internally at ../torch/csrc/distributed/c10d/reducer.cpp:327.)
  return Variable._execution_engine.run_backward(  # Calls into the C++ engine to run the backward pass
/data/xiangyuyue/ULLM-zf/fsl-20260209/miniconda3/envs/fsl/lib/python3.11/site-packages/torch/autograd/graph.py:825: UserWarning: Grad strides do not match bucket view strides. This may indicate grad was not created according to the gradient layout contract, or that the param's strides changed since DDP was constructed.  This is not an error, but may impair performance.
grad.sizes() = [8, 1024, 1, 1], strides() = [1024, 1, 1024, 1024]
bucket_view.sizes() = [8, 1024, 1, 1], strides() = [1024, 1, 1, 1] (Triggered internally at ../torch/csrc/distributed/c10d/reducer.cpp:327.)
  return Variable._execution_engine.run_backward(  # Calls into the C++ engine to run the backward pass
/data/xiangyuyue/ULLM-zf/fsl-20260209/miniconda3/envs/fsl/lib/python3.11/site-packages/torch/autograd/graph.py:825: UserWarning: Grad strides do not match bucket view strides. This may indicate grad was not created according to the gradient layout contract, or that the param's strides changed since DDP was constructed.  This is not an error, but may impair performance.
grad.sizes() = [8, 1024, 1, 1], strides() = [1024, 1, 1024, 1024]
bucket_view.sizes() = [8, 1024, 1, 1], strides() = [1024, 1, 1, 1] (Triggered internally at ../torch/csrc/distributed/c10d/reducer.cpp:327.)
  return Variable._execution_engine.run_backward(  # Calls into the C++ engine to run the backward pass
/data/xiangyuyue/ULLM-zf/fsl-20260209/miniconda3/envs/fsl/lib/python3.11/site-packages/torch/autograd/graph.py:825: UserWarning: Grad strides do not match bucket view strides. This may indicate grad was not created according to the gradient layout contract, or that the param's strides changed since DDP was constructed.  This is not an error, but may impair performance.
grad.sizes() = [8, 1024, 1, 1], strides() = [1024, 1, 1024, 1024]
bucket_view.sizes() = [8, 1024, 1, 1], strides() = [1024, 1, 1, 1] (Triggered internally at ../torch/csrc/distributed/c10d/reducer.cpp:327.)
  return Variable._execution_engine.run_backward(  # Calls into the C++ engine to run the backward pass
/data/xiangyuyue/ULLM-zf/fsl-20260209/miniconda3/envs/fsl/lib/python3.11/site-packages/torch/autograd/graph.py:825: UserWarning: Grad strides do not match bucket view strides. This may indicate grad was not created according to the gradient layout contract, or that the param's strides changed since DDP was constructed.  This is not an error, but may impair performance.
grad.sizes() = [8, 1024, 1, 1], strides() = [1024, 1, 1024, 1024]
bucket_view.sizes() = [8, 1024, 1, 1], strides() = [1024, 1, 1, 1] (Triggered internally at ../torch/csrc/distributed/c10d/reducer.cpp:327.)
  return Variable._execution_engine.run_backward(  # Calls into the C++ engine to run the backward pass
epoch 1/100 step 20 | loss 969781.3875 | det 3.7291 seg 2.4454 cnt 1040131.1250
epoch 1/100 step 40 | loss 726106.9602 | det 2.3252 seg 2.2598 cnt 178620.5000
epoch 1/100 | train 686722.1751 | val det 0.0000 seg 0.0000 miou 0.0000 cnt 0.0000 dens 0.000000e+00 mae 0.0000 total_mae 0.0000 | ap50 0.0000 | selected combo 100000000.000000
epoch 2/100 step 20 | loss 73820.7952 | det 0.7276 seg 2.4740 cnt 32323.2285
epoch 2/100 step 40 | loss 47109.7058 | det 0.5470 seg 1.6626 cnt 10913.7129
epoch 2/100 | train 44489.8964 | val det 0.0000 seg 0.0000 miou 0.0000 cnt 0.0000 dens 0.000000e+00 mae 0.0000 total_mae 0.0000 | ap50 0.0000 | selected combo 100000000.000000
epoch 3/100 step 20 | loss 5653.2114 | det 0.5853 seg 2.1148 cnt 3323.3013
epoch 3/100 step 40 | loss 3849.1159 | det 0.2591 seg 1.7017 cnt 1225.9346
epoch 3/100 | train 3659.4701 | val det 0.0000 seg 0.0000 miou 0.0000 cnt 0.0000 dens 0.000000e+00 mae 0.0000 total_mae 0.0000 | ap50 0.0000 | selected combo 100000000.000000
epoch 4/100 step 20 | loss 680.0721 | det 0.3555 seg 1.9463 cnt 413.8001
epoch 4/100 step 40 | loss 487.7520 | det 0.3376 seg 1.7389 cnt 179.8134
epoch 4/100 | train 466.5754 | val det 0.0000 seg 0.0000 miou 0.0000 cnt 0.0000 dens 0.000000e+00 mae 0.0000 total_mae 0.0000 | ap50 0.0000 | selected combo 100000000.000000
epoch 5/100 step 20 | loss 135.7374 | det 0.5493 seg 1.9029 cnt 99.6384
epoch 5/100 step 40 | loss 121.2552 | det 0.4281 seg 1.3749 cnt 103.3660
epoch 5/100 | train 118.7623 | val det 0.0000 seg 0.0000 miou 0.0000 cnt 0.0000 dens 0.000000e+00 mae 0.0000 total_mae 0.0000 | ap50 0.0000 | selected combo 100000000.000000
epoch 6/100 step 20 | loss 68.2391 | det 0.2584 seg 1.6239 cnt 31.0105
epoch 6/100 step 40 | loss 70.8192 | det 1.1473 seg 2.5358 cnt 42.8597
epoch 6/100 | train 69.9519 | val det 0.0000 seg 0.0000 miou 0.0000 cnt 0.0000 dens 0.000000e+00 mae 0.0000 total_mae 0.0000 | ap50 0.0000 | selected combo 100000000.000000
epoch 7/100 step 20 | loss 50.5016 | det 0.3425 seg 1.8248 cnt 29.2032
epoch 7/100 step 40 | loss 48.2975 | det 0.2321 seg 1.9014 cnt 18.9587
epoch 7/100 | train 47.6997 | val det 0.0000 seg 0.0000 miou 0.0000 cnt 0.0000 dens 0.000000e+00 mae 0.0000 total_mae 0.0000 | ap50 0.0000 | selected combo 100000000.000000
epoch 8/100 step 20 | loss 40.2005 | det 0.3910 seg 1.3953 cnt 15.0666
epoch 8/100 step 40 | loss 38.8569 | det 0.5601 seg 1.6100 cnt 8.0497
epoch 8/100 | train 38.4638 | val det 0.0000 seg 0.0000 miou 0.0000 cnt 0.0000 dens 0.000000e+00 mae 0.0000 total_mae 0.0000 | ap50 0.0000 | selected combo 100000000.000000
epoch 9/100 step 20 | loss 33.9654 | det 0.9079 seg 1.4316 cnt 9.6485
epoch 9/100 step 40 | loss 32.5073 | det 0.9504 seg 1.0447 cnt 6.1027
epoch 9/100 | train 32.5005 | val det 0.0000 seg 0.0000 miou 0.0000 cnt 0.0000 dens 0.000000e+00 mae 0.0000 total_mae 0.0000 | ap50 0.0000 | selected combo 100000000.000000
epoch 10/100 step 20 | loss 28.6218 | det 0.7685 seg 1.3388 cnt 7.0140
epoch 10/100 step 40 | loss 29.2999 | det 0.4954 seg 1.6043 cnt 6.6155
epoch 10/100 | train 29.3108 | val det 0.0000 seg 0.0000 miou 0.0000 cnt 0.0000 dens 0.000000e+00 mae 0.0000 total_mae 0.0000 | ap50 0.0000 | selected combo 100000000.000000
epoch 11/100 step 20 | loss 29.7838 | det 0.2263 seg 1.0049 cnt 11.4479
epoch 11/100 step 40 | loss 28.7750 | det 0.2754 seg 1.3384 cnt 5.2299
epoch 11/100 | train 28.9794 | val det 0.0000 seg 0.0000 miou 0.0000 cnt 0.0000 dens 0.000000e+00 mae 0.0000 total_mae 0.0000 | ap50 0.0000 | selected combo 100000000.000000
epoch 12/100 step 20 | loss 27.5887 | det 0.3656 seg 1.1731 cnt 6.1406
epoch 12/100 step 40 | loss 27.3741 | det 0.5760 seg 1.9504 cnt 6.3945
epoch 12/100 | train 27.1800 | val det 0.0000 seg 0.0000 miou 0.0000 cnt 0.0000 dens 0.000000e+00 mae 0.0000 total_mae 0.0000 | ap50 0.0000 | selected combo 100000000.000000
epoch 13/100 step 20 | loss 29.0432 | det 0.9394 seg 1.6527 cnt 9.1254
epoch 13/100 step 40 | loss 27.0953 | det 0.3660 seg 1.4125 cnt 3.8696
epoch 13/100 | train 27.5080 | val det 0.0000 seg 0.0000 miou 0.0000 cnt 0.0000 dens 0.000000e+00 mae 0.0000 total_mae 0.0000 | ap50 0.0000 | selected combo 100000000.000000
epoch 14/100 step 20 | loss 28.4832 | det 0.8245 seg 1.5997 cnt 8.3253
epoch 14/100 step 40 | loss 29.6927 | det 0.3814 seg 2.4193 cnt 5.9861
epoch 14/100 | train 29.5255 | val det 0.0000 seg 0.0000 miou 0.0000 cnt 0.0000 dens 0.000000e+00 mae 0.0000 total_mae 0.0000 | ap50 0.0000 | selected combo 100000000.000000
epoch 15/100 step 20 | loss 29.9878 | det 0.2624 seg 2.1165 cnt 5.0497
epoch 15/100 step 40 | loss 29.6106 | det 0.4909 seg 2.3169 cnt 3.8240
epoch 15/100 | train 29.9675 | val det 0.0000 seg 0.0000 miou 0.0000 cnt 0.0000 dens 0.000000e+00 mae 0.0000 total_mae 0.0000 | ap50 0.0000 | selected combo 100000000.000000
epoch 16/100 step 20 | loss 31.1729 | det 0.4682 seg 1.0998 cnt 10.4391
epoch 16/100 step 40 | loss 29.6225 | det 0.4810 seg 1.5614 cnt 32.8757
epoch 16/100 | train 29.8050 | val det 0.0000 seg 0.0000 miou 0.0000 cnt 0.0000 dens 0.000000e+00 mae 0.0000 total_mae 0.0000 | ap50 0.0000 | selected combo 100000000.000000
epoch 17/100 step 20 | loss 29.8854 | det 0.7302 seg 1.5868 cnt 14.2568
epoch 17/100 step 40 | loss 28.0957 | det 0.5530 seg 1.5412 cnt 5.3935
epoch 17/100 | train 27.8640 | val det 0.0000 seg 0.0000 miou 0.0000 cnt 0.0000 dens 0.000000e+00 mae 0.0000 total_mae 0.0000 | ap50 0.0000 | selected combo 100000000.000000
epoch 18/100 step 20 | loss 25.4834 | det 0.7996 seg 1.0711 cnt 14.6439
epoch 18/100 step 40 | loss 25.7400 | det 0.4128 seg 1.5232 cnt 6.1391
epoch 18/100 | train 26.1325 | val det 0.0000 seg 0.0000 miou 0.0000 cnt 0.0000 dens 0.000000e+00 mae 0.0000 total_mae 0.0000 | ap50 0.0000 | selected combo 100000000.000000
epoch 19/100 step 20 | loss 26.2316 | det 0.6656 seg 1.2888 cnt 15.7300
epoch 19/100 step 40 | loss 26.1117 | det 0.3244 seg 0.9588 cnt 6.2903
epoch 19/100 | train 25.9233 | val det 0.0000 seg 0.0000 miou 0.0000 cnt 0.0000 dens 0.000000e+00 mae 0.0000 total_mae 0.0000 | ap50 0.0000 | selected combo 100000000.000000
epoch 20/100 step 20 | loss 26.9188 | det 0.3321 seg 1.5848 cnt 6.2196
epoch 20/100 step 40 | loss 26.1073 | det 0.5567 seg 1.5376 cnt 9.6380
epoch 20/100 | train 26.8373 | val det 0.0000 seg 0.0000 miou 0.0000 cnt 0.0000 dens 0.000000e+00 mae 0.0000 total_mae 0.0000 | ap50 0.0000 | selected combo 100000000.000000
epoch 21/100 step 20 | loss 24.0473 | det 0.2959 seg 1.4143 cnt 7.6147
epoch 21/100 step 40 | loss 24.7413 | det 0.3047 seg 1.1364 cnt 4.1168
epoch 21/100 | train 24.5834 | val det 0.0000 seg 0.0000 miou 0.0000 cnt 0.0000 dens 0.000000e+00 mae 0.0000 total_mae 0.0000 | ap50 0.0000 | selected combo 100000000.000000
epoch 22/100 step 20 | loss 23.2383 | det 0.4227 seg 1.1509 cnt 3.1365
epoch 22/100 step 40 | loss 21.9137 | det 0.2243 seg 1.0312 cnt 2.6542
epoch 22/100 | train 22.4847 | val det 0.0000 seg 0.0000 miou 0.0000 cnt 0.0000 dens 0.000000e+00 mae 0.0000 total_mae 0.0000 | ap50 0.0000 | selected combo 100000000.000000
epoch 23/100 step 20 | loss 22.8554 | det 0.4006 seg 1.7352 cnt 8.7038
epoch 23/100 step 40 | loss 23.3459 | det 0.1643 seg 0.9891 cnt 8.2979
epoch 23/100 | train 23.6851 | val det 0.0000 seg 0.0000 miou 0.0000 cnt 0.0000 dens 0.000000e+00 mae 0.0000 total_mae 0.0000 | ap50 0.0000 | selected combo 100000000.000000
epoch 24/100 step 20 | loss 22.9514 | det 0.4631 seg 1.0474 cnt 10.2521
epoch 24/100 step 40 | loss 23.0891 | det 0.5404 seg 0.7988 cnt 4.4502
epoch 24/100 | train 22.7480 | val det 0.0000 seg 0.0000 miou 0.0000 cnt 0.0000 dens 0.000000e+00 mae 0.0000 total_mae 0.0000 | ap50 0.0000 | selected combo 100000000.000000
epoch 25/100 step 20 | loss 23.8890 | det 0.3985 seg 1.0927 cnt 3.4764
epoch 25/100 step 40 | loss 23.2665 | det 0.5132 seg 1.8378 cnt 2.9178
epoch 25/100 | train 23.4418 | val det 0.0000 seg 0.0000 miou 0.0000 cnt 0.0000 dens 0.000000e+00 mae 0.0000 total_mae 0.0000 | ap50 0.0000 | selected combo 100000000.000000
epoch 26/100 step 20 | loss 22.0389 | det 0.5588 seg 1.0790 cnt 2.8705
epoch 26/100 step 40 | loss 22.3749 | det 0.3328 seg 1.1717 cnt 7.8102
epoch 26/100 | train 22.1280 | val det 0.0000 seg 0.0000 miou 0.0000 cnt 0.0000 dens 0.000000e+00 mae 0.0000 total_mae 0.0000 | ap50 0.0000 | selected combo 100000000.000000
epoch 27/100 step 20 | loss 21.1432 | det 0.8032 seg 0.7409 cnt 3.6675
epoch 27/100 step 40 | loss 21.4516 | det 0.3322 seg 1.7505 cnt 4.2342
epoch 27/100 | train 21.5446 | val det 0.0000 seg 0.0000 miou 0.0000 cnt 0.0000 dens 0.000000e+00 mae 0.0000 total_mae 0.0000 | ap50 0.0000 | selected combo 100000000.000000
epoch 28/100 step 20 | loss 20.8695 | det 0.3558 seg 0.7418 cnt 4.3349
epoch 28/100 step 40 | loss 23.2048 | det 0.3184 seg 0.7930 cnt 17.9443
epoch 28/100 | train 23.0355 | val det 0.0000 seg 0.0000 miou 0.0000 cnt 0.0000 dens 0.000000e+00 mae 0.0000 total_mae 0.0000 | ap50 0.0000 | selected combo 100000000.000000
epoch 29/100 step 20 | loss 25.0437 | det 0.8069 seg 1.1775 cnt 8.6172
epoch 29/100 step 40 | loss 22.8754 | det 0.1726 seg 0.6677 cnt 2.7815
epoch 29/100 | train 23.6187 | val det 0.0000 seg 0.0000 miou 0.0000 cnt 0.0000 dens 0.000000e+00 mae 0.0000 total_mae 0.0000 | ap50 0.0000 | selected combo 100000000.000000
epoch 30/100 step 20 | loss 22.1163 | det 0.3424 seg 0.9469 cnt 24.0210
epoch 30/100 step 40 | loss 21.9482 | det 0.1701 seg 0.5503 cnt 6.3515
epoch 30/100 | train 21.7688 | val det 0.0000 seg 0.0000 miou 0.0000 cnt 0.0000 dens 0.000000e+00 mae 0.0000 total_mae 0.0000 | ap50 0.0000 | selected combo 100000000.000000
epoch 31/100 step 20 | loss 21.6020 | det 0.5584 seg 0.4840 cnt 4.7287
epoch 31/100 step 40 | loss 20.7772 | det 0.5022 seg 0.6419 cnt 7.4756
epoch 31/100 | train 20.7785 | val det 0.0000 seg 0.0000 miou 0.0000 cnt 0.0000 dens 0.000000e+00 mae 0.0000 total_mae 0.0000 | ap50 0.0000 | selected combo 100000000.000000
epoch 32/100 step 20 | loss 20.8161 | det 0.6745 seg 0.5460 cnt 12.7345
epoch 32/100 step 40 | loss 21.9420 | det 0.3885 seg 0.8021 cnt 4.3022
epoch 32/100 | train 22.0012 | val det 0.0000 seg 0.0000 miou 0.0000 cnt 0.0000 dens 0.000000e+00 mae 0.0000 total_mae 0.0000 | ap50 0.0000 | selected combo 100000000.000000
epoch 33/100 step 20 | loss 24.4627 | det 0.3118 seg 1.3107 cnt 4.2394
epoch 33/100 step 40 | loss 23.2555 | det 1.0744 seg 0.8469 cnt 7.0848
epoch 33/100 | train 23.5062 | val det 0.0000 seg 0.0000 miou 0.0000 cnt 0.0000 dens 0.000000e+00 mae 0.0000 total_mae 0.0000 | ap50 0.0000 | selected combo 100000000.000000
epoch 34/100 step 20 | loss 26.8608 | det 0.3529 seg 1.0581 cnt 5.4984
epoch 34/100 step 40 | loss 24.0608 | det 0.4687 seg 1.1438 cnt 4.7411
epoch 34/100 | train 24.2040 | val det 0.0000 seg 0.0000 miou 0.0000 cnt 0.0000 dens 0.000000e+00 mae 0.0000 total_mae 0.0000 | ap50 0.0000 | selected combo 100000000.000000
epoch 35/100 step 20 | loss 22.8671 | det 0.5890 seg 1.3280 cnt 8.3691
epoch 35/100 step 40 | loss 21.6174 | det 0.7018 seg 0.9545 cnt 5.4837
epoch 35/100 | train 22.0690 | val det 0.0000 seg 0.0000 miou 0.0000 cnt 0.0000 dens 0.000000e+00 mae 0.0000 total_mae 0.0000 | ap50 0.0000 | selected combo 100000000.000000
epoch 36/100 step 20 | loss 21.1121 | det 0.5159 seg 0.7002 cnt 4.3579
epoch 36/100 step 40 | loss 20.4571 | det 0.6979 seg 1.1351 cnt 3.4050
epoch 36/100 | train 20.2428 | val det 0.0000 seg 0.0000 miou 0.0000 cnt 0.0000 dens 0.000000e+00 mae 0.0000 total_mae 0.0000 | ap50 0.0000 | selected combo 100000000.000000
epoch 37/100 step 20 | loss 19.2309 | det 0.1688 seg 0.9684 cnt 14.7307
epoch 37/100 step 40 | loss 19.7219 | det 0.2490 seg 0.9038 cnt 6.6647
epoch 37/100 | train 19.6064 | val det 0.0000 seg 0.0000 miou 0.0000 cnt 0.0000 dens 0.000000e+00 mae 0.0000 total_mae 0.0000 | ap50 0.0000 | selected combo 100000000.000000
epoch 38/100 step 20 | loss 20.7711 | det 0.2135 seg 0.8561 cnt 4.3443
epoch 38/100 step 40 | loss 20.7307 | det 0.4322 seg 0.8167 cnt 5.4704
epoch 38/100 | train 20.3977 | val det 0.0000 seg 0.0000 miou 0.0000 cnt 0.0000 dens 0.000000e+00 mae 0.0000 total_mae 0.0000 | ap50 0.0000 | selected combo 100000000.000000
epoch 39/100 step 20 | loss 19.0404 | det 0.5465 seg 0.7419 cnt 5.4307
epoch 39/100 step 40 | loss 20.4721 | det 0.1720 seg 0.6002 cnt 11.9660
epoch 39/100 | train 20.9538 | val det 0.0000 seg 0.0000 miou 0.0000 cnt 0.0000 dens 0.000000e+00 mae 0.0000 total_mae 0.0000 | ap50 0.0000 | selected combo 100000000.000000
epoch 40/100 step 20 | loss 21.3992 | det 0.8549 seg 0.8340 cnt 9.0776
epoch 40/100 step 40 | loss 19.5963 | det 0.3662 seg 1.0445 cnt 5.7598
epoch 40/100 | train 19.6656 | val det 0.0000 seg 0.0000 miou 0.0000 cnt 0.0000 dens 0.000000e+00 mae 0.0000 total_mae 0.0000 | ap50 0.0000 | selected combo 100000000.000000
epoch 41/100 step 20 | loss 18.5867 | det 0.8019 seg 0.9504 cnt 7.6194
epoch 41/100 step 40 | loss 18.1649 | det 0.3041 seg 0.7329 cnt 5.3631
epoch 41/100 | train 18.3014 | val det 0.0000 seg 0.0000 miou 0.0000 cnt 0.0000 dens 0.000000e+00 mae 0.0000 total_mae 0.0000 | ap50 0.0000 | selected combo 100000000.000000
epoch 42/100 step 20 | loss 19.2715 | det 0.3366 seg 0.7410 cnt 6.9551
epoch 42/100 step 40 | loss 19.5499 | det 0.5892 seg 0.5660 cnt 2.7615
epoch 42/100 | train 19.5938 | val det 0.0000 seg 0.0000 miou 0.0000 cnt 0.0000 dens 0.000000e+00 mae 0.0000 total_mae 0.0000 | ap50 0.0000 | selected combo 100000000.000000
epoch 43/100 step 20 | loss 19.3317 | det 0.3582 seg 1.1353 cnt 4.6767
epoch 43/100 step 40 | loss 19.4464 | det 0.4543 seg 1.2804 cnt 11.1061
epoch 43/100 | train 19.0400 | val det 0.0000 seg 0.0000 miou 0.0000 cnt 0.0000 dens 0.000000e+00 mae 0.0000 total_mae 0.0000 | ap50 0.0000 | selected combo 100000000.000000
epoch 44/100 step 20 | loss 18.8605 | det 0.1503 seg 1.1216 cnt 10.6137
epoch 44/100 step 40 | loss 19.5316 | det 0.5975 seg 0.5245 cnt 5.4239
epoch 44/100 | train 19.5764 | val det 0.0000 seg 0.0000 miou 0.0000 cnt 0.0000 dens 0.000000e+00 mae 0.0000 total_mae 0.0000 | ap50 0.0000 | selected combo 100000000.000000
epoch 45/100 step 20 | loss 17.4986 | det 0.2330 seg 0.7332 cnt 4.8246
epoch 45/100 step 40 | loss 17.8055 | det 0.2299 seg 1.2353 cnt 6.4363
epoch 45/100 | train 18.0839 | val det 0.0000 seg 0.0000 miou 0.0000 cnt 0.0000 dens 0.000000e+00 mae 0.0000 total_mae 0.0000 | ap50 0.0000 | selected combo 100000000.000000
epoch 46/100 step 20 | loss 19.9734 | det 0.6930 seg 0.7324 cnt 4.3824
epoch 46/100 step 40 | loss 19.6526 | det 0.2159 seg 0.6455 cnt 7.8541
epoch 46/100 | train 19.6727 | val det 0.0000 seg 0.0000 miou 0.0000 cnt 0.0000 dens 0.000000e+00 mae 0.0000 total_mae 0.0000 | ap50 0.0000 | selected combo 100000000.000000
epoch 47/100 step 20 | loss 22.0515 | det 0.4417 seg 0.5354 cnt 5.6097
epoch 47/100 step 40 | loss 21.4882 | det 0.1115 seg 1.5206 cnt 8.3047
epoch 47/100 | train 21.3813 | val det 0.0000 seg 0.0000 miou 0.0000 cnt 0.0000 dens 0.000000e+00 mae 0.0000 total_mae 0.0000 | ap50 0.0000 | selected combo 100000000.000000
epoch 48/100 step 20 | loss 18.5828 | det 0.6298 seg 0.6827 cnt 4.9289
epoch 48/100 step 40 | loss 20.6512 | det 0.2111 seg 0.7500 cnt 6.4035
epoch 48/100 | train 20.3837 | val det 0.0000 seg 0.0000 miou 0.0000 cnt 0.0000 dens 0.000000e+00 mae 0.0000 total_mae 0.0000 | ap50 0.0000 | selected combo 100000000.000000
epoch 49/100 step 20 | loss 19.1231 | det 0.6595 seg 1.6351 cnt 4.4873
epoch 49/100 step 40 | loss 19.7422 | det 0.2872 seg 1.4358 cnt 5.6845
epoch 49/100 | train 19.5620 | val det 0.0000 seg 0.0000 miou 0.0000 cnt 0.0000 dens 0.000000e+00 mae 0.0000 total_mae 0.0000 | ap50 0.0000 | selected combo 100000000.000000
epoch 50/100 step 20 | loss 19.2891 | det 0.3859 seg 0.6836 cnt 3.6799
epoch 50/100 step 40 | loss 19.2803 | det 0.2393 seg 2.2162 cnt 6.2456
epoch 50/100 | train 18.9294 | val det 0.0000 seg 0.0000 miou 0.0000 cnt 0.0000 dens 0.000000e+00 mae 0.0000 total_mae 0.0000 | ap50 0.0000 | selected combo 100000000.000000
epoch 51/100 step 20 | loss 18.3974 | det 0.3322 seg 1.1175 cnt 4.0047
epoch 51/100 step 40 | loss 19.0262 | det 0.2251 seg 0.8556 cnt 2.9435
epoch 51/100 | train 19.6921 | val det 0.4060 seg 0.8842 miou 0.5354 cnt 4.9792 dens 9.207366e-01 mae 4.0584 total_mae 18.7130 | ap50 0.2320 | selected combo 1.013885
[ckpt] new best cached (combo 1.013885)
epoch 52/100 step 20 | loss 19.1130 | det 0.1504 seg 0.7970 cnt 1.7666
epoch 52/100 step 40 | loss 19.1120 | det 0.2595 seg 0.6777 cnt 7.7704
epoch 52/100 | train 19.1306 | val det 0.4142 seg 0.9425 miou 0.4985 cnt 4.9935 dens 9.240301e-01 mae 4.0695 total_mae 21.5936 | ap50 0.2421 | selected combo 0.986275
epoch 53/100 step 20 | loss 19.1471 | det 0.3901 seg 0.8135 cnt 3.2656
epoch 53/100 step 40 | loss 19.3289 | det 0.3997 seg 1.0440 cnt 7.0156
epoch 53/100 | train 19.5342 | val det 0.4177 seg 0.8726 miou 0.5355 cnt 4.9709 dens 9.173278e-01 mae 4.0536 total_mae 20.7620 | ap50 0.2488 | selected combo 1.030965
[ckpt] new best cached (combo 1.030965)
epoch 54/100 step 20 | loss 16.6077 | det 0.3053 seg 0.8190 cnt 3.7992
epoch 54/100 step 40 | loss 16.7782 | det 0.1267 seg 0.6087 cnt 3.5177
epoch 54/100 | train 16.9358 | val det 0.4006 seg 0.8976 miou 0.5178 cnt 5.6192 dens 9.171025e-01 mae 4.7021 total_mae 22.0558 | ap50 0.2520 | selected combo 0.982467
epoch 55/100 step 20 | loss 18.1964 | det 0.3743 seg 0.8747 cnt 4.4296
epoch 55/100 step 40 | loss 17.4771 | det 0.2937 seg 0.7156 cnt 6.8460
epoch 55/100 | train 17.6126 | val det 0.4050 seg 0.8693 miou 0.5299 cnt 4.9571 dens 9.225109e-01 mae 4.0346 total_mae 19.2733 | ap50 0.2611 | selected combo 1.038837
[ckpt] new best cached (combo 1.038837)
epoch 56/100 step 20 | loss 18.1109 | det 0.2784 seg 1.2141 cnt 7.0047
epoch 56/100 step 40 | loss 17.4609 | det 0.3524 seg 0.6866 cnt 3.8581
epoch 56/100 | train 18.2844 | val det 0.4007 seg 0.8736 miou 0.5280 cnt 5.7151 dens 9.403772e-01 mae 4.7747 total_mae 32.5246 | ap50 0.2652 | selected combo 1.002580
epoch 57/100 step 20 | loss 19.1428 | det 1.2257 seg 0.5100 cnt 3.4109
epoch 57/100 step 40 | loss 18.0993 | det 0.2612 seg 0.9889 cnt 14.5845
epoch 57/100 | train 18.1508 | val det 0.4139 seg 0.8774 miou 0.5250 cnt 4.9906 dens 9.247449e-01 mae 4.0658 total_mae 18.6680 | ap50 0.2777 | selected combo 1.048661
[ckpt] new best cached (combo 1.048661)
epoch 58/100 step 20 | loss 20.0858 | det 0.5420 seg 0.6496 cnt 1.8570
epoch 58/100 step 40 | loss 19.9079 | det 0.7163 seg 0.8116 cnt 5.7141
epoch 58/100 | train 19.7090 | val det 0.4064 seg 0.9168 miou 0.5220 cnt 4.9338 dens 9.209016e-01 mae 4.0129 total_mae 17.9989 | ap50 0.2768 | selected combo 1.047958
epoch 59/100 step 20 | loss 19.4848 | det 0.4143 seg 0.6632 cnt 3.8894
epoch 59/100 step 40 | loss 18.6045 | det 0.1234 seg 0.4822 cnt 5.1598
epoch 59/100 | train 18.4136 | val det 0.4035 seg 0.8556 miou 0.5229 cnt 4.9606 dens 9.150009e-01 mae 4.0456 total_mae 22.2399 | ap50 0.2725 | selected combo 1.042564
epoch 60/100 step 20 | loss 17.2259 | det 0.2548 seg 1.2728 cnt 8.5534
epoch 60/100 step 40 | loss 16.9360 | det 0.1783 seg 0.4430 cnt 4.1072
epoch 60/100 | train 17.0148 | val det 0.3994 seg 0.9134 miou 0.5269 cnt 4.9247 dens 9.214134e-01 mae 4.0033 total_mae 20.1752 | ap50 0.2756 | selected combo 1.052264
[ckpt] new best cached (combo 1.052264)
epoch 61/100 step 20 | loss 17.7915 | det 0.2270 seg 0.9852 cnt 6.2819
epoch 61/100 step 40 | loss 17.7036 | det 0.3103 seg 0.8211 cnt 3.9749
epoch 61/100 | train 17.5415 | val det 0.3964 seg 0.8892 miou 0.5353 cnt 5.7138 dens 9.278743e-01 mae 4.7860 total_mae 23.3268 | ap50 0.2755 | selected combo 1.019763
epoch 62/100 step 20 | loss 15.0893 | det 0.7479 seg 0.7761 cnt 6.4665
epoch 62/100 step 40 | loss 16.5145 | det 0.6587 seg 0.6372 cnt 7.9692
epoch 62/100 | train 16.5345 | val det 0.4306 seg 0.9107 miou 0.5182 cnt 5.0990 dens 9.302457e-01 mae 4.1687 total_mae 24.9328 | ap50 0.2776 | selected combo 1.035614
epoch 63/100 step 20 | loss 16.7917 | det 0.4364 seg 0.8044 cnt 5.3525
epoch 63/100 step 40 | loss 17.6501 | det 0.2771 seg 0.6260 cnt 3.8883
epoch 63/100 | train 17.5485 | val det 0.3960 seg 0.8872 miou 0.5370 cnt 5.1303 dens 9.163394e-01 mae 4.2139 total_mae 19.1897 | ap50 0.2800 | selected combo 1.054238
[ckpt] new best cached (combo 1.054238)
epoch 64/100 step 20 | loss 16.1313 | det 0.3186 seg 0.5370 cnt 11.4599
epoch 64/100 step 40 | loss 17.1225 | det 0.2600 seg 0.5463 cnt 4.4059
epoch 64/100 | train 17.1034 | val det 0.4114 seg 0.9368 miou 0.5188 cnt 5.0295 dens 9.178479e-01 mae 4.1116 total_mae 19.9935 | ap50 0.2838 | selected combo 1.045794
epoch 65/100 step 20 | loss 17.1456 | det 0.0823 seg 0.9524 cnt 20.2486
epoch 65/100 step 40 | loss 18.1284 | det 0.2030 seg 0.8050 cnt 4.2682
epoch 65/100 | train 17.8679 | val det 0.4185 seg 0.9235 miou 0.5273 cnt 5.4498 dens 9.237380e-01 mae 4.5261 total_mae 21.1653 | ap50 0.2823 | selected combo 1.030553
epoch 66/100 step 20 | loss 20.5514 | det 0.2336 seg 0.5233 cnt 5.5145
epoch 66/100 step 40 | loss 18.4910 | det 0.7578 seg 0.7907 cnt 8.3472
epoch 66/100 | train 18.3617 | val det 0.3977 seg 0.9289 miou 0.5193 cnt 5.2099 dens 9.186074e-01 mae 4.2913 total_mae 18.5811 | ap50 0.2885 | selected combo 1.040844
epoch 67/100 step 20 | loss 15.8222 | det 0.3179 seg 0.6964 cnt 2.1859
epoch 67/100 step 40 | loss 15.8558 | det 0.4513 seg 0.5935 cnt 4.4304
epoch 67/100 | train 15.5944 | val det 0.4085 seg 0.8531 miou 0.5334 cnt 5.7287 dens 9.129389e-01 mae 4.8158 total_mae 22.9720 | ap50 0.2748 | selected combo 1.015856
epoch 68/100 step 20 | loss 16.5918 | det 0.2856 seg 0.8791 cnt 6.4664
epoch 68/100 step 40 | loss 16.8392 | det 0.2729 seg 0.7494 cnt 3.9078
epoch 68/100 | train 16.8934 | val det 0.4209 seg 0.8673 miou 0.5390 cnt 5.2185 dens 9.255631e-01 mae 4.2930 total_mae 23.3042 | ap50 0.2824 | selected combo 1.054388
[ckpt] new best cached (combo 1.054388)
epoch 69/100 step 20 | loss 16.4011 | det 0.2429 seg 0.8779 cnt 6.3973
epoch 69/100 step 40 | loss 16.5889 | det 0.1260 seg 0.9913 cnt 2.3681
epoch 69/100 | train 16.3406 | val det 0.4112 seg 0.8562 miou 0.5462 cnt 5.2888 dens 9.276498e-01 mae 4.3611 total_mae 20.2827 | ap50 0.2981 | selected combo 1.073599
[ckpt] new best cached (combo 1.073599)
epoch 70/100 step 20 | loss 15.0276 | det 0.3106 seg 0.7841 cnt 2.9465
epoch 70/100 step 40 | loss 15.9279 | det 0.3830 seg 0.7365 cnt 3.8333
epoch 70/100 | train 15.8884 | val det 0.4124 seg 0.8757 miou 0.5406 cnt 4.9776 dens 9.171556e-01 mae 4.0604 total_mae 17.6850 | ap50 0.2925 | selected combo 1.079376
[ckpt] new best cached (combo 1.079376)
epoch 71/100 step 20 | loss 15.8734 | det 0.3946 seg 0.4478 cnt 3.4462
epoch 71/100 step 40 | loss 16.2942 | det 0.1547 seg 0.7678 cnt 6.0579
epoch 71/100 | train 16.9172 | val det 0.3976 seg 0.9202 miou 0.5248 cnt 5.2631 dens 9.228265e-01 mae 4.3402 total_mae 19.4503 | ap50 0.2870 | selected combo 1.042226
epoch 72/100 step 20 | loss 14.7666 | det 0.2315 seg 1.0075 cnt 4.2068
epoch 72/100 step 40 | loss 14.7770 | det 0.2852 seg 0.4045 cnt 2.6693
epoch 72/100 | train 14.7337 | val det 0.3964 seg 0.8667 miou 0.5430 cnt 5.0735 dens 9.297146e-01 mae 4.1438 total_mae 20.0497 | ap50 0.2938 | selected combo 1.078077
epoch 73/100 step 20 | loss 16.6097 | det 0.1468 seg 0.8234 cnt 5.0587
epoch 73/100 step 40 | loss 17.0459 | det 0.3487 seg 0.8835 cnt 2.5554
epoch 73/100 | train 16.9594 | val det 0.4200 seg 0.8623 miou 0.5412 cnt 4.8511 dens 9.050629e-01 mae 3.9460 total_mae 18.9551 | ap50 0.2986 | selected combo 1.093175
[ckpt] new best cached (combo 1.093175)
epoch 74/100 step 20 | loss 13.9894 | det 0.1366 seg 1.3482 cnt 5.4026
epoch 74/100 step 40 | loss 16.0395 | det 0.4122 seg 0.4126 cnt 4.8590
epoch 74/100 | train 16.2129 | val det 0.4118 seg 0.8591 miou 0.5430 cnt 5.0546 dens 9.177706e-01 mae 4.1368 total_mae 24.6300 | ap50 0.2961 | selected combo 1.080765
epoch 75/100 step 20 | loss 14.3885 | det 0.3857 seg 0.3621 cnt 3.3301
epoch 75/100 step 40 | loss 15.2009 | det 0.2632 seg 0.4201 cnt 4.6641
epoch 75/100 | train 15.1854 | val det 0.4132 seg 0.8862 miou 0.5329 cnt 8.4871 dens 9.179987e-01 mae 7.5691 total_mae 49.6358 | ap50 0.3015 | selected combo 0.966528
epoch 76/100 step 20 | loss 17.8482 | det 0.5514 seg 1.9075 cnt 3.6282
epoch 76/100 step 40 | loss 17.3319 | det 0.3617 seg 0.7021 cnt 6.1536
epoch 76/100 | train 17.1440 | val det 0.4124 seg 0.9195 miou 0.5354 cnt 4.8704 dens 9.065256e-01 mae 3.9639 total_mae 18.3503 | ap50 0.3152 | selected combo 1.102931
[ckpt] new best cached (combo 1.102931)
epoch 77/100 step 20 | loss 15.3873 | det 0.2324 seg 0.7132 cnt 3.0706
epoch 77/100 step 40 | loss 15.2347 | det 0.6276 seg 0.4205 cnt 2.2841
epoch 77/100 | train 15.0505 | val det 0.3927 seg 0.8620 miou 0.5569 cnt 4.7769 dens 9.086059e-01 mae 3.8682 total_mae 18.8492 | ap50 0.3095 | selected combo 1.124946
[ckpt] new best cached (combo 1.124946)
epoch 78/100 step 20 | loss 15.7136 | det 0.1791 seg 0.9122 cnt 4.4661
epoch 78/100 step 40 | loss 15.7652 | det 0.1693 seg 1.2040 cnt 2.3623
epoch 78/100 | train 15.7082 | val det 0.4105 seg 0.8912 miou 0.5425 cnt 6.2447 dens 9.105287e-01 mae 5.3342 total_mae 27.4405 | ap50 0.3179 | selected combo 1.047790
epoch 79/100 step 20 | loss 15.8527 | det 0.1181 seg 0.5006 cnt 11.9893
epoch 79/100 step 40 | loss 14.8952 | det 0.1346 seg 0.4079 cnt 4.3390
epoch 79/100 | train 14.6611 | val det 0.4158 seg 0.8693 miou 0.5444 cnt 5.0430 dens 9.071252e-01 mae 4.1358 total_mae 19.1566 | ap50 0.3115 | selected combo 1.097721
epoch 80/100 step 20 | loss 16.4181 | det 0.7745 seg 0.8287 cnt 3.1319
epoch 80/100 step 40 | loss 15.8897 | det 0.3862 seg 0.3336 cnt 5.4084
epoch 80/100 | train 15.9608 | val det 0.4214 seg 0.8699 miou 0.5479 cnt 5.0683 dens 9.175792e-01 mae 4.1507 total_mae 26.4776 | ap50 0.3211 | selected combo 1.109922
epoch 81/100 step 20 | loss 15.3104 | det 0.1982 seg 0.4105 cnt 2.7396
epoch 81/100 step 40 | loss 15.2084 | det 0.3712 seg 1.8117 cnt 7.9739
epoch 81/100 | train 15.1194 | val det 0.4010 seg 0.8549 miou 0.5486 cnt 4.8706 dens 9.031611e-01 mae 3.9674 total_mae 17.7466 | ap50 0.3157 | selected combo 1.116331
epoch 82/100 step 20 | loss 15.7306 | det 0.3812 seg 0.6069 cnt 5.8085
epoch 82/100 step 40 | loss 16.8885 | det 0.2257 seg 0.7468 cnt 3.1093
epoch 82/100 | train 16.7067 | val det 0.4176 seg 0.9248 miou 0.5388 cnt 5.2362 dens 9.106326e-01 mae 4.3256 total_mae 20.4683 | ap50 0.3232 | selected combo 1.093270
epoch 83/100 step 20 | loss 14.0468 | det 0.3983 seg 0.6628 cnt 4.7154
epoch 83/100 step 40 | loss 15.4896 | det 0.3317 seg 0.4723 cnt 3.8123
epoch 83/100 | train 15.5834 | val det 0.4286 seg 0.8450 miou 0.5548 cnt 5.2748 dens 9.094836e-01 mae 4.3653 total_mae 19.8321 | ap50 0.3214 | selected combo 1.105318
epoch 84/100 step 20 | loss 18.7589 | det 0.1704 seg 0.6011 cnt 3.8785
epoch 84/100 step 40 | loss 17.5897 | det 0.4261 seg 0.8285 cnt 8.3029
epoch 84/100 | train 17.4014 | val det 0.4155 seg 0.8416 miou 0.5531 cnt 4.7587 dens 8.990397e-01 mae 3.8596 total_mae 17.7316 | ap50 0.3211 | selected combo 1.133362
[ckpt] new best cached (combo 1.133362)
epoch 85/100 step 20 | loss 16.1744 | det 0.3977 seg 0.8130 cnt 2.8029
epoch 85/100 step 40 | loss 15.9238 | det 0.2417 seg 0.6282 cnt 3.0818
epoch 85/100 | train 15.8612 | val det 0.4151 seg 0.8556 miou 0.5491 cnt 4.7574 dens 9.036709e-01 mae 3.8538 total_mae 17.6645 | ap50 0.3275 | selected combo 1.136016
[ckpt] new best cached (combo 1.136016)
epoch 86/100 step 20 | loss 13.8189 | det 0.2089 seg 0.5684 cnt 7.0396
epoch 86/100 step 40 | loss 14.9835 | det 0.2777 seg 0.6883 cnt 2.7136
epoch 86/100 | train 14.9547 | val det 0.4214 seg 0.9037 miou 0.5455 cnt 4.7681 dens 9.104242e-01 mae 3.8577 total_mae 22.3337 | ap50 0.3199 | selected combo 1.124589
epoch 87/100 step 20 | loss 13.6936 | det 0.4434 seg 0.3248 cnt 6.0189
epoch 87/100 step 40 | loss 13.9662 | det 0.2745 seg 0.7387 cnt 3.9753
epoch 87/100 | train 13.9194 | val det 0.4139 seg 0.8914 miou 0.5499 cnt 5.0105 dens 9.092036e-01 mae 4.1013 total_mae 18.2399 | ap50 0.3244 | selected combo 1.118089
epoch 88/100 step 20 | loss 13.0337 | det 0.1370 seg 0.6353 cnt 3.0217
epoch 88/100 step 40 | loss 13.3603 | det 0.2674 seg 0.3072 cnt 2.8828
epoch 88/100 | train 13.4378 | val det 0.4151 seg 0.8681 miou 0.5502 cnt 5.5110 dens 9.179224e-01 mae 4.5930 total_mae 22.9246 | ap50 0.3227 | selected combo 1.090698
epoch 89/100 step 20 | loss 14.7513 | det 0.4843 seg 0.2675 cnt 5.2409
epoch 89/100 step 40 | loss 14.8659 | det 0.1926 seg 0.4984 cnt 6.3699
epoch 89/100 | train 14.6781 | val det 0.4089 seg 0.9120 miou 0.5389 cnt 4.9740 dens 9.097955e-01 mae 4.0642 total_mae 17.9566 | ap50 0.3234 | selected combo 1.108317
epoch 90/100 step 20 | loss 13.0473 | det 0.2378 seg 0.7629 cnt 1.9737
epoch 90/100 step 40 | loss 12.6585 | det 0.2081 seg 0.5194 cnt 3.1483
epoch 90/100 | train 12.5871 | val det 0.4177 seg 0.8627 miou 0.5520 cnt 5.4748 dens 9.116748e-01 mae 4.5631 total_mae 22.6641 | ap50 0.3197 | selected combo 1.090845
epoch 91/100 step 20 | loss 12.4140 | det 0.2431 seg 0.5778 cnt 3.1731
epoch 91/100 step 40 | loss 13.2131 | det 0.1753 seg 0.6234 cnt 8.4893
epoch 91/100 | train 13.3826 | val det 0.4079 seg 0.8454 miou 0.5572 cnt 4.7712 dens 8.985302e-01 mae 3.8727 total_mae 17.4198 | ap50 0.3254 | selected combo 1.140799
[ckpt] new best cached (combo 1.140799)
epoch 92/100 step 20 | loss 13.8710 | det 0.2848 seg 0.5302 cnt 2.1023
epoch 92/100 step 40 | loss 14.4912 | det 1.0533 seg 0.5197 cnt 3.0239
epoch 92/100 | train 14.8904 | val det 0.4146 seg 0.8471 miou 0.5593 cnt 4.9935 dens 9.007333e-01 mae 4.0927 total_mae 19.2904 | ap50 0.3273 | selected combo 1.130911
epoch 93/100 step 20 | loss 12.7536 | det 0.2286 seg 0.8188 cnt 4.8658
epoch 93/100 step 40 | loss 12.9815 | det 0.2020 seg 0.5016 cnt 4.5623
epoch 93/100 | train 13.2911 | val det 0.4132 seg 0.8917 miou 0.5461 cnt 5.0932 dens 9.073093e-01 mae 4.1859 total_mae 19.7963 | ap50 0.3256 | selected combo 1.110594
epoch 94/100 step 20 | loss 13.7126 | det 0.2427 seg 0.2839 cnt 4.9190
epoch 94/100 step 40 | loss 13.9380 | det 0.2225 seg 0.8646 cnt 10.2592
epoch 94/100 | train 13.9745 | val det 0.4273 seg 0.8721 miou 0.5509 cnt 4.7621 dens 9.016883e-01 mae 3.8604 total_mae 19.0745 | ap50 0.3256 | selected combo 1.135566
epoch 95/100 step 20 | loss 12.6495 | det 0.4488 seg 0.5534 cnt 2.5477
epoch 95/100 step 40 | loss 13.8371 | det 0.7200 seg 0.7717 cnt 9.2441
epoch 95/100 | train 13.8311 | val det 0.4215 seg 0.9110 miou 0.5476 cnt 6.3397 dens 9.057071e-01 mae 5.4340 total_mae 30.2567 | ap50 0.3153 | selected combo 1.046876
epoch 96/100 step 20 | loss 13.8509 | det 0.3791 seg 0.3560 cnt 5.1617
epoch 96/100 step 40 | loss 16.2688 | det 0.3305 seg 0.5107 cnt 7.8598
epoch 96/100 | train 16.3099 | val det 0.4305 seg 0.9010 miou 0.5500 cnt 5.1663 dens 9.106078e-01 mae 4.2557 total_mae 28.2324 | ap50 0.3244 | selected combo 1.109374
epoch 97/100 step 20 | loss 13.2728 | det 0.1571 seg 0.6272 cnt 3.0740
epoch 97/100 step 40 | loss 13.8251 | det 0.1472 seg 0.5605 cnt 1.8764
epoch 97/100 | train 13.7170 | val det 0.4016 seg 0.9161 miou 0.5317 cnt 4.8063 dens 9.125264e-01 mae 3.8938 total_mae 20.5763 | ap50 0.3378 | selected combo 1.126295
epoch 98/100 step 20 | loss 13.7163 | det 0.6617 seg 0.5362 cnt 3.0517
epoch 98/100 step 40 | loss 14.6021 | det 0.2033 seg 0.3535 cnt 4.6835
epoch 98/100 | train 14.7728 | val det 0.4138 seg 0.8901 miou 0.5404 cnt 4.8769 dens 9.034147e-01 mae 3.9735 total_mae 19.4024 | ap50 0.3310 | selected combo 1.123061
epoch 99/100 step 20 | loss 15.8124 | det 0.2202 seg 0.6841 cnt 5.2262
epoch 99/100 step 40 | loss 19.0853 | det 0.4671 seg 0.3869 cnt 9.4969
epoch 99/100 | train 18.9272 | val det 0.4405 seg 0.9349 miou 0.5426 cnt 4.6555 dens 9.066174e-01 mae 3.7489 total_mae 17.3056 | ap50 0.3221 | selected combo 1.131484
epoch 100/100 step 20 | loss 15.1733 | det 0.3290 seg 0.3344 cnt 2.3293
epoch 100/100 step 40 | loss 14.8143 | det 0.2749 seg 0.4423 cnt 2.8103
epoch 100/100 | train 14.8958 | val det 0.4257 seg 0.8937 miou 0.5577 cnt 4.5526 dens 8.936250e-01 mae 3.6589 total_mae 17.3422 | ap50 0.3364 | selected combo 1.167378
[ckpt] new best cached (combo 1.167378)
[ckpt] saved best -> runs/clip_10per_lora/best_combo.pt (combo 1.167378)
Checkpoint not found: runs/clip_10per_lora/best_combo.pt
