WARNING:__main__:
*****************************************
Setting OMP_NUM_THREADS environment variable for each process to be 1 in default, to avoid your system being overloaded, please further tune the variable for optimal performance in your application as needed. 
*****************************************
[params] trainable_total=336929223
/data/xiangyuyue/ULLM-zf/fsl-20260209/miniconda3/envs/fsl/lib/python3.11/site-packages/torch/autograd/graph.py:825: UserWarning: Grad strides do not match bucket view strides. This may indicate grad was not created according to the gradient layout contract, or that the param's strides changed since DDP was constructed.  This is not an error, but may impair performance.
grad.sizes() = [8, 1024, 1, 1], strides() = [1024, 1, 1024, 1024]
bucket_view.sizes() = [8, 1024, 1, 1], strides() = [1024, 1, 1, 1] (Triggered internally at ../torch/csrc/distributed/c10d/reducer.cpp:327.)
  return Variable._execution_engine.run_backward(  # Calls into the C++ engine to run the backward pass
/data/xiangyuyue/ULLM-zf/fsl-20260209/miniconda3/envs/fsl/lib/python3.11/site-packages/torch/autograd/graph.py:825: UserWarning: Grad strides do not match bucket view strides. This may indicate grad was not created according to the gradient layout contract, or that the param's strides changed since DDP was constructed.  This is not an error, but may impair performance.
grad.sizes() = [8, 1024, 1, 1], strides() = [1024, 1, 1024, 1024]
bucket_view.sizes() = [8, 1024, 1, 1], strides() = [1024, 1, 1, 1] (Triggered internally at ../torch/csrc/distributed/c10d/reducer.cpp:327.)
  return Variable._execution_engine.run_backward(  # Calls into the C++ engine to run the backward pass
/data/xiangyuyue/ULLM-zf/fsl-20260209/miniconda3/envs/fsl/lib/python3.11/site-packages/torch/autograd/graph.py:825: UserWarning: Grad strides do not match bucket view strides. This may indicate grad was not created according to the gradient layout contract, or that the param's strides changed since DDP was constructed.  This is not an error, but may impair performance.
grad.sizes() = [8, 1024, 1, 1], strides() = [1024, 1, 1024, 1024]
bucket_view.sizes() = [8, 1024, 1, 1], strides() = [1024, 1, 1, 1] (Triggered internally at ../torch/csrc/distributed/c10d/reducer.cpp:327.)
  return Variable._execution_engine.run_backward(  # Calls into the C++ engine to run the backward pass
/data/xiangyuyue/ULLM-zf/fsl-20260209/miniconda3/envs/fsl/lib/python3.11/site-packages/torch/autograd/graph.py:825: UserWarning: Grad strides do not match bucket view strides. This may indicate grad was not created according to the gradient layout contract, or that the param's strides changed since DDP was constructed.  This is not an error, but may impair performance.
grad.sizes() = [8, 1024, 1, 1], strides() = [1024, 1, 1024, 1024]
bucket_view.sizes() = [8, 1024, 1, 1], strides() = [1024, 1, 1, 1] (Triggered internally at ../torch/csrc/distributed/c10d/reducer.cpp:327.)
  return Variable._execution_engine.run_backward(  # Calls into the C++ engine to run the backward pass
/data/xiangyuyue/ULLM-zf/fsl-20260209/miniconda3/envs/fsl/lib/python3.11/site-packages/torch/autograd/graph.py:825: UserWarning: Grad strides do not match bucket view strides. This may indicate grad was not created according to the gradient layout contract, or that the param's strides changed since DDP was constructed.  This is not an error, but may impair performance.
grad.sizes() = [8, 1024, 1, 1], strides() = [1024, 1, 1024, 1024]
bucket_view.sizes() = [8, 1024, 1, 1], strides() = [1024, 1, 1, 1] (Triggered internally at ../torch/csrc/distributed/c10d/reducer.cpp:327.)
  return Variable._execution_engine.run_backward(  # Calls into the C++ engine to run the backward pass
/data/xiangyuyue/ULLM-zf/fsl-20260209/miniconda3/envs/fsl/lib/python3.11/site-packages/torch/autograd/graph.py:825: UserWarning: Grad strides do not match bucket view strides. This may indicate grad was not created according to the gradient layout contract, or that the param's strides changed since DDP was constructed.  This is not an error, but may impair performance.
grad.sizes() = [8, 1024, 1, 1], strides() = [1024, 1, 1024, 1024]
bucket_view.sizes() = [8, 1024, 1, 1], strides() = [1024, 1, 1, 1] (Triggered internally at ../torch/csrc/distributed/c10d/reducer.cpp:327.)
  return Variable._execution_engine.run_backward(  # Calls into the C++ engine to run the backward pass
/data/xiangyuyue/ULLM-zf/fsl-20260209/miniconda3/envs/fsl/lib/python3.11/site-packages/torch/autograd/graph.py:825: UserWarning: Grad strides do not match bucket view strides. This may indicate grad was not created according to the gradient layout contract, or that the param's strides changed since DDP was constructed.  This is not an error, but may impair performance.
grad.sizes() = [8, 1024, 1, 1], strides() = [1024, 1, 1024, 1024]
bucket_view.sizes() = [8, 1024, 1, 1], strides() = [1024, 1, 1, 1] (Triggered internally at ../torch/csrc/distributed/c10d/reducer.cpp:327.)
  return Variable._execution_engine.run_backward(  # Calls into the C++ engine to run the backward pass
/data/xiangyuyue/ULLM-zf/fsl-20260209/miniconda3/envs/fsl/lib/python3.11/site-packages/torch/autograd/graph.py:825: UserWarning: Grad strides do not match bucket view strides. This may indicate grad was not created according to the gradient layout contract, or that the param's strides changed since DDP was constructed.  This is not an error, but may impair performance.
grad.sizes() = [8, 1024, 1, 1], strides() = [1024, 1, 1024, 1024]
bucket_view.sizes() = [8, 1024, 1, 1], strides() = [1024, 1, 1, 1] (Triggered internally at ../torch/csrc/distributed/c10d/reducer.cpp:327.)
  return Variable._execution_engine.run_backward(  # Calls into the C++ engine to run the backward pass
epoch 1/100 step 20 | loss 945610.2750 | det 3.7601 seg 2.3401 cnt 1416250.0000
epoch 1/100 step 40 | loss 731856.4102 | det 3.6348 seg 2.0365 cnt 209789.6250
epoch 1/100 step 60 | loss 523583.9376 | det 2.1368 seg 1.0096 cnt 49170.0859
epoch 1/100 step 80 | loss 399365.9924 | det 0.7653 seg 0.7899 cnt 16435.8594
epoch 1/100 step 100 | loss 321092.6633 | det 0.6946 seg 0.7836 cnt 4855.2241
epoch 1/100 step 120 | loss 267996.3475 | det 0.8792 seg 0.7847 cnt 1371.2577
epoch 1/100 step 140 | loss 229835.7541 | det 0.6196 seg 0.8145 cnt 520.0729
epoch 1/100 step 160 | loss 201144.0592 | det 0.4793 seg 0.7802 cnt 173.0253
epoch 1/100 step 180 | loss 178807.7216 | det 0.2439 seg 1.1547 cnt 49.3617
epoch 1/100 | train 174921.9453 | val det 0.0000 seg 0.0000 miou 0.0000 cnt 0.0000 dens 0.000000e+00 mae 0.0000 total_mae 0.0000 | ap50 0.0000 | selected combo 100000000.000000
epoch 2/100 step 20 | loss 40.2514 | det 0.3964 seg 0.5570 cnt 14.7536
epoch 2/100 step 40 | loss 31.9855 | det 0.3230 seg 0.4537 cnt 6.4015
epoch 2/100 step 60 | loss 27.1677 | det 0.2336 seg 0.5753 cnt 11.5330
epoch 2/100 step 80 | loss 24.5068 | det 0.2927 seg 0.9637 cnt 10.1905
epoch 2/100 step 100 | loss 22.7493 | det 0.3137 seg 0.5335 cnt 4.0378
epoch 2/100 step 120 | loss 21.5757 | det 0.2272 seg 0.6721 cnt 8.3012
epoch 2/100 step 140 | loss 20.6930 | det 0.3783 seg 0.6368 cnt 5.5484
epoch 2/100 step 160 | loss 20.0721 | det 0.2170 seg 0.4456 cnt 4.5942
epoch 2/100 step 180 | loss 19.3148 | det 0.1349 seg 0.8818 cnt 3.2639
epoch 2/100 | train 19.2235 | val det 0.0000 seg 0.0000 miou 0.0000 cnt 0.0000 dens 0.000000e+00 mae 0.0000 total_mae 0.0000 | ap50 0.0000 | selected combo 100000000.000000
epoch 3/100 step 20 | loss 13.9066 | det 0.2662 seg 0.4316 cnt 5.1695
epoch 3/100 step 40 | loss 13.2727 | det 0.1583 seg 0.4997 cnt 3.7511
epoch 3/100 step 60 | loss 13.5249 | det 0.4293 seg 0.4610 cnt 9.8794
epoch 3/100 step 80 | loss 13.7708 | det 0.4938 seg 0.3439 cnt 5.0823
epoch 3/100 step 100 | loss 13.5227 | det 0.2226 seg 0.7363 cnt 5.7944
epoch 3/100 step 120 | loss 13.3419 | det 0.3699 seg 0.5553 cnt 3.9424
epoch 3/100 step 140 | loss 13.1922 | det 0.2006 seg 0.3925 cnt 4.3172
epoch 3/100 step 160 | loss 13.0492 | det 0.3433 seg 0.4372 cnt 3.2185
epoch 3/100 step 180 | loss 13.0565 | det 0.2217 seg 0.6190 cnt 3.5215
epoch 3/100 | train 13.0320 | val det 0.0000 seg 0.0000 miou 0.0000 cnt 0.0000 dens 0.000000e+00 mae 0.0000 total_mae 0.0000 | ap50 0.0000 | selected combo 100000000.000000
epoch 4/100 step 20 | loss 12.0423 | det 0.3106 seg 0.2950 cnt 3.1612
epoch 4/100 step 40 | loss 11.1447 | det 0.1680 seg 0.6435 cnt 3.4442
epoch 4/100 step 60 | loss 11.3719 | det 0.2390 seg 0.7464 cnt 3.8015
epoch 4/100 step 80 | loss 11.2953 | det 0.1856 seg 0.6558 cnt 4.9870
epoch 4/100 step 100 | loss 11.3449 | det 0.1845 seg 0.3894 cnt 4.9899
epoch 4/100 step 120 | loss 11.4157 | det 0.2324 seg 0.5331 cnt 3.2239
epoch 4/100 step 140 | loss 11.3306 | det 0.2960 seg 0.6959 cnt 4.1880
epoch 4/100 step 160 | loss 11.3671 | det 0.1273 seg 1.0531 cnt 2.5186
epoch 4/100 step 180 | loss 11.2723 | det 0.2559 seg 0.5320 cnt 2.3619
epoch 4/100 | train 11.3090 | val det 0.0000 seg 0.0000 miou 0.0000 cnt 0.0000 dens 0.000000e+00 mae 0.0000 total_mae 0.0000 | ap50 0.0000 | selected combo 100000000.000000
epoch 5/100 step 20 | loss 9.8904 | det 0.3550 seg 0.3732 cnt 2.9935
epoch 5/100 step 40 | loss 9.9525 | det 0.1774 seg 0.5092 cnt 3.2706
epoch 5/100 step 60 | loss 10.1119 | det 0.1653 seg 0.4325 cnt 3.5421
epoch 5/100 step 80 | loss 10.3623 | det 0.2027 seg 0.3562 cnt 3.9075
epoch 5/100 step 100 | loss 10.5558 | det 0.4935 seg 0.3851 cnt 2.4728
epoch 5/100 step 120 | loss 10.7803 | det 0.3039 seg 0.4855 cnt 6.8883
epoch 5/100 step 140 | loss 10.7869 | det 0.2725 seg 0.5030 cnt 9.3320
epoch 5/100 step 160 | loss 10.8984 | det 0.4382 seg 0.1616 cnt 6.0437
epoch 5/100 step 180 | loss 10.8056 | det 0.1879 seg 0.5831 cnt 2.9889
epoch 5/100 | train 10.7866 | val det 0.0000 seg 0.0000 miou 0.0000 cnt 0.0000 dens 0.000000e+00 mae 0.0000 total_mae 0.0000 | ap50 0.0000 | selected combo 100000000.000000
epoch 6/100 step 20 | loss 10.7650 | det 0.1788 seg 0.5085 cnt 4.2243
epoch 6/100 step 40 | loss 10.9223 | det 0.2045 seg 0.3311 cnt 3.4629
epoch 6/100 step 60 | loss 10.9139 | det 0.4140 seg 0.4507 cnt 6.3164
epoch 6/100 step 80 | loss 10.9531 | det 0.1216 seg 0.3581 cnt 3.6800
epoch 6/100 step 100 | loss 10.8542 | det 0.1421 seg 0.4869 cnt 1.2404
epoch 6/100 step 120 | loss 10.7028 | det 0.1570 seg 0.6208 cnt 2.5698
epoch 6/100 step 140 | loss 10.6181 | det 0.1489 seg 0.4073 cnt 2.2970
epoch 6/100 step 160 | loss 10.5398 | det 0.3702 seg 0.3012 cnt 3.2038
epoch 6/100 step 180 | loss 10.4402 | det 0.1059 seg 0.3559 cnt 4.9617
epoch 6/100 | train 10.5003 | val det 0.0000 seg 0.0000 miou 0.0000 cnt 0.0000 dens 0.000000e+00 mae 0.0000 total_mae 0.0000 | ap50 0.0000 | selected combo 100000000.000000
epoch 7/100 step 20 | loss 8.9813 | det 0.1301 seg 0.4704 cnt 4.8763
epoch 7/100 step 40 | loss 9.4989 | det 0.1117 seg 0.4152 cnt 8.6496
epoch 7/100 step 60 | loss 9.4491 | det 0.5687 seg 0.5944 cnt 3.6569
epoch 7/100 step 80 | loss 9.5283 | det 0.1041 seg 0.5339 cnt 1.6338
epoch 7/100 step 100 | loss 9.7027 | det 0.1635 seg 0.6887 cnt 2.8056
epoch 7/100 step 120 | loss 9.6115 | det 0.1410 seg 0.4431 cnt 2.3012
epoch 7/100 step 140 | loss 9.6517 | det 0.0849 seg 0.4001 cnt 2.3919
epoch 7/100 step 160 | loss 9.5958 | det 0.1377 seg 0.3028 cnt 2.6509
epoch 7/100 step 180 | loss 9.5378 | det 0.3702 seg 0.3195 cnt 6.5145
epoch 7/100 | train 9.6270 | val det 0.0000 seg 0.0000 miou 0.0000 cnt 0.0000 dens 0.000000e+00 mae 0.0000 total_mae 0.0000 | ap50 0.0000 | selected combo 100000000.000000
epoch 8/100 step 20 | loss 9.7751 | det 0.4283 seg 0.2255 cnt 2.6947
epoch 8/100 step 40 | loss 9.5818 | det 0.0948 seg 0.3046 cnt 1.6316
epoch 8/100 step 60 | loss 9.5175 | det 0.1551 seg 0.5107 cnt 1.6142
epoch 8/100 step 80 | loss 9.5456 | det 0.2038 seg 0.1607 cnt 3.9635
epoch 8/100 step 100 | loss 9.8641 | det 0.0970 seg 0.1254 cnt 2.5501
epoch 8/100 step 120 | loss 9.7855 | det 0.3173 seg 0.3503 cnt 2.4727
epoch 8/100 step 140 | loss 9.7100 | det 0.1112 seg 0.2582 cnt 4.3169
epoch 8/100 step 160 | loss 9.6093 | det 0.0867 seg 0.4015 cnt 1.1850
epoch 8/100 step 180 | loss 9.5689 | det 0.1295 seg 0.2958 cnt 3.3737
epoch 8/100 | train 9.5311 | val det 0.0000 seg 0.0000 miou 0.0000 cnt 0.0000 dens 0.000000e+00 mae 0.0000 total_mae 0.0000 | ap50 0.0000 | selected combo 100000000.000000
epoch 9/100 step 20 | loss 8.8393 | det 0.5299 seg 0.3247 cnt 2.5350
epoch 9/100 step 40 | loss 8.8619 | det 0.0833 seg 0.2477 cnt 2.2999
epoch 9/100 step 60 | loss 9.1425 | det 0.0823 seg 0.2022 cnt 3.6705
epoch 9/100 step 80 | loss 9.2431 | det 0.1225 seg 0.2783 cnt 3.3757
epoch 9/100 step 100 | loss 9.0682 | det 0.1745 seg 0.3636 cnt 2.5744
epoch 9/100 step 120 | loss 9.0295 | det 0.1764 seg 0.6274 cnt 2.4780
epoch 9/100 step 140 | loss 9.0406 | det 0.1450 seg 0.2297 cnt 4.9690
epoch 9/100 step 160 | loss 8.9532 | det 0.1319 seg 0.2441 cnt 5.0034
epoch 9/100 step 180 | loss 8.9396 | det 0.1777 seg 0.3041 cnt 1.6972
epoch 9/100 | train 8.9243 | val det 0.0000 seg 0.0000 miou 0.0000 cnt 0.0000 dens 0.000000e+00 mae 0.0000 total_mae 0.0000 | ap50 0.0000 | selected combo 100000000.000000
epoch 10/100 step 20 | loss 8.7776 | det 0.1540 seg 0.8751 cnt 3.1828
epoch 10/100 step 40 | loss 8.7063 | det 0.1846 seg 0.5648 cnt 2.1253
epoch 10/100 step 60 | loss 8.7327 | det 0.1063 seg 0.3964 cnt 3.9520
epoch 10/100 step 80 | loss 8.9158 | det 0.2160 seg 0.6250 cnt 4.7930
epoch 10/100 step 100 | loss 8.8729 | det 0.1731 seg 0.3351 cnt 1.7318
epoch 10/100 step 120 | loss 8.7202 | det 0.0726 seg 0.2367 cnt 2.5234
epoch 10/100 step 140 | loss 8.7274 | det 0.1399 seg 0.3330 cnt 2.0826
epoch 10/100 step 160 | loss 8.6100 | det 0.0738 seg 0.3680 cnt 2.4199
epoch 10/100 step 180 | loss 8.6061 | det 0.1389 seg 0.2584 cnt 2.8821
epoch 10/100 | train 8.5783 | val det 0.0000 seg 0.0000 miou 0.0000 cnt 0.0000 dens 0.000000e+00 mae 0.0000 total_mae 0.0000 | ap50 0.0000 | selected combo 100000000.000000
epoch 11/100 step 20 | loss 7.9787 | det 0.0779 seg 0.3989 cnt 2.0427
epoch 11/100 step 40 | loss 8.1126 | det 0.0741 seg 0.2544 cnt 1.8545
epoch 11/100 step 60 | loss 9.1084 | det 0.1600 seg 0.4988 cnt 2.7115
epoch 11/100 step 80 | loss 8.8473 | det 0.1380 seg 0.1712 cnt 2.6769
epoch 11/100 step 100 | loss 8.6568 | det 0.0924 seg 0.2664 cnt 2.6789
epoch 11/100 step 120 | loss 8.6205 | det 0.0680 seg 0.3956 cnt 2.0973
epoch 11/100 step 140 | loss 8.5883 | det 0.1713 seg 0.4455 cnt 3.5564
epoch 11/100 step 160 | loss 8.5696 | det 0.3486 seg 0.2447 cnt 2.0879
epoch 11/100 step 180 | loss 8.5682 | det 0.2974 seg 0.3069 cnt 2.0487
epoch 11/100 | train 8.5419 | val det 0.0000 seg 0.0000 miou 0.0000 cnt 0.0000 dens 0.000000e+00 mae 0.0000 total_mae 0.0000 | ap50 0.0000 | selected combo 100000000.000000
epoch 12/100 step 20 | loss 9.0652 | det 0.1423 seg 0.4908 cnt 5.5322
epoch 12/100 step 40 | loss 8.7006 | det 0.0680 seg 0.2956 cnt 4.3060
epoch 12/100 step 60 | loss 8.3718 | det 0.1277 seg 0.2938 cnt 1.5172
epoch 12/100 step 80 | loss 8.3739 | det 0.0915 seg 0.4830 cnt 3.9755
epoch 12/100 step 100 | loss 8.3086 | det 0.2920 seg 0.6236 cnt 5.2737
epoch 12/100 step 120 | loss 8.1382 | det 0.1390 seg 0.3057 cnt 2.2123
epoch 12/100 step 140 | loss 8.0774 | det 0.1253 seg 0.4131 cnt 2.8299
epoch 12/100 step 160 | loss 7.9257 | det 0.0772 seg 0.3412 cnt 2.9544
epoch 12/100 step 180 | loss 7.9616 | det 0.2857 seg 0.3461 cnt 1.8028
epoch 12/100 | train 7.9369 | val det 0.0000 seg 0.0000 miou 0.0000 cnt 0.0000 dens 0.000000e+00 mae 0.0000 total_mae 0.0000 | ap50 0.0000 | selected combo 100000000.000000
epoch 13/100 step 20 | loss 8.4483 | det 0.5279 seg 0.4029 cnt 2.8506
epoch 13/100 step 40 | loss 8.3858 | det 0.0801 seg 0.3407 cnt 3.8083
epoch 13/100 step 60 | loss 8.0364 | det 0.1036 seg 0.1979 cnt 1.7509
epoch 13/100 step 80 | loss 8.0079 | det 0.1595 seg 0.3438 cnt 2.4907
epoch 13/100 step 100 | loss 7.8780 | det 0.1006 seg 0.4157 cnt 3.1881
epoch 13/100 step 120 | loss 7.8541 | det 0.0992 seg 0.2477 cnt 2.4685
epoch 13/100 step 140 | loss 7.9360 | det 0.1476 seg 0.2508 cnt 2.7781
epoch 13/100 step 160 | loss 7.9554 | det 0.3352 seg 0.2243 cnt 2.7078
epoch 13/100 step 180 | loss 7.9739 | det 0.1110 seg 0.2080 cnt 3.3863
epoch 13/100 | train 7.9575 | val det 0.0000 seg 0.0000 miou 0.0000 cnt 0.0000 dens 0.000000e+00 mae 0.0000 total_mae 0.0000 | ap50 0.0000 | selected combo 100000000.000000
epoch 14/100 step 20 | loss 7.5281 | det 0.1343 seg 0.4087 cnt 2.8848
epoch 14/100 step 40 | loss 7.6955 | det 0.3873 seg 0.2573 cnt 2.9556
epoch 14/100 step 60 | loss 7.7708 | det 0.3077 seg 0.2095 cnt 4.2945
epoch 14/100 step 80 | loss 7.6293 | det 0.0698 seg 0.2966 cnt 1.4479
epoch 14/100 step 100 | loss 7.6443 | det 0.0952 seg 0.2089 cnt 3.7306
epoch 14/100 step 120 | loss 7.7115 | det 0.2431 seg 0.2637 cnt 2.4294
epoch 14/100 step 140 | loss 7.6600 | det 0.0708 seg 0.2325 cnt 3.1860
epoch 14/100 step 160 | loss 7.6073 | det 0.2533 seg 0.3088 cnt 3.0109
epoch 14/100 step 180 | loss 7.5437 | det 0.1966 seg 0.2184 cnt 5.7594
epoch 14/100 | train 7.5148 | val det 0.0000 seg 0.0000 miou 0.0000 cnt 0.0000 dens 0.000000e+00 mae 0.0000 total_mae 0.0000 | ap50 0.0000 | selected combo 100000000.000000
epoch 15/100 step 20 | loss 7.6456 | det 0.3139 seg 0.3041 cnt 1.6156
epoch 15/100 step 40 | loss 7.4862 | det 0.2708 seg 0.3182 cnt 2.1332
epoch 15/100 step 60 | loss 7.5300 | det 0.1936 seg 0.1772 cnt 2.1498
epoch 15/100 step 80 | loss 7.3407 | det 0.1491 seg 0.4317 cnt 3.3810
epoch 15/100 step 100 | loss 7.2735 | det 0.0434 seg 0.3831 cnt 4.3068
epoch 15/100 step 120 | loss 7.3223 | det 0.0782 seg 0.3535 cnt 2.7876
epoch 15/100 step 140 | loss 7.4146 | det 0.0809 seg 0.1997 cnt 1.8831
epoch 15/100 step 160 | loss 7.5038 | det 0.1948 seg 0.4302 cnt 26.4219
epoch 15/100 step 180 | loss 7.4135 | det 0.1092 seg 0.1897 cnt 1.3501
epoch 15/100 | train 7.3984 | val det 0.0000 seg 0.0000 miou 0.0000 cnt 0.0000 dens 0.000000e+00 mae 0.0000 total_mae 0.0000 | ap50 0.0000 | selected combo 100000000.000000
epoch 16/100 step 20 | loss 7.4294 | det 0.4093 seg 0.3513 cnt 5.5576
epoch 16/100 step 40 | loss 6.8075 | det 0.2102 seg 0.3385 cnt 3.0057
epoch 16/100 step 60 | loss 6.7042 | det 0.0648 seg 0.2711 cnt 1.4338
epoch 16/100 step 80 | loss 6.9310 | det 0.1041 seg 0.1566 cnt 4.0209
epoch 16/100 step 100 | loss 6.9670 | det 0.0564 seg 0.2561 cnt 3.0041
epoch 16/100 step 120 | loss 7.0831 | det 0.1134 seg 0.3157 cnt 2.0861
epoch 16/100 step 140 | loss 7.3470 | det 0.0995 seg 0.1902 cnt 1.8152
epoch 16/100 step 160 | loss 7.2083 | det 0.0856 seg 0.7546 cnt 3.6057
epoch 16/100 step 180 | loss 7.3239 | det 0.2640 seg 0.6440 cnt 3.6926
epoch 16/100 | train 7.3031 | val det 0.0000 seg 0.0000 miou 0.0000 cnt 0.0000 dens 0.000000e+00 mae 0.0000 total_mae 0.0000 | ap50 0.0000 | selected combo 100000000.000000
epoch 17/100 step 20 | loss 7.3230 | det 0.0953 seg 0.2396 cnt 2.0100
epoch 17/100 step 40 | loss 6.6445 | det 0.1421 seg 0.2138 cnt 2.0029
epoch 17/100 step 60 | loss 6.5638 | det 0.0678 seg 0.1115 cnt 3.0730
epoch 17/100 step 80 | loss 6.6183 | det 0.4584 seg 0.2402 cnt 2.6113
epoch 17/100 step 100 | loss 6.7501 | det 0.0245 seg 0.1839 cnt 3.2186
epoch 17/100 step 120 | loss 6.8141 | det 0.0965 seg 0.4375 cnt 2.1295
epoch 17/100 step 140 | loss 6.8683 | det 0.0727 seg 0.3490 cnt 2.8150
epoch 17/100 step 160 | loss 6.8307 | det 0.0786 seg 0.3672 cnt 4.2828
epoch 17/100 step 180 | loss 6.9771 | det 0.0945 seg 0.2283 cnt 3.4332
epoch 17/100 | train 6.9999 | val det 0.0000 seg 0.0000 miou 0.0000 cnt 0.0000 dens 0.000000e+00 mae 0.0000 total_mae 0.0000 | ap50 0.0000 | selected combo 100000000.000000
epoch 18/100 step 20 | loss 6.9507 | det 0.1331 seg 0.1935 cnt 2.9071
epoch 18/100 step 40 | loss 7.2434 | det 0.0891 seg 0.2057 cnt 4.3047
epoch 18/100 step 60 | loss 7.2970 | det 0.0571 seg 0.3232 cnt 2.3572
epoch 18/100 step 80 | loss 7.2129 | det 0.1149 seg 0.2342 cnt 2.1614
epoch 18/100 step 100 | loss 7.2105 | det 0.1505 seg 0.2864 cnt 2.0515
epoch 18/100 step 120 | loss 7.1639 | det 0.1623 seg 0.2506 cnt 4.7016
epoch 18/100 step 140 | loss 7.0401 | det 0.0926 seg 0.2577 cnt 2.0371
epoch 18/100 step 160 | loss 7.0404 | det 0.2233 seg 0.2795 cnt 2.7375
epoch 18/100 step 180 | loss 6.9841 | det 0.0750 seg 0.3209 cnt 1.4391
epoch 18/100 | train 6.9696 | val det 0.0000 seg 0.0000 miou 0.0000 cnt 0.0000 dens 0.000000e+00 mae 0.0000 total_mae 0.0000 | ap50 0.0000 | selected combo 100000000.000000
epoch 19/100 step 20 | loss 6.3259 | det 0.0774 seg 0.2790 cnt 2.9863
epoch 19/100 step 40 | loss 6.3484 | det 0.2965 seg 0.1908 cnt 3.1032
epoch 19/100 step 60 | loss 6.3595 | det 0.4329 seg 0.2248 cnt 3.8142
epoch 19/100 step 80 | loss 6.3506 | det 0.1430 seg 0.1528 cnt 2.2405
epoch 19/100 step 100 | loss 6.3541 | det 0.1412 seg 0.1427 cnt 1.3827
epoch 19/100 step 120 | loss 6.3011 | det 0.0674 seg 0.2498 cnt 1.3697
epoch 19/100 step 140 | loss 6.2591 | det 0.0995 seg 0.2124 cnt 2.2842
epoch 19/100 step 160 | loss 6.3297 | det 0.0951 seg 0.1485 cnt 2.3046
epoch 19/100 step 180 | loss 6.3154 | det 0.1284 seg 0.1495 cnt 2.9121
epoch 19/100 | train 6.3055 | val det 0.0000 seg 0.0000 miou 0.0000 cnt 0.0000 dens 0.000000e+00 mae 0.0000 total_mae 0.0000 | ap50 0.0000 | selected combo 100000000.000000
epoch 20/100 step 20 | loss 7.0513 | det 0.0874 seg 0.2056 cnt 3.6942
epoch 20/100 step 40 | loss 6.3701 | det 0.0881 seg 0.1304 cnt 1.6597
epoch 20/100 step 60 | loss 6.7221 | det 0.0585 seg 0.2238 cnt 1.1740
epoch 20/100 step 80 | loss 6.7211 | det 0.1461 seg 0.3620 cnt 2.4155
epoch 20/100 step 100 | loss 6.6964 | det 0.0788 seg 0.1789 cnt 1.8354
epoch 20/100 step 120 | loss 6.5668 | det 0.2015 seg 0.3133 cnt 1.8323
epoch 20/100 step 140 | loss 6.5765 | det 0.1315 seg 0.1222 cnt 4.8858
epoch 20/100 step 160 | loss 6.5195 | det 0.1535 seg 0.2363 cnt 2.0939
epoch 20/100 step 180 | loss 6.4757 | det 0.1157 seg 0.1831 cnt 3.0454
epoch 20/100 | train 6.4890 | val det 0.0000 seg 0.0000 miou 0.0000 cnt 0.0000 dens 0.000000e+00 mae 0.0000 total_mae 0.0000 | ap50 0.0000 | selected combo 100000000.000000
epoch 21/100 step 20 | loss 6.5118 | det 0.3593 seg 0.2869 cnt 1.8859
epoch 21/100 step 40 | loss 6.3209 | det 0.1178 seg 0.2944 cnt 3.0274
epoch 21/100 step 60 | loss 6.1184 | det 0.0685 seg 0.1966 cnt 1.4910
epoch 21/100 step 80 | loss 6.1548 | det 0.0808 seg 0.1996 cnt 2.9890
epoch 21/100 step 100 | loss 6.1413 | det 0.1118 seg 0.2251 cnt 1.5329
epoch 21/100 step 120 | loss 6.1157 | det 0.0722 seg 0.1386 cnt 2.6449
epoch 21/100 step 140 | loss 6.1950 | det 0.1106 seg 0.2546 cnt 1.7430
epoch 21/100 step 160 | loss 6.2433 | det 0.3787 seg 0.1799 cnt 3.6341
epoch 21/100 step 180 | loss 6.1902 | det 0.1163 seg 0.1950 cnt 1.5991
epoch 21/100 | train 6.2041 | val det 0.0000 seg 0.0000 miou 0.0000 cnt 0.0000 dens 0.000000e+00 mae 0.0000 total_mae 0.0000 | ap50 0.0000 | selected combo 100000000.000000
epoch 22/100 step 20 | loss 6.8150 | det 0.0826 seg 0.1984 cnt 2.9209
epoch 22/100 step 40 | loss 6.5081 | det 0.0600 seg 0.2034 cnt 2.5151
epoch 22/100 step 60 | loss 6.4452 | det 0.0642 seg 0.2802 cnt 2.4985
epoch 22/100 step 80 | loss 6.2969 | det 0.1507 seg 0.2849 cnt 3.1734
epoch 22/100 step 100 | loss 6.3152 | det 0.1204 seg 0.1867 cnt 2.0114
epoch 22/100 step 120 | loss 6.3898 | det 0.1002 seg 0.1639 cnt 2.3927
epoch 22/100 step 140 | loss 6.3201 | det 0.0992 seg 0.1624 cnt 1.5318
epoch 22/100 step 160 | loss 6.2079 | det 0.0942 seg 0.2371 cnt 1.7241
epoch 22/100 step 180 | loss 6.2107 | det 0.0395 seg 0.1857 cnt 2.2800
epoch 22/100 | train 6.2104 | val det 0.0000 seg 0.0000 miou 0.0000 cnt 0.0000 dens 0.000000e+00 mae 0.0000 total_mae 0.0000 | ap50 0.0000 | selected combo 100000000.000000
epoch 23/100 step 20 | loss 5.9769 | det 0.2453 seg 0.2471 cnt 1.6237
epoch 23/100 step 40 | loss 5.9860 | det 0.2118 seg 0.1452 cnt 2.4866
epoch 23/100 step 60 | loss 6.0301 | det 0.1537 seg 0.2152 cnt 2.1706
epoch 23/100 step 80 | loss 6.0302 | det 0.0674 seg 0.3265 cnt 3.1455
epoch 23/100 step 100 | loss 6.2025 | det 0.4215 seg 0.1842 cnt 1.8308
epoch 23/100 step 120 | loss 6.2507 | det 0.0646 seg 0.3238 cnt 3.8398
epoch 23/100 step 140 | loss 6.2231 | det 0.0689 seg 0.3850 cnt 2.2724
epoch 23/100 step 160 | loss 6.1834 | det 0.0297 seg 0.3193 cnt 3.7518
epoch 23/100 step 180 | loss 6.1134 | det 0.1360 seg 0.1605 cnt 3.7993
epoch 23/100 | train 6.1269 | val det 0.0000 seg 0.0000 miou 0.0000 cnt 0.0000 dens 0.000000e+00 mae 0.0000 total_mae 0.0000 | ap50 0.0000 | selected combo 100000000.000000
epoch 24/100 step 20 | loss 5.6946 | det 0.0886 seg 0.1715 cnt 2.2126
epoch 24/100 step 40 | loss 5.7737 | det 0.0928 seg 0.2314 cnt 1.0399
epoch 24/100 step 60 | loss 6.2128 | det 0.0675 seg 0.1501 cnt 1.5152
epoch 24/100 step 80 | loss 6.1200 | det 0.6601 seg 0.1505 cnt 1.5232
epoch 24/100 step 100 | loss 6.1497 | det 0.0699 seg 0.1486 cnt 3.0527
epoch 24/100 step 120 | loss 6.1257 | det 0.0850 seg 0.2337 cnt 2.3398
epoch 24/100 step 140 | loss 6.0620 | det 0.0923 seg 0.1761 cnt 2.4911
epoch 24/100 step 160 | loss 5.9925 | det 0.1468 seg 0.2918 cnt 1.4646
epoch 24/100 step 180 | loss 5.9093 | det 0.0455 seg 0.3745 cnt 1.2629
epoch 24/100 | train 5.9363 | val det 0.0000 seg 0.0000 miou 0.0000 cnt 0.0000 dens 0.000000e+00 mae 0.0000 total_mae 0.0000 | ap50 0.0000 | selected combo 100000000.000000
epoch 25/100 step 20 | loss 5.9376 | det 0.0872 seg 0.2437 cnt 3.9581
epoch 25/100 step 40 | loss 5.5590 | det 0.0477 seg 0.1633 cnt 2.1431
epoch 25/100 step 60 | loss 5.6245 | det 0.0422 seg 0.1982 cnt 1.5936
epoch 25/100 step 80 | loss 5.7561 | det 0.1902 seg 0.4709 cnt 1.2579
epoch 25/100 step 100 | loss 5.7635 | det 0.1281 seg 0.2156 cnt 1.6004
epoch 25/100 step 120 | loss 5.8577 | det 0.0742 seg 0.1307 cnt 2.3152
epoch 25/100 step 140 | loss 5.8282 | det 0.2293 seg 0.1432 cnt 1.6017
epoch 25/100 step 160 | loss 5.8078 | det 0.1494 seg 0.1049 cnt 1.3749
epoch 25/100 step 180 | loss 5.7870 | det 0.2864 seg 0.1277 cnt 1.9670
epoch 25/100 | train 5.7735 | val det 0.0000 seg 0.0000 miou 0.0000 cnt 0.0000 dens 0.000000e+00 mae 0.0000 total_mae 0.0000 | ap50 0.0000 | selected combo 100000000.000000
epoch 26/100 step 20 | loss 5.4174 | det 0.0346 seg 0.2626 cnt 1.6916
epoch 26/100 step 40 | loss 5.9990 | det 0.0717 seg 0.1652 cnt 1.6696
epoch 26/100 step 60 | loss 5.9162 | det 0.1523 seg 0.1697 cnt 0.5748
epoch 26/100 step 80 | loss 5.9488 | det 0.1031 seg 0.1665 cnt 1.9064
epoch 26/100 step 100 | loss 5.9269 | det 0.1765 seg 0.2439 cnt 1.1809
epoch 26/100 step 120 | loss 6.0620 | det 0.1813 seg 0.2111 cnt 2.4653
epoch 26/100 step 140 | loss 6.0247 | det 0.2070 seg 0.1068 cnt 2.9545
epoch 26/100 step 160 | loss 5.9296 | det 0.0732 seg 0.1980 cnt 2.6687
epoch 26/100 step 180 | loss 5.9116 | det 0.1067 seg 0.1758 cnt 4.3766
epoch 26/100 | train 5.8771 | val det 0.0000 seg 0.0000 miou 0.0000 cnt 0.0000 dens 0.000000e+00 mae 0.0000 total_mae 0.0000 | ap50 0.0000 | selected combo 100000000.000000
epoch 27/100 step 20 | loss 5.5315 | det 0.0628 seg 0.1847 cnt 1.6308
epoch 27/100 step 40 | loss 5.4653 | det 0.0310 seg 0.1582 cnt 1.9528
epoch 27/100 step 60 | loss 5.3721 | det 0.0512 seg 0.2581 cnt 1.9361
epoch 27/100 step 80 | loss 5.5815 | det 0.2467 seg 0.1012 cnt 5.3524
epoch 27/100 step 100 | loss 5.5479 | det 0.0728 seg 0.3052 cnt 1.1027
epoch 27/100 step 120 | loss 5.5810 | det 0.2934 seg 0.2037 cnt 2.5124
epoch 27/100 step 140 | loss 5.5012 | det 0.1024 seg 0.2141 cnt 3.0286
epoch 27/100 step 160 | loss 5.5014 | det 0.1916 seg 0.1503 cnt 1.2585
epoch 27/100 step 180 | loss 5.6040 | det 0.2604 seg 0.1116 cnt 3.4413
epoch 27/100 | train 5.5943 | val det 0.0000 seg 0.0000 miou 0.0000 cnt 0.0000 dens 0.000000e+00 mae 0.0000 total_mae 0.0000 | ap50 0.0000 | selected combo 100000000.000000
epoch 28/100 step 20 | loss 6.0682 | det 0.2977 seg 0.1087 cnt 2.9171
epoch 28/100 step 40 | loss 6.1733 | det 0.0860 seg 0.3274 cnt 1.3422
epoch 28/100 step 60 | loss 6.1665 | det 0.2293 seg 0.1374 cnt 1.3958
epoch 28/100 step 80 | loss 6.0052 | det 0.0835 seg 0.1483 cnt 1.2144
epoch 28/100 step 100 | loss 5.8360 | det 0.1945 seg 0.2466 cnt 2.9339
epoch 28/100 step 120 | loss 5.7271 | det 0.1621 seg 0.1548 cnt 2.1986
epoch 28/100 step 140 | loss 5.7350 | det 0.0726 seg 0.0895 cnt 1.6298
epoch 28/100 step 160 | loss 5.7145 | det 0.0563 seg 0.1445 cnt 1.9927
epoch 28/100 step 180 | loss 5.7051 | det 0.2954 seg 0.2522 cnt 3.9322
epoch 28/100 | train 5.7006 | val det 0.0000 seg 0.0000 miou 0.0000 cnt 0.0000 dens 0.000000e+00 mae 0.0000 total_mae 0.0000 | ap50 0.0000 | selected combo 100000000.000000
epoch 29/100 step 20 | loss 6.3560 | det 0.2365 seg 0.1922 cnt 2.7941
epoch 29/100 step 40 | loss 5.5086 | det 0.0809 seg 0.1934 cnt 1.3502
epoch 29/100 step 60 | loss 5.3511 | det 0.1070 seg 0.1929 cnt 1.7707
epoch 29/100 step 80 | loss 5.2919 | det 0.2023 seg 0.2439 cnt 2.7870
epoch 29/100 step 100 | loss 5.2044 | det 0.0668 seg 0.2013 cnt 1.7401
epoch 29/100 step 120 | loss 5.1220 | det 0.0554 seg 0.0848 cnt 1.2031
epoch 29/100 step 140 | loss 5.1714 | det 0.0957 seg 0.1306 cnt 1.3361
epoch 29/100 step 160 | loss 5.1571 | det 0.0840 seg 0.1721 cnt 1.6622
epoch 29/100 step 180 | loss 5.1609 | det 0.0615 seg 0.1258 cnt 1.6229
epoch 29/100 | train 5.1829 | val det 0.0000 seg 0.0000 miou 0.0000 cnt 0.0000 dens 0.000000e+00 mae 0.0000 total_mae 0.0000 | ap50 0.0000 | selected combo 100000000.000000
epoch 30/100 step 20 | loss 5.3764 | det 0.1140 seg 0.1460 cnt 3.2058
epoch 30/100 step 40 | loss 5.4469 | det 0.0735 seg 0.1300 cnt 2.2013
epoch 30/100 step 60 | loss 5.2606 | det 0.0983 seg 0.1523 cnt 1.3971
epoch 30/100 step 80 | loss 5.3807 | det 0.1242 seg 0.1454 cnt 2.5052
epoch 30/100 step 100 | loss 5.3585 | det 0.0549 seg 0.1336 cnt 1.4869
epoch 30/100 step 120 | loss 5.4723 | det 0.0528 seg 0.1507 cnt 1.0593
epoch 30/100 step 140 | loss 5.3864 | det 0.1305 seg 0.2585 cnt 1.4989
epoch 30/100 step 160 | loss 5.3564 | det 0.1432 seg 0.2418 cnt 2.6444
epoch 30/100 step 180 | loss 5.3695 | det 0.1576 seg 0.2273 cnt 1.9218
epoch 30/100 | train 5.3635 | val det 0.0000 seg 0.0000 miou 0.0000 cnt 0.0000 dens 0.000000e+00 mae 0.0000 total_mae 0.0000 | ap50 0.0000 | selected combo 100000000.000000
epoch 31/100 step 20 | loss 5.1972 | det 0.0897 seg 0.2309 cnt 4.1231
epoch 31/100 step 40 | loss 5.4124 | det 0.0802 seg 0.1173 cnt 1.7337
epoch 31/100 step 60 | loss 5.3108 | det 0.0341 seg 0.1544 cnt 1.2448
epoch 31/100 step 80 | loss 5.2098 | det 0.0601 seg 0.1802 cnt 1.6090
epoch 31/100 step 100 | loss 5.2011 | det 0.0657 seg 0.0871 cnt 2.6807
epoch 31/100 step 120 | loss 5.1811 | det 0.2256 seg 0.1694 cnt 1.8550
epoch 31/100 step 140 | loss 5.2740 | det 0.0302 seg 0.1440 cnt 3.1292
epoch 31/100 step 160 | loss 5.2565 | det 0.0733 seg 0.1630 cnt 2.9301
epoch 31/100 step 180 | loss 5.2080 | det 0.0293 seg 0.1937 cnt 1.6998
epoch 31/100 | train 5.2056 | val det 0.0000 seg 0.0000 miou 0.0000 cnt 0.0000 dens 0.000000e+00 mae 0.0000 total_mae 0.0000 | ap50 0.0000 | selected combo 100000000.000000
epoch 32/100 step 20 | loss 4.8717 | det 0.2829 seg 0.1516 cnt 1.7918
epoch 32/100 step 40 | loss 5.2504 | det 0.3639 seg 0.1576 cnt 1.7867
epoch 32/100 step 60 | loss 5.2994 | det 0.0977 seg 0.1972 cnt 1.8129
epoch 32/100 step 80 | loss 5.4154 | det 0.0733 seg 0.1403 cnt 2.9873
epoch 32/100 step 100 | loss 5.3083 | det 0.0612 seg 0.1558 cnt 1.9763
epoch 32/100 step 120 | loss 5.3237 | det 0.0895 seg 0.1719 cnt 2.1855
epoch 32/100 step 140 | loss 5.2436 | det 0.0587 seg 0.1921 cnt 2.7188
epoch 32/100 step 160 | loss 5.2127 | det 0.0511 seg 0.2474 cnt 1.2417
epoch 32/100 step 180 | loss 5.2192 | det 0.2703 seg 0.1555 cnt 1.7740
epoch 32/100 | train 5.2107 | val det 0.0000 seg 0.0000 miou 0.0000 cnt 0.0000 dens 0.000000e+00 mae 0.0000 total_mae 0.0000 | ap50 0.0000 | selected combo 100000000.000000
epoch 33/100 step 20 | loss 5.5083 | det 0.2031 seg 0.1864 cnt 1.6787
epoch 33/100 step 40 | loss 5.2679 | det 0.0358 seg 0.1872 cnt 3.0996
epoch 33/100 step 60 | loss 5.3691 | det 0.3115 seg 0.1406 cnt 2.7125
epoch 33/100 step 80 | loss 5.1963 | det 0.0628 seg 0.1371 cnt 2.0535
epoch 33/100 step 100 | loss 5.1899 | det 0.1051 seg 0.1540 cnt 2.8717
epoch 33/100 step 120 | loss 5.2206 | det 0.0434 seg 0.2492 cnt 1.9787
epoch 33/100 step 140 | loss 5.2046 | det 0.3588 seg 0.2326 cnt 1.2987
epoch 33/100 step 160 | loss 5.2409 | det 0.0279 seg 0.2816 cnt 2.4871
epoch 33/100 step 180 | loss 5.2398 | det 0.0670 seg 0.2188 cnt 2.5313
epoch 33/100 | train 5.2466 | val det 0.0000 seg 0.0000 miou 0.0000 cnt 0.0000 dens 0.000000e+00 mae 0.0000 total_mae 0.0000 | ap50 0.0000 | selected combo 100000000.000000
epoch 34/100 step 20 | loss 5.3560 | det 0.0408 seg 0.1861 cnt 1.8753
epoch 34/100 step 40 | loss 5.2163 | det 0.0771 seg 0.2590 cnt 1.1316
epoch 34/100 step 60 | loss 5.0682 | det 0.0977 seg 0.2439 cnt 2.8470
epoch 34/100 step 80 | loss 4.9819 | det 0.0524 seg 0.1752 cnt 1.1365
epoch 34/100 step 100 | loss 5.0766 | det 0.2843 seg 0.1854 cnt 0.7698
epoch 34/100 step 120 | loss 5.0180 | det 0.0528 seg 0.2611 cnt 1.8410
epoch 34/100 step 140 | loss 5.0245 | det 0.1448 seg 0.1460 cnt 2.4139
epoch 34/100 step 160 | loss 4.9873 | det 0.1006 seg 0.2617 cnt 3.8857
epoch 34/100 step 180 | loss 4.9677 | det 0.0188 seg 0.2387 cnt 1.4260
epoch 34/100 | train 4.9586 | val det 0.0000 seg 0.0000 miou 0.0000 cnt 0.0000 dens 0.000000e+00 mae 0.0000 total_mae 0.0000 | ap50 0.0000 | selected combo 100000000.000000
epoch 35/100 step 20 | loss 4.7120 | det 0.0830 seg 0.1616 cnt 2.0883
epoch 35/100 step 40 | loss 4.7882 | det 0.0920 seg 0.1105 cnt 1.4648
epoch 35/100 step 60 | loss 4.7478 | det 0.0639 seg 0.1310 cnt 1.9409
epoch 35/100 step 80 | loss 4.8333 | det 0.0429 seg 0.2148 cnt 3.0315
epoch 35/100 step 100 | loss 4.8871 | det 0.0423 seg 0.1854 cnt 2.6851
epoch 35/100 step 120 | loss 4.9416 | det 0.0904 seg 0.1778 cnt 2.6733
epoch 35/100 step 140 | loss 4.9942 | det 0.1062 seg 0.2539 cnt 2.0329
epoch 35/100 step 160 | loss 4.9606 | det 0.0993 seg 0.1178 cnt 3.0770
epoch 35/100 step 180 | loss 4.9429 | det 0.0517 seg 0.1561 cnt 1.6892
epoch 35/100 | train 4.9754 | val det 0.0000 seg 0.0000 miou 0.0000 cnt 0.0000 dens 0.000000e+00 mae 0.0000 total_mae 0.0000 | ap50 0.0000 | selected combo 100000000.000000
epoch 36/100 step 20 | loss 5.0368 | det 0.3171 seg 0.2031 cnt 3.2275
epoch 36/100 step 40 | loss 5.1026 | det 0.4152 seg 0.2810 cnt 3.2335
epoch 36/100 step 60 | loss 5.0537 | det 0.0764 seg 0.1524 cnt 2.0524
epoch 36/100 step 80 | loss 4.9978 | det 0.2175 seg 0.2257 cnt 2.4987
epoch 36/100 step 100 | loss 4.9941 | det 0.0364 seg 0.2561 cnt 1.0348
epoch 36/100 step 120 | loss 5.0078 | det 0.1250 seg 0.1529 cnt 4.2245
epoch 36/100 step 140 | loss 5.0905 | det 0.1265 seg 0.0857 cnt 1.3259
epoch 36/100 step 160 | loss 5.0090 | det 0.1168 seg 0.1541 cnt 1.0903
epoch 36/100 step 180 | loss 5.0483 | det 0.0558 seg 0.1807 cnt 1.2009
epoch 36/100 | train 5.0457 | val det 0.0000 seg 0.0000 miou 0.0000 cnt 0.0000 dens 0.000000e+00 mae 0.0000 total_mae 0.0000 | ap50 0.0000 | selected combo 100000000.000000
epoch 37/100 step 20 | loss 5.1555 | det 0.0603 seg 0.1629 cnt 1.7270
epoch 37/100 step 40 | loss 4.9034 | det 0.0478 seg 0.1277 cnt 1.3554
epoch 37/100 step 60 | loss 4.7689 | det 0.2064 seg 0.1459 cnt 2.2788
epoch 37/100 step 80 | loss 4.8295 | det 0.1280 seg 0.1503 cnt 3.0296
epoch 37/100 step 100 | loss 4.7417 | det 0.0431 seg 0.2030 cnt 1.4901
epoch 37/100 step 120 | loss 4.7107 | det 0.2326 seg 0.1909 cnt 1.6983
epoch 37/100 step 140 | loss 4.7188 | det 0.1027 seg 0.2363 cnt 2.6765
epoch 37/100 step 160 | loss 4.7203 | det 0.1160 seg 0.1782 cnt 0.7387
epoch 37/100 step 180 | loss 4.7049 | det 0.1028 seg 0.0960 cnt 1.7093
epoch 37/100 | train 4.7135 | val det 0.0000 seg 0.0000 miou 0.0000 cnt 0.0000 dens 0.000000e+00 mae 0.0000 total_mae 0.0000 | ap50 0.0000 | selected combo 100000000.000000
epoch 38/100 step 20 | loss 5.5147 | det 0.2050 seg 0.1182 cnt 1.9539
epoch 38/100 step 40 | loss 5.0891 | det 0.1161 seg 0.1871 cnt 0.7783
epoch 38/100 step 60 | loss 5.0922 | det 0.1239 seg 0.1079 cnt 1.8320
epoch 38/100 step 80 | loss 4.8695 | det 0.0423 seg 0.1733 cnt 3.3458
epoch 38/100 step 100 | loss 4.8118 | det 0.0381 seg 0.0939 cnt 1.7689
epoch 38/100 step 120 | loss 4.7703 | det 0.0889 seg 0.2401 cnt 1.2933
epoch 38/100 step 140 | loss 4.9045 | det 0.1250 seg 0.2112 cnt 2.1280
epoch 38/100 step 160 | loss 4.9152 | det 0.0863 seg 0.2680 cnt 1.6398
epoch 38/100 step 180 | loss 4.8944 | det 0.0785 seg 0.1233 cnt 1.4718
epoch 38/100 | train 4.9112 | val det 0.0000 seg 0.0000 miou 0.0000 cnt 0.0000 dens 0.000000e+00 mae 0.0000 total_mae 0.0000 | ap50 0.0000 | selected combo 100000000.000000
epoch 39/100 step 20 | loss 4.5333 | det 0.0476 seg 0.1328 cnt 1.6408
epoch 39/100 step 40 | loss 5.2311 | det 0.0491 seg 0.0787 cnt 2.3497
epoch 39/100 step 60 | loss 5.0204 | det 0.1646 seg 0.1517 cnt 2.5782
epoch 39/100 step 80 | loss 4.9523 | det 0.1422 seg 0.1265 cnt 1.2740
epoch 39/100 step 100 | loss 4.9266 | det 0.0775 seg 0.1194 cnt 1.2128
epoch 39/100 step 120 | loss 4.8582 | det 0.0259 seg 0.1419 cnt 4.9113
epoch 39/100 step 140 | loss 4.8234 | det 0.0480 seg 0.1765 cnt 1.1974
epoch 39/100 step 160 | loss 4.7674 | det 0.0729 seg 0.1523 cnt 1.4582
epoch 39/100 step 180 | loss 4.7524 | det 0.1799 seg 0.2010 cnt 1.0354
epoch 39/100 | train 4.7455 | val det 0.0000 seg 0.0000 miou 0.0000 cnt 0.0000 dens 0.000000e+00 mae 0.0000 total_mae 0.0000 | ap50 0.0000 | selected combo 100000000.000000
epoch 40/100 step 20 | loss 4.9134 | det 0.0346 seg 0.1550 cnt 0.8592
epoch 40/100 step 40 | loss 5.0999 | det 0.0909 seg 0.3027 cnt 0.9047
epoch 40/100 step 60 | loss 5.0185 | det 0.2133 seg 0.1761 cnt 1.1663
epoch 40/100 step 80 | loss 4.9077 | det 0.2235 seg 0.1310 cnt 0.8908
epoch 40/100 step 100 | loss 4.8761 | det 0.0460 seg 0.1592 cnt 2.8950
epoch 40/100 step 120 | loss 4.8187 | det 0.0391 seg 0.1508 cnt 1.8361
epoch 40/100 step 140 | loss 4.7584 | det 0.0386 seg 0.1425 cnt 1.7395
epoch 40/100 step 160 | loss 4.7183 | det 0.0671 seg 0.1901 cnt 3.0520
epoch 40/100 step 180 | loss 4.7468 | det 0.1245 seg 0.2451 cnt 2.3524
epoch 40/100 | train 4.7366 | val det 0.0000 seg 0.0000 miou 0.0000 cnt 0.0000 dens 0.000000e+00 mae 0.0000 total_mae 0.0000 | ap50 0.0000 | selected combo 100000000.000000
epoch 41/100 step 20 | loss 4.9348 | det 0.0612 seg 0.1642 cnt 1.4853
epoch 41/100 step 40 | loss 4.6468 | det 0.0660 seg 0.2111 cnt 0.9478
epoch 41/100 step 60 | loss 4.7055 | det 0.0375 seg 0.0764 cnt 1.3463
epoch 41/100 step 80 | loss 4.7644 | det 0.0426 seg 0.1856 cnt 0.8544
epoch 41/100 step 100 | loss 4.6632 | det 0.3045 seg 0.1052 cnt 2.1139
epoch 41/100 step 120 | loss 4.6628 | det 0.0459 seg 0.1666 cnt 1.3770
epoch 41/100 step 140 | loss 4.5872 | det 0.0981 seg 0.1045 cnt 1.3826
epoch 41/100 step 160 | loss 4.4841 | det 0.0811 seg 0.1058 cnt 2.0630
epoch 41/100 step 180 | loss 4.4329 | det 0.0537 seg 0.1254 cnt 2.0590
epoch 41/100 | train 4.4355 | val det 0.0000 seg 0.0000 miou 0.0000 cnt 0.0000 dens 0.000000e+00 mae 0.0000 total_mae 0.0000 | ap50 0.0000 | selected combo 100000000.000000
epoch 42/100 step 20 | loss 4.4540 | det 0.0892 seg 0.1315 cnt 1.0583
epoch 42/100 step 40 | loss 4.6051 | det 0.0762 seg 0.1215 cnt 1.7677
epoch 42/100 step 60 | loss 4.5222 | det 0.1942 seg 0.1049 cnt 2.2948
epoch 42/100 step 80 | loss 4.5501 | det 0.0328 seg 0.1501 cnt 1.3022
epoch 42/100 step 100 | loss 4.6156 | det 0.0690 seg 0.1966 cnt 1.8393
epoch 42/100 step 120 | loss 4.6366 | det 0.2122 seg 0.1159 cnt 2.3528
epoch 42/100 step 140 | loss 4.6109 | det 0.0380 seg 0.2557 cnt 2.1197
epoch 42/100 step 160 | loss 4.5354 | det 0.0476 seg 0.1278 cnt 1.5280
epoch 42/100 step 180 | loss 4.5348 | det 0.0742 seg 0.2009 cnt 1.2473
epoch 42/100 | train 4.5449 | val det 0.0000 seg 0.0000 miou 0.0000 cnt 0.0000 dens 0.000000e+00 mae 0.0000 total_mae 0.0000 | ap50 0.0000 | selected combo 100000000.000000
epoch 43/100 step 20 | loss 4.5431 | det 0.0442 seg 0.0914 cnt 1.4689
epoch 43/100 step 40 | loss 4.4766 | det 0.0899 seg 0.1003 cnt 0.8133
epoch 43/100 step 60 | loss 4.6640 | det 0.1358 seg 0.1425 cnt 1.4752
epoch 43/100 step 80 | loss 4.6721 | det 0.0739 seg 0.0787 cnt 1.8106
epoch 43/100 step 100 | loss 4.6159 | det 0.0485 seg 0.1171 cnt 2.8666
epoch 43/100 step 120 | loss 4.5222 | det 0.0547 seg 0.1865 cnt 1.6835
epoch 43/100 step 140 | loss 4.5384 | det 0.0782 seg 0.1879 cnt 3.2431
epoch 43/100 step 160 | loss 4.5602 | det 0.2678 seg 0.1495 cnt 3.1501
epoch 43/100 step 180 | loss 4.5453 | det 0.0454 seg 0.0980 cnt 1.9413
epoch 43/100 | train 4.5375 | val det 0.0000 seg 0.0000 miou 0.0000 cnt 0.0000 dens 0.000000e+00 mae 0.0000 total_mae 0.0000 | ap50 0.0000 | selected combo 100000000.000000
epoch 44/100 step 20 | loss 4.3599 | det 0.0401 seg 0.2015 cnt 0.9278
epoch 44/100 step 40 | loss 4.3389 | det 0.0433 seg 0.2977 cnt 2.7364
epoch 44/100 step 60 | loss 4.5137 | det 0.0639 seg 0.2077 cnt 1.8215
epoch 44/100 step 80 | loss 4.4381 | det 0.1317 seg 0.1410 cnt 1.9716
epoch 44/100 step 100 | loss 4.3571 | det 0.0592 seg 0.1952 cnt 1.4392
epoch 44/100 step 120 | loss 4.3598 | det 0.0342 seg 0.1284 cnt 1.7089
epoch 44/100 step 140 | loss 4.4195 | det 0.0362 seg 0.1490 cnt 1.3116
epoch 44/100 step 160 | loss 4.4791 | det 0.3618 seg 0.1417 cnt 2.7998
epoch 44/100 step 180 | loss 4.4690 | det 0.1460 seg 0.1118 cnt 1.4995
epoch 44/100 | train 4.4949 | val det 0.0000 seg 0.0000 miou 0.0000 cnt 0.0000 dens 0.000000e+00 mae 0.0000 total_mae 0.0000 | ap50 0.0000 | selected combo 100000000.000000
epoch 45/100 step 20 | loss 5.1773 | det 0.0339 seg 0.0800 cnt 2.1570
epoch 45/100 step 40 | loss 4.6746 | det 0.0588 seg 0.1923 cnt 1.8276
epoch 45/100 step 60 | loss 4.5695 | det 0.0585 seg 0.1537 cnt 2.0901
epoch 45/100 step 80 | loss 4.5084 | det 0.0538 seg 0.0668 cnt 1.3314
epoch 45/100 step 100 | loss 4.5057 | det 0.0236 seg 0.2248 cnt 2.3085
epoch 45/100 step 120 | loss 4.4517 | det 0.1006 seg 0.1504 cnt 1.3957
epoch 45/100 step 140 | loss 4.3758 | det 0.0398 seg 0.1235 cnt 2.1548
epoch 45/100 step 160 | loss 4.4041 | det 0.0943 seg 0.1887 cnt 1.3858
epoch 45/100 step 180 | loss 4.3877 | det 0.0812 seg 0.1241 cnt 1.6051
epoch 45/100 | train 4.3997 | val det 0.0000 seg 0.0000 miou 0.0000 cnt 0.0000 dens 0.000000e+00 mae 0.0000 total_mae 0.0000 | ap50 0.0000 | selected combo 100000000.000000
epoch 46/100 step 20 | loss 4.7939 | det 0.0155 seg 0.2193 cnt 2.2600
epoch 46/100 step 40 | loss 4.3456 | det 0.0534 seg 0.0960 cnt 1.1621
epoch 46/100 step 60 | loss 4.2914 | det 0.0521 seg 0.1861 cnt 2.2773
epoch 46/100 step 80 | loss 4.3058 | det 0.0685 seg 0.1064 cnt 1.6979
epoch 46/100 step 100 | loss 4.3121 | det 0.0385 seg 0.2046 cnt 1.1562
epoch 46/100 step 120 | loss 4.3459 | det 0.0284 seg 0.0907 cnt 1.5495
epoch 46/100 step 140 | loss 4.3547 | det 0.2632 seg 0.1712 cnt 1.0602
epoch 46/100 step 160 | loss 4.3652 | det 0.0369 seg 0.0621 cnt 2.4805
epoch 46/100 step 180 | loss 4.3816 | det 0.0279 seg 0.1056 cnt 1.8092
epoch 46/100 | train 4.3878 | val det 0.0000 seg 0.0000 miou 0.0000 cnt 0.0000 dens 0.000000e+00 mae 0.0000 total_mae 0.0000 | ap50 0.0000 | selected combo 100000000.000000
epoch 47/100 step 20 | loss 4.2375 | det 0.2304 seg 0.1540 cnt 1.9275
epoch 47/100 step 40 | loss 4.4696 | det 0.1318 seg 0.1879 cnt 1.5534
epoch 47/100 step 60 | loss 4.5163 | det 0.0452 seg 0.1706 cnt 1.6745
epoch 47/100 step 80 | loss 4.4792 | det 0.1978 seg 0.2049 cnt 1.5270
epoch 47/100 step 100 | loss 4.4575 | det 0.2553 seg 0.3221 cnt 1.9559
epoch 47/100 step 120 | loss 4.4744 | det 0.0422 seg 0.2851 cnt 0.9689
epoch 47/100 step 140 | loss 4.4564 | det 0.4007 seg 0.0496 cnt 1.5113
epoch 47/100 step 160 | loss 4.4638 | det 0.0940 seg 0.0920 cnt 2.2043
epoch 47/100 step 180 | loss 4.4982 | det 0.1708 seg 0.1067 cnt 2.0582
epoch 47/100 | train 4.4920 | val det 0.0000 seg 0.0000 miou 0.0000 cnt 0.0000 dens 0.000000e+00 mae 0.0000 total_mae 0.0000 | ap50 0.0000 | selected combo 100000000.000000
epoch 48/100 step 20 | loss 4.8580 | det 0.1912 seg 0.2197 cnt 4.7291
epoch 48/100 step 40 | loss 4.5506 | det 0.0344 seg 0.1766 cnt 1.8653
epoch 48/100 step 60 | loss 4.3977 | det 0.0355 seg 0.1895 cnt 1.3196
epoch 48/100 step 80 | loss 4.5339 | det 0.0630 seg 0.1694 cnt 2.1231
epoch 48/100 step 100 | loss 4.5217 | det 0.2479 seg 0.1151 cnt 1.0345
epoch 48/100 step 120 | loss 4.4469 | det 0.1286 seg 0.2106 cnt 1.1935
epoch 48/100 step 140 | loss 4.3522 | det 0.0437 seg 0.1291 cnt 1.5158
epoch 48/100 step 160 | loss 4.3608 | det 0.0605 seg 0.1366 cnt 1.5974
epoch 48/100 step 180 | loss 4.3155 | det 0.0992 seg 0.2424 cnt 1.2316
epoch 48/100 | train 4.2968 | val det 0.0000 seg 0.0000 miou 0.0000 cnt 0.0000 dens 0.000000e+00 mae 0.0000 total_mae 0.0000 | ap50 0.0000 | selected combo 100000000.000000
epoch 49/100 step 20 | loss 4.4598 | det 0.1804 seg 0.0765 cnt 1.2133
epoch 49/100 step 40 | loss 4.2056 | det 0.0764 seg 0.1579 cnt 2.3186
epoch 49/100 step 60 | loss 4.4428 | det 0.2675 seg 0.1376 cnt 6.1301
epoch 49/100 step 80 | loss 4.4520 | det 0.0699 seg 0.1787 cnt 1.4029
epoch 49/100 step 100 | loss 4.2461 | det 0.0941 seg 0.0715 cnt 2.4255
epoch 49/100 step 120 | loss 4.1869 | det 0.0344 seg 0.1321 cnt 1.4588
epoch 49/100 step 140 | loss 4.1497 | det 0.1456 seg 0.1354 cnt 2.9752
epoch 49/100 step 160 | loss 4.1996 | det 0.0637 seg 0.0840 cnt 1.3586
epoch 49/100 step 180 | loss 4.1813 | det 0.0425 seg 0.1473 cnt 1.8248
epoch 49/100 | train 4.1882 | val det 0.0000 seg 0.0000 miou 0.0000 cnt 0.0000 dens 0.000000e+00 mae 0.0000 total_mae 0.0000 | ap50 0.0000 | selected combo 100000000.000000
epoch 50/100 step 20 | loss 4.6353 | det 0.1767 seg 0.2091 cnt 1.2329
epoch 50/100 step 40 | loss 4.1992 | det 0.0315 seg 0.1716 cnt 1.3952
epoch 50/100 step 60 | loss 4.1826 | det 0.0650 seg 0.1157 cnt 1.9259
epoch 50/100 step 80 | loss 4.3208 | det 0.0422 seg 0.1248 cnt 1.4070
epoch 50/100 step 100 | loss 4.3445 | det 0.0462 seg 0.1611 cnt 2.0965
epoch 50/100 step 120 | loss 4.2964 | det 0.0339 seg 0.2150 cnt 0.8288
epoch 50/100 step 140 | loss 4.3851 | det 0.0193 seg 0.1246 cnt 1.4125
epoch 50/100 step 160 | loss 4.3405 | det 0.1093 seg 0.1724 cnt 1.1105
epoch 50/100 step 180 | loss 4.3033 | det 0.1093 seg 0.1287 cnt 0.9420
epoch 50/100 | train 4.2971 | val det 0.0000 seg 0.0000 miou 0.0000 cnt 0.0000 dens 0.000000e+00 mae 0.0000 total_mae 0.0000 | ap50 0.0000 | selected combo 100000000.000000
epoch 51/100 step 20 | loss 3.8943 | det 0.1031 seg 0.0502 cnt 1.1342
epoch 51/100 step 40 | loss 4.1932 | det 0.0524 seg 0.1907 cnt 1.7741
epoch 51/100 step 60 | loss 4.1800 | det 0.0978 seg 0.1027 cnt 0.7500
epoch 51/100 step 80 | loss 4.1507 | det 0.1803 seg 0.1708 cnt 0.9930
epoch 51/100 step 100 | loss 4.1293 | det 0.1030 seg 0.0844 cnt 2.0888
epoch 51/100 step 120 | loss 4.2110 | det 0.1994 seg 0.1177 cnt 2.7535
epoch 51/100 step 140 | loss 4.2680 | det 0.0405 seg 0.1006 cnt 2.3223
epoch 51/100 step 160 | loss 4.2528 | det 0.0589 seg 0.0715 cnt 4.6446
epoch 51/100 step 180 | loss 4.2171 | det 0.1957 seg 0.2059 cnt 1.8021
epoch 51/100 | train 4.2191 | val det 0.2455 seg 0.4248 miou 0.8040 cnt 2.7077 dens 8.004555e-01 mae 1.9072 total_mae 8.5012 | ap50 0.7428 | selected combo 2.071101
[ckpt] new best cached (combo 2.071101)
epoch 52/100 step 20 | loss 4.6286 | det 0.0723 seg 0.1280 cnt 1.8002
epoch 52/100 step 40 | loss 4.2403 | det 0.0439 seg 0.1231 cnt 1.6959
epoch 52/100 step 60 | loss 4.0299 | det 0.0202 seg 0.1137 cnt 2.7350
epoch 52/100 step 80 | loss 4.0146 | det 0.0242 seg 0.1439 cnt 1.9831
epoch 52/100 step 100 | loss 4.0300 | det 0.2371 seg 0.0618 cnt 1.8720
epoch 52/100 step 120 | loss 4.0097 | det 0.3171 seg 0.0847 cnt 2.0791
epoch 52/100 step 140 | loss 4.0688 | det 0.1638 seg 0.1249 cnt 1.5189
epoch 52/100 step 160 | loss 4.0921 | det 0.0435 seg 0.1229 cnt 1.7273
epoch 52/100 step 180 | loss 4.0874 | det 0.0587 seg 0.1450 cnt 1.6524
epoch 52/100 | train 4.1032 | val det 0.2296 seg 0.4346 miou 0.8037 cnt 2.7431 dens 8.000024e-01 mae 1.9431 total_mae 8.4952 | ap50 0.7471 | selected combo 2.065477
epoch 53/100 step 20 | loss 4.0512 | det 0.0552 seg 0.1433 cnt 1.3114
epoch 53/100 step 40 | loss 3.9324 | det 0.0860 seg 0.1192 cnt 1.5184
epoch 53/100 step 60 | loss 3.7797 | det 0.0378 seg 0.2058 cnt 1.6205
epoch 53/100 step 80 | loss 3.8458 | det 0.0389 seg 0.1217 cnt 1.1822
epoch 53/100 step 100 | loss 3.9331 | det 0.1843 seg 0.2197 cnt 0.9359
epoch 53/100 step 120 | loss 3.8827 | det 0.0245 seg 0.1327 cnt 1.2304
epoch 53/100 step 140 | loss 3.9268 | det 0.3321 seg 0.1109 cnt 1.4267
epoch 53/100 step 160 | loss 3.9317 | det 0.0369 seg 0.1368 cnt 0.6525
epoch 53/100 step 180 | loss 3.9202 | det 0.1297 seg 0.1065 cnt 2.2324
epoch 53/100 | train 3.9197 | val det 0.2254 seg 0.4193 miou 0.8078 cnt 2.6793 dens 7.992783e-01 mae 1.8801 total_mae 8.1715 | ap50 0.7417 | selected combo 2.081384
[ckpt] new best cached (combo 2.081384)
epoch 54/100 step 20 | loss 4.1694 | det 0.2464 seg 0.0912 cnt 1.4929
epoch 54/100 step 40 | loss 4.2091 | det 0.0144 seg 0.1359 cnt 3.0794
epoch 54/100 step 60 | loss 4.2129 | det 0.0556 seg 0.2127 cnt 2.6476
epoch 54/100 step 80 | loss 4.1697 | det 0.4131 seg 0.0922 cnt 2.3505
epoch 54/100 step 100 | loss 4.1266 | det 0.0736 seg 0.1141 cnt 1.7089
epoch 54/100 step 120 | loss 4.1088 | det 0.0278 seg 0.1043 cnt 2.4318
epoch 54/100 step 140 | loss 4.0317 | det 0.1396 seg 0.1169 cnt 0.7327
epoch 54/100 step 160 | loss 4.0715 | det 0.2041 seg 0.1052 cnt 1.4229
epoch 54/100 step 180 | loss 4.0797 | det 0.3363 seg 0.2300 cnt 1.1396
epoch 54/100 | train 4.0842 | val det 0.2382 seg 0.4324 miou 0.8074 cnt 2.7065 dens 8.020069e-01 mae 1.9045 total_mae 8.8718 | ap50 0.7442 | selected combo 2.076718
epoch 55/100 step 20 | loss 4.5117 | det 0.0348 seg 0.0599 cnt 1.0692
epoch 55/100 step 40 | loss 4.1391 | det 0.1671 seg 0.0809 cnt 2.6143
epoch 55/100 step 60 | loss 4.0640 | det 0.3036 seg 0.0790 cnt 1.1549
epoch 55/100 step 80 | loss 3.9827 | det 0.0308 seg 0.1511 cnt 2.2653
epoch 55/100 step 100 | loss 3.9488 | det 0.0854 seg 0.1397 cnt 1.0510
epoch 55/100 step 120 | loss 3.9545 | det 0.4665 seg 0.1009 cnt 1.5611
epoch 55/100 step 140 | loss 3.9679 | det 0.0253 seg 0.0858 cnt 1.9232
epoch 55/100 step 160 | loss 3.9996 | det 0.0207 seg 0.1876 cnt 1.5376
epoch 55/100 step 180 | loss 3.9638 | det 0.0425 seg 0.0949 cnt 1.9571
epoch 55/100 | train 3.9418 | val det 0.2393 seg 0.4380 miou 0.8079 cnt 2.7085 dens 7.975028e-01 mae 1.9110 total_mae 8.2611 | ap50 0.7441 | selected combo 2.075346
epoch 56/100 step 20 | loss 4.1065 | det 0.0431 seg 0.0936 cnt 2.4175
epoch 56/100 step 40 | loss 4.2990 | det 0.0330 seg 0.1242 cnt 1.3289
epoch 56/100 step 60 | loss 4.0457 | det 0.0878 seg 0.1178 cnt 3.8976
epoch 56/100 step 80 | loss 4.0096 | det 0.0470 seg 0.0886 cnt 1.5029
epoch 56/100 step 100 | loss 3.9708 | det 0.0359 seg 0.2321 cnt 1.1047
epoch 56/100 step 120 | loss 3.9873 | det 0.0403 seg 0.0991 cnt 0.9305
epoch 56/100 step 140 | loss 3.9525 | det 0.0527 seg 0.1437 cnt 2.4312
epoch 56/100 step 160 | loss 3.9469 | det 0.0440 seg 0.1488 cnt 2.4055
epoch 56/100 step 180 | loss 3.9864 | det 0.0431 seg 0.1355 cnt 3.1460
epoch 56/100 | train 3.9991 | val det 0.2309 seg 0.4391 miou 0.8085 cnt 2.6777 dens 7.987302e-01 mae 1.8790 total_mae 8.3982 | ap50 0.7428 | selected combo 2.083495
[ckpt] new best cached (combo 2.083495)
epoch 57/100 step 20 | loss 4.1654 | det 0.1239 seg 0.0798 cnt 2.2745
epoch 57/100 step 40 | loss 3.9037 | det 0.0423 seg 0.1174 cnt 2.3570
epoch 57/100 step 60 | loss 3.9099 | det 0.0372 seg 0.1121 cnt 1.5912
epoch 57/100 step 80 | loss 3.9253 | det 0.0359 seg 0.1704 cnt 2.0400
epoch 57/100 step 100 | loss 3.9644 | det 0.0737 seg 0.1276 cnt 0.9041
epoch 57/100 step 120 | loss 3.9823 | det 0.0612 seg 0.0852 cnt 1.4676
epoch 57/100 step 140 | loss 3.9823 | det 0.0632 seg 0.0914 cnt 2.0368
epoch 57/100 step 160 | loss 3.9709 | det 0.0290 seg 0.1172 cnt 1.7040
epoch 57/100 step 180 | loss 3.9416 | det 0.0629 seg 0.0728 cnt 2.0083
epoch 57/100 | train 3.9372 | val det 0.2422 seg 0.4350 miou 0.8085 cnt 2.6966 dens 7.969491e-01 mae 1.8996 total_mae 8.1670 | ap50 0.7413 | selected combo 2.076242
epoch 58/100 step 20 | loss 4.0822 | det 0.1493 seg 0.1688 cnt 0.6946
epoch 58/100 step 40 | loss 4.2182 | det 0.0581 seg 0.1413 cnt 1.2338
epoch 58/100 step 60 | loss 3.9951 | det 0.0871 seg 0.1191 cnt 3.8111
epoch 58/100 step 80 | loss 4.0012 | det 0.3182 seg 0.1448 cnt 1.4994
epoch 58/100 step 100 | loss 4.1073 | det 0.1057 seg 0.1053 cnt 1.3320
epoch 58/100 step 120 | loss 4.0657 | det 0.0302 seg 0.0718 cnt 2.4194
epoch 58/100 step 140 | loss 4.0334 | det 0.0490 seg 0.2251 cnt 1.0992
epoch 58/100 step 160 | loss 4.0643 | det 0.1405 seg 0.0609 cnt 2.1817
epoch 58/100 step 180 | loss 4.0235 | det 0.0258 seg 0.1002 cnt 1.4015
epoch 58/100 | train 4.0456 | val det 0.2373 seg 0.4339 miou 0.8086 cnt 2.6595 dens 7.970642e-01 mae 1.8624 total_mae 8.3755 | ap50 0.7445 | selected combo 2.090116
[ckpt] new best cached (combo 2.090116)
epoch 59/100 step 20 | loss 3.7843 | det 0.0555 seg 0.1290 cnt 1.5410
epoch 59/100 step 40 | loss 3.8698 | det 0.0613 seg 0.1098 cnt 1.5428
epoch 59/100 step 60 | loss 3.8776 | det 0.0512 seg 0.1593 cnt 2.8344
epoch 59/100 step 80 | loss 3.8057 | det 0.0489 seg 0.1036 cnt 2.9995
epoch 59/100 step 100 | loss 3.9301 | det 0.0883 seg 0.1334 cnt 2.2574
epoch 59/100 step 120 | loss 3.8995 | det 0.0481 seg 0.1987 cnt 2.0970
epoch 59/100 step 140 | loss 3.8719 | det 0.0242 seg 0.1620 cnt 1.7997
epoch 59/100 step 160 | loss 3.8603 | det 0.0734 seg 0.0916 cnt 0.7469
epoch 59/100 step 180 | loss 3.8540 | det 0.0432 seg 0.0956 cnt 0.6407
epoch 59/100 | train 3.8798 | val det 0.2532 seg 0.4874 miou 0.8071 cnt 2.6598 dens 7.987001e-01 mae 1.8611 total_mae 8.5413 | ap50 0.7419 | selected combo 2.086320
epoch 60/100 step 20 | loss 3.6223 | det 0.0259 seg 0.0621 cnt 1.6172
epoch 60/100 step 40 | loss 3.6761 | det 0.0236 seg 0.0660 cnt 1.5239
epoch 60/100 step 60 | loss 3.6406 | det 0.0985 seg 0.1429 cnt 1.4780
epoch 60/100 step 80 | loss 3.7584 | det 0.0333 seg 0.2072 cnt 1.9851
epoch 60/100 step 100 | loss 3.7399 | det 0.1663 seg 0.1254 cnt 0.9858
epoch 60/100 step 120 | loss 3.7223 | det 0.1273 seg 0.1449 cnt 1.7936
epoch 60/100 step 140 | loss 3.6433 | det 0.0470 seg 0.1697 cnt 0.8535
epoch 60/100 step 160 | loss 3.6290 | det 0.0244 seg 0.1015 cnt 2.2389
epoch 60/100 step 180 | loss 3.6483 | det 0.0446 seg 0.1042 cnt 1.6767
epoch 60/100 | train 3.6417 | val det 0.2433 seg 0.4680 miou 0.8052 cnt 2.6652 dens 7.979522e-01 mae 1.8673 total_mae 8.3797 | ap50 0.7425 | selected combo 2.083276
epoch 61/100 step 20 | loss 3.6738 | det 0.0575 seg 0.1673 cnt 1.4056
epoch 61/100 step 40 | loss 3.6333 | det 0.1312 seg 0.1187 cnt 1.7431
epoch 61/100 step 60 | loss 3.5493 | det 0.0272 seg 0.2072 cnt 0.8267
epoch 61/100 step 80 | loss 3.5209 | det 0.0352 seg 0.1522 cnt 1.8537
epoch 61/100 step 100 | loss 3.6414 | det 0.1898 seg 0.1917 cnt 1.5272
epoch 61/100 step 120 | loss 3.7104 | det 0.0383 seg 0.1172 cnt 0.6020
epoch 61/100 step 140 | loss 3.7022 | det 0.0366 seg 0.1353 cnt 0.9079
epoch 61/100 step 160 | loss 3.7184 | det 0.0688 seg 0.1423 cnt 1.9147
epoch 61/100 step 180 | loss 3.7226 | det 0.0800 seg 0.1848 cnt 0.6702
epoch 61/100 | train 3.7090 | val det 0.2387 seg 0.4421 miou 0.8070 cnt 2.6411 dens 7.971248e-01 mae 1.8440 total_mae 8.0290 | ap50 0.7430 | selected combo 2.092340
[ckpt] new best cached (combo 2.092340)
epoch 62/100 step 20 | loss 3.3165 | det 0.0271 seg 0.1439 cnt 2.7229
epoch 62/100 step 40 | loss 3.4324 | det 0.0270 seg 0.1018 cnt 1.8342
epoch 62/100 step 60 | loss 3.9086 | det 0.1000 seg 0.1458 cnt 2.1831
epoch 62/100 step 80 | loss 3.8460 | det 0.0451 seg 0.1466 cnt 1.3770
epoch 62/100 step 100 | loss 3.7494 | det 0.0370 seg 0.1319 cnt 0.7812
epoch 62/100 step 120 | loss 3.7512 | det 0.0273 seg 0.1157 cnt 5.6269
epoch 62/100 step 140 | loss 3.7602 | det 0.0536 seg 0.1176 cnt 1.5095
epoch 62/100 step 160 | loss 3.8247 | det 0.3547 seg 0.1190 cnt 1.1303
epoch 62/100 step 180 | loss 3.8516 | det 0.1284 seg 0.0899 cnt 1.3467
epoch 62/100 | train 3.8346 | val det 0.2371 seg 0.4258 miou 0.8092 cnt 2.6771 dens 7.978934e-01 mae 1.8792 total_mae 8.4539 | ap50 0.7464 | selected combo 2.087656
epoch 63/100 step 20 | loss 3.7431 | det 0.0350 seg 0.1409 cnt 1.6878
epoch 63/100 step 40 | loss 3.5793 | det 0.0216 seg 0.0647 cnt 1.1947
epoch 63/100 step 60 | loss 3.8232 | det 0.0353 seg 0.1441 cnt 2.3672
epoch 63/100 step 80 | loss 3.7583 | det 0.1682 seg 0.1212 cnt 0.9587
epoch 63/100 step 100 | loss 3.7259 | det 0.0428 seg 0.0899 cnt 1.1149
epoch 63/100 step 120 | loss 3.6316 | det 0.0473 seg 0.1909 cnt 2.0142
epoch 63/100 step 140 | loss 3.6880 | det 0.1800 seg 0.1225 cnt 1.4771
epoch 63/100 step 160 | loss 3.7452 | det 0.1604 seg 0.2130 cnt 2.9830
epoch 63/100 step 180 | loss 3.7715 | det 0.1659 seg 0.0614 cnt 1.6557
epoch 63/100 | train 3.7608 | val det 0.2434 seg 0.4350 miou 0.8099 cnt 2.7956 dens 7.958816e-01 mae 1.9997 total_mae 8.6002 | ap50 0.7483 | selected combo 2.058220
epoch 64/100 step 20 | loss 3.5112 | det 0.0268 seg 0.0839 cnt 2.0406
epoch 64/100 step 40 | loss 3.6780 | det 0.0737 seg 0.1128 cnt 3.0618
epoch 64/100 step 60 | loss 3.5719 | det 0.0393 seg 0.1649 cnt 1.2427
epoch 64/100 step 80 | loss 3.6715 | det 0.2643 seg 0.1773 cnt 1.8486
epoch 64/100 step 100 | loss 3.7115 | det 0.0684 seg 0.1295 cnt 1.8008
epoch 64/100 step 120 | loss 3.7304 | det 0.0827 seg 0.0981 cnt 2.4127
epoch 64/100 step 140 | loss 3.7168 | det 0.0372 seg 0.0973 cnt 1.5181
epoch 64/100 step 160 | loss 3.7252 | det 0.0713 seg 0.1272 cnt 1.9436
epoch 64/100 step 180 | loss 3.7171 | det 0.0495 seg 0.1217 cnt 0.9433
epoch 64/100 | train 3.7164 | val det 0.2418 seg 0.4464 miou 0.8097 cnt 2.6592 dens 7.973198e-01 mae 1.8618 total_mae 8.5228 | ap50 0.7444 | selected combo 2.091196
epoch 65/100 step 20 | loss 3.9344 | det 0.0410 seg 0.1725 cnt 1.1638
epoch 65/100 step 40 | loss 3.5307 | det 0.0624 seg 0.1001 cnt 1.9311
epoch 65/100 step 60 | loss 3.5664 | det 0.0430 seg 0.1066 cnt 1.2010
epoch 65/100 step 80 | loss 3.6228 | det 0.0202 seg 0.0748 cnt 1.7885
epoch 65/100 step 100 | loss 3.5964 | det 0.0285 seg 0.1443 cnt 0.9430
epoch 65/100 step 120 | loss 3.6182 | det 0.0745 seg 0.1622 cnt 1.2492
epoch 65/100 step 140 | loss 3.7112 | det 0.0271 seg 0.1016 cnt 0.9289
epoch 65/100 step 160 | loss 3.6890 | det 0.0463 seg 0.1237 cnt 0.7503
epoch 65/100 step 180 | loss 3.6676 | det 0.2577 seg 0.1001 cnt 1.0405
epoch 65/100 | train 3.6651 | val det 0.2495 seg 0.4462 miou 0.8089 cnt 2.6485 dens 7.956839e-01 mae 1.8528 total_mae 7.9485 | ap50 0.7437 | selected combo 2.092390
[ckpt] new best cached (combo 2.092390)
epoch 66/100 step 20 | loss 3.5510 | det 0.0264 seg 0.1452 cnt 1.3450
epoch 66/100 step 40 | loss 3.6061 | det 0.0323 seg 0.1303 cnt 4.0524
epoch 66/100 step 60 | loss 3.6473 | det 0.1665 seg 0.1447 cnt 1.3310
epoch 66/100 step 80 | loss 3.6215 | det 0.1236 seg 0.1554 cnt 2.1628
epoch 66/100 step 100 | loss 3.5945 | det 0.0542 seg 0.0841 cnt 1.3685
epoch 66/100 step 120 | loss 3.5770 | det 0.0531 seg 0.1268 cnt 2.3621
epoch 66/100 step 140 | loss 3.5823 | det 0.0735 seg 0.0879 cnt 1.2169
epoch 66/100 step 160 | loss 3.6567 | det 0.2164 seg 0.0558 cnt 1.2089
epoch 66/100 step 180 | loss 3.6437 | det 0.1746 seg 0.0927 cnt 1.0837
epoch 66/100 | train 3.6275 | val det 0.2308 seg 0.4518 miou 0.8085 cnt 2.6178 dens 7.939752e-01 mae 1.8238 total_mae 7.8487 | ap50 0.7437 | selected combo 2.100598
[ckpt] new best cached (combo 2.100598)
epoch 67/100 step 20 | loss 4.2013 | det 0.0738 seg 0.0879 cnt 2.1061
epoch 67/100 step 40 | loss 3.7226 | det 0.0433 seg 0.1227 cnt 0.9393
epoch 67/100 step 60 | loss 3.8457 | det 0.0244 seg 0.0827 cnt 1.5881
epoch 67/100 step 80 | loss 3.7146 | det 0.0297 seg 0.1862 cnt 2.0528
epoch 67/100 step 100 | loss 3.6620 | det 0.0562 seg 0.1101 cnt 0.5880
epoch 67/100 step 120 | loss 3.6357 | det 0.0500 seg 0.2176 cnt 2.4929
epoch 67/100 step 140 | loss 3.7332 | det 0.0347 seg 0.1255 cnt 1.3542
epoch 67/100 step 160 | loss 3.6958 | det 0.0393 seg 0.0933 cnt 1.1324
epoch 67/100 step 180 | loss 3.6982 | det 0.0261 seg 0.1365 cnt 0.8558
epoch 67/100 | train 3.6784 | val det 0.2402 seg 0.4473 miou 0.8110 cnt 2.6615 dens 7.957220e-01 mae 1.8657 total_mae 8.2955 | ap50 0.7420 | selected combo 2.088907
epoch 68/100 step 20 | loss 3.7656 | det 0.0723 seg 0.1092 cnt 1.5276
epoch 68/100 step 40 | loss 3.6559 | det 0.0729 seg 0.1193 cnt 1.2040
epoch 68/100 step 60 | loss 3.5524 | det 0.0478 seg 0.0983 cnt 2.4777
epoch 68/100 step 80 | loss 3.4531 | det 0.0706 seg 0.0810 cnt 1.2524
epoch 68/100 step 100 | loss 3.4092 | det 0.0381 seg 0.1159 cnt 1.2762
epoch 68/100 step 120 | loss 3.4449 | det 0.0715 seg 0.0880 cnt 2.2025
epoch 68/100 step 140 | loss 3.5120 | det 0.1619 seg 0.1044 cnt 1.4402
epoch 68/100 step 160 | loss 3.5296 | det 0.0348 seg 0.1370 cnt 1.8030
epoch 68/100 step 180 | loss 3.5192 | det 0.0366 seg 0.0762 cnt 1.2737
epoch 68/100 | train 3.5173 | val det 0.2503 seg 0.4511 miou 0.8105 cnt 2.6352 dens 7.952210e-01 mae 1.8400 total_mae 8.0358 | ap50 0.7468 | selected combo 2.100757
[ckpt] new best cached (combo 2.100757)
epoch 69/100 step 20 | loss 3.9153 | det 0.0199 seg 0.1757 cnt 1.1773
epoch 69/100 step 40 | loss 3.5648 | det 0.0384 seg 0.0945 cnt 1.0124
epoch 69/100 step 60 | loss 3.6229 | det 0.0203 seg 0.1244 cnt 3.2019
epoch 69/100 step 80 | loss 3.5495 | det 0.1015 seg 0.1426 cnt 0.5610
epoch 69/100 step 100 | loss 3.5221 | det 0.0340 seg 0.1289 cnt 1.7802
epoch 69/100 step 120 | loss 3.5552 | det 0.0633 seg 0.0915 cnt 1.7949
epoch 69/100 step 140 | loss 3.5869 | det 0.0750 seg 0.2344 cnt 4.0443
epoch 69/100 step 160 | loss 3.5694 | det 0.0551 seg 0.2865 cnt 1.5753
epoch 69/100 step 180 | loss 3.5630 | det 0.2029 seg 0.1230 cnt 1.0183
epoch 69/100 | train 3.5613 | val det 0.2513 seg 0.4425 miou 0.8132 cnt 2.6724 dens 7.966628e-01 mae 1.8757 total_mae 8.3029 | ap50 0.7452 | selected combo 2.091558
epoch 70/100 step 20 | loss 3.7221 | det 0.2004 seg 0.0660 cnt 1.0759
epoch 70/100 step 40 | loss 3.6173 | det 0.0149 seg 0.1360 cnt 1.2653
epoch 70/100 step 60 | loss 3.7236 | det 0.0627 seg 0.1611 cnt 0.6570
epoch 70/100 step 80 | loss 3.7266 | det 0.0405 seg 0.1640 cnt 1.4852
epoch 70/100 step 100 | loss 3.6080 | det 0.0386 seg 0.1171 cnt 1.9184
epoch 70/100 step 120 | loss 3.5964 | det 0.1061 seg 0.1129 cnt 1.0882
epoch 70/100 step 140 | loss 3.5982 | det 0.0300 seg 0.1398 cnt 0.8975
epoch 70/100 step 160 | loss 3.5670 | det 0.0179 seg 0.1243 cnt 1.1411
epoch 70/100 step 180 | loss 3.5808 | det 0.0254 seg 0.2134 cnt 1.4895
epoch 70/100 | train 3.6186 | val det 0.2382 seg 0.4442 miou 0.8119 cnt 2.6873 dens 7.947446e-01 mae 1.8925 total_mae 7.8286 | ap50 0.7460 | selected combo 2.086331
epoch 71/100 step 20 | loss 3.9571 | det 0.0250 seg 0.0992 cnt 2.3745
epoch 71/100 step 40 | loss 3.9816 | det 0.0385 seg 0.2239 cnt 0.8268
epoch 71/100 step 60 | loss 3.8372 | det 0.2014 seg 0.1023 cnt 0.3644
epoch 71/100 step 80 | loss 3.7077 | det 0.0318 seg 0.0911 cnt 1.3245
epoch 71/100 step 100 | loss 3.7367 | det 0.0549 seg 0.1011 cnt 1.0764
epoch 71/100 step 120 | loss 3.7881 | det 0.0172 seg 0.1243 cnt 1.2573
epoch 71/100 step 140 | loss 3.7268 | det 0.0999 seg 0.1146 cnt 0.8871
epoch 71/100 step 160 | loss 3.6976 | det 0.0559 seg 0.0846 cnt 1.3976
epoch 71/100 step 180 | loss 3.7421 | det 0.0179 seg 0.0885 cnt 2.4252
epoch 71/100 | train 3.7428 | val det 0.2487 seg 0.4447 miou 0.8098 cnt 2.6527 dens 7.938018e-01 mae 1.8589 total_mae 7.9254 | ap50 0.7471 | selected combo 2.094862
epoch 72/100 step 20 | loss 2.8947 | det 0.1119 seg 0.1356 cnt 2.4086
epoch 72/100 step 40 | loss 3.2667 | det 0.0706 seg 0.1394 cnt 1.0637
epoch 72/100 step 60 | loss 3.2815 | det 0.0567 seg 0.1511 cnt 2.1568
epoch 72/100 step 80 | loss 3.5274 | det 0.1368 seg 0.0924 cnt 0.9824
epoch 72/100 step 100 | loss 3.5215 | det 0.0494 seg 0.0559 cnt 1.7269
epoch 72/100 step 120 | loss 3.4814 | det 0.1244 seg 0.1149 cnt 1.8956
epoch 72/100 step 140 | loss 3.4511 | det 0.0690 seg 0.1051 cnt 1.1570
epoch 72/100 step 160 | loss 3.4257 | det 0.0134 seg 0.0768 cnt 1.6903
epoch 72/100 step 180 | loss 3.4271 | det 0.0872 seg 0.1683 cnt 0.9128
epoch 72/100 | train 3.4280 | val det 0.2369 seg 0.4406 miou 0.8117 cnt 2.6542 dens 7.942209e-01 mae 1.8600 total_mae 7.8682 | ap50 0.7445 | selected combo 2.093867
epoch 73/100 step 20 | loss 3.3825 | det 0.0669 seg 0.1133 cnt 0.7847
epoch 73/100 step 40 | loss 3.4021 | det 0.0587 seg 0.1232 cnt 1.2525
epoch 73/100 step 60 | loss 3.5878 | det 0.0453 seg 0.1158 cnt 0.6868
epoch 73/100 step 80 | loss 3.5485 | det 0.0689 seg 0.1029 cnt 1.5719
epoch 73/100 step 100 | loss 3.6573 | det 0.0480 seg 0.1296 cnt 1.6184
epoch 73/100 step 120 | loss 3.6462 | det 0.1177 seg 0.1593 cnt 1.8166
epoch 73/100 step 140 | loss 3.5591 | det 0.2794 seg 0.0959 cnt 1.9370
epoch 73/100 step 160 | loss 3.5006 | det 0.0378 seg 0.1059 cnt 0.6627
epoch 73/100 step 180 | loss 3.4922 | det 0.0150 seg 0.0866 cnt 1.5641
epoch 73/100 | train 3.4853 | val det 0.2469 seg 0.4317 miou 0.8128 cnt 2.6616 dens 7.952310e-01 mae 1.8664 total_mae 7.8869 | ap50 0.7465 | selected combo 2.095087
epoch 74/100 step 20 | loss 3.4608 | det 0.0240 seg 0.1156 cnt 1.4293
epoch 74/100 step 40 | loss 3.5960 | det 0.0328 seg 0.1394 cnt 1.3254
epoch 74/100 step 60 | loss 3.6554 | det 0.0531 seg 0.1540 cnt 2.2028
epoch 74/100 step 80 | loss 3.5312 | det 0.0272 seg 0.0903 cnt 1.2998
epoch 74/100 step 100 | loss 3.5056 | det 0.1207 seg 0.0787 cnt 0.8562
epoch 74/100 step 120 | loss 3.5342 | det 0.0653 seg 0.0885 cnt 1.4586
epoch 74/100 step 140 | loss 3.5205 | det 0.0324 seg 0.0700 cnt 0.8850
epoch 74/100 step 160 | loss 3.4749 | det 0.2222 seg 0.0635 cnt 0.9521
epoch 74/100 step 180 | loss 3.5366 | det 0.1726 seg 0.0849 cnt 2.5082
epoch 74/100 | train 3.5248 | val det 0.2536 seg 0.4436 miou 0.8121 cnt 2.6996 dens 7.942202e-01 mae 1.9054 total_mae 8.2212 | ap50 0.7496 | selected combo 2.086513
epoch 75/100 step 20 | loss 3.4040 | det 0.0622 seg 0.1454 cnt 1.2317
epoch 75/100 step 40 | loss 3.5003 | det 0.0503 seg 0.0962 cnt 1.9568
epoch 75/100 step 60 | loss 3.3151 | det 0.0609 seg 0.0728 cnt 1.6217
epoch 75/100 step 80 | loss 3.2821 | det 0.0852 seg 0.0808 cnt 1.7099
epoch 75/100 step 100 | loss 3.3228 | det 0.1323 seg 0.1313 cnt 0.7871
epoch 75/100 step 120 | loss 3.2891 | det 0.0304 seg 0.2041 cnt 1.3213
epoch 75/100 step 140 | loss 3.2891 | det 0.0465 seg 0.0645 cnt 1.1394
epoch 75/100 step 160 | loss 3.3384 | det 0.0932 seg 0.0926 cnt 0.8897
epoch 75/100 step 180 | loss 3.3618 | det 0.0312 seg 0.0668 cnt 1.8336
epoch 75/100 | train 3.3536 | val det 0.2523 seg 0.4326 miou 0.8125 cnt 2.6519 dens 7.947915e-01 mae 1.8571 total_mae 7.9715 | ap50 0.7431 | selected combo 2.094073
epoch 76/100 step 20 | loss 3.6369 | det 0.2242 seg 0.0800 cnt 1.1146
epoch 76/100 step 40 | loss 3.3806 | det 0.0428 seg 0.0277 cnt 1.4556
epoch 76/100 step 60 | loss 3.3694 | det 0.0146 seg 0.0919 cnt 1.3331
epoch 76/100 step 80 | loss 3.4184 | det 0.0448 seg 0.1445 cnt 0.9312
epoch 76/100 step 100 | loss 3.3805 | det 0.0804 seg 0.1808 cnt 1.1867
epoch 76/100 step 120 | loss 3.3353 | det 0.0518 seg 0.1026 cnt 1.0663
epoch 76/100 step 140 | loss 3.3490 | det 0.2305 seg 0.1293 cnt 1.0128
epoch 76/100 step 160 | loss 3.3999 | det 0.0365 seg 0.0968 cnt 3.5455
epoch 76/100 step 180 | loss 3.4754 | det 0.0360 seg 0.1110 cnt 1.5880
epoch 76/100 | train 3.4912 | val det 0.2494 seg 0.4486 miou 0.8119 cnt 2.6632 dens 7.956332e-01 mae 1.8676 total_mae 8.5517 | ap50 0.7463 | selected combo 2.093672
epoch 77/100 step 20 | loss 3.4834 | det 0.2490 seg 0.1188 cnt 3.0408
epoch 77/100 step 40 | loss 3.6749 | det 0.0527 seg 0.1331 cnt 1.5199
epoch 77/100 step 60 | loss 3.5772 | det 0.0537 seg 0.1179 cnt 1.4437
epoch 77/100 step 80 | loss 3.4941 | det 0.0512 seg 0.1492 cnt 1.8611
epoch 77/100 step 100 | loss 3.4482 | det 0.0395 seg 0.1119 cnt 0.8504
epoch 77/100 step 120 | loss 3.4596 | det 0.0148 seg 0.1998 cnt 1.1240
epoch 77/100 step 140 | loss 3.4432 | det 0.1126 seg 0.1155 cnt 1.3923
epoch 77/100 step 160 | loss 3.4155 | det 0.1332 seg 0.1696 cnt 0.9440
epoch 77/100 step 180 | loss 3.4053 | det 0.0764 seg 0.1265 cnt 0.7507
epoch 77/100 | train 3.3891 | val det 0.2557 seg 0.4543 miou 0.8140 cnt 2.6322 dens 7.941737e-01 mae 1.8380 total_mae 8.0459 | ap50 0.7454 | selected combo 2.103470
[ckpt] new best cached (combo 2.103470)
epoch 78/100 step 20 | loss 2.9831 | det 0.0556 seg 0.0789 cnt 0.8029
epoch 78/100 step 40 | loss 3.2146 | det 0.1026 seg 0.1397 cnt 1.3684
epoch 78/100 step 60 | loss 3.4176 | det 0.1055 seg 0.1369 cnt 1.0174
epoch 78/100 step 80 | loss 3.4107 | det 0.0339 seg 0.0940 cnt 1.9656
epoch 78/100 step 100 | loss 3.4669 | det 0.2940 seg 0.0985 cnt 1.3143
epoch 78/100 step 120 | loss 3.4229 | det 0.0561 seg 0.1193 cnt 2.4656
epoch 78/100 step 140 | loss 3.4459 | det 0.0637 seg 0.1380 cnt 1.2925
epoch 78/100 step 160 | loss 3.4600 | det 0.1270 seg 0.1494 cnt 0.7148
epoch 78/100 step 180 | loss 3.4432 | det 0.0569 seg 0.2066 cnt 2.8098
epoch 78/100 | train 3.4311 | val det 0.2519 seg 0.4507 miou 0.8128 cnt 2.6561 dens 7.932484e-01 mae 1.8629 total_mae 7.8253 | ap50 0.7442 | selected combo 2.093766
epoch 79/100 step 20 | loss 3.4683 | det 0.1059 seg 0.1459 cnt 1.5602
epoch 79/100 step 40 | loss 3.4795 | det 0.2492 seg 0.1286 cnt 1.5062
epoch 79/100 step 60 | loss 3.3709 | det 0.0333 seg 0.0917 cnt 0.5873
epoch 79/100 step 80 | loss 3.5211 | det 0.2149 seg 0.0495 cnt 1.0371
epoch 79/100 step 100 | loss 3.4120 | det 0.0192 seg 0.1115 cnt 1.7976
epoch 79/100 step 120 | loss 3.4221 | det 0.0202 seg 0.0939 cnt 1.0058
epoch 79/100 step 140 | loss 3.3909 | det 0.0301 seg 0.1683 cnt 1.1894
epoch 79/100 step 160 | loss 3.3253 | det 0.0305 seg 0.1037 cnt 1.0947
epoch 79/100 step 180 | loss 3.2926 | det 0.0457 seg 0.0369 cnt 1.1472
epoch 79/100 | train 3.2975 | val det 0.2544 seg 0.4390 miou 0.8141 cnt 2.6707 dens 7.949185e-01 mae 1.8758 total_mae 8.0943 | ap50 0.7454 | selected combo 2.092532
epoch 80/100 step 20 | loss 3.2418 | det 0.0708 seg 0.0571 cnt 0.7641
epoch 80/100 step 40 | loss 3.4404 | det 0.0136 seg 0.0952 cnt 0.9825
epoch 80/100 step 60 | loss 3.4695 | det 0.0396 seg 0.0714 cnt 1.0017
epoch 80/100 step 80 | loss 3.4048 | det 0.1082 seg 0.0699 cnt 1.2285
epoch 80/100 step 100 | loss 3.3104 | det 0.2136 seg 0.1638 cnt 1.7957
epoch 80/100 step 120 | loss 3.3626 | det 0.0149 seg 0.0715 cnt 17.7807
epoch 80/100 step 140 | loss 3.3520 | det 0.1471 seg 0.0838 cnt 1.9605
epoch 80/100 step 160 | loss 3.3475 | det 0.0183 seg 0.1421 cnt 1.2624
epoch 80/100 step 180 | loss 3.3406 | det 0.0191 seg 0.1482 cnt 0.8697
epoch 80/100 | train 3.3378 | val det 0.2519 seg 0.4979 miou 0.8122 cnt 2.6407 dens 7.950154e-01 mae 1.8457 total_mae 8.5361 | ap50 0.7460 | selected combo 2.100032
epoch 81/100 step 20 | loss 3.2530 | det 0.0570 seg 0.1739 cnt 1.0737
epoch 81/100 step 40 | loss 3.1922 | det 0.0166 seg 0.1312 cnt 1.0846
epoch 81/100 step 60 | loss 3.1573 | det 0.0548 seg 0.0890 cnt 0.6247
epoch 81/100 step 80 | loss 3.2628 | det 0.2353 seg 0.1451 cnt 2.1619
epoch 81/100 step 100 | loss 3.3206 | det 0.0445 seg 0.0910 cnt 0.8855
epoch 81/100 step 120 | loss 3.3084 | det 0.0771 seg 0.0991 cnt 1.3828
epoch 81/100 step 140 | loss 3.3207 | det 0.2018 seg 0.0912 cnt 2.2513
epoch 81/100 step 160 | loss 3.3063 | det 0.1564 seg 0.1250 cnt 1.1150
epoch 81/100 step 180 | loss 3.2687 | det 0.0552 seg 0.0905 cnt 0.8874
epoch 81/100 | train 3.2525 | val det 0.2611 seg 0.4525 miou 0.8132 cnt 2.6252 dens 7.925576e-01 mae 1.8327 total_mae 7.9160 | ap50 0.7469 | selected combo 2.105724
[ckpt] new best cached (combo 2.105724)
epoch 82/100 step 20 | loss 3.4524 | det 0.1077 seg 0.0542 cnt 0.8576
epoch 82/100 step 40 | loss 3.4499 | det 0.0717 seg 0.1060 cnt 2.0612
epoch 82/100 step 60 | loss 3.2911 | det 0.0428 seg 0.2263 cnt 1.8089
epoch 82/100 step 80 | loss 3.3910 | det 0.0310 seg 0.0884 cnt 1.1301
epoch 82/100 step 100 | loss 3.2893 | det 0.0269 seg 0.0769 cnt 1.4987
epoch 82/100 step 120 | loss 3.3726 | det 0.0767 seg 0.1488 cnt 1.8258
epoch 82/100 step 140 | loss 3.4346 | det 0.1699 seg 0.0483 cnt 1.7310
epoch 82/100 step 160 | loss 3.3829 | det 0.0090 seg 0.1076 cnt 1.3781
epoch 82/100 step 180 | loss 3.3383 | det 0.0134 seg 0.0775 cnt 1.7472
epoch 82/100 | train 3.3958 | val det 0.2674 seg 0.4546 miou 0.8147 cnt 2.6165 dens 7.930492e-01 mae 1.8235 total_mae 8.0341 | ap50 0.7441 | selected combo 2.107155
[ckpt] new best cached (combo 2.107155)
epoch 83/100 step 20 | loss 2.7971 | det 0.0467 seg 0.1071 cnt 2.2514
epoch 83/100 step 40 | loss 3.0499 | det 0.0311 seg 0.0916 cnt 0.9587
epoch 83/100 step 60 | loss 3.2480 | det 0.1616 seg 0.1363 cnt 0.8279
epoch 83/100 step 80 | loss 3.1975 | det 0.0683 seg 0.1473 cnt 1.2892
epoch 83/100 step 100 | loss 3.2549 | det 0.0448 seg 0.1177 cnt 1.1623
epoch 83/100 step 120 | loss 3.1865 | det 0.0260 seg 0.1256 cnt 0.9589
epoch 83/100 step 140 | loss 3.1451 | det 0.0545 seg 0.1032 cnt 0.9848
epoch 83/100 step 160 | loss 3.1979 | det 0.2602 seg 0.1083 cnt 1.0738
epoch 83/100 step 180 | loss 3.2128 | det 0.0296 seg 0.0501 cnt 2.9965
epoch 83/100 | train 3.1917 | val det 0.2590 seg 0.4480 miou 0.8154 cnt 2.6342 dens 7.930890e-01 mae 1.8411 total_mae 7.9740 | ap50 0.7457 | selected combo 2.104219
epoch 84/100 step 20 | loss 3.3776 | det 0.2043 seg 0.1713 cnt 2.1322
epoch 84/100 step 40 | loss 3.2171 | det 0.0442 seg 0.0934 cnt 0.7491
epoch 84/100 step 60 | loss 3.0580 | det 0.0214 seg 0.0822 cnt 1.3894
epoch 84/100 step 80 | loss 3.1149 | det 0.1347 seg 0.0388 cnt 2.9820
epoch 84/100 step 100 | loss 3.1769 | det 0.0164 seg 0.0609 cnt 0.8448
epoch 84/100 step 120 | loss 3.2016 | det 0.1478 seg 0.2086 cnt 1.3630
epoch 84/100 step 140 | loss 3.2070 | det 0.0941 seg 0.1086 cnt 0.4428
epoch 84/100 step 160 | loss 3.2380 | det 0.0442 seg 0.1664 cnt 2.0288
epoch 84/100 step 180 | loss 3.2211 | det 0.0337 seg 0.1150 cnt 0.7435
epoch 84/100 | train 3.2347 | val det 0.2622 seg 0.4552 miou 0.8142 cnt 2.6476 dens 7.919670e-01 mae 1.8556 total_mae 7.9581 | ap50 0.7435 | selected combo 2.096576
epoch 85/100 step 20 | loss 3.1335 | det 0.0147 seg 0.0500 cnt 2.2498
epoch 85/100 step 40 | loss 3.0498 | det 0.0282 seg 0.0854 cnt 0.7667
epoch 85/100 step 60 | loss 3.1702 | det 0.0357 seg 0.1165 cnt 1.4253
epoch 85/100 step 80 | loss 3.1273 | det 0.0323 seg 0.1622 cnt 1.2598
epoch 85/100 step 100 | loss 3.1881 | det 0.0226 seg 0.0910 cnt 1.5526
epoch 85/100 step 120 | loss 3.2220 | det 0.1942 seg 0.0846 cnt 1.5361
epoch 85/100 step 140 | loss 3.1889 | det 0.0654 seg 0.1188 cnt 1.8877
epoch 85/100 step 160 | loss 3.2347 | det 0.0245 seg 0.0775 cnt 1.6495
epoch 85/100 step 180 | loss 3.2014 | det 0.1287 seg 0.1079 cnt 0.9953
epoch 85/100 | train 3.1937 | val det 0.2582 seg 0.4513 miou 0.8149 cnt 2.6369 dens 7.914363e-01 mae 1.8454 total_mae 8.0400 | ap50 0.7466 | selected combo 2.103348
epoch 86/100 step 20 | loss 3.4130 | det 0.0288 seg 0.1378 cnt 1.7134
epoch 86/100 step 40 | loss 3.1056 | det 0.0189 seg 0.0922 cnt 1.1149
epoch 86/100 step 60 | loss 3.0214 | det 0.1309 seg 0.0992 cnt 0.8188
epoch 86/100 step 80 | loss 3.0921 | det 0.0246 seg 0.1179 cnt 1.8910
epoch 86/100 step 100 | loss 3.0930 | det 0.0233 seg 0.0674 cnt 1.6425
epoch 86/100 step 120 | loss 3.0419 | det 0.0198 seg 0.1385 cnt 1.6016
epoch 86/100 step 140 | loss 3.0922 | det 0.0493 seg 0.2300 cnt 1.2207
epoch 86/100 step 160 | loss 3.1144 | det 0.0310 seg 0.1367 cnt 1.8015
epoch 86/100 step 180 | loss 3.1350 | det 0.0443 seg 0.1240 cnt 3.2388
epoch 86/100 | train 3.1265 | val det 0.2678 seg 0.4471 miou 0.8139 cnt 2.6632 dens 7.935087e-01 mae 1.8696 total_mae 8.1286 | ap50 0.7474 | selected combo 2.096201
epoch 87/100 step 20 | loss 3.6347 | det 0.0905 seg 0.0905 cnt 2.7290
epoch 87/100 step 40 | loss 3.3734 | det 0.0884 seg 0.0942 cnt 0.8232
epoch 87/100 step 60 | loss 3.3650 | det 0.0373 seg 0.1295 cnt 1.6332
epoch 87/100 step 80 | loss 3.4939 | det 0.1852 seg 0.1127 cnt 1.1350
epoch 87/100 step 100 | loss 3.3564 | det 0.0163 seg 0.0824 cnt 1.4510
epoch 87/100 step 120 | loss 3.3978 | det 0.0170 seg 0.1284 cnt 1.0883
epoch 87/100 step 140 | loss 3.3736 | det 0.0454 seg 0.1287 cnt 1.3435
epoch 87/100 step 160 | loss 3.3828 | det 0.0293 seg 0.1278 cnt 0.6792
epoch 87/100 step 180 | loss 3.3371 | det 0.0466 seg 0.0744 cnt 0.5101
epoch 87/100 | train 3.3641 | val det 0.2757 seg 0.4478 miou 0.8173 cnt 2.6238 dens 7.922855e-01 mae 1.8315 total_mae 8.1485 | ap50 0.7450 | selected combo 2.108302
[ckpt] new best cached (combo 2.108302)
epoch 88/100 step 20 | loss 3.2508 | det 0.0293 seg 0.0712 cnt 1.0384
epoch 88/100 step 40 | loss 3.5205 | det 0.3135 seg 0.1084 cnt 1.9976
epoch 88/100 step 60 | loss 3.7795 | det 0.0234 seg 0.1232 cnt 2.0627
epoch 88/100 step 80 | loss 3.6151 | det 0.0949 seg 0.1274 cnt 0.8153
epoch 88/100 step 100 | loss 3.4896 | det 0.0193 seg 0.0625 cnt 1.3103
epoch 88/100 step 120 | loss 3.4677 | det 0.0272 seg 0.1163 cnt 1.3128
epoch 88/100 step 140 | loss 3.3430 | det 0.0284 seg 0.1239 cnt 0.9766
epoch 88/100 step 160 | loss 3.3128 | det 0.1248 seg 0.1335 cnt 1.6751
epoch 88/100 step 180 | loss 3.2953 | det 0.2229 seg 0.0507 cnt 5.9784
epoch 88/100 | train 3.3414 | val det 0.2572 seg 0.4553 miou 0.8163 cnt 2.6204 dens 7.927331e-01 mae 1.8277 total_mae 8.0914 | ap50 0.7446 | selected combo 2.108069
epoch 89/100 step 20 | loss 3.3679 | det 0.0354 seg 0.0885 cnt 0.8985
epoch 89/100 step 40 | loss 3.3046 | det 0.0310 seg 0.2104 cnt 1.2343
epoch 89/100 step 60 | loss 3.1893 | det 0.0850 seg 0.0703 cnt 0.9070
epoch 89/100 step 80 | loss 3.1254 | det 0.1354 seg 0.0737 cnt 1.0262
epoch 89/100 step 100 | loss 3.2177 | det 0.0710 seg 0.0963 cnt 2.1097
epoch 89/100 step 120 | loss 3.1124 | det 0.0267 seg 0.1014 cnt 1.4032
epoch 89/100 step 140 | loss 3.0765 | det 0.0399 seg 0.1093 cnt 1.3297
epoch 89/100 step 160 | loss 3.0342 | det 0.0178 seg 0.1012 cnt 0.4981
epoch 89/100 step 180 | loss 3.0304 | det 0.0182 seg 0.0297 cnt 2.5201
epoch 89/100 | train 3.0282 | val det 0.2664 seg 0.4566 miou 0.8167 cnt 2.6281 dens 7.929281e-01 mae 1.8352 total_mae 7.9514 | ap50 0.7495 | selected combo 2.111110
[ckpt] new best cached (combo 2.111110)
epoch 90/100 step 20 | loss 3.4053 | det 0.0379 seg 0.1263 cnt 1.6425
epoch 90/100 step 40 | loss 3.1391 | det 0.0595 seg 0.0784 cnt 1.1201
epoch 90/100 step 60 | loss 3.1648 | det 0.0362 seg 0.0932 cnt 0.9488
epoch 90/100 step 80 | loss 3.1801 | det 0.0951 seg 0.0837 cnt 0.6743
epoch 90/100 step 100 | loss 3.1559 | det 0.0378 seg 0.0691 cnt 1.3981
epoch 90/100 step 120 | loss 3.1582 | det 0.0411 seg 0.0897 cnt 1.8544
epoch 90/100 step 140 | loss 3.1214 | det 0.1953 seg 0.0645 cnt 0.7461
epoch 90/100 step 160 | loss 3.1770 | det 0.0257 seg 0.1370 cnt 1.8422
epoch 90/100 step 180 | loss 3.1566 | det 0.0156 seg 0.0614 cnt 2.0498
epoch 90/100 | train 3.1624 | val det 0.2606 seg 0.4738 miou 0.8171 cnt 2.6621 dens 7.904056e-01 mae 1.8717 total_mae 7.9751 | ap50 0.7500 | selected combo 2.101424
epoch 91/100 step 20 | loss 2.8668 | det 0.1018 seg 0.0779 cnt 1.0925
epoch 91/100 step 40 | loss 2.9928 | det 0.0212 seg 0.0555 cnt 1.1822
epoch 91/100 step 60 | loss 2.9199 | det 0.0479 seg 0.0608 cnt 1.1330
epoch 91/100 step 80 | loss 2.8812 | det 0.0356 seg 0.1146 cnt 1.6605
epoch 91/100 step 100 | loss 2.8634 | det 0.0633 seg 0.0634 cnt 1.3548
epoch 91/100 step 120 | loss 2.8539 | det 0.0277 seg 0.1453 cnt 1.9434
epoch 91/100 step 140 | loss 2.9064 | det 0.1607 seg 0.0961 cnt 2.7621
epoch 91/100 step 160 | loss 2.9171 | det 0.0704 seg 0.0854 cnt 1.0816
epoch 91/100 step 180 | loss 2.9640 | det 0.0252 seg 0.1047 cnt 1.2689
epoch 91/100 | train 2.9597 | val det 0.2654 seg 0.4660 miou 0.8159 cnt 2.6304 dens 7.933642e-01 mae 1.8370 total_mae 8.1871 | ap50 0.7432 | selected combo 2.103459
epoch 92/100 step 20 | loss 3.7804 | det 0.0446 seg 0.1158 cnt 1.2231
epoch 92/100 step 40 | loss 3.4675 | det 0.1127 seg 0.1731 cnt 1.2383
epoch 92/100 step 60 | loss 3.2190 | det 0.0492 seg 0.1286 cnt 1.6460
epoch 92/100 step 80 | loss 3.1860 | det 0.0149 seg 0.1129 cnt 2.0452
epoch 92/100 step 100 | loss 3.2881 | det 0.0836 seg 0.1970 cnt 4.1504
epoch 92/100 step 120 | loss 3.2661 | det 0.0223 seg 0.0561 cnt 1.1331
epoch 92/100 step 140 | loss 3.2228 | det 0.0201 seg 0.0576 cnt 2.3404
epoch 92/100 step 160 | loss 3.2858 | det 0.0327 seg 0.0663 cnt 1.9927
epoch 92/100 step 180 | loss 3.2624 | det 0.0402 seg 0.0767 cnt 1.2836
epoch 92/100 | train 3.2472 | val det 0.2681 seg 0.4609 miou 0.8174 cnt 2.6522 dens 7.912881e-01 mae 1.8609 total_mae 7.9159 | ap50 0.7440 | selected combo 2.098821
epoch 93/100 step 20 | loss 3.3374 | det 0.0623 seg 0.1405 cnt 1.1169
epoch 93/100 step 40 | loss 3.2127 | det 0.0399 seg 0.0571 cnt 1.5443
epoch 93/100 step 60 | loss 3.2359 | det 0.0539 seg 0.0996 cnt 0.8410
epoch 93/100 step 80 | loss 3.2032 | det 0.1058 seg 0.1097 cnt 0.7368
epoch 93/100 step 100 | loss 3.1273 | det 0.0097 seg 0.1011 cnt 0.6456
epoch 93/100 step 120 | loss 3.0750 | det 0.0233 seg 0.1236 cnt 0.8593
epoch 93/100 step 140 | loss 3.1222 | det 0.1102 seg 0.1138 cnt 0.5641
epoch 93/100 step 160 | loss 3.1124 | det 0.0353 seg 0.1269 cnt 1.6680
epoch 93/100 step 180 | loss 3.1340 | det 0.0656 seg 0.0686 cnt 2.2513
epoch 93/100 | train 3.1335 | val det 0.2646 seg 0.4653 miou 0.8166 cnt 2.6088 dens 7.912939e-01 mae 1.8175 total_mae 7.8099 | ap50 0.7473 | selected combo 2.114167
[ckpt] new best cached (combo 2.114167)
epoch 94/100 step 20 | loss 3.0825 | det 0.0979 seg 0.0946 cnt 1.0554
epoch 94/100 step 40 | loss 3.0986 | det 0.0169 seg 0.0861 cnt 1.5688
epoch 94/100 step 60 | loss 3.2751 | det 0.0131 seg 0.1739 cnt 1.0069
epoch 94/100 step 80 | loss 3.1503 | det 0.0328 seg 0.0601 cnt 1.3914
epoch 94/100 step 100 | loss 3.1469 | det 0.2468 seg 0.1191 cnt 2.2983
epoch 94/100 step 120 | loss 3.1471 | det 0.0389 seg 0.0634 cnt 1.4961
epoch 94/100 step 140 | loss 3.0968 | det 0.0935 seg 0.1088 cnt 1.3756
epoch 94/100 step 160 | loss 3.1286 | det 0.0281 seg 0.0875 cnt 0.9675
epoch 94/100 step 180 | loss 3.1671 | det 0.0631 seg 0.0911 cnt 2.1132
epoch 94/100 | train 3.1502 | val det 0.2687 seg 0.4702 miou 0.8156 cnt 2.6169 dens 7.927528e-01 mae 1.8241 total_mae 8.0132 | ap50 0.7463 | selected combo 2.110053
epoch 95/100 step 20 | loss 3.1530 | det 0.0525 seg 0.1254 cnt 0.8935
epoch 95/100 step 40 | loss 3.1567 | det 0.0191 seg 0.1566 cnt 0.9733
epoch 95/100 step 60 | loss 3.1505 | det 0.1004 seg 0.0850 cnt 1.7787
epoch 95/100 step 80 | loss 3.0432 | det 0.0280 seg 0.0894 cnt 1.2721
epoch 95/100 step 100 | loss 3.0730 | det 0.0391 seg 0.0769 cnt 1.6600
epoch 95/100 step 120 | loss 3.0797 | det 0.0645 seg 0.1243 cnt 1.3171
epoch 95/100 step 140 | loss 3.0926 | det 0.0372 seg 0.0728 cnt 1.1311
epoch 95/100 step 160 | loss 3.1300 | det 0.1118 seg 0.1430 cnt 1.0672
epoch 95/100 step 180 | loss 3.1161 | det 0.0415 seg 0.0722 cnt 1.0938
epoch 95/100 | train 3.1133 | val det 0.2595 seg 0.4640 miou 0.8169 cnt 2.6119 dens 7.918096e-01 mae 1.8201 total_mae 7.8968 | ap50 0.7470 | selected combo 2.113399
epoch 96/100 step 20 | loss 3.0996 | det 0.0491 seg 0.1015 cnt 1.1221
epoch 96/100 step 40 | loss 2.8971 | det 0.0327 seg 0.0702 cnt 2.0585
epoch 96/100 step 60 | loss 2.9100 | det 0.0231 seg 0.0641 cnt 0.8260
epoch 96/100 step 80 | loss 2.8491 | det 0.0175 seg 0.1079 cnt 1.8914
epoch 96/100 step 100 | loss 2.8899 | det 0.0867 seg 0.0745 cnt 2.7389
epoch 96/100 step 120 | loss 2.9114 | det 0.0481 seg 0.0395 cnt 0.7810
epoch 96/100 step 140 | loss 2.9061 | det 0.0274 seg 0.0379 cnt 0.7436
epoch 96/100 step 160 | loss 2.9190 | det 0.0225 seg 0.0807 cnt 0.5895
epoch 96/100 step 180 | loss 2.9224 | det 0.0971 seg 0.0689 cnt 1.1886
epoch 96/100 | train 2.9279 | val det 0.2737 seg 0.4537 miou 0.8186 cnt 2.6214 dens 7.918433e-01 mae 1.8296 total_mae 8.0367 | ap50 0.7437 | selected combo 2.108871
epoch 97/100 step 20 | loss 3.0565 | det 0.0992 seg 0.0876 cnt 1.0626
epoch 97/100 step 40 | loss 3.0907 | det 0.1191 seg 0.0914 cnt 1.2345
epoch 97/100 step 60 | loss 3.1249 | det 0.0362 seg 0.1502 cnt 1.4734
epoch 97/100 step 80 | loss 3.0444 | det 0.0367 seg 0.0767 cnt 1.1887
epoch 97/100 step 100 | loss 3.0679 | det 0.0718 seg 0.1314 cnt 1.4853
epoch 97/100 step 120 | loss 3.1119 | det 0.0848 seg 0.1326 cnt 1.2499
epoch 97/100 step 140 | loss 3.1935 | det 0.0730 seg 0.0930 cnt 0.9853
epoch 97/100 step 160 | loss 3.1764 | det 0.0381 seg 0.1450 cnt 1.6398
epoch 97/100 step 180 | loss 3.1541 | det 0.0275 seg 0.1506 cnt 1.6722
epoch 97/100 | train 3.1415 | val det 0.2708 seg 0.4708 miou 0.8173 cnt 2.6222 dens 7.904492e-01 mae 1.8318 total_mae 7.8623 | ap50 0.7470 | selected combo 2.110172
epoch 98/100 step 20 | loss 2.6676 | det 0.0336 seg 0.0683 cnt 2.2388
epoch 98/100 step 40 | loss 2.7020 | det 0.0226 seg 0.0413 cnt 1.6386
epoch 98/100 step 60 | loss 2.9007 | det 0.0169 seg 0.1321 cnt 1.8207
epoch 98/100 step 80 | loss 2.9500 | det 0.1088 seg 0.0751 cnt 1.4956
epoch 98/100 step 100 | loss 3.0101 | det 0.0266 seg 0.0973 cnt 1.0889
epoch 98/100 step 120 | loss 2.9994 | det 0.0626 seg 0.0906 cnt 1.3976
epoch 98/100 step 140 | loss 2.9745 | det 0.0118 seg 0.1248 cnt 1.3099
epoch 98/100 step 160 | loss 2.9068 | det 0.0601 seg 0.0979 cnt 1.8057
epoch 98/100 step 180 | loss 2.9330 | det 0.0534 seg 0.0594 cnt 0.6485
epoch 98/100 | train 2.9211 | val det 0.2654 seg 0.4503 miou 0.8176 cnt 2.6406 dens 7.908294e-01 mae 1.8497 total_mae 7.9041 | ap50 0.7509 | selected combo 2.109095
epoch 99/100 step 20 | loss 2.8829 | det 0.0218 seg 0.0966 cnt 1.4246
epoch 99/100 step 40 | loss 3.0551 | det 0.0211 seg 0.1503 cnt 1.2617
epoch 99/100 step 60 | loss 3.0387 | det 0.0122 seg 0.1128 cnt 2.1573
epoch 99/100 step 80 | loss 3.1055 | det 0.1070 seg 0.1604 cnt 1.4112
epoch 99/100 step 100 | loss 3.0777 | det 0.0425 seg 0.1311 cnt 1.3350
epoch 99/100 step 120 | loss 3.0531 | det 0.0218 seg 0.0518 cnt 0.9794
epoch 99/100 step 140 | loss 3.0377 | det 0.0192 seg 0.0724 cnt 1.1787
epoch 99/100 step 160 | loss 2.9922 | det 0.0518 seg 0.0750 cnt 1.4531
epoch 99/100 step 180 | loss 2.9575 | det 0.0232 seg 0.0475 cnt 0.8566
epoch 99/100 | train 2.9611 | val det 0.2793 seg 0.4686 miou 0.8186 cnt 2.6159 dens 7.914929e-01 mae 1.8245 total_mae 8.4764 | ap50 0.7451 | selected combo 2.111811
epoch 100/100 step 20 | loss 3.6798 | det 0.0424 seg 0.1667 cnt 2.6006
epoch 100/100 step 40 | loss 3.3778 | det 0.0847 seg 0.0779 cnt 1.7454
epoch 100/100 step 60 | loss 3.2699 | det 0.0161 seg 0.0740 cnt 2.5321
epoch 100/100 step 80 | loss 3.2373 | det 0.0404 seg 0.0936 cnt 0.9178
epoch 100/100 step 100 | loss 3.1847 | det 0.2653 seg 0.1373 cnt 0.8910
epoch 100/100 step 120 | loss 3.1876 | det 0.0187 seg 0.0678 cnt 0.5754
epoch 100/100 step 140 | loss 3.1562 | det 0.0535 seg 0.0781 cnt 0.8563
epoch 100/100 step 160 | loss 3.1378 | det 0.0918 seg 0.0866 cnt 1.4705
epoch 100/100 step 180 | loss 3.1212 | det 0.0377 seg 0.1306 cnt 1.4402
epoch 100/100 | train 3.1226 | val det 0.2614 seg 0.4631 miou 0.8176 cnt 2.6059 dens 7.909759e-01 mae 1.8149 total_mae 7.8403 | ap50 0.7510 | selected combo 2.119585
[ckpt] new best cached (combo 2.119585)
[ckpt] saved best -> runs/group3_multitask_full_fullft/best_combo.pt (combo 2.119585)
[run] project: /data/xiangyuyue/ULLM-zf/fsl-20260209
[run] ckpt: runs/group3_multitask_full_fullft/best_combo.pt
[run] stats: runs/group3_multitask_full_fullft/stats_eval_best_combo_20260403_035402
[run] cmd: /data/xiangyuyue/ULLM-zf/fsl-20260209/miniconda3/envs/fsl/bin/python -m lora_multitask.eval --checkpoint runs/group3_multitask_full_fullft/best_combo.pt --tasks det,seg,cnt --stats-dir runs/group3_multitask_full_fullft/stats_eval_best_combo_20260403_035402 --device cuda --image-size 448 --model-name dinov3_vitl16 --det-data-root /data/xiangyuyue/ULLM-zf/fsl-20260209/data/det/coco --det-ann-file /data/xiangyuyue/ULLM-zf/fsl-20260209/data/det/coco/annotations/instances_test.json --det-img-dir /data/xiangyuyue/ULLM-zf/fsl-20260209/data/det/coco/images/test --det-backbone-checkpoint /data/xiangyuyue/ULLM-zf/fsl-20260209/dinov3_vitl16_pretrain_lvd1689m-8aa4cbdd.pth --det-score-thr 0 --seg-data-dir /data/xiangyuyue/ULLM-zf/fsl-20260209/data/seg/nas/liyangguang103/newdataset/CD-SematicSeg/EvLab-SS/mydataset/test --seg-backbone-checkpoint /data/xiangyuyue/ULLM-zf/fsl-20260209/dinov3_vitl16_pretrain_lvd1689m-8aa4cbdd.pth --cnt-data-root /data/xiangyuyue/ULLM-zf/fsl-20260209/data/cnt/nas/liyangguang103/newdataset/CD-Count/DSACA --cnt-test-dir /data/xiangyuyue/ULLM-zf/fsl-20260209/data/cnt/nas/liyangguang103/newdataset/CD-Count/DSACA/test_data_class8 --cnt-backbone-checkpoint /data/xiangyuyue/ULLM-zf/fsl-20260209/dinov3_vitl16_pretrain_lvd1689m-8aa4cbdd.pth --det-use-coco-eval


[multitask/eval] running det: /data/xiangyuyue/ULLM-zf/fsl-20260209/miniconda3/envs/fsl/bin/python object_detection/eval.py --checkpoint runs/group3_multitask_full_fullft/best_combo.pt --stats-dir runs/group3_multitask_full_fullft/stats_eval_best_combo_20260403_035402 --data-root /data/xiangyuyue/ULLM-zf/fsl-20260209/data/det/coco --ann-file /data/xiangyuyue/ULLM-zf/fsl-20260209/data/det/coco/annotations/instances_test.json --img-dir /data/xiangyuyue/ULLM-zf/fsl-20260209/data/det/coco/images/test --image-size 448 --model-name dinov3_vitl16 --device cuda --backbone-checkpoint /data/xiangyuyue/ULLM-zf/fsl-20260209/dinov3_vitl16_pretrain_lvd1689m-8aa4cbdd.pth --score-thr 0.0 --use-coco-eval --batch-size 32

[Eval] backbone-source=auto: detected backbone weights in det checkpoint; will use finetuned backbone.
Initializing dinov3_vitl16 backbone from local dinov3...
Created dinov3_vitl16 backbone
Warning: No checkpoint provided, using random initialization
Freezing backbone parameters...
Feature dimension: 1024
[Eval] Loading multitask backbone weights from --checkpoint...
[Eval][LoadSummary] backbone: provided=368, total=368, matched≈368 (100.0%), missing=0, unexpected=0
[Eval][LoadSummary] det_head: provided=16, head_candidates=16, kept=16, dropped=0
[Eval][LoadSummary] det_head.backbone.proj: provided=2, missing=0, unexpected=0
[Eval][LoadSummary] det_head.rpn: provided=6, missing=0, unexpected=0
[Eval][LoadSummary] det_head.roi_heads: provided=8, missing=0, unexpected=0
Processed 50/367
Processed 100/367
Processed 150/367
Processed 200/367
Processed 250/367
Processed 300/367
Processed 350/367
loading annotations into memory...
Done (t=0.45s)
creating index...
index created!
Loading and preparing results...
DONE (t=0.35s)
creating index...
index created!
Running per image evaluation...
Evaluate annotation type *bbox*
DONE (t=54.86s).
Accumulating evaluation results...
DONE (t=1.85s).
 Average Precision  (AP) @[ IoU=0.50:0.95 | area=   all | maxDets=100 ] = 0.386
 Average Precision  (AP) @[ IoU=0.50      | area=   all | maxDets=100 ] = 0.634
 Average Precision  (AP) @[ IoU=0.75      | area=   all | maxDets=100 ] = 0.401
 Average Precision  (AP) @[ IoU=0.50:0.95 | area= small | maxDets=100 ] = 0.026
 Average Precision  (AP) @[ IoU=0.50:0.95 | area=medium | maxDets=100 ] = 0.288
 Average Precision  (AP) @[ IoU=0.50:0.95 | area= large | maxDets=100 ] = 0.627
 Average Recall     (AR) @[ IoU=0.50:0.95 | area=   all | maxDets=  1 ] = 0.280
 Average Recall     (AR) @[ IoU=0.50:0.95 | area=   all | maxDets= 10 ] = 0.447
 Average Recall     (AR) @[ IoU=0.50:0.95 | area=   all | maxDets=100 ] = 0.468
 Average Recall     (AR) @[ IoU=0.50:0.95 | area= small | maxDets=100 ] = 0.048
 Average Recall     (AR) @[ IoU=0.50:0.95 | area=medium | maxDets=100 ] = 0.355
 Average Recall     (AR) @[ IoU=0.50:0.95 | area= large | maxDets=100 ] = 0.724
Saved predictions to runs/group3_multitask_full_fullft/stats_eval_best_combo_20260403_035402/predictions_instances_test.json
Saved metrics to runs/group3_multitask_full_fullft/stats_eval_best_combo_20260403_035402/metrics_instances_test.json

[multitask/eval] running seg: /data/xiangyuyue/ULLM-zf/fsl-20260209/miniconda3/envs/fsl/bin/python segmentation/eval.py --checkpoint runs/group3_multitask_full_fullft/best_combo.pt --stats-dir runs/group3_multitask_full_fullft/stats_eval_best_combo_20260403_035402 --data-dir /data/xiangyuyue/ULLM-zf/fsl-20260209/data/seg/nas/liyangguang103/newdataset/CD-SematicSeg/EvLab-SS/mydataset/test --image-size 448 --model-name dinov3_vitl16 --device cuda --backbone-checkpoint /data/xiangyuyue/ULLM-zf/fsl-20260209/dinov3_vitl16_pretrain_lvd1689m-8aa4cbdd.pth

Initializing dinov3_vitl16 backbone from local dinov3...
Created dinov3_vitl16 backbone
Warning: No checkpoint provided, using random initialization
Feature dimension: 1024
Segmentation head initialized with 11 classes
[Seg][LoadSummary] backbone: provided=368, total=368, matched≈368 (100.0%), missing=0, unexpected=0
[Seg][LoadSummary] head: missing=0, unexpected=0
Processing 0/1112...
Processing 10/1112...
Processing 20/1112...
Processing 30/1112...
Processing 40/1112...
Processing 50/1112...
Processing 60/1112...
Processing 70/1112...
Processing 80/1112...
Processing 90/1112...
Processing 100/1112...
Processing 110/1112...
Processing 120/1112...
Processing 130/1112...
Processing 140/1112...
Processing 150/1112...
Processing 160/1112...
Processing 170/1112...
Processing 180/1112...
Processing 190/1112...
Processing 200/1112...
Processing 210/1112...
Processing 220/1112...
Processing 230/1112...
Processing 240/1112...
Processing 250/1112...
Processing 260/1112...
Processing 270/1112...
Processing 280/1112...
Processing 290/1112...
Processing 300/1112...
Processing 310/1112...
Processing 320/1112...
Processing 330/1112...
Processing 340/1112...
Processing 350/1112...
Processing 360/1112...
Processing 370/1112...
Processing 380/1112...
Processing 390/1112...
Processing 400/1112...
Processing 410/1112...
Processing 420/1112...
Processing 430/1112...
Processing 440/1112...
Processing 450/1112...
Processing 460/1112...
Processing 470/1112...
Processing 480/1112...
Processing 490/1112...
Processing 500/1112...
Processing 510/1112...
Processing 520/1112...
Processing 530/1112...
Processing 540/1112...
Processing 550/1112...
Processing 560/1112...
Processing 570/1112...
Processing 580/1112...
Processing 590/1112...
Processing 600/1112...
Processing 610/1112...
Processing 620/1112...
Processing 630/1112...
Processing 640/1112...
Processing 650/1112...
Processing 660/1112...
Processing 670/1112...
Processing 680/1112...
Processing 690/1112...
Processing 700/1112...
Processing 710/1112...
Processing 720/1112...
Processing 730/1112...
Processing 740/1112...
Processing 750/1112...
Processing 760/1112...
Processing 770/1112...
Processing 780/1112...
Processing 790/1112...
Processing 800/1112...
Processing 810/1112...
Processing 820/1112...
Processing 830/1112...
Processing 840/1112...
Processing 850/1112...
Processing 860/1112...
Processing 870/1112...
Processing 880/1112...
Processing 890/1112...
Processing 900/1112...
Processing 910/1112...
Processing 920/1112...
Processing 930/1112...
Processing 940/1112...
Processing 950/1112...
Processing 960/1112...
Processing 970/1112...
Processing 980/1112...
Processing 990/1112...
Processing 1000/1112...
Processing 1010/1112...
Processing 1020/1112...
Processing 1030/1112...
Processing 1040/1112...
Processing 1050/1112...
Processing 1060/1112...
Processing 1070/1112...
Processing 1080/1112...
Processing 1090/1112...
Processing 1100/1112...
Processing 1110/1112...

Per-class IoU (%):
  class 00: 95.44
  class 01: 87.65
  class 02: 82.48
  class 03: 82.55
  class 04: 71.68
  class 05: 87.00
  class 06: 71.66
  class 07: 71.60
  class 08: 77.43
  class 09: 79.03
  class 10: 96.49
Mean IoU (%): 82.09
Saved metrics to runs/group3_multitask_full_fullft/stats_eval_best_combo_20260403_035402/metrics_seg_test.json

[multitask/eval] running cnt: /data/xiangyuyue/ULLM-zf/fsl-20260209/miniconda3/envs/fsl/bin/python counting/eval.py --checkpoint runs/group3_multitask_full_fullft/best_combo.pt --stats-dir runs/group3_multitask_full_fullft/stats_eval_best_combo_20260403_035402 --data-root /data/xiangyuyue/ULLM-zf/fsl-20260209/data/cnt/nas/liyangguang103/newdataset/CD-Count/DSACA --test-dir /data/xiangyuyue/ULLM-zf/fsl-20260209/data/cnt/nas/liyangguang103/newdataset/CD-Count/DSACA/test_data_class8 --image-size 448 --model-name dinov3_vitl16 --device cuda --backbone-checkpoint /data/xiangyuyue/ULLM-zf/fsl-20260209/dinov3_vitl16_pretrain_lvd1689m-8aa4cbdd.pth --batch-size 32

Initializing dinov3_vitl16 backbone from local dinov3...
Created dinov3_vitl16 backbone
Backbone is trainable (not frozen).
Feature dimension: 1024
Density head initialized with 8 channels
Loading backbone weights from --checkpoint...
Loaded backbone weights from --checkpoint
[Cnt][LoadSummary] backbone: provided=368, total=368, matched≈368 (100.0%), missing=0, unexpected=0
Loading head weights (cnt_head) from --checkpoint...
Loaded head weights (cnt_head) from --checkpoint
[Cnt][LoadSummary] head(cnt_head): missing=0, unexpected=0

Per-class MAE / RMSE:
  class 00: MAE=5.818  RMSE=9.360
  class 01: MAE=1.586  RMSE=2.600
  class 02: MAE=3.810  RMSE=5.647
  class 03: MAE=2.085  RMSE=3.600
  class 04: MAE=0.832  RMSE=1.439
  class 05: MAE=1.573  RMSE=2.645
  class 06: MAE=0.315  RMSE=0.750
  class 07: MAE=3.310  RMSE=4.983
Overall: MAE=2.416  RMSE=3.878
Saved metrics to runs/group3_multitask_full_fullft/stats_eval_best_combo_20260403_035402/metrics_cnt_test_data_class8.json

[multitask/eval] done; summary: runs/group3_multitask_full_fullft/stats_eval_best_combo_20260403_035402/multitask_eval_summary.json
