WARNING:__main__:
*****************************************
Setting OMP_NUM_THREADS environment variable for each process to be 1 in default, to avoid your system being overloaded, please further tune the variable for optimal performance in your application as needed. 
*****************************************
[rank1]:[W310 01:18:45.138031498 ProcessGroupNCCL.cpp:4115] [PG ID 0 PG GUID 0 Rank 1]  using GPU 1 to perform barrier as devices used by this process are currently unknown. This can potentially cause a hang if this rank to GPU mapping is incorrect.Specify device_ids in barrier() to force use of a particular device,or call init_process_group() with a device_id.
[rank5]:[W310 01:18:45.538002603 ProcessGroupNCCL.cpp:4115] [PG ID 0 PG GUID 0 Rank 5]  using GPU 5 to perform barrier as devices used by this process are currently unknown. This can potentially cause a hang if this rank to GPU mapping is incorrect.Specify device_ids in barrier() to force use of a particular device,or call init_process_group() with a device_id.
[rank6]:[W310 01:18:45.688027727 ProcessGroupNCCL.cpp:4115] [PG ID 0 PG GUID 0 Rank 6]  using GPU 6 to perform barrier as devices used by this process are currently unknown. This can potentially cause a hang if this rank to GPU mapping is incorrect.Specify device_ids in barrier() to force use of a particular device,or call init_process_group() with a device_id.
[rank3]:[W310 01:18:46.766063880 ProcessGroupNCCL.cpp:4115] [PG ID 0 PG GUID 0 Rank 3]  using GPU 3 to perform barrier as devices used by this process are currently unknown. This can potentially cause a hang if this rank to GPU mapping is incorrect.Specify device_ids in barrier() to force use of a particular device,or call init_process_group() with a device_id.
[rank0]:[W310 01:18:46.808829836 ProcessGroupNCCL.cpp:4115] [PG ID 0 PG GUID 0 Rank 0]  using GPU 0 to perform barrier as devices used by this process are currently unknown. This can potentially cause a hang if this rank to GPU mapping is incorrect.Specify device_ids in barrier() to force use of a particular device,or call init_process_group() with a device_id.
[rank7]:[W310 01:18:46.859614148 ProcessGroupNCCL.cpp:4115] [PG ID 0 PG GUID 0 Rank 7]  using GPU 7 to perform barrier as devices used by this process are currently unknown. This can potentially cause a hang if this rank to GPU mapping is incorrect.Specify device_ids in barrier() to force use of a particular device,or call init_process_group() with a device_id.
[rank2]:[W310 01:18:46.859870060 ProcessGroupNCCL.cpp:4115] [PG ID 0 PG GUID 0 Rank 2]  using GPU 2 to perform barrier as devices used by this process are currently unknown. This can potentially cause a hang if this rank to GPU mapping is incorrect.Specify device_ids in barrier() to force use of a particular device,or call init_process_group() with a device_id.
[rank4]:[W310 01:18:46.861072640 ProcessGroupNCCL.cpp:4115] [PG ID 0 PG GUID 0 Rank 4]  using GPU 4 to perform barrier as devices used by this process are currently unknown. This can potentially cause a hang if this rank to GPU mapping is incorrect.Specify device_ids in barrier() to force use of a particular device,or call init_process_group() with a device_id.
[warn] Using first-order MAML (stop-grad through inner update).
[train] using --loss-weight-bias as base/init: [15.000, 8.000, 1.000]
[warn] Backbone is forced frozen for Full MAML (ignoring unfreeze flags).
[ddp] multi-process mode without DDP wrapper (manual theta grad all-reduce)
[LoRA-MoE] LoRA params: 6561792
[LoRA-MoE] Det head params: 14875060
[LoRA-MoE] Seg head params: 9451531
[LoRA-MoE] Cnt head params: 9448456
[train] Learnable loss weights MLP enabled (Full MAML), multilayer_grads=off, arch=joint, grad_vec_normalize=l2, prior_fuse=add, joint_task_proj64=on, joint_out=leakyrelu, joint_leaky_slope=0.010, weight_net_dropout=0.000, cnt_grad_hidden_dim=64
[init] g0 initialized on rank0 from first inner-batch gradients and broadcast to all ranks.
[stage1] epoch 1/100 step 20 | loss 443884.1805 | det 1.0214 seg 1.3352 cnt 368319.3929 | w [15.024, 7.998, 0.999]
[stage1] epoch 1/100 | train 261140.9910
[stage1] epoch 1/100 | w [15.087, 7.998, 1.176]
[stage1] epoch 2/100 step 20 | loss 24.9137 | det 0.4447 seg 0.8471 cnt 9.7951 | w [15.000, 7.998, 1.023]
[stage1] epoch 2/100 | train 24.5101
[stage1] epoch 2/100 | w [15.097, 7.998, 1.161]
[stage1] epoch 3/100 step 20 | loss 20.0864 | det 0.3904 seg 0.8130 cnt 6.9601 | w [15.125, 7.998, 1.168]
[stage1] epoch 3/100 | train 20.0231
[stage1] epoch 3/100 | w [15.054, 7.997, 1.148]
[stage1] epoch 4/100 step 20 | loss 19.8212 | det 0.3423 seg 0.8155 cnt 7.3737 | w [14.999, 7.997, 1.031]
[stage1] epoch 4/100 | train 18.8223
[stage1] epoch 4/100 | w [14.999, 7.996, 1.057]
[stage1] epoch 5/100 step 20 | loss 17.8073 | det 0.3297 seg 0.5989 cnt 7.2270 | w [15.006, 7.996, 1.201]
[stage1] epoch 5/100 | train 17.5677
[stage1] epoch 5/100 | w [15.000, 7.996, 1.180]
[stage1] epoch 6/100 step 20 | loss 19.3738 | det 0.2911 seg 0.6976 cnt 8.3981 | w [14.999, 7.996, 1.018]
[stage1] epoch 6/100 | train 18.6409
[stage1] epoch 6/100 | w [15.066, 7.997, 1.182]
[stage1] epoch 7/100 step 20 | loss 17.7715 | det 0.2440 seg 0.5243 cnt 8.9859 | w [14.999, 7.995, 1.008]
[stage1] epoch 7/100 | train 17.2202
[stage1] epoch 7/100 | w [14.999, 7.995, 1.008]
[stage1] epoch 8/100 step 20 | loss 18.7838 | det 0.3123 seg 0.5097 cnt 9.1612 | w [15.000, 7.995, 1.127]
[stage1] epoch 8/100 | train 17.9375
[stage1] epoch 8/100 | w [15.014, 7.995, 1.143]
[stage1] epoch 9/100 step 20 | loss 15.6250 | det 0.2349 seg 0.5070 cnt 7.3505 | w [14.999, 7.994, 1.131]
[stage1] epoch 9/100 | train 15.3044
[stage1] epoch 9/100 | w [15.000, 7.994, 1.048]
[stage1] epoch 10/100 step 20 | loss 12.9726 | det 0.2649 seg 0.4059 cnt 5.2012 | w [14.999, 7.994, 1.192]
[stage1] epoch 10/100 | train 15.9906
[stage1] epoch 10/100 | w [14.999, 7.993, 1.002]
[stage1] epoch 11/100 step 20 | loss 13.1311 | det 0.2511 seg 0.4316 cnt 5.4982 | w [15.000, 7.994, 1.200]
[stage1] epoch 11/100 | train 14.0384
[stage1] epoch 11/100 | w [14.999, 7.993, 1.073]
[stage1] epoch 12/100 step 20 | loss 12.6807 | det 0.1752 seg 0.5629 cnt 5.1165 | w [14.999, 7.993, 1.088]
[stage1] epoch 12/100 | train 13.0357
[stage1] epoch 12/100 | w [14.998, 7.990, 1.000]
[stage1] epoch 13/100 step 20 | loss 14.9107 | det 0.2418 seg 0.4582 cnt 6.8821 | w [14.998, 7.990, 1.000]
[stage1] epoch 13/100 | train 14.1209
[stage1] epoch 13/100 | w [15.000, 7.993, 1.129]
[stage1] epoch 14/100 step 20 | loss 14.1986 | det 0.2020 seg 0.4455 cnt 7.0003 | w [15.000, 7.993, 1.204]
[stage1] epoch 14/100 | train 14.0604
[stage1] epoch 14/100 | w [14.999, 7.991, 1.096]
[stage1] epoch 15/100 step 20 | loss 13.6162 | det 0.2934 seg 0.3438 cnt 5.9693 | w [15.000, 7.992, 1.196]
[stage1] epoch 15/100 | train 12.4597
[stage1] epoch 15/100 | w [15.000, 7.992, 1.105]
[stage1] epoch 16/100 step 20 | loss 10.9716 | det 0.1717 seg 0.3185 cnt 5.5267 | w [14.999, 7.991, 1.130]
[stage1] epoch 16/100 | train 11.5128
[stage1] epoch 16/100 | w [14.999, 7.989, 1.018]
[stage1] epoch 17/100 step 20 | loss 12.3956 | det 0.2153 seg 0.3195 cnt 6.1544 | w [14.999, 7.990, 1.069]
[stage1] epoch 17/100 | train 12.0385
[stage1] epoch 17/100 | w [14.999, 7.989, 1.047]
[stage1] epoch 18/100 step 20 | loss 15.8911 | det 0.2211 seg 0.3457 cnt 9.2339 | w [14.999, 7.988, 1.013]
[stage1] epoch 18/100 | train 15.1881
[stage1] epoch 18/100 | w [14.998, 7.987, 1.019]
[stage1] epoch 19/100 step 20 | loss 14.0369 | det 0.2364 seg 0.4570 cnt 6.3929 | w [14.999, 7.988, 1.036]
[stage1] epoch 19/100 | train 13.0495
[stage1] epoch 19/100 | w [15.000, 7.989, 1.117]
[stage1] epoch 20/100 step 20 | loss 13.8146 | det 0.2370 seg 0.3809 cnt 6.7284 | w [14.999, 7.988, 1.074]
[stage1] epoch 20/100 | train 12.8403
[stage1] epoch 20/100 | w [14.999, 7.988, 1.093]
[stage1] epoch 21/100 step 20 | loss 13.7386 | det 0.1692 seg 0.3093 cnt 8.4356 | w [14.999, 7.987, 1.050]
[stage1] epoch 21/100 | train 12.9282
[stage1] epoch 21/100 | w [14.999, 7.987, 1.088]
[stage1] epoch 22/100 step 20 | loss 10.7131 | det 0.1444 seg 0.3169 cnt 5.6622 | w [14.999, 7.987, 1.071]
[stage1] epoch 22/100 | train 10.5723
[stage1] epoch 22/100 | w [14.999, 7.985, 1.037]
[stage1] epoch 23/100 step 20 | loss 13.2659 | det 0.2440 seg 0.5012 cnt 5.3084 | w [14.999, 7.985, 1.043]
[stage1] epoch 23/100 | train 12.2118
[stage1] epoch 23/100 | w [14.999, 7.985, 1.063]
[stage1] epoch 24/100 step 20 | loss 8.7236 | det 0.1503 seg 0.2581 cnt 4.1968 | w [14.998, 7.984, 1.054]
[stage1] epoch 24/100 | train 8.9516
[stage1] epoch 24/100 | w [14.998, 7.981, 0.999]
[stage1] epoch 25/100 step 20 | loss 10.6615 | det 0.1655 seg 0.2705 cnt 5.6957 | w [14.999, 7.985, 1.107]
[stage1] epoch 25/100 | train 10.1660
[stage1] epoch 25/100 | w [14.999, 7.985, 1.094]
[stage1] epoch 26/100 step 20 | loss 11.6014 | det 0.1993 seg 0.2438 cnt 6.3471 | w [14.999, 7.984, 1.054]
[stage1] epoch 26/100 | train 10.5410
[stage1] epoch 26/100 | w [14.999, 7.982, 1.020]
[stage1] epoch 27/100 step 20 | loss 9.5229 | det 0.1390 seg 0.2492 cnt 5.1630 | w [14.998, 7.978, 0.999]
[stage1] epoch 27/100 | train 9.5774
[stage1] epoch 27/100 | w [14.999, 7.983, 1.066]
[stage1] epoch 28/100 step 20 | loss 8.4568 | det 0.1659 seg 0.2471 cnt 3.8445 | w [14.999, 7.982, 1.031]
[stage1] epoch 28/100 | train 9.0686
[stage1] epoch 28/100 | w [14.999, 7.982, 1.063]
[stage1] epoch 29/100 step 20 | loss 8.5936 | det 0.1338 seg 0.2958 cnt 4.0840 | w [14.998, 7.980, 1.039]
[stage1] epoch 29/100 | train 8.7987
[stage1] epoch 29/100 | w [14.999, 7.981, 1.073]
[stage1] epoch 30/100 step 20 | loss 9.3751 | det 0.1534 seg 0.2928 cnt 4.6274 | w [14.998, 7.980, 1.025]
[stage1] epoch 30/100 | train 9.0586
[stage1] epoch 30/100 | w [14.998, 7.978, 1.000]
[stage1] epoch 31/100 step 20 | loss 9.3383 | det 0.1349 seg 0.2281 cnt 5.3432 | w [14.998, 7.978, 1.001]
[stage1] epoch 31/100 | train 9.1504
[stage1] epoch 31/100 | w [14.998, 7.979, 1.026]
[stage1] epoch 32/100 step 20 | loss 8.7932 | det 0.1559 seg 0.2524 cnt 4.3020 | w [14.998, 7.976, 1.000]
[stage1] epoch 32/100 | train 8.4205
[stage1] epoch 32/100 | w [14.998, 7.977, 1.028]
[stage1] epoch 33/100 step 20 | loss 9.3675 | det 0.1997 seg 0.2355 cnt 4.4160 | w [14.998, 7.976, 1.020]
[stage1] epoch 33/100 | train 9.2244
[stage1] epoch 33/100 | w [14.999, 7.978, 1.054]
[stage1] epoch 34/100 step 20 | loss 10.3164 | det 0.1674 seg 0.4205 cnt 4.4082 | w [14.998, 7.973, 1.000]
[stage1] epoch 34/100 | train 9.2850
[stage1] epoch 34/100 | w [14.998, 7.976, 1.024]
[stage1] epoch 35/100 step 20 | loss 10.1904 | det 0.2357 seg 0.2977 cnt 4.2745 | w [14.998, 7.976, 1.016]
[stage1] epoch 35/100 | train 8.9652
[stage1] epoch 35/100 | w [14.998, 7.970, 0.999]
[stage1] epoch 36/100 step 20 | loss 9.0050 | det 0.1869 seg 0.2358 cnt 4.2903 | w [14.997, 7.969, 0.999]
[stage1] epoch 36/100 | train 8.5104
[stage1] epoch 36/100 | w [14.997, 7.969, 0.999]
[stage1] epoch 37/100 step 20 | loss 8.3461 | det 0.1504 seg 0.2237 cnt 4.2532 | w [14.998, 7.971, 1.000]
[stage1] epoch 37/100 | train 8.5421
[stage1] epoch 37/100 | w [14.998, 7.969, 0.999]
[stage1] epoch 38/100 step 20 | loss 8.2367 | det 0.1811 seg 0.2158 cnt 3.7581 | w [14.998, 7.976, 1.072]
[stage1] epoch 38/100 | train 8.5226
[stage1] epoch 38/100 | w [14.999, 7.975, 1.114]
[stage1] epoch 39/100 step 20 | loss 7.6138 | det 0.1341 seg 0.2103 cnt 3.8638 | w [14.998, 7.969, 1.000]
[stage1] epoch 39/100 | train 7.4490
[stage1] epoch 39/100 | w [14.999, 7.972, 1.019]
[stage1] epoch 40/100 step 20 | loss 8.2423 | det 0.1519 seg 0.2327 cnt 4.0786 | w [14.997, 7.969, 1.000]
[stage1] epoch 40/100 | train 7.7735
[stage1] epoch 40/100 | w [14.998, 7.967, 1.000]
[stage1] epoch 41/100 step 20 | loss 7.4525 | det 0.1432 seg 0.1893 cnt 3.7824 | w [14.997, 7.967, 1.000]
[stage1] epoch 41/100 | train 7.1386
[stage1] epoch 41/100 | w [14.996, 7.962, 0.999]
[stage1] epoch 42/100 step 20 | loss 8.0674 | det 0.1669 seg 0.2064 cnt 3.9209 | w [14.996, 7.963, 0.999]
[stage1] epoch 42/100 | train 7.8327
[stage1] epoch 42/100 | w [14.997, 7.963, 0.999]
[stage1] epoch 43/100 step 20 | loss 7.4006 | det 0.1309 seg 0.2104 cnt 3.7619 | w [14.998, 7.966, 1.000]
[stage1] epoch 43/100 | train 7.2707
[stage1] epoch 43/100 | w [14.996, 7.958, 0.999]
[stage1] epoch 44/100 step 20 | loss 7.8061 | det 0.1241 seg 0.2310 cnt 4.0234 | w [14.997, 7.961, 0.999]
[stage1] epoch 44/100 | train 7.8618
[stage1] epoch 44/100 | w [14.999, 7.963, 0.999]
[stage1] epoch 45/100 step 20 | loss 6.8224 | det 0.0923 seg 0.1675 cnt 4.0620 | w [14.997, 7.961, 1.000]
[stage1] epoch 45/100 | train 6.8828
[stage1] epoch 45/100 | w [14.997, 7.965, 1.000]
[stage1] epoch 46/100 step 20 | loss 6.4453 | det 0.1095 seg 0.1526 cnt 3.5838 | w [14.997, 7.958, 0.999]
[stage1] epoch 46/100 | train 6.6704
[stage1] epoch 46/100 | w [14.996, 7.956, 0.999]
[stage1] epoch 47/100 step 20 | loss 7.7468 | det 0.1154 seg 0.1755 cnt 4.6085 | w [14.997, 7.962, 1.000]
[stage1] epoch 47/100 | train 9.5033
[stage1] epoch 47/100 | w [14.996, 7.958, 1.000]
[stage1] epoch 48/100 step 20 | loss 9.4385 | det 0.1268 seg 0.1955 cnt 5.9748 | w [14.997, 7.960, 1.000]
[stage1] epoch 48/100 | train 8.8262
[stage1] epoch 48/100 | w [14.997, 7.963, 1.014]
[stage1] epoch 49/100 step 20 | loss 11.6628 | det 0.1119 seg 0.4406 cnt 6.4765 | w [14.996, 7.954, 0.999]
[stage1] epoch 49/100 | train 10.9411
[stage1] epoch 49/100 | w [14.996, 7.955, 0.999]
[stage1] epoch 50/100 step 20 | loss 12.2267 | det 0.1293 seg 0.2635 cnt 8.1922 | w [14.997, 7.961, 1.007]
[stage1] epoch 50/100 | train 12.0739
[stage1] epoch 50/100 | w [14.996, 7.954, 0.999]
[stage1] epoch 51/100 step 20 | loss 7.1983 | det 0.1169 seg 0.1662 cnt 4.1256 | w [14.996, 7.954, 0.999]
[stage1] epoch 51/100 | train 6.9527
[stage1] epoch 51/100 | w [14.996, 7.950, 0.999]
[stage1] epoch 52/100 step 20 | loss 6.0611 | det 0.1053 seg 0.1820 cnt 3.0364 | w [14.998, 7.961, 1.000]
[stage1] epoch 52/100 | train 6.2417
[stage1] epoch 52/100 | w [14.997, 7.952, 0.999]
[stage1] epoch 53/100 step 20 | loss 7.0609 | det 0.1543 seg 0.1746 cnt 3.3056 | w [14.996, 7.949, 0.999]
[stage1] epoch 53/100 | train 7.2634
[stage1] epoch 53/100 | w [14.998, 7.955, 1.000]
[stage1] epoch 54/100 step 20 | loss 7.0630 | det 0.1515 seg 0.1952 cnt 3.2368 | w [14.996, 7.952, 0.999]
[stage1] epoch 54/100 | train 6.5921
[stage1] epoch 54/100 | w [14.996, 7.945, 0.999]
[stage1] epoch 55/100 step 20 | loss 6.6817 | det 0.1269 seg 0.1461 cnt 3.5840 | w [14.997, 7.959, 1.031]
[stage1] epoch 55/100 | train 6.6152
[stage1] epoch 55/100 | w [14.996, 7.950, 0.999]
[stage1] epoch 56/100 step 20 | loss 7.3972 | det 0.1441 seg 0.1838 cnt 3.7384 | w [14.996, 7.951, 1.000]
[stage1] epoch 56/100 | train 6.6726
[stage1] epoch 56/100 | w [14.997, 7.948, 0.999]
[stage1] epoch 57/100 step 20 | loss 6.9914 | det 0.1756 seg 0.1798 cnt 2.9297 | w [14.995, 7.944, 0.999]
[stage1] epoch 57/100 | train 6.8645
[stage1] epoch 57/100 | w [14.995, 7.939, 0.999]
[stage1] epoch 58/100 step 20 | loss 6.8477 | det 0.0931 seg 0.1809 cnt 3.9970 | w [14.995, 7.946, 0.999]
[stage1] epoch 58/100 | train 7.0306
[stage1] epoch 58/100 | w [14.996, 7.955, 1.000]
[stage1] epoch 59/100 step 20 | loss 7.1198 | det 0.1324 seg 0.1536 cnt 3.9151 | w [14.994, 7.929, 0.998]
[stage1] epoch 59/100 | train 6.9433
[stage1] epoch 59/100 | w [14.994, 7.931, 0.998]
[stage1] epoch 60/100 step 20 | loss 6.7985 | det 0.1214 seg 0.1604 cnt 3.6948 | w [14.996, 7.943, 0.999]
[stage1] epoch 60/100 | train 7.4029
[stage1] epoch 60/100 | w [14.995, 7.934, 0.998]
[stage1] epoch 61/100 step 20 | loss 6.4802 | det 0.1260 seg 0.1482 cnt 3.4157 | w [14.994, 7.927, 0.998]
[stage1] epoch 61/100 | train 6.7114
[stage1] epoch 61/100 | w [14.994, 7.930, 0.998]
[stage1] epoch 62/100 step 20 | loss 6.6962 | det 0.1013 seg 0.1443 cnt 4.0143 | w [14.996, 7.932, 0.999]
[stage1] epoch 62/100 | train 6.2167
[stage1] epoch 62/100 | w [14.996, 7.940, 0.999]
[stage1] epoch 63/100 step 20 | loss 5.5180 | det 0.0849 seg 0.1476 cnt 3.0702 | w [14.998, 7.952, 1.014]
[stage1] epoch 63/100 | train 6.0517
[stage1] epoch 63/100 | w [14.997, 7.947, 1.000]
[stage1] epoch 64/100 step 20 | loss 6.4192 | det 0.0946 seg 0.2327 cnt 3.1563 | w [14.995, 7.946, 1.000]
[stage1] epoch 64/100 | train 6.9672
[stage1] epoch 64/100 | w [14.993, 7.933, 0.999]
[stage1] epoch 65/100 step 20 | loss 6.4246 | det 0.1054 seg 0.2699 cnt 2.7055 | w [14.994, 7.934, 0.999]
[stage1] epoch 65/100 | train 6.5076
[stage1] epoch 65/100 | w [14.995, 7.937, 0.999]
[stage1] epoch 66/100 step 20 | loss 8.5982 | det 0.1573 seg 0.2030 cnt 4.6348 | w [14.995, 7.936, 0.999]
[stage1] epoch 66/100 | train 8.0913
[stage1] epoch 66/100 | w [14.996, 7.947, 1.006]
[stage1] epoch 67/100 step 20 | loss 9.2700 | det 0.1131 seg 0.2304 cnt 5.7411 | w [14.997, 7.948, 1.012]
[stage1] epoch 67/100 | train 8.4976
[stage1] epoch 67/100 | w [14.995, 7.936, 0.999]
[stage1] epoch 68/100 step 20 | loss 7.7037 | det 0.1140 seg 0.2209 cnt 4.2465 | w [14.996, 7.938, 0.999]
[stage1] epoch 68/100 | train 6.8996
[stage1] epoch 68/100 | w [14.994, 7.933, 0.999]
[stage1] epoch 69/100 step 20 | loss 6.9964 | det 0.0847 seg 0.1795 cnt 4.3030 | w [14.995, 7.930, 0.999]
[stage1] epoch 69/100 | train 6.4351
[stage1] epoch 69/100 | w [14.994, 7.936, 1.000]
[stage1] epoch 70/100 step 20 | loss 6.2838 | det 0.1364 seg 0.1693 cnt 2.8860 | w [14.992, 7.919, 0.998]
[stage1] epoch 70/100 | train 6.6962
[stage1] epoch 70/100 | w [14.994, 7.937, 1.000]
[stage1] epoch 71/100 step 20 | loss 6.7373 | det 0.1327 seg 0.1464 cnt 3.5830 | w [14.992, 7.922, 0.999]
[stage1] epoch 71/100 | train 6.9106
[stage1] epoch 71/100 | w [14.994, 7.923, 0.998]
[stage1] epoch 72/100 step 20 | loss 7.3731 | det 0.1376 seg 0.1554 cnt 4.0801 | w [14.993, 7.925, 0.999]
[stage1] epoch 72/100 | train 6.7443
[stage1] epoch 72/100 | w [14.992, 7.918, 0.998]
[stage1] epoch 73/100 step 20 | loss 6.7879 | det 0.1550 seg 0.1371 cnt 3.3519 | w [14.994, 7.935, 1.000]
[stage1] epoch 73/100 | train 6.5023
[stage1] epoch 73/100 | w [14.995, 7.936, 0.999]
[stage1] epoch 74/100 step 20 | loss 6.6671 | det 0.1072 seg 0.2168 cnt 3.3344 | w [14.994, 7.921, 0.998]
[stage1] epoch 74/100 | train 6.6457
[stage1] epoch 74/100 | w [14.991, 7.914, 0.998]
[stage1] epoch 75/100 step 20 | loss 6.1503 | det 0.1104 seg 0.1537 cnt 3.2750 | w [14.989, 7.896, 0.997]
[stage1] epoch 75/100 | train 6.2691
[stage1] epoch 75/100 | w [14.995, 7.936, 1.000]
[stage1] epoch 76/100 step 20 | loss 6.7073 | det 0.1328 seg 0.1627 cnt 3.4291 | w [14.996, 7.938, 1.020]
[stage1] epoch 76/100 | train 6.5735
[stage1] epoch 76/100 | w [14.993, 7.928, 0.999]
[stage1] epoch 77/100 step 20 | loss 6.2459 | det 0.1287 seg 0.1397 cnt 3.2023 | w [14.995, 7.940, 1.013]
[stage1] epoch 77/100 | train 6.1330
[stage1] epoch 77/100 | w [14.988, 7.896, 0.997]
[stage1] epoch 78/100 step 20 | loss 7.0605 | det 0.1160 seg 0.1283 cnt 4.3105 | w [14.990, 7.904, 0.998]
[stage1] epoch 78/100 | train 6.4814
[stage1] epoch 78/100 | w [14.988, 7.895, 0.997]
[stage1] epoch 79/100 step 20 | loss 9.7740 | det 0.0839 seg 0.1573 cnt 7.2846 | w [14.987, 7.888, 0.997]
[stage1] epoch 79/100 | train 8.5804
[stage1] epoch 79/100 | w [14.988, 7.895, 0.997]
[stage1] epoch 80/100 step 20 | loss 6.0373 | det 0.1100 seg 0.1489 cnt 3.2173 | w [14.989, 7.904, 0.998]
[stage1] epoch 80/100 | train 6.5666
[stage1] epoch 80/100 | w [14.994, 7.927, 0.999]
[stage1] epoch 81/100 step 20 | loss 5.9112 | det 0.1213 seg 0.1554 cnt 2.8648 | w [14.987, 7.896, 0.998]
[stage1] epoch 81/100 | train 5.6263
[stage1] epoch 81/100 | w [14.990, 7.905, 0.998]
[stage1] epoch 82/100 step 20 | loss 6.2092 | det 0.1281 seg 0.1369 cnt 3.2056 | w [14.989, 7.896, 0.997]
[stage1] epoch 82/100 | train 6.1116
[stage1] epoch 82/100 | w [14.991, 7.917, 0.999]
[stage1] epoch 83/100 step 20 | loss 6.5565 | det 0.1071 seg 0.1665 cnt 3.6418 | w [14.985, 7.886, 0.997]
[stage1] epoch 83/100 | train 6.9548
[stage1] epoch 83/100 | w [14.992, 7.920, 0.999]
[stage1] epoch 84/100 step 20 | loss 6.4540 | det 0.1071 seg 0.1539 cnt 3.6208 | w [14.986, 7.874, 0.997]
[stage1] epoch 84/100 | train 5.6454
[stage1] epoch 84/100 | w [14.992, 7.925, 1.000]
[stage1] epoch 85/100 step 20 | loss 5.0790 | det 0.0723 seg 0.1418 cnt 2.8804 | w [14.992, 7.916, 0.999]
[stage1] epoch 85/100 | train 5.4356
[stage1] epoch 85/100 | w [14.993, 7.924, 1.000]
[stage1] epoch 86/100 step 20 | loss 5.3355 | det 0.0868 seg 0.1406 cnt 2.9275 | w [14.987, 7.899, 0.998]
[stage1] epoch 86/100 | train 5.5966
[stage1] epoch 86/100 | w [14.989, 7.906, 0.999]
[stage1] epoch 87/100 step 20 | loss 5.1028 | det 0.1025 seg 0.1513 cnt 2.3777 | w [14.989, 7.907, 0.999]
[stage1] epoch 87/100 | train 5.2888
[stage1] epoch 87/100 | w [14.993, 7.922, 1.000]
[stage1] epoch 88/100 step 20 | loss 4.9056 | det 0.0853 seg 0.1334 cnt 2.5769 | w [14.981, 7.864, 0.996]
[stage1] epoch 88/100 | train 6.6563
[stage1] epoch 88/100 | w [14.978, 7.851, 0.996]
[stage1] epoch 89/100 step 20 | loss 4.9146 | det 0.0744 seg 0.1359 cnt 2.7368 | w [14.987, 7.892, 0.998]
[stage1] epoch 89/100 | train 5.5453
[stage1] epoch 89/100 | w [14.994, 7.919, 0.999]
[stage1] epoch 90/100 step 20 | loss 5.6374 | det 0.1219 seg 0.1292 cnt 2.7931 | w [14.992, 7.909, 0.999]
[stage1] epoch 90/100 | train 5.4488
[stage1] epoch 90/100 | w [14.981, 7.867, 0.997]
[stage1] epoch 91/100 step 20 | loss 5.8507 | det 0.0691 seg 0.1305 cnt 3.7800 | w [14.987, 7.902, 0.999]
[stage1] epoch 91/100 | train 5.7385
[stage1] epoch 91/100 | w [14.984, 7.883, 0.998]
[stage1] epoch 92/100 step 20 | loss 5.8044 | det 0.1009 seg 0.1290 cnt 3.2792 | w [14.981, 7.868, 0.997]
[stage1] epoch 92/100 | train 5.9569
[stage1] epoch 92/100 | w [14.984, 7.880, 0.998]
[stage1] epoch 93/100 step 20 | loss 5.6533 | det 0.0927 seg 0.1243 cnt 3.2938 | w [14.986, 7.891, 0.998]
[stage1] epoch 93/100 | train 5.7866
[stage1] epoch 93/100 | w [14.991, 7.910, 0.999]
[stage1] epoch 94/100 step 20 | loss 5.3879 | det 0.0949 seg 0.1371 cnt 2.8949 | w [14.976, 7.837, 0.995]
[stage1] epoch 94/100 | train 5.3182
[stage1] epoch 94/100 | w [14.993, 7.910, 0.999]
[stage1] epoch 95/100 step 20 | loss 4.9620 | det 0.0984 seg 0.1302 cnt 2.4720 | w [14.990, 7.910, 0.999]
[stage1] epoch 95/100 | train 5.2029
[stage1] epoch 95/100 | w [14.971, 7.804, 0.994]
[stage1] epoch 96/100 step 20 | loss 5.1537 | det 0.0963 seg 0.1317 cnt 2.6834 | w [14.977, 7.848, 0.996]
[stage1] epoch 96/100 | train 5.1560
[stage1] epoch 96/100 | w [14.982, 7.858, 0.997]
[stage1] epoch 97/100 step 20 | loss 6.0456 | det 0.1227 seg 0.1363 cnt 3.1471 | w [14.968, 7.802, 0.994]
[stage1] epoch 97/100 | train 6.3103
[stage1] epoch 97/100 | w [14.983, 7.874, 0.997]
[stage1] epoch 98/100 step 20 | loss 5.4040 | det 0.1003 seg 0.1192 cnt 2.9785 | w [14.989, 7.900, 0.999]
[stage1] epoch 98/100 | train 5.5092
[stage1] epoch 98/100 | w [14.961, 7.771, 0.992]
[stage1] epoch 99/100 step 20 | loss 5.0151 | det 0.1225 seg 0.1200 cnt 2.2498 | w [14.969, 7.813, 0.995]
[stage1] epoch 99/100 | train 5.2500
[stage1] epoch 99/100 | w [14.989, 7.915, 1.005]
[stage1] epoch 100/100 step 20 | loss 6.2096 | det 0.1293 seg 0.1167 cnt 3.3718 | w [14.968, 7.811, 0.995]
[stage1] epoch 100/100 | train 6.0256
[stage1] epoch 100/100 | w [14.973, 7.831, 0.996]
[ckpt] saved stage1 phi -> /data/xiangyuyue/ULLM-zf/fsl-20260209/runs/32_64/stage1_phi_last.pt
[train] validation/model selection start from Stage2 (Stage1 validation disabled).
[stage2] epoch 1/50 step 20 | loss 8.9793 | det 0.1347 seg 0.4664 cnt 3.3207 | w [14.956, 7.758, 0.992] | cnt_gnorm 4.927143e+01 cnt_gparams 6
[stage2] epoch 1/50 step 40 | loss 8.4108 | det 0.1349 seg 0.3854 cnt 3.3805 | w [14.970, 7.820, 0.995] | cnt_gnorm 1.040715e+01 cnt_gparams 6
[stage2] epoch 1/50 | train 8.1640
[stage2] epoch 1/50 | w [14.978, 7.849, 0.997]
[diag][cnt][stage2] epoch 1/50 | param_delta_l2 1.173008e+01
[diag][cnt][val] pred_count_mean 7.451968 gt_count_mean 8.000130 pred_dens_mean 0.000037 gt_dens_mean 0.000040
[stage2] epoch 1 | val det 0.2570 seg 0.9689 miou 0.6028 cnt 3.7077 dens 8.467594e-01 mae 2.8609 total_mae 13.7189 | ap50 0.6738 | combo 1.626134
[ckpt] new best cached (stage2 epoch 1, combo 1.626134)
[stage2] epoch 2/50 step 20 | loss 8.3178 | det 0.1246 seg 0.3070 cnt 4.0575 | w [14.985, 7.889, 0.999] | cnt_gnorm 4.358192e+01 cnt_gparams 6
[stage2] epoch 2/50 step 40 | loss 7.7830 | det 0.1233 seg 0.3066 cnt 3.5431 | w [14.967, 7.813, 0.995] | cnt_gnorm 3.192062e+01 cnt_gparams 6
[stage2] epoch 2/50 | train 8.1300
[stage2] epoch 2/50 | w [14.961, 7.781, 0.994]
[diag][cnt][stage2] epoch 2/50 | param_delta_l2 8.724394e+00
[diag][cnt][val] pred_count_mean 7.917735 gt_count_mean 8.000130 pred_dens_mean 0.000039 gt_dens_mean 0.000040
[stage2] epoch 2 | val det 0.2770 seg 0.8898 miou 0.6269 cnt 3.6486 dens 8.438876e-01 mae 2.8047 total_mae 13.0212 | ap50 0.6823 | combo 1.665728
[ckpt] new best cached (stage2 epoch 2, combo 1.665728)
[stage2] epoch 3/50 step 20 | loss 6.9807 | det 0.1283 seg 0.2183 cnt 3.3546 | w [14.983, 7.887, 0.998] | cnt_gnorm 3.244684e+01 cnt_gparams 6
[stage2] epoch 3/50 step 40 | loss 6.5409 | det 0.1183 seg 0.2183 cnt 3.0657 | w [14.987, 7.902, 0.999] | cnt_gnorm 1.710498e+01 cnt_gparams 6
[stage2] epoch 3/50 | train 6.6157
[stage2] epoch 3/50 | w [14.967, 7.804, 0.995]
[diag][cnt][stage2] epoch 3/50 | param_delta_l2 8.029474e+00
[diag][cnt][val] pred_count_mean 9.168184 gt_count_mean 8.000130 pred_dens_mean 0.000046 gt_dens_mean 0.000040
[stage2] epoch 3 | val det 0.2849 seg 0.8676 miou 0.6440 cnt 3.6366 dens 8.475167e-01 mae 2.7891 total_mae 13.7026 | ap50 0.6869 | combo 1.689477
[ckpt] new best cached (stage2 epoch 3, combo 1.689477)
[stage2] epoch 4/50 step 20 | loss 5.0696 | det 0.0907 seg 0.1893 cnt 2.2324 | w [14.961, 7.773, 0.993] | cnt_gnorm 3.166832e+01 cnt_gparams 6
[stage2] epoch 4/50 step 40 | loss 5.5859 | det 0.1005 seg 0.1896 cnt 2.6016 | w [14.985, 7.888, 0.998] | cnt_gnorm 6.824417e+01 cnt_gparams 6
[stage2] epoch 4/50 | train 5.7488
[stage2] epoch 4/50 | w [14.968, 7.808, 0.995]
[diag][cnt][stage2] epoch 4/50 | param_delta_l2 9.093737e+00
[diag][cnt][val] pred_count_mean 9.303668 gt_count_mean 8.000130 pred_dens_mean 0.000046 gt_dens_mean 0.000040
[stage2] epoch 4 | val det 0.3167 seg 0.8879 miou 0.6441 cnt 3.9096 dens 8.559304e-01 mae 3.0537 total_mae 15.7474 | ap50 0.6829 | combo 1.654526
[stage2] epoch 5/50 step 20 | loss 5.7974 | det 0.0743 seg 0.1932 cnt 3.1847 | w [14.973, 7.832, 0.996] | cnt_gnorm 4.106026e+01 cnt_gparams 6
[stage2] epoch 5/50 step 40 | loss 5.9875 | det 0.0893 seg 0.2270 cnt 2.8832 | w [14.962, 7.792, 0.994] | cnt_gnorm 3.646207e+01 cnt_gparams 6
[stage2] epoch 5/50 | train 6.0102
[stage2] epoch 5/50 | w [14.956, 7.758, 0.993]
[diag][cnt][stage2] epoch 5/50 | param_delta_l2 8.905273e+00
[diag][cnt][val] pred_count_mean 11.836878 gt_count_mean 8.000130 pred_dens_mean 0.000059 gt_dens_mean 0.000040
[stage2] epoch 5 | val det 0.3102 seg 0.9265 miou 0.6172 cnt 3.6819 dens 8.445960e-01 mae 2.8373 total_mae 12.9886 | ap50 0.6856 | combo 1.655222
[stage2] epoch 6/50 step 20 | loss 6.6255 | det 0.1173 seg 0.2093 cnt 3.2416 | w [14.966, 7.802, 0.994] | cnt_gnorm 5.051419e+01 cnt_gparams 6
[stage2] epoch 6/50 step 40 | loss 6.4809 | det 0.1206 seg 0.2010 cnt 3.1091 | w [14.984, 7.887, 0.999] | cnt_gnorm 3.772822e+01 cnt_gparams 6
[stage2] epoch 6/50 | train 6.4353
[stage2] epoch 6/50 | w [14.956, 7.741, 0.991]
[diag][cnt][stage2] epoch 6/50 | param_delta_l2 9.386967e+00
[diag][cnt][val] pred_count_mean 8.080692 gt_count_mean 8.000130 pred_dens_mean 0.000040 gt_dens_mean 0.000040
[stage2] epoch 6 | val det 0.3484 seg 0.8928 miou 0.6091 cnt 3.6867 dens 8.492547e-01 mae 2.8375 total_mae 14.3589 | ap50 0.6897 | combo 1.651247
[stage2] epoch 7/50 step 20 | loss 6.9794 | det 0.1232 seg 0.1896 cnt 3.6660 | w [14.959, 7.755, 0.992] | cnt_gnorm 2.032872e+01 cnt_gparams 6
[stage2] epoch 7/50 step 40 | loss 6.7419 | det 0.1190 seg 0.1791 cnt 3.5699 | w [14.987, 7.903, 0.999] | cnt_gnorm 3.962187e+01 cnt_gparams 6
[stage2] epoch 7/50 | train 6.5180
[stage2] epoch 7/50 | w [14.985, 7.889, 0.999]
[diag][cnt][stage2] epoch 7/50 | param_delta_l2 8.126505e+00
[diag][cnt][val] pred_count_mean 7.325428 gt_count_mean 8.000130 pred_dens_mean 0.000036 gt_dens_mean 0.000040
[stage2] epoch 7 | val det 0.3070 seg 0.8988 miou 0.6379 cnt 3.6995 dens 8.461764e-01 mae 2.8533 total_mae 15.4025 | ap50 0.6842 | combo 1.672585
[stage2] epoch 8/50 step 20 | loss 6.4835 | det 0.1485 seg 0.1578 cnt 3.0327 | w [14.969, 7.808, 0.995] | cnt_gnorm 2.720758e+01 cnt_gparams 6
[stage2] epoch 8/50 step 40 | loss 6.7566 | det 0.1335 seg 0.1792 cnt 3.3555 | w [14.959, 7.778, 0.993] | cnt_gnorm 2.997450e+01 cnt_gparams 6
[stage2] epoch 8/50 | train 6.7139
[stage2] epoch 8/50 | w [14.987, 7.911, 1.000]
[diag][cnt][stage2] epoch 8/50 | param_delta_l2 8.410927e+00
[diag][cnt][val] pred_count_mean 8.950390 gt_count_mean 8.000130 pred_dens_mean 0.000045 gt_dens_mean 0.000040
[stage2] epoch 8 | val det 0.3358 seg 0.9172 miou 0.6255 cnt 3.5828 dens 8.427685e-01 mae 2.7401 total_mae 13.4612 | ap50 0.6832 | combo 1.673717
[stage2] epoch 9/50 step 20 | loss 5.9546 | det 0.0797 seg 0.2008 cnt 3.1893 | w [14.990, 7.922, 1.016] | cnt_gnorm 1.329875e+01 cnt_gparams 6
[stage2] epoch 9/50 step 40 | loss 5.9944 | det 0.0898 seg 0.1845 cnt 3.2108 | w [14.991, 7.911, 1.000] | cnt_gnorm 5.120780e+01 cnt_gparams 6
[stage2] epoch 9/50 | train 6.0399
[stage2] epoch 9/50 | w [14.957, 7.753, 0.992]
[diag][cnt][stage2] epoch 9/50 | param_delta_l2 8.032214e+00
[diag][cnt][val] pred_count_mean 7.395319 gt_count_mean 8.000130 pred_dens_mean 0.000037 gt_dens_mean 0.000040
[stage2] epoch 9 | val det 0.3306 seg 1.0867 miou 0.6378 cnt 3.6051 dens 8.425331e-01 mae 2.7625 total_mae 15.0245 | ap50 0.6811 | combo 1.680955
[stage2] epoch 10/50 step 20 | loss 5.9473 | det 0.0896 seg 0.1746 cnt 3.2546 | w [14.980, 7.873, 0.998] | cnt_gnorm 2.142421e+01 cnt_gparams 6
[stage2] epoch 10/50 step 40 | loss 5.6066 | det 0.0907 seg 0.1961 cnt 2.7211 | w [14.968, 7.807, 0.995] | cnt_gnorm 1.450526e+01 cnt_gparams 6
[stage2] epoch 10/50 | train 5.5872
[stage2] epoch 10/50 | w [14.966, 7.806, 0.994]
[diag][cnt][stage2] epoch 10/50 | param_delta_l2 8.118521e+00
[diag][cnt][val] pred_count_mean 8.943511 gt_count_mean 8.000130 pred_dens_mean 0.000045 gt_dens_mean 0.000040
[stage2] epoch 10 | val det 0.3435 seg 1.0506 miou 0.6159 cnt 3.5312 dens 8.423100e-01 mae 2.6889 total_mae 12.2468 | ap50 0.6857 | combo 1.673535
[stage2] epoch 11/50 step 20 | loss 5.2826 | det 0.0719 seg 0.2107 cnt 2.5567 | w [14.988, 7.905, 0.999] | cnt_gnorm 3.253523e+01 cnt_gparams 6
[stage2] epoch 11/50 step 40 | loss 5.7937 | det 0.0953 seg 0.2162 cnt 2.6798 | w [14.969, 7.821, 0.995] | cnt_gnorm 3.140632e+01 cnt_gparams 6
[stage2] epoch 11/50 | train 5.7427
[stage2] epoch 11/50 | w [14.963, 7.787, 0.994]
[diag][cnt][stage2] epoch 11/50 | param_delta_l2 8.978429e+00
[diag][cnt][val] pred_count_mean 8.242060 gt_count_mean 8.000130 pred_dens_mean 0.000041 gt_dens_mean 0.000040
[stage2] epoch 11 | val det 0.3271 seg 1.0115 miou 0.6218 cnt 3.8467 dens 8.478934e-01 mae 2.9988 total_mae 13.1783 | ap50 0.6826 | combo 1.637838
[stage2] epoch 12/50 step 20 | loss 5.5698 | det 0.1016 seg 0.1788 cnt 2.6599 | w [14.954, 7.746, 0.992] | cnt_gnorm 3.832009e+01 cnt_gparams 6
[stage2] epoch 12/50 step 40 | loss 5.3823 | det 0.0986 seg 0.1727 cnt 2.5629 | w [14.989, 7.902, 0.999] | cnt_gnorm 3.808592e+01 cnt_gparams 6
[stage2] epoch 12/50 | train 5.6993
[stage2] epoch 12/50 | w [14.977, 7.856, 0.997]
[diag][cnt][stage2] epoch 12/50 | param_delta_l2 8.647741e+00
[diag][cnt][val] pred_count_mean 7.079792 gt_count_mean 8.000130 pred_dens_mean 0.000035 gt_dens_mean 0.000040
[stage2] epoch 12 | val det 0.3305 seg 0.9711 miou 0.6331 cnt 3.5536 dens 8.442928e-01 mae 2.7093 total_mae 12.9106 | ap50 0.6850 | combo 1.687227
[stage2] epoch 13/50 step 20 | loss 5.3516 | det 0.1199 seg 0.1788 cnt 2.1604 | w [14.985, 7.895, 0.999] | cnt_gnorm 2.502351e+01 cnt_gparams 6
[stage2] epoch 13/50 step 40 | loss 5.3266 | det 0.1063 seg 0.1614 cnt 2.4796 | w [14.959, 7.761, 0.992] | cnt_gnorm 1.278718e+01 cnt_gparams 6
[stage2] epoch 13/50 | train 5.3036
[stage2] epoch 13/50 | w [14.960, 7.771, 0.993]
[diag][cnt][stage2] epoch 13/50 | param_delta_l2 9.802848e+00
[diag][cnt][val] pred_count_mean 7.121497 gt_count_mean 8.000130 pred_dens_mean 0.000035 gt_dens_mean 0.000040
[stage2] epoch 13 | val det 0.3689 seg 0.9509 miou 0.6402 cnt 3.5781 dens 8.457972e-01 mae 2.7323 total_mae 13.8080 | ap50 0.6756 | combo 1.681825
[stage2] epoch 14/50 step 20 | loss 4.8178 | det 0.0780 seg 0.1354 cnt 2.5919 | w [14.987, 7.903, 0.999] | cnt_gnorm 4.017706e+01 cnt_gparams 6
[stage2] epoch 14/50 step 40 | loss 5.3419 | det 0.0813 seg 0.1482 cnt 2.9692 | w [14.991, 7.920, 1.000] | cnt_gnorm 3.286712e+01 cnt_gparams 6
[stage2] epoch 14/50 | train 5.3288
[stage2] epoch 14/50 | w [14.974, 7.824, 0.996]
[diag][cnt][stage2] epoch 14/50 | param_delta_l2 8.223565e+00
[diag][cnt][val] pred_count_mean 10.542252 gt_count_mean 8.000130 pred_dens_mean 0.000053 gt_dens_mean 0.000040
[stage2] epoch 14 | val det 0.3590 seg 0.9639 miou 0.6415 cnt 3.7253 dens 8.446090e-01 mae 2.8807 total_mae 13.5032 | ap50 0.6804 | combo 1.668993
[stage2] epoch 15/50 step 20 | loss 6.5229 | det 0.0820 seg 0.1423 cnt 4.2015 | w [14.973, 7.837, 0.996] | cnt_gnorm 3.147581e+01 cnt_gparams 6
[stage2] epoch 15/50 step 40 | loss 5.7492 | det 0.0815 seg 0.1417 cnt 3.4341 | w [14.982, 7.858, 0.997] | cnt_gnorm 1.214911e+01 cnt_gparams 6
[stage2] epoch 15/50 | train 5.7303
[stage2] epoch 15/50 | w [14.956, 7.760, 0.992]
[diag][cnt][stage2] epoch 15/50 | param_delta_l2 7.594049e+00
[diag][cnt][val] pred_count_mean 8.449871 gt_count_mean 8.000130 pred_dens_mean 0.000042 gt_dens_mean 0.000040
[stage2] epoch 15 | val det 0.3541 seg 1.0365 miou 0.6353 cnt 3.5802 dens 8.425853e-01 mae 2.7376 total_mae 13.7714 | ap50 0.6758 | combo 1.676452
[stage2] epoch 16/50 step 20 | loss 5.6944 | det 0.1336 seg 0.1903 cnt 2.2113 | w [14.977, 7.856, 0.997] | cnt_gnorm 3.089870e+01 cnt_gparams 6
[stage2] epoch 16/50 step 40 | loss 5.5184 | det 0.1226 seg 0.1711 cnt 2.3467 | w [14.961, 7.770, 0.993] | cnt_gnorm 2.554517e+01 cnt_gparams 6
[stage2] epoch 16/50 | train 5.4809
[stage2] epoch 16/50 | w [14.982, 7.874, 0.998]
[diag][cnt][stage2] epoch 16/50 | param_delta_l2 8.001700e+00
[diag][cnt][val] pred_count_mean 8.980577 gt_count_mean 8.000130 pred_dens_mean 0.000045 gt_dens_mean 0.000040
[stage2] epoch 16 | val det 0.3764 seg 0.9821 miou 0.6393 cnt 3.6292 dens 8.415862e-01 mae 2.7876 total_mae 12.8056 | ap50 0.6815 | combo 1.679534
[stage2] epoch 17/50 step 20 | loss 5.3184 | det 0.1162 seg 0.1264 cnt 2.5986 | w [14.983, 7.890, 0.998] | cnt_gnorm 1.914929e+01 cnt_gparams 6
[stage2] epoch 17/50 step 40 | loss 5.6108 | det 0.1192 seg 0.1311 cnt 2.8118 | w [14.968, 7.812, 0.995] | cnt_gnorm 2.774252e+01 cnt_gparams 6
[stage2] epoch 17/50 | train 5.6542
[stage2] epoch 17/50 | w [14.975, 7.850, 0.997]
[diag][cnt][stage2] epoch 17/50 | param_delta_l2 1.001460e+01
[diag][cnt][val] pred_count_mean 7.188185 gt_count_mean 8.000130 pred_dens_mean 0.000036 gt_dens_mean 0.000040
[stage2] epoch 17 | val det 0.3764 seg 0.9769 miou 0.6372 cnt 3.6807 dens 8.428627e-01 mae 2.8378 total_mae 14.0967 | ap50 0.6752 | combo 1.664766
[stage2] epoch 18/50 step 20 | loss 6.1385 | det 0.1131 seg 0.1526 cnt 3.2627 | w [14.961, 7.783, 0.994] | cnt_gnorm 2.042647e+01 cnt_gparams 6
[stage2] epoch 18/50 step 40 | loss 5.7899 | det 0.1059 seg 0.1483 cnt 3.0546 | w [14.987, 7.903, 0.999] | cnt_gnorm 3.709627e+01 cnt_gparams 6
[stage2] epoch 18/50 | train 5.7526
[stage2] epoch 18/50 | w [14.972, 7.836, 0.996]
[diag][cnt][stage2] epoch 18/50 | param_delta_l2 8.112103e+00
[diag][cnt][val] pred_count_mean 8.713249 gt_count_mean 8.000130 pred_dens_mean 0.000043 gt_dens_mean 0.000040
[stage2] epoch 18 | val det 0.3942 seg 1.0284 miou 0.6358 cnt 3.6114 dens 8.438507e-01 mae 2.7675 total_mae 14.8546 | ap50 0.6806 | combo 1.677703
[stage2] epoch 19/50 step 20 | loss 5.4931 | det 0.0817 seg 0.1437 cnt 3.1560 | w [14.990, 7.904, 0.999] | cnt_gnorm 3.178087e+01 cnt_gparams 6
[stage2] epoch 19/50 step 40 | loss 4.8010 | det 0.0722 seg 0.1317 cnt 2.6982 | w [14.989, 7.903, 0.999] | cnt_gnorm 2.638270e+01 cnt_gparams 6
[stage2] epoch 19/50 | train 4.7880
[stage2] epoch 19/50 | w [14.964, 7.795, 0.994]
[diag][cnt][stage2] epoch 19/50 | param_delta_l2 7.875600e+00
[diag][cnt][val] pred_count_mean 7.637934 gt_count_mean 8.000130 pred_dens_mean 0.000038 gt_dens_mean 0.000040
[stage2] epoch 19 | val det 0.3918 seg 0.9974 miou 0.6325 cnt 3.6171 dens 8.443245e-01 mae 2.7727 total_mae 13.9443 | ap50 0.6815 | combo 1.674610
[stage2] epoch 20/50 step 20 | loss 4.8948 | det 0.0925 seg 0.1316 cnt 2.4887 | w [14.956, 7.747, 0.992] | cnt_gnorm 3.494963e+01 cnt_gparams 6
[stage2] epoch 20/50 step 40 | loss 4.8969 | det 0.0944 seg 0.1342 cnt 2.4401 | w [14.989, 7.911, 1.000] | cnt_gnorm 3.249304e+01 cnt_gparams 6
[stage2] epoch 20/50 | train 5.0670
[stage2] epoch 20/50 | w [14.966, 7.800, 0.994]
[diag][cnt][stage2] epoch 20/50 | param_delta_l2 7.816444e+00
[diag][cnt][val] pred_count_mean 9.569153 gt_count_mean 8.000130 pred_dens_mean 0.000048 gt_dens_mean 0.000040
[stage2] epoch 20 | val det 0.3431 seg 1.0208 miou 0.6325 cnt 3.5862 dens 8.418953e-01 mae 2.7443 total_mae 13.0355 | ap50 0.6754 | combo 1.672252
[stage2] epoch 21/50 step 20 | loss 7.6908 | det 0.0588 seg 0.1481 cnt 5.6709 | w [14.968, 7.810, 0.995] | cnt_gnorm 1.654616e+02 cnt_gparams 6
[stage2] epoch 21/50 step 40 | loss 6.6915 | det 0.0846 seg 0.1473 cnt 4.2868 | w [14.956, 7.756, 0.992] | cnt_gnorm 3.366316e+01 cnt_gparams 6
[stage2] epoch 21/50 | train 6.4542
[stage2] epoch 21/50 | w [14.977, 7.840, 0.996]
[diag][cnt][stage2] epoch 21/50 | param_delta_l2 8.266945e+00
[diag][cnt][val] pred_count_mean 7.729693 gt_count_mean 8.000130 pred_dens_mean 0.000039 gt_dens_mean 0.000040
[stage2] epoch 21 | val det 0.3837 seg 1.0156 miou 0.6400 cnt 3.7650 dens 8.431246e-01 mae 2.9219 total_mae 13.6484 | ap50 0.6754 | combo 1.657704
[stage2] epoch 22/50 step 20 | loss 7.2591 | det 0.0689 seg 0.1472 cnt 5.0904 | w [14.970, 7.821, 0.995] | cnt_gnorm 3.943070e+01 cnt_gparams 6
[stage2] epoch 22/50 step 40 | loss 6.6597 | det 0.0966 seg 0.1478 cnt 4.0681 | w [14.988, 7.911, 1.000] | cnt_gnorm 1.241209e+02 cnt_gparams 6
[stage2] epoch 22/50 | train 6.8066
[stage2] epoch 22/50 | w [14.960, 7.777, 0.993]
[diag][cnt][stage2] epoch 22/50 | param_delta_l2 8.520511e+00
[diag][cnt][val] pred_count_mean 6.627534 gt_count_mean 8.000130 pred_dens_mean 0.000033 gt_dens_mean 0.000040
[stage2] epoch 22 | val det 0.4154 seg 1.0158 miou 0.6334 cnt 3.8045 dens 8.457211e-01 mae 2.9587 total_mae 14.8026 | ap50 0.6780 | combo 1.649390
[stage2] epoch 23/50 step 20 | loss 5.4217 | det 0.0947 seg 0.1788 cnt 2.6133 | w [14.987, 7.904, 0.999] | cnt_gnorm 2.427328e+01 cnt_gparams 6
[stage2] epoch 23/50 step 40 | loss 5.4884 | det 0.0965 seg 0.1967 cnt 2.5118 | w [14.969, 7.818, 0.995] | cnt_gnorm 1.206410e+01 cnt_gparams 6
[stage2] epoch 23/50 | train 5.4745
[stage2] epoch 23/50 | w [14.957, 7.758, 0.992]
[diag][cnt][stage2] epoch 23/50 | param_delta_l2 7.623768e+00
[diag][cnt][val] pred_count_mean 7.502636 gt_count_mean 8.000130 pred_dens_mean 0.000037 gt_dens_mean 0.000040
[stage2] epoch 23 | val det 0.3896 seg 1.0706 miou 0.6207 cnt 3.5228 dens 8.407013e-01 mae 2.6821 total_mae 12.8860 | ap50 0.6827 | combo 1.676221
[stage2] epoch 24/50 step 20 | loss 5.0025 | det 0.0729 seg 0.1763 cnt 2.5459 | w [14.957, 7.735, 0.991] | cnt_gnorm 3.084976e+01 cnt_gparams 6
[stage2] epoch 24/50 step 40 | loss 5.5581 | det 0.0836 seg 0.1726 cnt 2.9681 | w [14.968, 7.807, 0.995] | cnt_gnorm 5.695651e+01 cnt_gparams 6
[stage2] epoch 24/50 | train 5.3776
[stage2] epoch 24/50 | w [14.970, 7.824, 0.996]
[diag][cnt][stage2] epoch 24/50 | param_delta_l2 7.688224e+00
[diag][cnt][val] pred_count_mean 10.089725 gt_count_mean 8.000130 pred_dens_mean 0.000050 gt_dens_mean 0.000040
[stage2] epoch 24 | val det 0.3672 seg 0.9931 miou 0.6434 cnt 3.7513 dens 8.404656e-01 mae 2.9108 total_mae 14.0711 | ap50 0.6839 | combo 1.670781
[stage2] epoch 25/50 step 20 | loss 5.5387 | det 0.1135 seg 0.1550 cnt 2.6310 | w [14.984, 7.882, 0.998] | cnt_gnorm 9.518959e+01 cnt_gparams 6
[stage2] epoch 25/50 step 40 | loss 5.2302 | det 0.0999 seg 0.1515 cnt 2.5540 | w [14.988, 7.907, 0.999] | cnt_gnorm 2.032249e+01 cnt_gparams 6
[stage2] epoch 25/50 | train 5.2418
[stage2] epoch 25/50 | w [14.964, 7.794, 0.994]
[diag][cnt][stage2] epoch 25/50 | param_delta_l2 7.582774e+00
[diag][cnt][val] pred_count_mean 11.716208 gt_count_mean 8.000130 pred_dens_mean 0.000058 gt_dens_mean 0.000040
[stage2] epoch 25 | val det 0.4586 seg 0.9921 miou 0.6454 cnt 3.6261 dens 8.417587e-01 mae 2.7843 total_mae 13.2825 | ap50 0.6838 | combo 1.688328
[stage2] epoch 26/50 step 20 | loss 5.3622 | det 0.1090 seg 0.1456 cnt 2.5972 | w [14.962, 7.781, 0.993] | cnt_gnorm 6.187790e+01 cnt_gparams 6
[stage2] epoch 26/50 step 40 | loss 5.5077 | det 0.1041 seg 0.1506 cnt 2.7824 | w [14.970, 7.823, 0.995] | cnt_gnorm 3.276954e+01 cnt_gparams 6
[stage2] epoch 26/50 | train 5.4397
[stage2] epoch 26/50 | w [14.966, 7.813, 0.995]
[diag][cnt][stage2] epoch 26/50 | param_delta_l2 8.457167e+00
[diag][cnt][val] pred_count_mean 9.198601 gt_count_mean 8.000130 pred_dens_mean 0.000046 gt_dens_mean 0.000040
[stage2] epoch 26 | val det 0.3947 seg 1.0095 miou 0.6401 cnt 3.6067 dens 8.428414e-01 mae 2.7638 total_mae 12.7418 | ap50 0.6796 | combo 1.681485
[stage2] epoch 27/50 step 20 | loss 6.6247 | det 0.1071 seg 0.1236 cnt 4.0590 | w [14.987, 7.910, 1.000] | cnt_gnorm 4.653654e+01 cnt_gparams 6
[stage2] epoch 27/50 step 40 | loss 6.3159 | det 0.1041 seg 0.1271 cnt 3.7682 | w [14.983, 7.884, 0.998] | cnt_gnorm 1.103228e+02 cnt_gparams 6
[stage2] epoch 27/50 | train 6.2055
[stage2] epoch 27/50 | w [14.963, 7.782, 0.993]
[diag][cnt][stage2] epoch 27/50 | param_delta_l2 7.044565e+00
[diag][cnt][val] pred_count_mean 8.013670 gt_count_mean 8.000130 pred_dens_mean 0.000040 gt_dens_mean 0.000040
[stage2] epoch 27 | val det 0.3636 seg 1.0209 miou 0.6402 cnt 3.6143 dens 8.429114e-01 mae 2.7713 total_mae 13.3476 | ap50 0.6778 | combo 1.678847
[stage2] epoch 28/50 step 20 | loss 4.7901 | det 0.0784 seg 0.1305 cnt 2.6037 | w [14.986, 7.901, 0.999] | cnt_gnorm 1.865873e+01 cnt_gparams 6
[stage2] epoch 28/50 step 40 | loss 5.2075 | det 0.0962 seg 0.1401 cnt 2.6776 | w [14.967, 7.798, 0.994] | cnt_gnorm 1.662446e+01 cnt_gparams 6
[stage2] epoch 28/50 | train 5.2097
[stage2] epoch 28/50 | w [14.987, 7.904, 1.000]
[diag][cnt][stage2] epoch 28/50 | param_delta_l2 7.164823e+00
[diag][cnt][val] pred_count_mean 10.124567 gt_count_mean 8.000130 pred_dens_mean 0.000050 gt_dens_mean 0.000040
[stage2] epoch 28 | val det 0.3913 seg 1.0147 miou 0.6440 cnt 3.5529 dens 8.420060e-01 mae 2.7109 total_mae 12.9006 | ap50 0.6719 | combo 1.684788
[stage2] epoch 29/50 step 20 | loss 5.1865 | det 0.0794 seg 0.1477 cnt 2.8391 | w [14.992, 7.912, 1.000] | cnt_gnorm 2.743827e+01 cnt_gparams 6
[stage2] epoch 29/50 step 40 | loss 5.5863 | det 0.0817 seg 0.1408 cnt 3.2643 | w [14.988, 7.909, 1.000] | cnt_gnorm 3.461758e+01 cnt_gparams 6
[stage2] epoch 29/50 | train 5.5262
[stage2] epoch 29/50 | w [14.958, 7.771, 0.993]
[diag][cnt][stage2] epoch 29/50 | param_delta_l2 8.097842e+00
[diag][cnt][val] pred_count_mean 8.853434 gt_count_mean 8.000130 pred_dens_mean 0.000044 gt_dens_mean 0.000040
[stage2] epoch 29 | val det 0.3712 seg 1.0570 miou 0.6433 cnt 3.5958 dens 8.415459e-01 mae 2.7542 total_mae 13.2223 | ap50 0.6829 | combo 1.689241
[stage2] epoch 30/50 step 20 | loss 5.0926 | det 0.0709 seg 0.1374 cnt 2.9639 | w [14.964, 7.783, 0.994] | cnt_gnorm 2.006689e+01 cnt_gparams 6
[stage2] epoch 30/50 step 40 | loss 5.0629 | det 0.0840 seg 0.1423 cnt 2.6949 | w [14.965, 7.796, 0.994] | cnt_gnorm 9.695981e+00 cnt_gparams 6
[stage2] epoch 30/50 | train 5.4586
[stage2] epoch 30/50 | w [14.987, 7.904, 0.999]
[diag][cnt][stage2] epoch 30/50 | param_delta_l2 7.857481e+00
[diag][cnt][val] pred_count_mean 10.222786 gt_count_mean 8.000130 pred_dens_mean 0.000051 gt_dens_mean 0.000040
[stage2] epoch 30 | val det 0.3617 seg 1.0314 miou 0.6445 cnt 3.6764 dens 8.446540e-01 mae 2.8317 total_mae 13.7794 | ap50 0.6813 | combo 1.678963
[stage2] epoch 31/50 step 20 | loss 4.9530 | det 0.1117 seg 0.1219 cnt 2.3328 | w [14.971, 7.809, 0.995] | cnt_gnorm 3.032838e+01 cnt_gparams 6
[stage2] epoch 31/50 step 40 | loss 4.7475 | det 0.0997 seg 0.1296 cnt 2.2464 | w [14.989, 7.912, 1.000] | cnt_gnorm 2.646946e+01 cnt_gparams 6
[stage2] epoch 31/50 | train 4.7529
[stage2] epoch 31/50 | w [14.988, 7.900, 0.999]
[diag][cnt][stage2] epoch 31/50 | param_delta_l2 7.616500e+00
[diag][cnt][val] pred_count_mean 8.067221 gt_count_mean 8.000130 pred_dens_mean 0.000040 gt_dens_mean 0.000040
[stage2] epoch 31 | val det 0.3799 seg 1.0707 miou 0.6299 cnt 3.5607 dens 8.396990e-01 mae 2.7210 total_mae 12.6385 | ap50 0.6848 | combo 1.682213
[stage2] epoch 32/50 step 20 | loss 5.1429 | det 0.0943 seg 0.1517 cnt 2.5478 | w [14.979, 7.852, 0.997] | cnt_gnorm 4.589293e+01 cnt_gparams 6
[stage2] epoch 32/50 step 40 | loss 5.0609 | det 0.0950 seg 0.1371 cnt 2.5712 | w [14.969, 7.806, 0.995] | cnt_gnorm 3.176771e+01 cnt_gparams 6
[stage2] epoch 32/50 | train 5.0627
[stage2] epoch 32/50 | w [14.989, 7.908, 1.000]
[diag][cnt][stage2] epoch 32/50 | param_delta_l2 7.924784e+00
[diag][cnt][val] pred_count_mean 9.894339 gt_count_mean 8.000130 pred_dens_mean 0.000049 gt_dens_mean 0.000040
[stage2] epoch 32 | val det 0.4015 seg 1.0165 miou 0.6401 cnt 3.6405 dens 8.423929e-01 mae 2.7981 total_mae 13.2362 | ap50 0.6801 | combo 1.677582
[stage2] epoch 33/50 step 20 | loss 5.0116 | det 0.0734 seg 0.1356 cnt 2.8595 | w [14.977, 7.851, 0.997] | cnt_gnorm 2.214082e+01 cnt_gparams 6
[stage2] epoch 33/50 step 40 | loss 5.2779 | det 0.0658 seg 0.1357 cnt 3.1818 | w [14.986, 7.899, 0.999] | cnt_gnorm 1.665927e+01 cnt_gparams 6
[stage2] epoch 33/50 | train 5.2736
[stage2] epoch 33/50 | w [14.970, 7.803, 0.994]
[diag][cnt][stage2] epoch 33/50 | param_delta_l2 8.131162e+00
[diag][cnt][val] pred_count_mean 9.559808 gt_count_mean 8.000130 pred_dens_mean 0.000048 gt_dens_mean 0.000040
[stage2] epoch 33 | val det 0.4297 seg 1.0138 miou 0.6443 cnt 3.5321 dens 8.428253e-01 mae 2.6893 total_mae 13.0231 | ap50 0.6836 | combo 1.699775
[ckpt] new best cached (stage2 epoch 33, combo 1.699775)
[stage2] epoch 34/50 step 20 | loss 7.2013 | det 0.1053 seg 0.1106 cnt 4.7750 | w [14.957, 7.749, 0.992] | cnt_gnorm 2.133792e+01 cnt_gparams 6
[stage2] epoch 34/50 step 40 | loss 6.1215 | det 0.0883 seg 0.1257 cnt 3.8284 | w [14.986, 7.901, 0.999] | cnt_gnorm 2.168539e+01 cnt_gparams 6
[stage2] epoch 34/50 | train 6.0287
[stage2] epoch 34/50 | w [14.970, 7.815, 0.995]
[diag][cnt][stage2] epoch 34/50 | param_delta_l2 7.582647e+00
[diag][cnt][val] pred_count_mean 9.292383 gt_count_mean 8.000130 pred_dens_mean 0.000046 gt_dens_mean 0.000040
[stage2] epoch 34 | val det 0.4771 seg 1.2314 miou 0.6373 cnt 3.6332 dens 8.463505e-01 mae 2.7868 total_mae 13.7214 | ap50 0.6761 | combo 1.672196
[stage2] epoch 35/50 step 20 | loss 4.6020 | det 0.0808 seg 0.1614 cnt 2.1360 | w [14.988, 7.912, 1.000] | cnt_gnorm 1.822695e+01 cnt_gparams 6
[stage2] epoch 35/50 step 40 | loss 5.8740 | det 0.0834 seg 0.2607 cnt 2.5975 | w [14.990, 7.917, 1.009] | cnt_gnorm 2.902228e+01 cnt_gparams 6
[stage2] epoch 35/50 | train 5.9682
[stage2] epoch 35/50 | w [14.968, 7.800, 0.994]
[diag][cnt][stage2] epoch 35/50 | param_delta_l2 7.738115e+00
[diag][cnt][val] pred_count_mean 8.678861 gt_count_mean 8.000130 pred_dens_mean 0.000043 gt_dens_mean 0.000040
[stage2] epoch 35 | val det 0.5311 seg 1.0707 miou 0.6413 cnt 3.6282 dens 8.415626e-01 mae 2.7866 total_mae 12.8668 | ap50 0.6778 | combo 1.678047
[stage2] epoch 36/50 step 20 | loss 5.6111 | det 0.0961 seg 0.1565 cnt 2.9554 | w [14.972, 7.825, 0.996] | cnt_gnorm 3.803732e+01 cnt_gparams 6
[stage2] epoch 36/50 step 40 | loss 5.3769 | det 0.0925 seg 0.1632 cnt 2.7227 | w [14.987, 7.909, 0.999] | cnt_gnorm 3.663596e+01 cnt_gparams 6
[stage2] epoch 36/50 | train 5.2458
[stage2] epoch 36/50 | w [14.972, 7.831, 0.996]
[diag][cnt][stage2] epoch 36/50 | param_delta_l2 8.347700e+00
[diag][cnt][val] pred_count_mean 7.916685 gt_count_mean 8.000130 pred_dens_mean 0.000039 gt_dens_mean 0.000040
[stage2] epoch 36 | val det 0.4822 seg 1.0535 miou 0.6466 cnt 3.6476 dens 8.408924e-01 mae 2.8067 total_mae 12.9834 | ap50 0.6811 | combo 1.683985
[stage2] epoch 37/50 step 20 | loss 4.9967 | det 0.0862 seg 0.1387 cnt 2.6260 | w [14.970, 7.825, 0.996] | cnt_gnorm 3.882626e+01 cnt_gparams 6
[stage2] epoch 37/50 step 40 | loss 5.2629 | det 0.0943 seg 0.1343 cnt 2.8059 | w [14.964, 7.797, 0.994] | cnt_gnorm 5.803383e+01 cnt_gparams 6
[stage2] epoch 37/50 | train 5.2331
[stage2] epoch 37/50 | w [14.974, 7.818, 0.995]
[diag][cnt][stage2] epoch 37/50 | param_delta_l2 7.854897e+00
[diag][cnt][val] pred_count_mean 9.125123 gt_count_mean 8.000130 pred_dens_mean 0.000045 gt_dens_mean 0.000040
[stage2] epoch 37 | val det 0.4699 seg 1.0696 miou 0.6457 cnt 3.5401 dens 8.391647e-01 mae 2.7010 total_mae 13.0218 | ap50 0.6730 | combo 1.688958
[stage2] epoch 38/50 step 20 | loss 5.6724 | det 0.1002 seg 0.1216 cnt 3.2274 | w [14.973, 7.829, 0.996] | cnt_gnorm 2.843974e+01 cnt_gparams 6
[stage2] epoch 38/50 step 40 | loss 5.7377 | det 0.0892 seg 0.1233 cnt 3.4478 | w [14.971, 7.814, 0.995] | cnt_gnorm 1.889425e+01 cnt_gparams 6
[stage2] epoch 38/50 | train 6.3805
[stage2] epoch 38/50 | w [14.976, 7.847, 0.997]
[diag][cnt][stage2] epoch 38/50 | param_delta_l2 7.278998e+00
[diag][cnt][val] pred_count_mean 8.442140 gt_count_mean 8.000130 pred_dens_mean 0.000042 gt_dens_mean 0.000040
[stage2] epoch 38 | val det 0.4792 seg 1.1313 miou 0.6391 cnt 3.5248 dens 8.379441e-01 mae 2.6869 total_mae 12.2783 | ap50 0.6767 | combo 1.688012
[stage2] epoch 39/50 step 20 | loss 6.0762 | det 0.0676 seg 0.1526 cnt 3.8776 | w [14.957, 7.756, 0.992] | cnt_gnorm 2.603926e+01 cnt_gparams 6
[stage2] epoch 39/50 step 40 | loss 6.2008 | det 0.0682 seg 0.1528 cnt 3.9932 | w [14.988, 7.901, 0.999] | cnt_gnorm 2.966244e+01 cnt_gparams 6
[stage2] epoch 39/50 | train 6.0387
[stage2] epoch 39/50 | w [14.954, 7.747, 0.992]
[diag][cnt][stage2] epoch 39/50 | param_delta_l2 7.175993e+00
[diag][cnt][val] pred_count_mean 8.501940 gt_count_mean 8.000130 pred_dens_mean 0.000042 gt_dens_mean 0.000040
[stage2] epoch 39 | val det 0.4287 seg 1.0837 miou 0.6449 cnt 3.5755 dens 8.399188e-01 mae 2.7356 total_mae 13.1933 | ap50 0.6794 | combo 1.689860
[stage2] epoch 40/50 step 20 | loss 4.6261 | det 0.0756 seg 0.1304 cnt 2.4798 | w [14.968, 7.813, 0.995] | cnt_gnorm 6.045576e+01 cnt_gparams 6
[stage2] epoch 40/50 step 40 | loss 4.5019 | det 0.0752 seg 0.1314 cnt 2.3527 | w [14.975, 7.829, 0.996] | cnt_gnorm 2.118949e+01 cnt_gparams 6
[stage2] epoch 40/50 | train 4.5499
[stage2] epoch 40/50 | w [14.985, 7.888, 0.999]
[diag][cnt][stage2] epoch 40/50 | param_delta_l2 7.285217e+00
[diag][cnt][val] pred_count_mean 8.628077 gt_count_mean 8.000130 pred_dens_mean 0.000043 gt_dens_mean 0.000040
[stage2] epoch 40 | val det 0.4113 seg 1.0632 miou 0.6434 cnt 3.5959 dens 8.378540e-01 mae 2.7580 total_mae 12.5209 | ap50 0.6749 | combo 1.680836
[stage2] epoch 41/50 step 20 | loss 6.1667 | det 0.0654 seg 0.1342 cnt 4.1536 | w [14.982, 7.882, 0.998] | cnt_gnorm 5.685669e+01 cnt_gparams 6
[stage2] epoch 41/50 step 40 | loss 5.7337 | det 0.0894 seg 0.1218 cnt 3.4556 | w [14.961, 7.774, 0.993] | cnt_gnorm 3.943428e+01 cnt_gparams 6
[stage2] epoch 41/50 | train 6.9281
[stage2] epoch 41/50 | w [14.955, 7.757, 0.992]
[diag][cnt][stage2] epoch 41/50 | param_delta_l2 8.065647e+00
[diag][cnt][val] pred_count_mean 7.345539 gt_count_mean 8.000130 pred_dens_mean 0.000037 gt_dens_mean 0.000040
[stage2] epoch 41 | val det 0.4361 seg 1.0316 miou 0.6504 cnt 3.5389 dens 8.384938e-01 mae 2.7004 total_mae 12.8289 | ap50 0.6750 | combo 1.695729
[stage2] epoch 42/50 step 20 | loss 5.4908 | det 0.0758 seg 0.1217 cnt 3.4120 | w [14.970, 7.827, 0.996] | cnt_gnorm 2.117915e+01 cnt_gparams 6
[stage2] epoch 42/50 step 40 | loss 5.0925 | det 0.0915 seg 0.1189 cnt 2.7986 | w [14.990, 7.910, 1.000] | cnt_gnorm 3.385142e+01 cnt_gparams 6
[stage2] epoch 42/50 | train 5.1981
[stage2] epoch 42/50 | w [14.958, 7.771, 0.993]
[diag][cnt][stage2] epoch 42/50 | param_delta_l2 7.805567e+00
[diag][cnt][val] pred_count_mean 8.375743 gt_count_mean 8.000130 pred_dens_mean 0.000042 gt_dens_mean 0.000040
[stage2] epoch 42 | val det 0.4420 seg 1.0939 miou 0.6506 cnt 3.5679 dens 8.404394e-01 mae 2.7275 total_mae 12.8525 | ap50 0.6810 | combo 1.698241
[stage2] epoch 43/50 step 20 | loss 4.4700 | det 0.0746 seg 0.1384 cnt 2.2794 | w [14.991, 7.913, 1.000] | cnt_gnorm 2.217522e+01 cnt_gparams 6
[stage2] epoch 43/50 step 40 | loss 4.9377 | det 0.0943 seg 0.1410 cnt 2.4264 | w [14.973, 7.842, 0.996] | cnt_gnorm 1.456426e+01 cnt_gparams 6
[stage2] epoch 43/50 | train 5.0522
[stage2] epoch 43/50 | w [14.960, 7.773, 0.993]
[diag][cnt][stage2] epoch 43/50 | param_delta_l2 7.317138e+00
[diag][cnt][val] pred_count_mean 9.661036 gt_count_mean 8.000130 pred_dens_mean 0.000048 gt_dens_mean 0.000040
[stage2] epoch 43 | val det 0.4688 seg 1.0747 miou 0.6480 cnt 3.5588 dens 8.368670e-01 mae 2.7219 total_mae 12.5756 | ap50 0.6800 | combo 1.695352
[stage2] epoch 44/50 step 20 | loss 4.8720 | det 0.0787 seg 0.1260 cnt 2.7157 | w [14.980, 7.872, 0.998] | cnt_gnorm 5.301474e+01 cnt_gparams 6
[stage2] epoch 44/50 step 40 | loss 4.9212 | det 0.0944 seg 0.1173 cnt 2.5926 | w [14.978, 7.851, 0.997] | cnt_gnorm 1.796495e+01 cnt_gparams 6
[stage2] epoch 44/50 | train 4.8469
[stage2] epoch 44/50 | w [14.971, 7.819, 0.995]
[diag][cnt][stage2] epoch 44/50 | param_delta_l2 7.342390e+00
[diag][cnt][val] pred_count_mean 8.967346 gt_count_mean 8.000130 pred_dens_mean 0.000045 gt_dens_mean 0.000040
[stage2] epoch 44 | val det 0.4545 seg 1.0772 miou 0.6486 cnt 3.5408 dens 8.377057e-01 mae 2.7031 total_mae 12.7478 | ap50 0.6825 | combo 1.701008
[ckpt] new best cached (stage2 epoch 44, combo 1.701008)
[stage2] epoch 45/50 step 20 | loss 3.8181 | det 0.0573 seg 0.1182 cnt 2.0401 | w [14.965, 7.800, 0.994] | cnt_gnorm 3.792025e+01 cnt_gparams 6
[stage2] epoch 45/50 step 40 | loss 4.0572 | det 0.0638 seg 0.1157 cnt 2.1999 | w [14.989, 7.916, 1.001] | cnt_gnorm 4.664234e+01 cnt_gparams 6
[stage2] epoch 45/50 | train 4.1860
[stage2] epoch 45/50 | w [14.966, 7.804, 0.995]
[diag][cnt][stage2] epoch 45/50 | param_delta_l2 7.417859e+00
[diag][cnt][val] pred_count_mean 9.416881 gt_count_mean 8.000130 pred_dens_mean 0.000047 gt_dens_mean 0.000040
[stage2] epoch 45 | val det 0.4462 seg 1.1424 miou 0.6332 cnt 3.4470 dens 8.345860e-01 mae 2.6125 total_mae 12.2467 | ap50 0.6805 | combo 1.696542
[stage2] epoch 46/50 step 20 | loss 5.0798 | det 0.0755 seg 0.1171 cnt 3.0385 | w [14.990, 7.915, 1.000] | cnt_gnorm 1.065132e+02 cnt_gparams 6
[stage2] epoch 46/50 step 40 | loss 4.5789 | det 0.0726 seg 0.1155 cnt 2.5893 | w [14.987, 7.902, 0.999] | cnt_gnorm 3.933876e+01 cnt_gparams 6
[stage2] epoch 46/50 | train 4.6151
[stage2] epoch 46/50 | w [14.958, 7.763, 0.992]
[diag][cnt][stage2] epoch 46/50 | param_delta_l2 7.384023e+00
[diag][cnt][val] pred_count_mean 8.725857 gt_count_mean 8.000130 pred_dens_mean 0.000043 gt_dens_mean 0.000040
[stage2] epoch 46 | val det 0.4577 seg 1.0791 miou 0.6436 cnt 3.5742 dens 8.390190e-01 mae 2.7352 total_mae 12.8817 | ap50 0.6777 | combo 1.686904
[stage2] epoch 47/50 step 20 | loss 4.4965 | det 0.0952 seg 0.1339 cnt 2.0260 | w [14.988, 7.911, 1.000] | cnt_gnorm 3.192303e+01 cnt_gparams 6
[stage2] epoch 47/50 step 40 | loss 4.5731 | det 0.0942 seg 0.1287 cnt 2.1600 | w [14.972, 7.817, 0.995] | cnt_gnorm 2.417047e+01 cnt_gparams 6
[stage2] epoch 47/50 | train 4.5207
[stage2] epoch 47/50 | w [14.986, 7.899, 0.999]
[diag][cnt][stage2] epoch 47/50 | param_delta_l2 7.922176e+00
[diag][cnt][val] pred_count_mean 10.997931 gt_count_mean 8.000130 pred_dens_mean 0.000055 gt_dens_mean 0.000040
[stage2] epoch 47 | val det 0.4288 seg 1.1079 miou 0.6466 cnt 3.5687 dens 8.371777e-01 mae 2.7315 total_mae 12.9564 | ap50 0.6708 | combo 1.683493
[stage2] epoch 48/50 step 20 | loss 5.0991 | det 0.1161 seg 0.1168 cnt 2.4549 | w [14.974, 7.830, 0.996] | cnt_gnorm 3.498370e+01 cnt_gparams 6
[stage2] epoch 48/50 step 40 | loss 5.0079 | det 0.1016 seg 0.1214 cnt 2.5448 | w [14.961, 7.775, 0.993] | cnt_gnorm 2.617196e+01 cnt_gparams 6
[stage2] epoch 48/50 | train 4.8766
[stage2] epoch 48/50 | w [14.991, 7.918, 1.014]
[diag][cnt][stage2] epoch 48/50 | param_delta_l2 7.710388e+00
[diag][cnt][val] pred_count_mean 8.517471 gt_count_mean 8.000130 pred_dens_mean 0.000042 gt_dens_mean 0.000040
[stage2] epoch 48 | val det 0.4578 seg 1.1123 miou 0.6447 cnt 3.4901 dens 8.361135e-01 mae 2.6540 total_mae 12.2502 | ap50 0.6795 | combo 1.701045
[ckpt] new best cached (stage2 epoch 48, combo 1.701045)
[stage2] epoch 49/50 step 20 | loss 5.5573 | det 0.0904 seg 0.1463 cnt 3.0670 | w [14.992, 7.914, 1.000] | cnt_gnorm 4.198178e+01 cnt_gparams 6
[stage2] epoch 49/50 step 40 | loss 5.0949 | det 0.0726 seg 0.1284 cnt 3.0130 | w [14.971, 7.823, 0.996] | cnt_gnorm 2.454338e+01 cnt_gparams 6
[stage2] epoch 49/50 | train 5.0036
[stage2] epoch 49/50 | w [14.960, 7.754, 0.992]
[diag][cnt][stage2] epoch 49/50 | param_delta_l2 8.067055e+00
[diag][cnt][val] pred_count_mean 7.317400 gt_count_mean 8.000130 pred_dens_mean 0.000036 gt_dens_mean 0.000040
[stage2] epoch 49 | val det 0.4174 seg 1.1026 miou 0.6568 cnt 3.4805 dens 8.348904e-01 mae 2.6456 total_mae 12.4811 | ap50 0.6853 | combo 1.720132
[ckpt] new best cached (stage2 epoch 49, combo 1.720132)
[stage2] epoch 50/50 step 20 | loss 4.7146 | det 0.0742 seg 0.1246 cnt 2.6238 | w [14.979, 7.867, 0.998] | cnt_gnorm 1.720958e+01 cnt_gparams 6
[stage2] epoch 50/50 step 40 | loss 4.6790 | det 0.0782 seg 0.1207 cnt 2.5635 | w [14.977, 7.847, 0.996] | cnt_gnorm 3.660911e+01 cnt_gparams 6
[stage2] epoch 50/50 | train 4.6635
[stage2] epoch 50/50 | w [14.965, 7.795, 0.994]
[diag][cnt][stage2] epoch 50/50 | param_delta_l2 7.586907e+00
[diag][cnt][val] pred_count_mean 7.992657 gt_count_mean 8.000130 pred_dens_mean 0.000040 gt_dens_mean 0.000040
[stage2] epoch 50 | val det 0.4639 seg 1.1134 miou 0.6536 cnt 3.5479 dens 8.374524e-01 mae 2.7104 total_mae 12.7054 | ap50 0.6817 | combo 1.704286
[ckpt] saved best -> /data/xiangyuyue/ULLM-zf/fsl-20260209/runs/32_64/best_combo.pt (combo 1.720132)
