swanlab: swanlab version 0.7.15 is available!  Upgrade: `pip install -U swanlab`
swanlab: Tracking run with swanlab version 0.7.14
swanlab: Run data will be saved locally in /data/xiangyuyue/ULLM-zf/fsl-20260209/runs/414_10per/swanlog/run-20260414_150430-ubgqfp5kirfgymqsj7l9p
swanlab: 👋 Hi blacknwhit,welcome to swanlab!
swanlab: Syncing run 414_10per to the cloud
swanlab: 🏠 View project at https://swanlab.cn/@blacknwhit/115_grpo_mainonly_1
swanlab: 🚀 View run at https://swanlab.cn/@blacknwhit/115_grpo_mainonly_1/runs/ubgqfp5kirfgymqsj7l9p
/data/xiangyuyue/ULLM-zf/fsl-20260209/115_grpo_mainonly_1/utils.py:95: FutureWarning: You are using `torch.load` with `weights_only=False` (the current default value), which uses the default pickle module implicitly. It is possible to construct malicious pickle data which will execute arbitrary code during unpickling (See https://github.com/pytorch/pytorch/blob/main/SECURITY.md#untrusted-models for more details). In a future release, the default value for `weights_only` will be flipped to `True`. This limits the functions that could be executed during unpickling. Arbitrary objects will no longer be allowed to be loaded via this mode unless they are explicitly allowlisted by the user via `torch.serialization.add_safe_globals`. We recommend you start setting `weights_only=True` for any use case where you don't have full control of the loaded file. Please open an issue on GitHub for any issues related to this experimental feature.
  ckpt = torch.load(p, map_location=map_location)
[train] Backbone params: 0
[train] LoRA-MoE params: 6561792
[train] Det head params: 14875060
[train] Seg head params: 9451531
[train] Cnt head params: 9448456
[stage1] skipped; initialize stage2 from checkpoint: /data/xiangyuyue/ULLM-zf/fsl-20260209/best_combo.pt
[ckpt] load complete: /data/xiangyuyue/ULLM-zf/fsl-20260209/best_combo.pt
[ckpt]   shared: complete=1 missing=0 unexpected=0
[ckpt]   detector: complete=1 missing=0 unexpected=0
[ckpt]   seg_head: complete=1 missing=0 unexpected=0
[ckpt]   cnt_head: complete=1 missing=0 unexpected=0
