WARNING:__main__:
*****************************************
Setting OMP_NUM_THREADS environment variable for each process to be 1 in default, to avoid your system being overloaded, please further tune the variable for optimal performance in your application as needed. 
*****************************************
[rank7]:[W314 01:23:17.942790006 ProcessGroupNCCL.cpp:4115] [PG ID 0 PG GUID 0 Rank 7]  using GPU 7 to perform barrier as devices used by this process are currently unknown. This can potentially cause a hang if this rank to GPU mapping is incorrect.Specify device_ids in barrier() to force use of a particular device,or call init_process_group() with a device_id.
[rank4]:[W314 01:23:17.942791107 ProcessGroupNCCL.cpp:4115] [PG ID 0 PG GUID 0 Rank 4]  using GPU 4 to perform barrier as devices used by this process are currently unknown. This can potentially cause a hang if this rank to GPU mapping is incorrect.Specify device_ids in barrier() to force use of a particular device,or call init_process_group() with a device_id.
[rank0]:[W314 01:23:17.080915719 ProcessGroupNCCL.cpp:4115] [PG ID 0 PG GUID 0 Rank 0]  using GPU 0 to perform barrier as devices used by this process are currently unknown. This can potentially cause a hang if this rank to GPU mapping is incorrect.Specify device_ids in barrier() to force use of a particular device,or call init_process_group() with a device_id.
[rank5]:[W314 01:23:17.087610083 ProcessGroupNCCL.cpp:4115] [PG ID 0 PG GUID 0 Rank 5]  using GPU 5 to perform barrier as devices used by this process are currently unknown. This can potentially cause a hang if this rank to GPU mapping is incorrect.Specify device_ids in barrier() to force use of a particular device,or call init_process_group() with a device_id.
[rank1]:[W314 01:23:17.282179574 ProcessGroupNCCL.cpp:4115] [PG ID 0 PG GUID 0 Rank 1]  using GPU 1 to perform barrier as devices used by this process are currently unknown. This can potentially cause a hang if this rank to GPU mapping is incorrect.Specify device_ids in barrier() to force use of a particular device,or call init_process_group() with a device_id.
[rank3]:[W314 01:23:17.391830243 ProcessGroupNCCL.cpp:4115] [PG ID 0 PG GUID 0 Rank 3]  using GPU 3 to perform barrier as devices used by this process are currently unknown. This can potentially cause a hang if this rank to GPU mapping is incorrect.Specify device_ids in barrier() to force use of a particular device,or call init_process_group() with a device_id.
[rank2]:[W314 01:23:17.409620853 ProcessGroupNCCL.cpp:4115] [PG ID 0 PG GUID 0 Rank 2]  using GPU 2 to perform barrier as devices used by this process are currently unknown. This can potentially cause a hang if this rank to GPU mapping is incorrect.Specify device_ids in barrier() to force use of a particular device,or call init_process_group() with a device_id.
[rank6]:[W314 01:23:17.420837788 ProcessGroupNCCL.cpp:4115] [PG ID 0 PG GUID 0 Rank 6]  using GPU 6 to perform barrier as devices used by this process are currently unknown. This can potentially cause a hang if this rank to GPU mapping is incorrect.Specify device_ids in barrier() to force use of a particular device,or call init_process_group() with a device_id.
[warn] Using first-order MAML (stop-grad through inner update).
[train] using --loss-weight-bias as base/init: [15.000, 8.000, 1.000]
[warn] Backbone is forced frozen for Full MAML (ignoring unfreeze flags).
[ddp] multi-process mode without DDP wrapper (manual theta grad all-reduce)
[LoRA-MoE] LoRA params: 6561792
[LoRA-MoE] Det head params: 14875060
[LoRA-MoE] Seg head params: 9451531
[LoRA-MoE] Cnt head params: 9448456
[train] Learnable loss weights MLP enabled (Full MAML), multilayer_grads=off, arch=joint, grad_vec_normalize=l2, prior_fuse=add, joint_task_proj_dim=64, joint_out=leakyrelu, joint_leaky_slope=0.010, weight_net_dropout=0.000, cnt_grad_hidden_dim=72
[init] g0 initialized on rank0 from first inner-batch gradients and broadcast to all ranks.
[stage1] epoch 1/100 step 20 | loss 367123.8490 | det 1.0292 seg 1.2864 cnt 355907.6776 | w [14.999, 7.999, 0.998]
[stage1] epoch 1/100 | train 215987.8323
[stage1] epoch 1/100 | w [14.998, 7.999, 0.999]
[stage1] epoch 2/100 step 20 | loss 22.3683 | det 0.4331 seg 0.8588 cnt 8.9229 | w [14.998, 7.999, 0.999]
[stage1] epoch 2/100 | train 22.7401
[stage1] epoch 2/100 | w [14.998, 8.000, 0.999]
[stage1] epoch 3/100 step 20 | loss 19.2477 | det 0.3756 seg 0.7940 cnt 7.2404 | w [14.998, 7.999, 1.024]
[stage1] epoch 3/100 | train 19.2512
[stage1] epoch 3/100 | w [14.998, 7.999, 1.036]
[stage1] epoch 4/100 step 20 | loss 19.4572 | det 0.3379 seg 0.8040 cnt 7.8811 | w [14.997, 7.999, 0.999]
[stage1] epoch 4/100 | train 18.8793
[stage1] epoch 4/100 | w [14.997, 7.999, 1.000]
[stage1] epoch 5/100 step 20 | loss 16.1932 | det 0.3242 seg 0.5845 cnt 6.6513 | w [14.997, 7.999, 0.999]
[stage1] epoch 5/100 | train 16.7365
[stage1] epoch 5/100 | w [14.997, 7.999, 1.000]
[stage1] epoch 6/100 step 20 | loss 19.4254 | det 0.3112 seg 0.7400 cnt 8.8254 | w [14.997, 7.999, 0.999]
[stage1] epoch 6/100 | train 18.3766
[stage1] epoch 6/100 | w [14.997, 7.999, 0.999]
[stage1] epoch 7/100 step 20 | loss 19.0566 | det 0.2490 seg 0.5432 cnt 10.9550 | w [14.997, 7.999, 1.065]
[stage1] epoch 7/100 | train 17.7272
[stage1] epoch 7/100 | w [14.995, 7.999, 0.999]
[stage1] epoch 8/100 step 20 | loss 18.8118 | det 0.3236 seg 0.5090 cnt 9.8948 | w [14.996, 7.999, 1.000]
[stage1] epoch 8/100 | train 18.0911
[stage1] epoch 8/100 | w [14.997, 7.999, 1.024]
[stage1] epoch 9/100 step 20 | loss 17.1563 | det 0.2337 seg 0.5133 cnt 9.5431 | w [14.996, 7.999, 1.000]
[stage1] epoch 9/100 | train 15.8670
[stage1] epoch 9/100 | w [14.995, 7.999, 0.999]
[stage1] epoch 10/100 step 20 | loss 13.3586 | det 0.2597 seg 0.4178 cnt 6.1089 | w [14.994, 7.998, 0.999]
[stage1] epoch 10/100 | train 15.5098
[stage1] epoch 10/100 | w [14.995, 7.999, 1.000]
[stage1] epoch 11/100 step 20 | loss 13.8204 | det 0.2509 seg 0.4202 cnt 6.6892 | w [14.995, 7.999, 1.003]
[stage1] epoch 11/100 | train 13.9559
[stage1] epoch 11/100 | w [14.994, 7.998, 1.000]
[stage1] epoch 12/100 step 20 | loss 13.2105 | det 0.1819 seg 0.5428 cnt 6.1451 | w [14.994, 7.998, 0.999]
[stage1] epoch 12/100 | train 13.1881
[stage1] epoch 12/100 | w [14.993, 7.998, 0.999]
[stage1] epoch 13/100 step 20 | loss 14.4725 | det 0.2255 seg 0.4063 cnt 7.8171 | w [14.993, 7.997, 0.999]
[stage1] epoch 13/100 | train 14.2642
[stage1] epoch 13/100 | w [14.993, 7.999, 0.999]
[stage1] epoch 14/100 step 20 | loss 14.5622 | det 0.2004 seg 0.4866 cnt 7.6702 | w [14.994, 7.999, 1.000]
[stage1] epoch 14/100 | train 13.6106
[stage1] epoch 14/100 | w [14.992, 7.997, 1.000]
[stage1] epoch 15/100 step 20 | loss 13.5594 | det 0.2748 seg 0.3425 cnt 6.7009 | w [14.991, 7.998, 0.999]
[stage1] epoch 15/100 | train 12.5742
[stage1] epoch 15/100 | w [14.993, 7.997, 1.000]
[stage1] epoch 16/100 step 20 | loss 11.2848 | det 0.1676 seg 0.3037 cnt 6.3468 | w [14.992, 7.997, 0.999]
[stage1] epoch 16/100 | train 11.7249
[stage1] epoch 16/100 | w [14.991, 7.997, 0.999]
[stage1] epoch 17/100 step 20 | loss 11.8354 | det 0.2101 seg 0.3249 cnt 6.0812 | w [14.990, 7.996, 0.999]
[stage1] epoch 17/100 | train 11.3435
[stage1] epoch 17/100 | w [14.990, 7.997, 0.999]
[stage1] epoch 18/100 step 20 | loss 14.9644 | det 0.2129 seg 0.3436 cnt 9.0315 | w [14.990, 7.997, 0.999]
[stage1] epoch 18/100 | train 14.9752
[stage1] epoch 18/100 | w [14.990, 7.996, 0.999]
[stage1] epoch 19/100 step 20 | loss 13.0309 | det 0.2264 seg 0.4600 cnt 5.9607 | w [14.991, 7.998, 1.000]
[stage1] epoch 19/100 | train 12.1715
[stage1] epoch 19/100 | w [14.992, 7.998, 1.000]
[stage1] epoch 20/100 step 20 | loss 12.6247 | det 0.2266 seg 0.3739 cnt 6.2413 | w [14.989, 7.998, 0.999]
[stage1] epoch 20/100 | train 11.7316
[stage1] epoch 20/100 | w [14.990, 7.997, 1.000]
[stage1] epoch 21/100 step 20 | loss 13.5508 | det 0.1751 seg 0.2974 cnt 8.5523 | w [14.990, 7.997, 0.999]
[stage1] epoch 21/100 | train 12.8499
[stage1] epoch 21/100 | w [14.989, 7.996, 1.000]
[stage1] epoch 22/100 step 20 | loss 11.4839 | det 0.1331 seg 0.2869 cnt 7.1998 | w [14.989, 7.997, 0.999]
[stage1] epoch 22/100 | train 10.6417
[stage1] epoch 22/100 | w [14.986, 7.995, 0.999]
[stage1] epoch 23/100 step 20 | loss 12.7642 | det 0.2389 seg 0.4669 cnt 5.4494 | w [14.986, 7.997, 0.999]
[stage1] epoch 23/100 | train 11.6584
[stage1] epoch 23/100 | w [14.987, 7.995, 0.999]
[stage1] epoch 24/100 step 20 | loss 8.5293 | det 0.1534 seg 0.2947 cnt 3.8767 | w [14.986, 7.996, 1.000]
[stage1] epoch 24/100 | train 8.6094
[stage1] epoch 24/100 | w [14.985, 7.995, 0.999]
[stage1] epoch 25/100 step 20 | loss 10.4566 | det 0.1707 seg 0.2708 cnt 5.7362 | w [14.984, 7.993, 0.998]
[stage1] epoch 25/100 | train 9.6697
[stage1] epoch 25/100 | w [14.984, 7.996, 0.999]
[stage1] epoch 26/100 step 20 | loss 10.9860 | det 0.2007 seg 0.2501 cnt 5.9814 | w [14.988, 7.997, 1.000]
[stage1] epoch 26/100 | train 10.3316
[stage1] epoch 26/100 | w [14.988, 7.998, 1.000]
[stage1] epoch 27/100 step 20 | loss 10.6706 | det 0.1403 seg 0.2530 cnt 6.5487 | w [14.984, 7.995, 0.999]
[stage1] epoch 27/100 | train 10.3629
[stage1] epoch 27/100 | w [14.987, 7.997, 1.000]
[stage1] epoch 28/100 step 20 | loss 8.6178 | det 0.1608 seg 0.2311 cnt 4.3635 | w [14.987, 7.997, 1.000]
[stage1] epoch 28/100 | train 9.0656
[stage1] epoch 28/100 | w [14.983, 7.996, 0.999]
[stage1] epoch 29/100 step 20 | loss 7.9836 | det 0.1334 seg 0.2659 cnt 3.8609 | w [14.980, 7.993, 0.999]
[stage1] epoch 29/100 | train 8.1356
[stage1] epoch 29/100 | w [14.985, 7.995, 1.000]
[stage1] epoch 30/100 step 20 | loss 8.0440 | det 0.1504 seg 0.2659 cnt 3.6485 | w [14.985, 7.996, 1.000]
[stage1] epoch 30/100 | train 8.0008
[stage1] epoch 30/100 | w [14.982, 7.992, 0.999]
[stage1] epoch 31/100 step 20 | loss 8.4149 | det 0.1267 seg 0.2341 cnt 4.6492 | w [14.985, 7.996, 0.999]
[stage1] epoch 31/100 | train 8.4141
[stage1] epoch 31/100 | w [14.980, 7.995, 0.998]
[stage1] epoch 32/100 step 20 | loss 8.9087 | det 0.1509 seg 0.2575 cnt 4.5947 | w [14.983, 7.994, 0.999]
[stage1] epoch 32/100 | train 8.1805
[stage1] epoch 32/100 | w [14.983, 7.996, 0.999]
[stage1] epoch 33/100 step 20 | loss 8.8280 | det 0.1854 seg 0.2342 cnt 4.1804 | w [14.979, 7.996, 0.999]
[stage1] epoch 33/100 | train 9.4308
[stage1] epoch 33/100 | w [14.980, 7.992, 0.999]
[stage1] epoch 34/100 step 20 | loss 11.5634 | det 0.1693 seg 0.5063 cnt 4.9837 | w [14.980, 7.995, 0.999]
[stage1] epoch 34/100 | train 9.8366
[stage1] epoch 34/100 | w [14.980, 7.995, 0.999]
[stage1] epoch 35/100 step 20 | loss 10.0693 | det 0.2350 seg 0.2878 cnt 4.2504 | w [14.981, 7.997, 0.999]
[stage1] epoch 35/100 | train 8.8855
[stage1] epoch 35/100 | w [14.982, 7.994, 0.999]
[stage1] epoch 36/100 step 20 | loss 9.1184 | det 0.1967 seg 0.2305 cnt 4.3326 | w [14.980, 7.992, 0.999]
[stage1] epoch 36/100 | train 8.2234
[stage1] epoch 36/100 | w [14.977, 7.996, 0.999]
[stage1] epoch 37/100 step 20 | loss 8.0272 | det 0.1492 seg 0.2369 cnt 3.9022 | w [14.982, 7.997, 1.000]
[stage1] epoch 37/100 | train 8.3881
[stage1] epoch 37/100 | w [14.976, 7.995, 0.999]
[stage1] epoch 38/100 step 20 | loss 8.0664 | det 0.1767 seg 0.2281 cnt 3.5985 | w [14.977, 7.991, 0.999]
[stage1] epoch 38/100 | train 8.2637
[stage1] epoch 38/100 | w [14.976, 7.992, 0.999]
[stage1] epoch 39/100 step 20 | loss 7.8424 | det 0.1369 seg 0.1962 cnt 4.2272 | w [14.981, 7.996, 1.000]
[stage1] epoch 39/100 | train 7.6336
[stage1] epoch 39/100 | w [14.980, 7.996, 0.999]
[stage1] epoch 40/100 step 20 | loss 8.0851 | det 0.1606 seg 0.2247 cnt 3.8865 | w [14.976, 7.991, 0.999]
[stage1] epoch 40/100 | train 7.8116
[stage1] epoch 40/100 | w [14.979, 7.995, 1.000]
[stage1] epoch 41/100 step 20 | loss 7.8035 | det 0.1277 seg 0.1894 cnt 4.3786 | w [14.975, 7.991, 0.999]
[stage1] epoch 41/100 | train 7.5352
[stage1] epoch 41/100 | w [14.978, 7.994, 1.000]
[stage1] epoch 42/100 step 20 | loss 7.2348 | det 0.1415 seg 0.2060 cnt 3.4718 | w [14.971, 7.987, 0.999]
[stage1] epoch 42/100 | train 7.2706
[stage1] epoch 42/100 | w [14.972, 7.993, 0.999]
[stage1] epoch 43/100 step 20 | loss 7.4512 | det 0.1304 seg 0.2054 cnt 3.8608 | w [14.974, 7.990, 0.999]
[stage1] epoch 43/100 | train 7.1565
[stage1] epoch 43/100 | w [14.978, 7.993, 0.999]
[stage1] epoch 44/100 step 20 | loss 7.4246 | det 0.1142 seg 0.2380 cnt 3.8148 | w [14.976, 7.992, 0.999]
[stage1] epoch 44/100 | train 7.4087
[stage1] epoch 44/100 | w [14.975, 7.992, 0.999]
[stage1] epoch 45/100 step 20 | loss 6.7080 | det 0.0923 seg 0.1672 cnt 3.9929 | w [14.972, 7.988, 0.999]
[stage1] epoch 45/100 | train 6.9686
[stage1] epoch 45/100 | w [14.969, 7.994, 0.998]
[stage1] epoch 46/100 step 20 | loss 7.0393 | det 0.1062 seg 0.1541 cnt 4.2220 | w [14.973, 7.988, 0.999]
[stage1] epoch 46/100 | train 7.0262
[stage1] epoch 46/100 | w [14.970, 7.991, 0.999]
[stage1] epoch 47/100 step 20 | loss 7.2743 | det 0.1272 seg 0.1755 cnt 3.9710 | w [14.975, 7.993, 1.000]
[stage1] epoch 47/100 | train 8.7784
[stage1] epoch 47/100 | w [14.970, 7.986, 0.999]
[stage1] epoch 48/100 step 20 | loss 15.0151 | det 0.1231 seg 0.2144 cnt 11.4744 | w [14.970, 7.989, 0.999]
[stage1] epoch 48/100 | train 12.2305
[stage1] epoch 48/100 | w [14.974, 7.992, 1.000]
[stage1] epoch 49/100 step 20 | loss 11.3206 | det 0.1072 seg 0.5393 cnt 5.4089 | w [14.971, 7.992, 0.999]
[stage1] epoch 49/100 | train 10.7173
[stage1] epoch 49/100 | w [14.970, 7.995, 0.999]
[stage1] epoch 50/100 step 20 | loss 10.7169 | det 0.1308 seg 0.2758 cnt 6.5602 | w [14.967, 7.992, 0.999]
[stage1] epoch 50/100 | train 11.0261
[stage1] epoch 50/100 | w [14.973, 7.990, 0.999]
[stage1] epoch 51/100 step 20 | loss 6.2070 | det 0.1066 seg 0.1563 cnt 3.3649 | w [14.972, 7.992, 1.000]
[stage1] epoch 51/100 | train 6.5766
[stage1] epoch 51/100 | w [14.972, 7.990, 0.999]
[stage1] epoch 52/100 step 20 | loss 6.0530 | det 0.1053 seg 0.1718 cnt 3.1065 | w [14.965, 7.988, 0.999]
[stage1] epoch 52/100 | train 6.1872
[stage1] epoch 52/100 | w [14.968, 7.991, 0.999]
[stage1] epoch 53/100 step 20 | loss 6.9896 | det 0.1553 seg 0.1631 cnt 3.3648 | w [14.970, 7.995, 0.999]
[stage1] epoch 53/100 | train 7.3664
[stage1] epoch 53/100 | w [14.964, 7.991, 0.999]
[stage1] epoch 54/100 step 20 | loss 6.5287 | det 0.1360 seg 0.1671 cnt 3.1603 | w [14.967, 7.987, 0.999]
[stage1] epoch 54/100 | train 6.2566
[stage1] epoch 54/100 | w [14.972, 7.991, 0.999]
[stage1] epoch 55/100 step 20 | loss 7.0050 | det 0.1367 seg 0.1418 cnt 3.8297 | w [14.968, 7.990, 0.999]
[stage1] epoch 55/100 | train 6.8445
[stage1] epoch 55/100 | w [14.965, 7.986, 0.999]
[stage1] epoch 56/100 step 20 | loss 6.9315 | det 0.1532 seg 0.1783 cnt 3.2175 | w [14.972, 7.992, 1.000]
[stage1] epoch 56/100 | train 6.4686
[stage1] epoch 56/100 | w [14.968, 7.988, 0.999]
[stage1] epoch 57/100 step 20 | loss 6.6784 | det 0.1676 seg 0.1722 cnt 2.7979 | w [14.964, 7.988, 0.999]
[stage1] epoch 57/100 | train 6.4298
[stage1] epoch 57/100 | w [14.957, 7.980, 0.998]
[stage1] epoch 58/100 step 20 | loss 6.3566 | det 0.0988 seg 0.1692 cnt 3.5295 | w [14.966, 7.988, 0.999]
[stage1] epoch 58/100 | train 6.7223
[stage1] epoch 58/100 | w [14.959, 7.991, 0.999]
[stage1] epoch 59/100 step 20 | loss 6.9284 | det 0.1409 seg 0.1500 cnt 3.6247 | w [14.960, 7.986, 0.999]
[stage1] epoch 59/100 | train 6.8295
[stage1] epoch 59/100 | w [14.960, 7.986, 0.999]
[stage1] epoch 60/100 step 20 | loss 6.9133 | det 0.1211 seg 0.1543 cnt 3.8725 | w [14.960, 7.984, 0.999]
[stage1] epoch 60/100 | train 7.1690
[stage1] epoch 60/100 | w [14.967, 7.987, 0.999]
[stage1] epoch 61/100 step 20 | loss 6.2969 | det 0.1261 seg 0.1478 cnt 3.2315 | w [14.963, 7.986, 0.999]
[stage1] epoch 61/100 | train 7.1272
[stage1] epoch 61/100 | w [14.949, 7.970, 0.998]
[stage1] epoch 62/100 step 20 | loss 7.1401 | det 0.0978 seg 0.1435 cnt 4.5351 | w [14.951, 7.989, 0.998]
[stage1] epoch 62/100 | train 6.6063
[stage1] epoch 62/100 | w [14.956, 7.976, 0.998]
[stage1] epoch 63/100 step 20 | loss 5.8145 | det 0.0883 seg 0.1394 cnt 3.3837 | w [14.967, 7.986, 0.999]
[stage1] epoch 63/100 | train 6.1753
[stage1] epoch 63/100 | w [14.969, 7.989, 1.000]
[stage1] epoch 64/100 step 20 | loss 5.6828 | det 0.0871 seg 0.1772 cnt 2.9674 | w [14.953, 7.983, 0.999]
[stage1] epoch 64/100 | train 6.0047
[stage1] epoch 64/100 | w [14.959, 7.982, 0.999]
[stage1] epoch 65/100 step 20 | loss 5.2795 | det 0.0962 seg 0.1539 cnt 2.6134 | w [14.954, 7.990, 0.999]
[stage1] epoch 65/100 | train 5.3541
[stage1] epoch 65/100 | w [14.957, 7.978, 0.999]
[stage1] epoch 66/100 step 20 | loss 8.3464 | det 0.1458 seg 0.1345 cnt 5.0948 | w [14.964, 7.984, 1.000]
[stage1] epoch 66/100 | train 7.9161
[stage1] epoch 66/100 | w [14.959, 7.986, 1.000]
[stage1] epoch 67/100 step 20 | loss 7.6686 | det 0.1060 seg 0.1712 cnt 4.7206 | w [14.968, 7.992, 1.000]
[stage1] epoch 67/100 | train 7.1237
[stage1] epoch 67/100 | w [14.961, 7.982, 0.999]
[stage1] epoch 68/100 step 20 | loss 7.5609 | det 0.1172 seg 0.2078 cnt 4.1530 | w [14.958, 7.983, 0.999]
[stage1] epoch 68/100 | train 6.7661
[stage1] epoch 68/100 | w [14.946, 7.979, 0.998]
[stage1] epoch 69/100 step 20 | loss 6.0723 | det 0.0868 seg 0.1615 cnt 3.4873 | w [14.951, 7.982, 0.999]
[stage1] epoch 69/100 | train 5.9133
[stage1] epoch 69/100 | w [14.958, 7.980, 1.000]
[stage1] epoch 70/100 step 20 | loss 6.5006 | det 0.1442 seg 0.1478 cnt 3.1681 | w [14.956, 7.985, 0.999]
[stage1] epoch 70/100 | train 6.6939
[stage1] epoch 70/100 | w [14.949, 7.980, 0.999]
[stage1] epoch 71/100 step 20 | loss 7.1402 | det 0.1516 seg 0.1306 cnt 3.8342 | w [14.951, 7.977, 0.998]
[stage1] epoch 71/100 | train 7.4042
[stage1] epoch 71/100 | w [14.954, 7.984, 0.999]
[stage1] epoch 72/100 step 20 | loss 7.1388 | det 0.1352 seg 0.1432 cnt 3.9773 | w [14.960, 7.990, 0.999]
[stage1] epoch 72/100 | train 6.7240
[stage1] epoch 72/100 | w [14.951, 7.972, 0.999]
[stage1] epoch 73/100 step 20 | loss 6.8571 | det 0.1559 seg 0.1669 cnt 3.1975 | w [14.958, 7.984, 1.000]
[stage1] epoch 73/100 | train 6.6005
[stage1] epoch 73/100 | w [14.948, 7.986, 0.999]
[stage1] epoch 74/100 step 20 | loss 6.5857 | det 0.1008 seg 0.2122 cnt 3.3890 | w [14.955, 7.988, 0.999]
[stage1] epoch 74/100 | train 6.7283
[stage1] epoch 74/100 | w [14.943, 7.965, 0.998]
[stage1] epoch 75/100 step 20 | loss 6.5608 | det 0.1113 seg 0.1917 cnt 3.3726 | w [14.956, 7.982, 0.999]
[stage1] epoch 75/100 | train 6.2585
[stage1] epoch 75/100 | w [14.959, 7.985, 0.999]
[stage1] epoch 76/100 step 20 | loss 6.8167 | det 0.1263 seg 0.1785 cnt 3.5075 | w [14.963, 7.986, 1.000]
[stage1] epoch 76/100 | train 6.4992
[stage1] epoch 76/100 | w [14.958, 7.983, 0.999]
[stage1] epoch 77/100 step 20 | loss 6.2388 | det 0.1308 seg 0.1521 cnt 3.0717 | w [14.949, 7.981, 0.999]
[stage1] epoch 77/100 | train 6.3341
[stage1] epoch 77/100 | w [14.943, 7.976, 0.998]
[stage1] epoch 78/100 step 20 | loss 7.0367 | det 0.1218 seg 0.1388 cnt 4.1133 | w [14.945, 7.984, 0.999]
[stage1] epoch 78/100 | train 6.5462
[stage1] epoch 78/100 | w [14.956, 7.979, 0.999]
[stage1] epoch 79/100 step 20 | loss 8.2908 | det 0.0940 seg 0.1948 cnt 5.3395 | w [14.960, 7.982, 0.999]
[stage1] epoch 79/100 | train 7.6199
[stage1] epoch 79/100 | w [14.939, 7.985, 0.998]
[stage1] epoch 80/100 step 20 | loss 5.7075 | det 0.0994 seg 0.1655 cnt 2.9045 | w [14.942, 7.985, 0.998]
[stage1] epoch 80/100 | train 5.8950
[stage1] epoch 80/100 | w [14.926, 7.977, 0.998]
[stage1] epoch 81/100 step 20 | loss 5.8525 | det 0.1159 seg 0.1709 cnt 2.7610 | w [14.948, 7.975, 0.999]
[stage1] epoch 81/100 | train 5.5762
[stage1] epoch 81/100 | w [14.931, 7.956, 0.998]
[stage1] epoch 82/100 step 20 | loss 5.7632 | det 0.1226 seg 0.1486 cnt 2.7488 | w [14.945, 7.979, 0.999]
[stage1] epoch 82/100 | train 5.6480
[stage1] epoch 82/100 | w [14.955, 7.984, 1.000]
[stage1] epoch 83/100 step 20 | loss 6.3583 | det 0.1124 seg 0.1649 cnt 3.3672 | w [14.935, 7.968, 0.999]
[stage1] epoch 83/100 | train 6.5221
[stage1] epoch 83/100 | w [14.948, 7.978, 0.999]
[stage1] epoch 84/100 step 20 | loss 6.0661 | det 0.1102 seg 0.1582 cnt 3.1614 | w [14.940, 7.964, 0.999]
[stage1] epoch 84/100 | train 5.4356
[stage1] epoch 84/100 | w [14.938, 7.981, 0.999]
[stage1] epoch 85/100 step 20 | loss 4.6765 | det 0.0685 seg 0.1415 cnt 2.5271 | w [14.946, 7.971, 0.999]
[stage1] epoch 85/100 | train 4.8448
[stage1] epoch 85/100 | w [14.947, 7.973, 0.999]
[stage1] epoch 86/100 step 20 | loss 5.4988 | det 0.0876 seg 0.1537 cnt 2.9677 | w [14.942, 7.968, 0.999]
[stage1] epoch 86/100 | train 5.3871
[stage1] epoch 86/100 | w [14.922, 7.968, 0.998]
[stage1] epoch 87/100 step 20 | loss 5.0721 | det 0.1055 seg 0.1462 cnt 2.3331 | w [14.931, 7.956, 0.998]
[stage1] epoch 87/100 | train 5.4676
[stage1] epoch 87/100 | w [14.936, 7.973, 0.999]
[stage1] epoch 88/100 step 20 | loss 4.7576 | det 0.0966 seg 0.1297 cnt 2.2834 | w [14.944, 7.970, 0.999]
[stage1] epoch 88/100 | train 6.7298
[stage1] epoch 88/100 | w [14.926, 7.955, 0.998]
[stage1] epoch 89/100 step 20 | loss 4.8393 | det 0.0757 seg 0.1395 cnt 2.6014 | w [14.934, 7.965, 0.998]
[stage1] epoch 89/100 | train 5.3997
[stage1] epoch 89/100 | w [14.953, 7.977, 1.000]
[stage1] epoch 90/100 step 20 | loss 6.0850 | det 0.1227 seg 0.1332 cnt 3.1941 | w [14.939, 7.967, 0.999]
[stage1] epoch 90/100 | train 5.7705
[stage1] epoch 90/100 | w [14.914, 7.975, 0.998]
[stage1] epoch 91/100 step 20 | loss 5.6330 | det 0.0702 seg 0.1425 cnt 3.4545 | w [14.931, 7.962, 0.998]
[stage1] epoch 91/100 | train 5.4656
[stage1] epoch 91/100 | w [14.943, 7.970, 0.999]
[stage1] epoch 92/100 step 20 | loss 5.4433 | det 0.1044 seg 0.1280 cnt 2.8656 | w [14.922, 7.964, 0.999]
[stage1] epoch 92/100 | train 5.7975
[stage1] epoch 92/100 | w [14.935, 7.966, 0.998]
[stage1] epoch 93/100 step 20 | loss 5.8261 | det 0.0969 seg 0.1342 cnt 3.3132 | w [14.932, 7.959, 0.998]
[stage1] epoch 93/100 | train 5.9163
[stage1] epoch 93/100 | w [14.930, 7.953, 0.998]
[stage1] epoch 94/100 step 20 | loss 5.2378 | det 0.0987 seg 0.1472 cnt 2.5943 | w [14.923, 7.976, 0.998]
[stage1] epoch 94/100 | train 5.3880
[stage1] epoch 94/100 | w [14.920, 7.947, 0.997]
[stage1] epoch 95/100 step 20 | loss 5.2278 | det 0.0974 seg 0.1634 cnt 2.4779 | w [14.918, 7.973, 0.998]
[stage1] epoch 95/100 | train 5.3449
[stage1] epoch 95/100 | w [14.923, 7.970, 0.999]
[stage1] epoch 96/100 step 20 | loss 5.2671 | det 0.0943 seg 0.1408 cnt 2.7410 | w [14.936, 7.977, 0.999]
[stage1] epoch 96/100 | train 5.3066
[stage1] epoch 96/100 | w [14.934, 7.964, 0.999]
[stage1] epoch 97/100 step 20 | loss 6.0647 | det 0.1261 seg 0.1424 cnt 3.0522 | w [14.943, 7.975, 0.999]
[stage1] epoch 97/100 | train 6.0995
[stage1] epoch 97/100 | w [14.889, 7.963, 0.997]
[stage1] epoch 98/100 step 20 | loss 5.4286 | det 0.0996 seg 0.1224 cnt 2.9716 | w [14.893, 7.966, 0.997]
[stage1] epoch 98/100 | train 5.3707
[stage1] epoch 98/100 | w [14.912, 7.961, 0.997]
[stage1] epoch 99/100 step 20 | loss 4.6677 | det 0.1166 seg 0.1224 cnt 1.9565 | w [14.915, 7.947, 0.997]
[stage1] epoch 99/100 | train 5.2876
[stage1] epoch 99/100 | w [14.929, 7.959, 0.998]
[stage1] epoch 100/100 step 20 | loss 7.3506 | det 0.1282 seg 0.1193 cnt 4.4948 | w [14.926, 7.970, 0.999]
[stage1] epoch 100/100 | train 6.7632
[stage1] epoch 100/100 | w [14.913, 7.940, 0.997]
[ckpt] saved stage1 phi -> /data/xiangyuyue/ULLM-zf/fsl-20260209/runs/32_72/stage1_phi_last.pt
[train] validation/model selection start from Stage2 (Stage1 validation disabled).
[stage2] epoch 1/50 step 20 | loss 9.1357 | det 0.1396 seg 0.4285 cnt 3.6482 | w [14.919, 7.946, 0.998] | cnt_gnorm 2.531228e+01 cnt_gparams 6
[stage2] epoch 1/50 step 40 | loss 8.4593 | det 0.1365 seg 0.3572 cnt 3.5856 | w [14.936, 7.969, 0.999] | cnt_gnorm 2.922410e+01 cnt_gparams 6
[stage2] epoch 1/50 | train 8.2372
[stage2] epoch 1/50 | w [14.920, 7.947, 0.998]
[diag][cnt][stage2] epoch 1/50 | param_delta_l2 1.189480e+01
[diag][cnt][val] pred_count_mean 8.656651 gt_count_mean 8.000130 pred_dens_mean 0.000043 gt_dens_mean 0.000040
[stage2] epoch 1 | val det 0.2663 seg 0.9029 miou 0.6253 cnt 3.7077 dens 8.542205e-01 mae 2.8535 total_mae 13.7210 | ap50 0.6750 | combo 1.650772
[ckpt] new best cached (stage2 epoch 1, combo 1.650772)
[stage2] epoch 2/50 step 20 | loss 8.3503 | det 0.1192 seg 0.2957 cnt 4.2275 | w [14.912, 7.958, 0.999] | cnt_gnorm 2.738956e+01 cnt_gparams 6
[stage2] epoch 2/50 step 40 | loss 7.8855 | det 0.1249 seg 0.2826 cnt 3.7803 | w [14.919, 7.947, 0.998] | cnt_gnorm 2.706445e+01 cnt_gparams 6
[stage2] epoch 2/50 | train 8.4161
[stage2] epoch 2/50 | w [14.903, 7.958, 0.998]
[diag][cnt][stage2] epoch 2/50 | param_delta_l2 9.417863e+00
[diag][cnt][val] pred_count_mean 11.057144 gt_count_mean 8.000130 pred_dens_mean 0.000055 gt_dens_mean 0.000040
[stage2] epoch 2 | val det 0.2645 seg 0.8242 miou 0.6407 cnt 3.6593 dens 8.504753e-01 mae 2.8088 total_mae 13.5289 | ap50 0.6838 | combo 1.680531
[ckpt] new best cached (stage2 epoch 2, combo 1.680531)
[stage2] epoch 3/50 step 20 | loss 7.1436 | det 0.1317 seg 0.2047 cnt 3.5545 | w [14.925, 7.959, 0.998] | cnt_gnorm 3.008774e+01 cnt_gparams 6
[stage2] epoch 3/50 step 40 | loss 6.4360 | det 0.1140 seg 0.1929 cnt 3.2056 | w [14.934, 7.958, 0.999] | cnt_gnorm 3.793196e+01 cnt_gparams 6
[stage2] epoch 3/50 | train 6.5035
[stage2] epoch 3/50 | w [14.931, 7.958, 0.999]
[diag][cnt][stage2] epoch 3/50 | param_delta_l2 7.678129e+00
[diag][cnt][val] pred_count_mean 7.235232 gt_count_mean 8.000130 pred_dens_mean 0.000036 gt_dens_mean 0.000040
[stage2] epoch 3 | val det 0.2778 seg 0.8537 miou 0.6487 cnt 3.5544 dens 8.492322e-01 mae 2.7051 total_mae 13.4873 | ap50 0.6818 | combo 1.700140
[ckpt] new best cached (stage2 epoch 3, combo 1.700140)
[stage2] epoch 4/50 step 20 | loss 5.3015 | det 0.0959 seg 0.1804 cnt 2.4387 | w [14.895, 7.958, 0.998] | cnt_gnorm 6.307554e+01 cnt_gparams 6
[stage2] epoch 4/50 step 40 | loss 5.8651 | det 0.1004 seg 0.1804 cnt 2.9351 | w [14.910, 7.970, 0.998] | cnt_gnorm 1.946279e+01 cnt_gparams 6
[stage2] epoch 4/50 | train 5.9510
[stage2] epoch 4/50 | w [14.935, 7.967, 0.999]
[diag][cnt][stage2] epoch 4/50 | param_delta_l2 8.948375e+00
[diag][cnt][val] pred_count_mean 6.535612 gt_count_mean 8.000130 pred_dens_mean 0.000033 gt_dens_mean 0.000040
[stage2] epoch 4 | val det 0.2963 seg 0.8515 miou 0.6511 cnt 3.6360 dens 8.515637e-01 mae 2.7844 total_mae 14.0488 | ap50 0.6827 | combo 1.692920
[stage2] epoch 5/50 step 20 | loss 5.6232 | det 0.0786 seg 0.1777 cnt 3.0420 | w [14.909, 7.937, 0.997] | cnt_gnorm 2.873077e+01 cnt_gparams 6
[stage2] epoch 5/50 step 40 | loss 6.0196 | det 0.0865 seg 0.2212 cnt 2.9751 | w [14.902, 7.931, 0.997] | cnt_gnorm 5.742231e+01 cnt_gparams 6
[stage2] epoch 5/50 | train 6.0384
[stage2] epoch 5/50 | w [14.913, 7.941, 0.997]
[diag][cnt][stage2] epoch 5/50 | param_delta_l2 8.800812e+00
[diag][cnt][val] pred_count_mean 7.885554 gt_count_mean 8.000130 pred_dens_mean 0.000039 gt_dens_mean 0.000040
[stage2] epoch 5 | val det 0.2802 seg 0.8749 miou 0.6502 cnt 3.5472 dens 8.463856e-01 mae 2.7008 total_mae 13.2737 | ap50 0.6834 | combo 1.703815
[ckpt] new best cached (stage2 epoch 5, combo 1.703815)
[stage2] epoch 6/50 step 20 | loss 5.9634 | det 0.1084 seg 0.2216 cnt 2.5871 | w [14.936, 7.972, 0.999] | cnt_gnorm 5.349007e+01 cnt_gparams 6
[stage2] epoch 6/50 step 40 | loss 6.1130 | det 0.1164 seg 0.2048 cnt 2.7512 | w [14.922, 7.951, 0.998] | cnt_gnorm 3.694728e+01 cnt_gparams 6
[stage2] epoch 6/50 | train 6.1084
[stage2] epoch 6/50 | w [14.896, 7.959, 0.998]
[diag][cnt][stage2] epoch 6/50 | param_delta_l2 9.771485e+00
[diag][cnt][val] pred_count_mean 8.108318 gt_count_mean 8.000130 pred_dens_mean 0.000040 gt_dens_mean 0.000040
[stage2] epoch 6 | val det 0.3102 seg 0.8849 miou 0.5997 cnt 3.8068 dens 8.491088e-01 mae 2.9577 total_mae 13.7593 | ap50 0.6856 | combo 1.623391
[stage2] epoch 7/50 step 20 | loss 6.8966 | det 0.0996 seg 0.1905 cnt 3.9013 | w [14.896, 7.964, 0.998] | cnt_gnorm 1.569971e+01 cnt_gparams 6
[stage2] epoch 7/50 step 40 | loss 6.8123 | det 0.1103 seg 0.1778 cnt 3.7575 | w [14.907, 7.937, 0.997] | cnt_gnorm 3.905633e+01 cnt_gparams 6
[stage2] epoch 7/50 | train 6.5709
[stage2] epoch 7/50 | w [14.922, 7.966, 0.998]
[diag][cnt][stage2] epoch 7/50 | param_delta_l2 7.808168e+00
[diag][cnt][val] pred_count_mean 9.008757 gt_count_mean 8.000130 pred_dens_mean 0.000045 gt_dens_mean 0.000040
[stage2] epoch 7 | val det 0.3276 seg 0.9422 miou 0.6445 cnt 3.5969 dens 8.471675e-01 mae 2.7497 total_mae 14.7138 | ap50 0.6797 | combo 1.687834
[stage2] epoch 8/50 step 20 | loss 6.3131 | det 0.1380 seg 0.1641 cnt 2.9535 | w [14.912, 7.965, 0.998] | cnt_gnorm 2.642883e+01 cnt_gparams 6
[stage2] epoch 8/50 step 40 | loss 6.7427 | det 0.1278 seg 0.1933 cnt 3.3043 | w [14.881, 7.960, 0.997] | cnt_gnorm 1.752071e+01 cnt_gparams 6
[stage2] epoch 8/50 | train 6.7041
[stage2] epoch 8/50 | w [14.928, 7.958, 0.998]
[diag][cnt][stage2] epoch 8/50 | param_delta_l2 7.016701e+00
[diag][cnt][val] pred_count_mean 7.974098 gt_count_mean 8.000130 pred_dens_mean 0.000040 gt_dens_mean 0.000040
[stage2] epoch 8 | val det 0.3441 seg 0.9243 miou 0.6003 cnt 3.5903 dens 8.474978e-01 mae 2.7428 total_mae 13.0575 | ap50 0.6806 | combo 1.645466
[stage2] epoch 9/50 step 20 | loss 6.0573 | det 0.0741 seg 0.2075 cnt 3.3062 | w [14.938, 7.978, 0.999] | cnt_gnorm 1.629934e+01 cnt_gparams 6
[stage2] epoch 9/50 step 40 | loss 6.1445 | det 0.0903 seg 0.1926 cnt 3.2712 | w [14.904, 7.964, 0.998] | cnt_gnorm 2.423976e+01 cnt_gparams 6
[stage2] epoch 9/50 | train 6.0873
[stage2] epoch 9/50 | w [14.922, 7.959, 0.998]
[diag][cnt][stage2] epoch 9/50 | param_delta_l2 7.640433e+00
[diag][cnt][val] pred_count_mean 9.339314 gt_count_mean 8.000130 pred_dens_mean 0.000047 gt_dens_mean 0.000040
[stage2] epoch 9 | val det 0.3389 seg 0.9115 miou 0.6138 cnt 3.5743 dens 8.467727e-01 mae 2.7275 total_mae 12.8915 | ap50 0.6804 | combo 1.660877
[stage2] epoch 10/50 step 20 | loss 6.3639 | det 0.0851 seg 0.1724 cnt 3.7287 | w [14.937, 7.970, 0.999] | cnt_gnorm 3.713040e+01 cnt_gparams 6
[stage2] epoch 10/50 step 40 | loss 5.8676 | det 0.0864 seg 0.1823 cnt 3.1327 | w [14.913, 7.968, 0.999] | cnt_gnorm 1.594746e+01 cnt_gparams 6
[stage2] epoch 10/50 | train 5.8082
[stage2] epoch 10/50 | w [14.914, 7.966, 0.998]
[diag][cnt][stage2] epoch 10/50 | param_delta_l2 7.772067e+00
[diag][cnt][val] pred_count_mean 6.952506 gt_count_mean 8.000130 pred_dens_mean 0.000035 gt_dens_mean 0.000040
[stage2] epoch 10 | val det 0.3312 seg 1.0052 miou 0.6120 cnt 3.5646 dens 8.444647e-01 mae 2.7201 total_mae 12.9982 | ap50 0.6753 | combo 1.654884
[stage2] epoch 11/50 step 20 | loss 4.8830 | det 0.0735 seg 0.1507 cnt 2.5915 | w [14.912, 7.938, 0.997] | cnt_gnorm 2.441628e+01 cnt_gparams 6
[stage2] epoch 11/50 step 40 | loss 5.4436 | det 0.0976 seg 0.1694 cnt 2.6439 | w [14.944, 7.975, 0.999] | cnt_gnorm 1.190220e+01 cnt_gparams 6
[stage2] epoch 11/50 | train 5.3912
[stage2] epoch 11/50 | w [14.912, 7.963, 0.999]
[diag][cnt][stage2] epoch 11/50 | param_delta_l2 8.098177e+00
[diag][cnt][val] pred_count_mean 6.402628 gt_count_mean 8.000130 pred_dens_mean 0.000032 gt_dens_mean 0.000040
[stage2] epoch 11 | val det 0.3412 seg 0.9335 miou 0.6095 cnt 3.6044 dens 8.495013e-01 mae 2.7549 total_mae 14.3142 | ap50 0.6776 | combo 1.650074
[stage2] epoch 12/50 step 20 | loss 5.0506 | det 0.1100 seg 0.1435 cnt 2.2726 | w [14.881, 7.954, 0.998] | cnt_gnorm 2.423448e+01 cnt_gparams 6
[stage2] epoch 12/50 step 40 | loss 5.1281 | det 0.1063 seg 0.1411 cnt 2.4229 | w [14.934, 7.974, 0.999] | cnt_gnorm 1.695613e+01 cnt_gparams 6
[stage2] epoch 12/50 | train 5.3439
[stage2] epoch 12/50 | w [14.924, 7.975, 0.998]
[diag][cnt][stage2] epoch 12/50 | param_delta_l2 7.491191e+00
[diag][cnt][val] pred_count_mean 10.007415 gt_count_mean 8.000130 pred_dens_mean 0.000050 gt_dens_mean 0.000040
[stage2] epoch 12 | val det 0.3209 seg 0.9324 miou 0.6183 cnt 3.5242 dens 8.435120e-01 mae 2.6807 total_mae 13.2441 | ap50 0.6829 | combo 1.674218
[stage2] epoch 13/50 step 20 | loss 5.3665 | det 0.1196 seg 0.1554 cnt 2.3502 | w [14.927, 7.953, 0.998] | cnt_gnorm 2.741008e+01 cnt_gparams 6
[stage2] epoch 13/50 step 40 | loss 5.2232 | det 0.1046 seg 0.1412 cnt 2.5436 | w [14.862, 7.950, 0.997] | cnt_gnorm 2.777157e+01 cnt_gparams 6
[stage2] epoch 13/50 | train 5.2119
[stage2] epoch 13/50 | w [14.931, 7.964, 0.998]
[diag][cnt][stage2] epoch 13/50 | param_delta_l2 7.958964e+00
[diag][cnt][val] pred_count_mean 8.363169 gt_count_mean 8.000130 pred_dens_mean 0.000042 gt_dens_mean 0.000040
[stage2] epoch 13 | val det 0.3387 seg 0.9535 miou 0.6181 cnt 3.5119 dens 8.435529e-01 mae 2.6683 total_mae 14.3174 | ap50 0.6798 | combo 1.672615
[stage2] epoch 14/50 step 20 | loss 5.5024 | det 0.0786 seg 0.1303 cnt 3.2984 | w [14.934, 7.964, 0.999] | cnt_gnorm 2.680922e+01 cnt_gparams 6
[stage2] epoch 14/50 step 40 | loss 5.6446 | det 0.0811 seg 0.1400 cnt 3.3270 | w [14.926, 7.969, 0.998] | cnt_gnorm 2.453243e+01 cnt_gparams 6
[stage2] epoch 14/50 | train 5.6254
[stage2] epoch 14/50 | w [14.895, 7.929, 0.997]
[diag][cnt][stage2] epoch 14/50 | param_delta_l2 8.565546e+00
[diag][cnt][val] pred_count_mean 9.633619 gt_count_mean 8.000130 pred_dens_mean 0.000048 gt_dens_mean 0.000040
[stage2] epoch 14 | val det 0.3421 seg 0.9362 miou 0.6207 cnt 3.4678 dens 8.421140e-01 mae 2.6257 total_mae 12.5093 | ap50 0.6715 | combo 1.673006
[stage2] epoch 15/50 step 20 | loss 6.3806 | det 0.0860 seg 0.1344 cnt 4.0375 | w [14.933, 7.969, 0.998] | cnt_gnorm 2.843256e+01 cnt_gparams 6
[stage2] epoch 15/50 step 40 | loss 5.7566 | det 0.0844 seg 0.1343 cnt 3.4335 | w [14.926, 7.964, 0.998] | cnt_gnorm 4.745250e+01 cnt_gparams 6
[stage2] epoch 15/50 | train 5.7506
[stage2] epoch 15/50 | w [14.892, 7.945, 0.998]
[diag][cnt][stage2] epoch 15/50 | param_delta_l2 1.034202e+01
[diag][cnt][val] pred_count_mean 8.843906 gt_count_mean 8.000130 pred_dens_mean 0.000044 gt_dens_mean 0.000040
[stage2] epoch 15 | val det 0.3475 seg 0.9678 miou 0.6210 cnt 3.7927 dens 8.431285e-01 mae 2.9496 total_mae 14.3101 | ap50 0.6758 | combo 1.635873
[stage2] epoch 16/50 step 20 | loss 5.4437 | det 0.1255 seg 0.1744 cnt 2.1865 | w [14.920, 7.949, 0.998] | cnt_gnorm 2.903542e+01 cnt_gparams 6
[stage2] epoch 16/50 step 40 | loss 5.5303 | det 0.1214 seg 0.1704 cnt 2.3649 | w [14.930, 7.960, 0.998] | cnt_gnorm 3.885932e+01 cnt_gparams 6
[stage2] epoch 16/50 | train 5.5082
[stage2] epoch 16/50 | w [14.937, 7.964, 0.999]
[diag][cnt][stage2] epoch 16/50 | param_delta_l2 8.135829e+00
[diag][cnt][val] pred_count_mean 8.009497 gt_count_mean 8.000130 pred_dens_mean 0.000040 gt_dens_mean 0.000040
[stage2] epoch 16 | val det 0.3530 seg 0.9358 miou 0.6218 cnt 3.7137 dens 8.439508e-01 mae 2.8697 total_mae 12.9211 | ap50 0.6832 | combo 1.653511
[stage2] epoch 17/50 step 20 | loss 5.8702 | det 0.1277 seg 0.1330 cnt 2.9120 | w [14.933, 7.968, 0.999] | cnt_gnorm 1.211522e+01 cnt_gparams 6
[stage2] epoch 17/50 step 40 | loss 5.6630 | det 0.1267 seg 0.1334 cnt 2.7156 | w [14.943, 7.971, 1.000] | cnt_gnorm 3.872265e+01 cnt_gparams 6
[stage2] epoch 17/50 | train 5.6596
[stage2] epoch 17/50 | w [14.933, 7.965, 0.999]
[diag][cnt][stage2] epoch 17/50 | param_delta_l2 7.693474e+00
[diag][cnt][val] pred_count_mean 7.575491 gt_count_mean 8.000130 pred_dens_mean 0.000038 gt_dens_mean 0.000040
[stage2] epoch 17 | val det 0.3525 seg 0.9123 miou 0.6299 cnt 3.5893 dens 8.438822e-01 mae 2.7455 total_mae 13.1024 | ap50 0.6808 | combo 1.674965
[stage2] epoch 18/50 step 20 | loss 5.4226 | det 0.1045 seg 0.1541 cnt 2.6446 | w [14.893, 7.925, 0.995] | cnt_gnorm 1.888647e+01 cnt_gparams 6
[stage2] epoch 18/50 step 40 | loss 5.2708 | det 0.0998 seg 0.1452 cnt 2.6326 | w [14.928, 7.958, 0.998] | cnt_gnorm 1.199786e+01 cnt_gparams 6
[stage2] epoch 18/50 | train 5.1946
[stage2] epoch 18/50 | w [14.896, 7.950, 0.998]
[diag][cnt][stage2] epoch 18/50 | param_delta_l2 8.481797e+00
[diag][cnt][val] pred_count_mean 8.191401 gt_count_mean 8.000130 pred_dens_mean 0.000041 gt_dens_mean 0.000040
[stage2] epoch 18 | val det 0.3682 seg 0.9426 miou 0.6301 cnt 3.6189 dens 8.439685e-01 mae 2.7749 total_mae 12.9193 | ap50 0.6800 | combo 1.670445
[stage2] epoch 19/50 step 20 | loss 5.1318 | det 0.0843 seg 0.1425 cnt 2.7439 | w [14.932, 7.956, 0.999] | cnt_gnorm 2.892895e+01 cnt_gparams 6
[stage2] epoch 19/50 step 40 | loss 4.5963 | det 0.0729 seg 0.1291 cnt 2.4853 | w [14.935, 7.971, 0.999] | cnt_gnorm 3.702800e+01 cnt_gparams 6
[stage2] epoch 19/50 | train 4.5546
[stage2] epoch 19/50 | w [14.925, 7.966, 0.999]
[diag][cnt][stage2] epoch 19/50 | param_delta_l2 7.474720e+00
[diag][cnt][val] pred_count_mean 9.245817 gt_count_mean 8.000130 pred_dens_mean 0.000046 gt_dens_mean 0.000040
[stage2] epoch 19 | val det 0.3602 seg 0.9276 miou 0.6225 cnt 3.5574 dens 8.417434e-01 mae 2.7157 total_mae 12.5106 | ap50 0.6782 | combo 1.668942
[stage2] epoch 20/50 step 20 | loss 5.0099 | det 0.0938 seg 0.1263 cnt 2.6110 | w [14.899, 7.931, 0.996] | cnt_gnorm 1.820657e+01 cnt_gparams 6
[stage2] epoch 20/50 step 40 | loss 5.0544 | det 0.0935 seg 0.1273 cnt 2.6505 | w [14.922, 7.962, 0.998] | cnt_gnorm 3.619414e+01 cnt_gparams 6
[stage2] epoch 20/50 | train 5.3976
[stage2] epoch 20/50 | w [14.860, 7.954, 0.997]
[diag][cnt][stage2] epoch 20/50 | param_delta_l2 8.115910e+00
[diag][cnt][val] pred_count_mean 8.242218 gt_count_mean 8.000130 pred_dens_mean 0.000041 gt_dens_mean 0.000040
[stage2] epoch 20 | val det 0.3735 seg 0.9632 miou 0.6257 cnt 3.5838 dens 8.462084e-01 mae 2.7376 total_mae 14.0030 | ap50 0.6766 | combo 1.667567
[stage2] epoch 21/50 step 20 | loss 6.2344 | det 0.0582 seg 0.1321 cnt 4.3251 | w [14.880, 7.957, 0.997] | cnt_gnorm 9.268021e+01 cnt_gparams 6
[stage2] epoch 21/50 step 40 | loss 5.9003 | det 0.0877 seg 0.1325 cnt 3.5444 | w [14.942, 7.971, 1.000] | cnt_gnorm 3.855842e+01 cnt_gparams 6
[stage2] epoch 21/50 | train 5.7173
[stage2] epoch 21/50 | w [14.908, 7.949, 0.998]
[diag][cnt][stage2] epoch 21/50 | param_delta_l2 8.109631e+00
[diag][cnt][val] pred_count_mean 9.462153 gt_count_mean 8.000130 pred_dens_mean 0.000047 gt_dens_mean 0.000040
[stage2] epoch 21 | val det 0.4018 seg 0.9818 miou 0.6328 cnt 3.5334 dens 8.421920e-01 mae 2.6912 total_mae 12.7001 | ap50 0.6700 | combo 1.674340
[stage2] epoch 22/50 step 20 | loss 7.3867 | det 0.0702 seg 0.1391 cnt 5.2436 | w [14.928, 7.959, 0.998] | cnt_gnorm 1.635388e+01 cnt_gparams 6
[stage2] epoch 22/50 step 40 | loss 6.3755 | det 0.1045 seg 0.1340 cnt 3.7580 | w [14.923, 7.965, 0.999] | cnt_gnorm 1.073907e+02 cnt_gparams 6
[stage2] epoch 22/50 | train 6.3950
[stage2] epoch 22/50 | w [14.920, 7.955, 0.998]
[diag][cnt][stage2] epoch 22/50 | param_delta_l2 6.969671e+00
[diag][cnt][val] pred_count_mean 8.305914 gt_count_mean 8.000130 pred_dens_mean 0.000041 gt_dens_mean 0.000040
[stage2] epoch 22 | val det 0.3776 seg 0.9523 miou 0.6317 cnt 3.7538 dens 8.447154e-01 mae 2.9091 total_mae 13.8267 | ap50 0.6760 | combo 1.651493
[stage2] epoch 23/50 step 20 | loss 4.8446 | det 0.1072 seg 0.1236 cnt 2.2651 | w [14.939, 7.967, 1.000] | cnt_gnorm 3.418272e+01 cnt_gparams 6
[stage2] epoch 23/50 step 40 | loss 4.8780 | det 0.1000 seg 0.1387 cnt 2.2863 | w [14.912, 7.967, 0.998] | cnt_gnorm 2.187728e+01 cnt_gparams 6
[stage2] epoch 23/50 | train 4.9400
[stage2] epoch 23/50 | w [14.904, 7.957, 0.998]
[diag][cnt][stage2] epoch 23/50 | param_delta_l2 7.303540e+00
[diag][cnt][val] pred_count_mean 10.699018 gt_count_mean 8.000130 pred_dens_mean 0.000053 gt_dens_mean 0.000040
[stage2] epoch 23 | val det 0.3415 seg 1.0098 miou 0.6287 cnt 3.5155 dens 8.431905e-01 mae 2.6724 total_mae 12.7365 | ap50 0.6854 | combo 1.688325
[stage2] epoch 24/50 step 20 | loss 4.7435 | det 0.0755 seg 0.1436 cnt 2.4782 | w [14.925, 7.972, 0.999] | cnt_gnorm 2.079328e+01 cnt_gparams 6
[stage2] epoch 24/50 step 40 | loss 5.6569 | det 0.0839 seg 0.1413 cnt 3.2868 | w [14.941, 7.967, 0.999] | cnt_gnorm 3.760576e+01 cnt_gparams 6
[stage2] epoch 24/50 | train 5.4832
[stage2] epoch 24/50 | w [14.936, 7.961, 0.999]
[diag][cnt][stage2] epoch 24/50 | param_delta_l2 7.209025e+00
[diag][cnt][val] pred_count_mean 10.390593 gt_count_mean 8.000130 pred_dens_mean 0.000052 gt_dens_mean 0.000040
[stage2] epoch 24 | val det 0.3698 seg 0.9645 miou 0.6300 cnt 3.5058 dens 8.433037e-01 mae 2.6625 total_mae 12.6316 | ap50 0.6776 | combo 1.683119
[stage2] epoch 25/50 step 20 | loss 5.6014 | det 0.1156 seg 0.1895 cnt 2.3709 | w [14.919, 7.952, 0.997] | cnt_gnorm 8.472159e+01 cnt_gparams 6
[stage2] epoch 25/50 step 40 | loss 5.0305 | det 0.1015 seg 0.1667 cnt 2.1930 | w [14.898, 7.963, 0.998] | cnt_gnorm 1.257033e+01 cnt_gparams 6
[stage2] epoch 25/50 | train 5.0596
[stage2] epoch 25/50 | w [14.928, 7.956, 0.998]
[diag][cnt][stage2] epoch 25/50 | param_delta_l2 7.068877e+00
[diag][cnt][val] pred_count_mean 11.578384 gt_count_mean 8.000130 pred_dens_mean 0.000058 gt_dens_mean 0.000040
[stage2] epoch 25 | val det 0.3496 seg 0.9735 miou 0.6314 cnt 3.5831 dens 8.411236e-01 mae 2.7420 total_mae 13.0731 | ap50 0.6879 | combo 1.684002
[stage2] epoch 26/50 step 20 | loss 5.1710 | det 0.1000 seg 0.1409 cnt 2.5604 | w [14.943, 7.975, 0.999] | cnt_gnorm 7.118426e+01 cnt_gparams 6
[stage2] epoch 26/50 step 40 | loss 5.1896 | det 0.0988 seg 0.1471 cnt 2.5468 | w [14.907, 7.958, 0.998] | cnt_gnorm 4.026574e+01 cnt_gparams 6
[stage2] epoch 26/50 | train 5.1157
[stage2] epoch 26/50 | w [14.910, 7.934, 0.997]
[diag][cnt][stage2] epoch 26/50 | param_delta_l2 7.451190e+00
[diag][cnt][val] pred_count_mean 8.578142 gt_count_mean 8.000130 pred_dens_mean 0.000043 gt_dens_mean 0.000040
[stage2] epoch 26 | val det 0.3329 seg 1.0111 miou 0.6150 cnt 3.6233 dens 8.422063e-01 mae 2.7811 total_mae 13.2962 | ap50 0.6872 | combo 1.661839
[stage2] epoch 27/50 step 20 | loss 7.1045 | det 0.1002 seg 0.1996 cnt 4.0308 | w [14.901, 7.957, 0.997] | cnt_gnorm 3.795009e+01 cnt_gparams 6
[stage2] epoch 27/50 step 40 | loss 6.8105 | det 0.1041 seg 0.1735 cnt 3.8863 | w [14.906, 7.935, 0.996] | cnt_gnorm 8.626170e+01 cnt_gparams 6
[stage2] epoch 27/50 | train 6.6383
[stage2] epoch 27/50 | w [14.889, 7.937, 0.997]
[diag][cnt][stage2] epoch 27/50 | param_delta_l2 7.266109e+00
[diag][cnt][val] pred_count_mean 10.716355 gt_count_mean 8.000130 pred_dens_mean 0.000053 gt_dens_mean 0.000040
[stage2] epoch 27 | val det 0.3471 seg 1.0461 miou 0.6181 cnt 3.7925 dens 8.449673e-01 mae 2.9475 total_mae 14.3179 | ap50 0.6782 | combo 1.635590
[stage2] epoch 28/50 step 20 | loss 5.2508 | det 0.0850 seg 0.1377 cnt 2.8904 | w [14.945, 7.971, 0.999] | cnt_gnorm 2.785315e+01 cnt_gparams 6
[stage2] epoch 28/50 step 40 | loss 5.5274 | det 0.0962 seg 0.1505 cnt 2.8991 | w [14.881, 7.954, 0.997] | cnt_gnorm 1.830177e+01 cnt_gparams 6
[stage2] epoch 28/50 | train 5.5043
[stage2] epoch 28/50 | w [14.924, 7.955, 0.999]
[diag][cnt][stage2] epoch 28/50 | param_delta_l2 7.812085e+00
[diag][cnt][val] pred_count_mean 8.762138 gt_count_mean 8.000130 pred_dens_mean 0.000044 gt_dens_mean 0.000040
[stage2] epoch 28 | val det 0.3883 seg 0.9952 miou 0.6237 cnt 3.5353 dens 8.442101e-01 mae 2.6911 total_mae 12.7180 | ap50 0.6831 | combo 1.678323
[stage2] epoch 29/50 step 20 | loss 5.3644 | det 0.0734 seg 0.1847 cnt 2.8045 | w [14.898, 7.958, 0.998] | cnt_gnorm 3.553495e+01 cnt_gparams 6
[stage2] epoch 29/50 step 40 | loss 5.5704 | det 0.0768 seg 0.1787 cnt 3.0082 | w [14.903, 7.951, 0.999] | cnt_gnorm 5.294226e+01 cnt_gparams 6
[stage2] epoch 29/50 | train 5.4785
[stage2] epoch 29/50 | w [14.906, 7.929, 0.997]
[diag][cnt][stage2] epoch 29/50 | param_delta_l2 7.753079e+00
[diag][cnt][val] pred_count_mean 9.329586 gt_count_mean 8.000130 pred_dens_mean 0.000046 gt_dens_mean 0.000040
[stage2] epoch 29 | val det 0.3561 seg 1.0144 miou 0.6154 cnt 3.6757 dens 8.412112e-01 mae 2.8344 total_mae 12.8266 | ap50 0.6806 | combo 1.648784
[stage2] epoch 30/50 step 20 | loss 5.4855 | det 0.0756 seg 0.1982 cnt 2.7838 | w [14.929, 7.956, 0.999] | cnt_gnorm 4.194536e+01 cnt_gparams 6
[stage2] epoch 30/50 step 40 | loss 5.4054 | det 0.0939 seg 0.1885 cnt 2.5093 | w [14.932, 7.957, 0.999] | cnt_gnorm 2.682274e+01 cnt_gparams 6
[stage2] epoch 30/50 | train 5.7611
[stage2] epoch 30/50 | w [14.923, 7.970, 0.999]
[diag][cnt][stage2] epoch 30/50 | param_delta_l2 7.420813e+00
[diag][cnt][val] pred_count_mean 8.172630 gt_count_mean 8.000130 pred_dens_mean 0.000041 gt_dens_mean 0.000040
[stage2] epoch 30 | val det 0.3672 seg 1.0646 miou 0.6201 cnt 3.5314 dens 8.428665e-01 mae 2.6885 total_mae 13.0022 | ap50 0.6783 | combo 1.670379
[stage2] epoch 31/50 step 20 | loss 5.3357 | det 0.1107 seg 0.1407 cnt 2.5673 | w [14.931, 7.964, 0.999] | cnt_gnorm 2.869593e+01 cnt_gparams 6
[stage2] epoch 31/50 step 40 | loss 4.9849 | det 0.1009 seg 0.1431 cnt 2.3426 | w [14.922, 7.973, 0.998] | cnt_gnorm 6.316218e+01 cnt_gparams 6
[stage2] epoch 31/50 | train 5.0147
[stage2] epoch 31/50 | w [14.925, 7.963, 0.998]
[diag][cnt][stage2] epoch 31/50 | param_delta_l2 7.848118e+00
[diag][cnt][val] pred_count_mean 9.546200 gt_count_mean 8.000130 pred_dens_mean 0.000048 gt_dens_mean 0.000040
[stage2] epoch 31 | val det 0.3850 seg 1.0411 miou 0.6171 cnt 3.6299 dens 8.450387e-01 mae 2.7849 total_mae 12.9711 | ap50 0.6775 | combo 1.653669
[stage2] epoch 32/50 step 20 | loss 5.1647 | det 0.0947 seg 0.1502 cnt 2.5611 | w [14.914, 7.965, 0.999] | cnt_gnorm 1.994660e+01 cnt_gparams 6
[stage2] epoch 32/50 step 40 | loss 5.1195 | det 0.0904 seg 0.1406 cnt 2.6563 | w [14.917, 7.949, 0.997] | cnt_gnorm 2.342672e+01 cnt_gparams 6
[stage2] epoch 32/50 | train 5.1367
[stage2] epoch 32/50 | w [14.891, 7.945, 0.997]
[diag][cnt][stage2] epoch 32/50 | param_delta_l2 8.515901e+00
[diag][cnt][val] pred_count_mean 8.160562 gt_count_mean 8.000130 pred_dens_mean 0.000041 gt_dens_mean 0.000040
[stage2] epoch 32 | val det 0.3663 seg 1.0018 miou 0.6209 cnt 3.5866 dens 8.431523e-01 mae 2.7434 total_mae 14.3432 | ap50 0.6743 | combo 1.659717
[stage2] epoch 33/50 step 20 | loss 5.1894 | det 0.0698 seg 0.1342 cnt 3.0856 | w [14.914, 7.963, 0.998] | cnt_gnorm 3.117144e+01 cnt_gparams 6
[stage2] epoch 33/50 step 40 | loss 5.4258 | det 0.0652 seg 0.1391 cnt 3.3517 | w [14.900, 7.953, 0.998] | cnt_gnorm 3.265927e+01 cnt_gparams 6
[stage2] epoch 33/50 | train 5.3787
[stage2] epoch 33/50 | w [14.931, 7.974, 0.998]
[diag][cnt][stage2] epoch 33/50 | param_delta_l2 8.293511e+00
[diag][cnt][val] pred_count_mean 8.374071 gt_count_mean 8.000130 pred_dens_mean 0.000042 gt_dens_mean 0.000040
[stage2] epoch 33 | val det 0.3971 seg 1.0408 miou 0.6265 cnt 3.5040 dens 8.392274e-01 mae 2.6647 total_mae 12.4475 | ap50 0.6840 | combo 1.685727
[stage2] epoch 34/50 step 20 | loss 7.4593 | det 0.1059 seg 0.1200 cnt 4.9313 | w [14.936, 7.967, 0.999] | cnt_gnorm 2.500817e+01 cnt_gparams 6
[stage2] epoch 34/50 step 40 | loss 6.3288 | det 0.0929 seg 0.1375 cnt 3.8543 | w [14.931, 7.961, 0.999] | cnt_gnorm 3.142450e+01 cnt_gparams 6
[stage2] epoch 34/50 | train 6.3507
[stage2] epoch 34/50 | w [14.924, 7.966, 0.999]
[diag][cnt][stage2] epoch 34/50 | param_delta_l2 7.301790e+00
[diag][cnt][val] pred_count_mean 10.602890 gt_count_mean 8.000130 pred_dens_mean 0.000053 gt_dens_mean 0.000040
[stage2] epoch 34 | val det 0.4008 seg 0.9530 miou 0.6168 cnt 3.4898 dens 8.387101e-01 mae 2.6511 total_mae 12.5306 | ap50 0.6841 | combo 1.678065
[stage2] epoch 35/50 step 20 | loss 4.7598 | det 0.0762 seg 0.1913 cnt 2.1050 | w [14.923, 7.951, 0.998] | cnt_gnorm 5.528814e+01 cnt_gparams 6
[stage2] epoch 35/50 step 40 | loss 6.1795 | det 0.0833 seg 0.3076 cnt 2.4921 | w [14.935, 7.963, 0.998] | cnt_gnorm 3.347588e+01 cnt_gparams 6
[stage2] epoch 35/50 | train 6.2244
[stage2] epoch 35/50 | w [14.922, 7.950, 0.998]
[diag][cnt][stage2] epoch 35/50 | param_delta_l2 7.511209e+00
[diag][cnt][val] pred_count_mean 8.929695 gt_count_mean 8.000130 pred_dens_mean 0.000044 gt_dens_mean 0.000040
[stage2] epoch 35 | val det 0.3825 seg 1.0514 miou 0.6161 cnt 3.5101 dens 8.387340e-01 mae 2.6713 total_mae 12.2231 | ap50 0.6818 | combo 1.672240
[stage2] epoch 36/50 step 20 | loss 5.5416 | det 0.1069 seg 0.1535 cnt 2.7289 | w [14.912, 7.963, 0.998] | cnt_gnorm 1.871561e+01 cnt_gparams 6
[stage2] epoch 36/50 step 40 | loss 5.2972 | det 0.0983 seg 0.1609 cnt 2.5537 | w [14.949, 7.979, 1.000] | cnt_gnorm 5.313005e+01 cnt_gparams 6
[stage2] epoch 36/50 | train 5.2214
[stage2] epoch 36/50 | w [14.929, 7.955, 0.999]
[diag][cnt][stage2] epoch 36/50 | param_delta_l2 7.874107e+00
[diag][cnt][val] pred_count_mean 9.737462 gt_count_mean 8.000130 pred_dens_mean 0.000049 gt_dens_mean 0.000040
[stage2] epoch 36 | val det 0.4290 seg 1.0227 miou 0.6237 cnt 3.5008 dens 8.376454e-01 mae 2.6632 total_mae 12.1221 | ap50 0.6800 | combo 1.679242
[stage2] epoch 37/50 step 20 | loss 4.9193 | det 0.0817 seg 0.1427 cnt 2.5690 | w [14.923, 7.953, 0.999] | cnt_gnorm 2.902946e+01 cnt_gparams 6
[stage2] epoch 37/50 step 40 | loss 5.3685 | det 0.0919 seg 0.1374 cnt 2.9099 | w [14.925, 7.964, 0.998] | cnt_gnorm 2.359369e+01 cnt_gparams 6
[stage2] epoch 37/50 | train 5.3018
[stage2] epoch 37/50 | w [14.867, 7.951, 0.997]
[diag][cnt][stage2] epoch 37/50 | param_delta_l2 7.577716e+00
[diag][cnt][val] pred_count_mean 9.491657 gt_count_mean 8.000130 pred_dens_mean 0.000047 gt_dens_mean 0.000040
[stage2] epoch 37 | val det 0.3687 seg 1.0321 miou 0.6324 cnt 3.5843 dens 8.438389e-01 mae 2.7405 total_mae 12.5035 | ap50 0.6796 | combo 1.676890
[stage2] epoch 38/50 step 20 | loss 5.3278 | det 0.1014 seg 0.1245 cnt 2.8302 | w [14.915, 7.942, 0.998] | cnt_gnorm 2.462215e+01 cnt_gparams 6
[stage2] epoch 38/50 step 40 | loss 6.5596 | det 0.0928 seg 0.1269 cnt 4.1722 | w [14.932, 7.964, 0.998] | cnt_gnorm 1.251779e+01 cnt_gparams 6
[stage2] epoch 38/50 | train 7.0490
[stage2] epoch 38/50 | w [14.935, 7.966, 0.999]
[diag][cnt][stage2] epoch 38/50 | param_delta_l2 7.056913e+00
[diag][cnt][val] pred_count_mean 7.738157 gt_count_mean 8.000130 pred_dens_mean 0.000039 gt_dens_mean 0.000040
[stage2] epoch 38 | val det 0.3883 seg 1.0146 miou 0.6302 cnt 3.5510 dens 8.433246e-01 mae 2.7077 total_mae 13.4626 | ap50 0.6782 | combo 1.677742
[stage2] epoch 39/50 step 20 | loss 5.6757 | det 0.0713 seg 0.1328 cnt 3.5618 | w [14.910, 7.968, 0.998] | cnt_gnorm 2.272083e+01 cnt_gparams 6
[stage2] epoch 39/50 step 40 | loss 5.9823 | det 0.0725 seg 0.1439 cnt 3.7621 | w [14.924, 7.971, 0.999] | cnt_gnorm 4.889374e+01 cnt_gparams 6
[stage2] epoch 39/50 | train 5.8519
[stage2] epoch 39/50 | w [14.908, 7.931, 0.998]
[diag][cnt][stage2] epoch 39/50 | param_delta_l2 7.509887e+00
[diag][cnt][val] pred_count_mean 7.860567 gt_count_mean 8.000130 pred_dens_mean 0.000039 gt_dens_mean 0.000040
[stage2] epoch 39 | val det 0.3728 seg 1.0390 miou 0.6265 cnt 3.5599 dens 8.406626e-01 mae 2.7192 total_mae 12.5950 | ap50 0.6822 | combo 1.676436
[stage2] epoch 40/50 step 20 | loss 4.4983 | det 0.0740 seg 0.1398 cnt 2.2849 | w [14.930, 7.954, 0.999] | cnt_gnorm 5.379773e+01 cnt_gparams 6
[stage2] epoch 40/50 step 40 | loss 4.4256 | det 0.0731 seg 0.1330 cnt 2.2804 | w [14.916, 7.972, 0.998] | cnt_gnorm 2.966556e+01 cnt_gparams 6
[stage2] epoch 40/50 | train 4.4919
[stage2] epoch 40/50 | w [14.936, 7.969, 0.999]
[diag][cnt][stage2] epoch 40/50 | param_delta_l2 1.016240e+01
[diag][cnt][val] pred_count_mean 8.799028 gt_count_mean 8.000130 pred_dens_mean 0.000044 gt_dens_mean 0.000040
[stage2] epoch 40 | val det 0.4228 seg 1.0388 miou 0.6331 cnt 3.5900 dens 8.404561e-01 mae 2.7495 total_mae 12.8906 | ap50 0.6856 | combo 1.682455
[stage2] epoch 41/50 step 20 | loss 7.0531 | det 0.0687 seg 0.1314 cnt 4.9882 | w [14.930, 7.973, 0.999] | cnt_gnorm 2.538085e+01 cnt_gparams 6
[stage2] epoch 41/50 step 40 | loss 6.2413 | det 0.0910 seg 0.1201 cnt 3.9327 | w [14.923, 7.956, 0.998] | cnt_gnorm 4.448863e+01 cnt_gparams 6
[stage2] epoch 41/50 | train 6.7141
[stage2] epoch 41/50 | w [14.928, 7.962, 0.998]
[diag][cnt][stage2] epoch 41/50 | param_delta_l2 7.061178e+00
[diag][cnt][val] pred_count_mean 10.602884 gt_count_mean 8.000130 pred_dens_mean 0.000053 gt_dens_mean 0.000040
[stage2] epoch 41 | val det 0.4590 seg 1.0571 miou 0.6278 cnt 3.6277 dens 8.380947e-01 mae 2.7896 total_mae 13.0160 | ap50 0.6781 | combo 1.664338
[stage2] epoch 42/50 step 20 | loss 5.3214 | det 0.0755 seg 0.1248 cnt 3.2073 | w [14.911, 7.956, 0.999] | cnt_gnorm 2.363295e+01 cnt_gparams 6
[stage2] epoch 42/50 step 40 | loss 5.1658 | det 0.0918 seg 0.1180 cnt 2.8623 | w [14.915, 7.937, 0.998] | cnt_gnorm 2.042376e+01 cnt_gparams 6
[stage2] epoch 42/50 | train 5.2098
[stage2] epoch 42/50 | w [14.912, 7.947, 0.998]
[diag][cnt][stage2] epoch 42/50 | param_delta_l2 7.876925e+00
[diag][cnt][val] pred_count_mean 8.607657 gt_count_mean 8.000130 pred_dens_mean 0.000043 gt_dens_mean 0.000040
[stage2] epoch 42 | val det 0.3788 seg 1.0527 miou 0.6269 cnt 3.4569 dens 8.378760e-01 mae 2.6191 total_mae 13.5165 | ap50 0.6804 | combo 1.689146
[stage2] epoch 43/50 step 20 | loss 4.8105 | det 0.0879 seg 0.1444 cnt 2.3577 | w [14.927, 7.958, 0.998] | cnt_gnorm 2.925334e+01 cnt_gparams 6
[stage2] epoch 43/50 step 40 | loss 5.4344 | det 0.1004 seg 0.1482 cnt 2.7641 | w [14.924, 7.959, 0.998] | cnt_gnorm 2.706076e+01 cnt_gparams 6
[stage2] epoch 43/50 | train 5.7351
[stage2] epoch 43/50 | w [14.887, 7.953, 0.998]
[diag][cnt][stage2] epoch 43/50 | param_delta_l2 7.155144e+00
[diag][cnt][val] pred_count_mean 8.264538 gt_count_mean 8.000130 pred_dens_mean 0.000041 gt_dens_mean 0.000040
[stage2] epoch 43 | val det 0.4085 seg 1.0758 miou 0.6199 cnt 3.5587 dens 8.384331e-01 mae 2.7202 total_mae 12.3798 | ap50 0.6786 | combo 1.666078
[stage2] epoch 44/50 step 20 | loss 4.9237 | det 0.0735 seg 0.1358 cnt 2.7500 | w [14.917, 7.960, 0.998] | cnt_gnorm 5.920359e+01 cnt_gparams 6
[stage2] epoch 44/50 step 40 | loss 5.1693 | det 0.0895 seg 0.1239 cnt 2.8524 | w [14.918, 7.966, 0.999] | cnt_gnorm 3.441498e+01 cnt_gparams 6
[stage2] epoch 44/50 | train 5.0810
[stage2] epoch 44/50 | w [14.915, 7.948, 0.999]
[diag][cnt][stage2] epoch 44/50 | param_delta_l2 8.012893e+00
[diag][cnt][val] pred_count_mean 8.659042 gt_count_mean 8.000130 pred_dens_mean 0.000043 gt_dens_mean 0.000040
[stage2] epoch 44 | val det 0.4038 seg 1.0701 miou 0.6224 cnt 3.6246 dens 8.425140e-01 mae 2.7821 total_mae 13.6408 | ap50 0.6803 | combo 1.662145
[stage2] epoch 45/50 step 20 | loss 4.0789 | det 0.0505 seg 0.1221 cnt 2.3566 | w [14.934, 7.967, 0.999] | cnt_gnorm 3.876987e+01 cnt_gparams 6
[stage2] epoch 45/50 step 40 | loss 4.3250 | det 0.0619 seg 0.1147 cnt 2.4916 | w [14.930, 7.968, 0.998] | cnt_gnorm 3.535423e+01 cnt_gparams 6
[stage2] epoch 45/50 | train 4.4764
[stage2] epoch 45/50 | w [14.877, 7.944, 0.998]
[diag][cnt][stage2] epoch 45/50 | param_delta_l2 8.351026e+00
[diag][cnt][val] pred_count_mean 8.472361 gt_count_mean 8.000130 pred_dens_mean 0.000042 gt_dens_mean 0.000040
[stage2] epoch 45 | val det 0.4461 seg 1.0881 miou 0.6193 cnt 3.4846 dens 8.382849e-01 mae 2.6463 total_mae 12.7135 | ap50 0.6772 | combo 1.674396
[stage2] epoch 46/50 step 20 | loss 5.0284 | det 0.0834 seg 0.1147 cnt 2.8770 | w [14.943, 7.973, 0.999] | cnt_gnorm 1.093096e+02 cnt_gparams 6
[stage2] epoch 46/50 step 40 | loss 4.5308 | det 0.0777 seg 0.1186 cnt 2.4314 | w [14.923, 7.970, 0.999] | cnt_gnorm 2.328298e+01 cnt_gparams 6
[stage2] epoch 46/50 | train 4.5954
[stage2] epoch 46/50 | w [14.934, 7.966, 0.999]
[diag][cnt][stage2] epoch 46/50 | param_delta_l2 8.252527e+00
[diag][cnt][val] pred_count_mean 8.503714 gt_count_mean 8.000130 pred_dens_mean 0.000042 gt_dens_mean 0.000040
[stage2] epoch 46 | val det 0.4128 seg 1.0754 miou 0.6211 cnt 3.5021 dens 8.403688e-01 mae 2.6617 total_mae 12.8143 | ap50 0.6822 | combo 1.678939
[stage2] epoch 47/50 step 20 | loss 4.3996 | det 0.0976 seg 0.1321 cnt 1.8945 | w [14.938, 7.964, 0.999] | cnt_gnorm 2.632376e+01 cnt_gparams 6
[stage2] epoch 47/50 step 40 | loss 4.4886 | det 0.0932 seg 0.1318 cnt 2.0518 | w [14.874, 7.952, 0.997] | cnt_gnorm 3.547167e+01 cnt_gparams 6
[stage2] epoch 47/50 | train 4.4776
[stage2] epoch 47/50 | w [14.918, 7.947, 0.998]
[diag][cnt][stage2] epoch 47/50 | param_delta_l2 8.225897e+00
[diag][cnt][val] pred_count_mean 8.300312 gt_count_mean 8.000130 pred_dens_mean 0.000041 gt_dens_mean 0.000040
[stage2] epoch 47 | val det 0.4562 seg 1.0714 miou 0.6203 cnt 3.5172 dens 8.415169e-01 mae 2.6757 total_mae 13.1662 | ap50 0.6790 | combo 1.673026
[stage2] epoch 48/50 step 20 | loss 4.9358 | det 0.1108 seg 0.1231 cnt 2.3067 | w [14.919, 7.965, 0.999] | cnt_gnorm 9.344494e+00 cnt_gparams 6
[stage2] epoch 48/50 step 40 | loss 5.0098 | det 0.0971 seg 0.1233 cnt 2.5848 | w [14.933, 7.978, 0.999] | cnt_gnorm 2.501782e+01 cnt_gparams 6
[stage2] epoch 48/50 | train 4.8684
[stage2] epoch 48/50 | w [14.918, 7.958, 0.998]
[diag][cnt][stage2] epoch 48/50 | param_delta_l2 7.891300e+00
[diag][cnt][val] pred_count_mean 7.831975 gt_count_mean 8.000130 pred_dens_mean 0.000039 gt_dens_mean 0.000040
[stage2] epoch 48 | val det 0.4542 seg 1.1064 miou 0.6259 cnt 3.5184 dens 8.375853e-01 mae 2.6808 total_mae 12.6768 | ap50 0.6733 | combo 1.672236
[stage2] epoch 49/50 step 20 | loss 5.8125 | det 0.0898 seg 0.1873 cnt 2.9901 | w [14.896, 7.962, 0.998] | cnt_gnorm 3.877842e+01 cnt_gparams 6
[stage2] epoch 49/50 step 40 | loss 5.3392 | det 0.0702 seg 0.1537 cnt 3.0753 | w [14.925, 7.971, 0.999] | cnt_gnorm 3.160697e+01 cnt_gparams 6
[stage2] epoch 49/50 | train 5.2705
[stage2] epoch 49/50 | w [14.886, 7.961, 0.997]
[diag][cnt][stage2] epoch 49/50 | param_delta_l2 7.175708e+00
[diag][cnt][val] pred_count_mean 8.393695 gt_count_mean 8.000130 pred_dens_mean 0.000042 gt_dens_mean 0.000040
[stage2] epoch 49 | val det 0.4414 seg 1.0770 miou 0.6318 cnt 3.4478 dens 8.367389e-01 mae 2.6111 total_mae 12.6468 | ap50 0.6796 | combo 1.694347
[stage2] epoch 50/50 step 20 | loss 4.5065 | det 0.0740 seg 0.1348 cnt 2.3343 | w [14.919, 7.954, 0.999] | cnt_gnorm 4.112085e+01 cnt_gparams 6
[stage2] epoch 50/50 step 40 | loss 4.6251 | det 0.0793 seg 0.1260 cnt 2.4439 | w [14.943, 7.972, 0.999] | cnt_gnorm 3.561724e+01 cnt_gparams 6
[stage2] epoch 50/50 | train 4.6451
[stage2] epoch 50/50 | w [14.912, 7.969, 0.998]
[diag][cnt][stage2] epoch 50/50 | param_delta_l2 7.932077e+00
[diag][cnt][val] pred_count_mean 9.198405 gt_count_mean 8.000130 pred_dens_mean 0.000046 gt_dens_mean 0.000040
[stage2] epoch 50 | val det 0.3867 seg 1.1132 miou 0.6256 cnt 3.4309 dens 8.375244e-01 mae 2.5933 total_mae 12.3444 | ap50 0.6782 | combo 1.689458
[ckpt] saved best -> /data/xiangyuyue/ULLM-zf/fsl-20260209/runs/32_72/best_combo.pt (combo 1.703815)
