WARNING:__main__:
*****************************************
Setting OMP_NUM_THREADS environment variable for each process to be 1 in default, to avoid your system being overloaded, please further tune the variable for optimal performance in your application as needed. 
*****************************************
[rank2]:[W223 12:41:06.777805827 ProcessGroupNCCL.cpp:4115] [PG ID 0 PG GUID 0 Rank 2]  using GPU 2 to perform barrier as devices used by this process are currently unknown. This can potentially cause a hang if this rank to GPU mapping is incorrect.Specify device_ids in barrier() to force use of a particular device,or call init_process_group() with a device_id.
[rank0]:[W223 12:41:06.293374318 ProcessGroupNCCL.cpp:4115] [PG ID 0 PG GUID 0 Rank 0]  using GPU 0 to perform barrier as devices used by this process are currently unknown. This can potentially cause a hang if this rank to GPU mapping is incorrect.Specify device_ids in barrier() to force use of a particular device,or call init_process_group() with a device_id.
[rank1]:[W223 12:41:06.296426104 ProcessGroupNCCL.cpp:4115] [PG ID 0 PG GUID 0 Rank 1]  using GPU 1 to perform barrier as devices used by this process are currently unknown. This can potentially cause a hang if this rank to GPU mapping is incorrect.Specify device_ids in barrier() to force use of a particular device,or call init_process_group() with a device_id.
[rank4]:[W223 12:41:06.530830855 ProcessGroupNCCL.cpp:4115] [PG ID 0 PG GUID 0 Rank 4]  using GPU 4 to perform barrier as devices used by this process are currently unknown. This can potentially cause a hang if this rank to GPU mapping is incorrect.Specify device_ids in barrier() to force use of a particular device,or call init_process_group() with a device_id.
[rank5]:[W223 12:41:06.551628645 ProcessGroupNCCL.cpp:4115] [PG ID 0 PG GUID 0 Rank 5]  using GPU 5 to perform barrier as devices used by this process are currently unknown. This can potentially cause a hang if this rank to GPU mapping is incorrect.Specify device_ids in barrier() to force use of a particular device,or call init_process_group() with a device_id.
[rank7]:[W223 12:41:06.556371668 ProcessGroupNCCL.cpp:4115] [PG ID 0 PG GUID 0 Rank 7]  using GPU 7 to perform barrier as devices used by this process are currently unknown. This can potentially cause a hang if this rank to GPU mapping is incorrect.Specify device_ids in barrier() to force use of a particular device,or call init_process_group() with a device_id.
[rank6]:[W223 12:41:06.565822903 ProcessGroupNCCL.cpp:4115] [PG ID 0 PG GUID 0 Rank 6]  using GPU 6 to perform barrier as devices used by this process are currently unknown. This can potentially cause a hang if this rank to GPU mapping is incorrect.Specify device_ids in barrier() to force use of a particular device,or call init_process_group() with a device_id.
[rank3]:[W223 12:41:06.577593271 ProcessGroupNCCL.cpp:4115] [PG ID 0 PG GUID 0 Rank 3]  using GPU 3 to perform barrier as devices used by this process are currently unknown. This can potentially cause a hang if this rank to GPU mapping is incorrect.Specify device_ids in barrier() to force use of a particular device,or call init_process_group() with a device_id.
[warn] Using first-order MAML (stop-grad through inner update).
[train] using --loss-weight-bias as base/init: [15.000, 8.000, 1.000]
[warn] Backbone is forced frozen for Full MAML (ignoring unfreeze flags).
[ddp] multi-process mode without DDP wrapper (manual theta grad all-reduce)
[LoRA-MoE] LoRA params: 6561792
[LoRA-MoE] Det head params: 14875060
[LoRA-MoE] Seg head params: 9451531
[LoRA-MoE] Cnt head params: 9448456
[train] Learnable loss weights MLP enabled (Full MAML)
[init] g0 initialized on rank0 from first inner-batch gradients and broadcast to all ranks.
[stage1] epoch 1/100 step 20 | loss 331790.1778 | det 1.1021 seg 1.4891 cnt 169558.6704 | w [15.920, 9.147, 1.933]
[stage1] epoch 1/100 | train 195204.7454
[stage1] epoch 1/100 | w [15.905, 9.137, 1.958]
[diag][cnt][val] pred_count_mean 1.853305 gt_count_mean 8.000130 pred_dens_mean 0.000009 gt_dens_mean 0.000040
[stage1] epoch 1 | val det 0.5499 seg 0.8784 miou 0.4593 cnt 7.0708 dens 9.903476e-01 mae 6.0805 total_mae 42.3146 | ap50 0.0016 | combo 0.625307
[ckpt] new best cached (stage1 epoch 1, combo 0.625307)
[stage1] epoch 2/100 step 20 | loss 35.0767 | det 0.5403 seg 1.0175 cnt 8.8077 | w [15.913, 9.144, 1.944]
[stage1] epoch 2/100 | train 39.0332
[stage1] epoch 2/100 | w [15.911, 9.145, 1.944]
[diag][cnt][val] pred_count_mean 2.311613 gt_count_mean 8.000130 pred_dens_mean 0.000012 gt_dens_mean 0.000040
[stage1] epoch 2 | val det 0.4183 seg 0.7520 miou 0.5349 cnt 6.6387 dens 1.013880e+00 mae 5.6249 total_mae 36.8229 | ap50 0.0276 | combo 0.740250
[ckpt] new best cached (stage1 epoch 2, combo 0.740250)
[stage1] epoch 3/100 step 20 | loss 29.2690 | det 0.5059 seg 0.8875 cnt 6.7129 | w [15.913, 9.146, 1.941]
[stage1] epoch 3/100 | train 29.6841
[stage1] epoch 3/100 | w [15.916, 9.150, 1.933]
[diag][cnt][val] pred_count_mean 2.681116 gt_count_mean 8.000130 pred_dens_mean 0.000013 gt_dens_mean 0.000040
[stage1] epoch 3 | val det 0.3906 seg 0.7524 miou 0.5774 cnt 6.2369 dens 1.003108e+00 mae 5.2338 total_mae 31.2149 | ap50 0.0858 | combo 0.854202
[ckpt] new best cached (stage1 epoch 3, combo 0.854202)
[stage1] epoch 4/100 step 20 | loss 30.6654 | det 0.4328 seg 0.9149 cnt 7.9179 | w [15.908, 9.137, 1.955]
[stage1] epoch 4/100 | train 30.0849
[stage1] epoch 4/100 | w [15.913, 9.148, 1.938]
[diag][cnt][val] pred_count_mean 4.800253 gt_count_mean 8.000130 pred_dens_mean 0.000024 gt_dens_mean 0.000040
[stage1] epoch 4 | val det 0.3934 seg 0.7966 miou 0.5819 cnt 6.1770 dens 1.004408e+00 mae 5.1726 total_mae 28.5501 | ap50 0.1703 | combo 0.945513
[ckpt] new best cached (stage1 epoch 4, combo 0.945513)
[stage1] epoch 5/100 step 20 | loss 26.7376 | det 0.4232 seg 0.6410 cnt 7.2923 | w [15.915, 9.144, 1.941]
[stage1] epoch 5/100 | train 27.3615
[stage1] epoch 5/100 | w [15.915, 9.148, 1.937]
[diag][cnt][val] pred_count_mean 1.912603 gt_count_mean 8.000130 pred_dens_mean 0.000010 gt_dens_mean 0.000040
[stage1] epoch 5 | val det 0.3579 seg 0.7458 miou 0.5966 cnt 6.0417 dens 9.872210e-01 mae 5.0545 total_mae 33.6015 | ap50 0.3040 | combo 1.098426
[ckpt] new best cached (stage1 epoch 5, combo 1.098426)
[stage1] epoch 6/100 step 20 | loss 30.9535 | det 0.3499 seg 0.8681 cnt 9.0416 | w [15.926, 9.157, 1.917]
[stage1] epoch 6/100 | train 28.9376
[stage1] epoch 6/100 | w [15.935, 9.168, 1.897]
[diag][cnt][val] pred_count_mean 2.345192 gt_count_mean 8.000130 pred_dens_mean 0.000012 gt_dens_mean 0.000040
[stage1] epoch 6 | val det 0.3332 seg 0.7975 miou 0.5847 cnt 6.1514 dens 9.906682e-01 mae 5.1607 total_mae 33.9126 | ap50 0.3932 | combo 1.171701
[ckpt] new best cached (stage1 epoch 6, combo 1.171701)
[stage1] epoch 7/100 step 20 | loss 27.4553 | det 0.2949 seg 0.5852 cnt 9.1041 | w [15.933, 9.175, 1.892]
[stage1] epoch 7/100 | train 26.0533
[stage1] epoch 7/100 | w [15.932, 9.175, 1.893]
[diag][cnt][val] pred_count_mean 4.944938 gt_count_mean 8.000130 pred_dens_mean 0.000025 gt_dens_mean 0.000040
[stage1] epoch 7 | val det 0.3409 seg 0.7367 miou 0.6001 cnt 6.0068 dens 1.020953e+00 mae 4.9858 total_mae 25.5853 | ap50 0.4328 | combo 1.233463
[ckpt] new best cached (stage1 epoch 7, combo 1.233463)
[stage1] epoch 8/100 step 20 | loss 28.1911 | det 0.3402 seg 0.5599 cnt 9.2657 | w [15.940, 9.167, 1.893]
[stage1] epoch 8/100 | train 27.6807
[stage1] epoch 8/100 | w [15.955, 9.188, 1.857]
[diag][cnt][val] pred_count_mean 1.345283 gt_count_mean 8.000130 pred_dens_mean 0.000007 gt_dens_mean 0.000040
[stage1] epoch 8 | val det 0.3232 seg 0.7473 miou 0.6075 cnt 5.4654 dens 9.741255e-01 mae 4.4912 total_mae 26.0703 | ap50 0.4794 | combo 1.309576
[ckpt] new best cached (stage1 epoch 8, combo 1.309576)
[stage1] epoch 9/100 step 20 | loss 33.6158 | det 0.2797 seg 0.5789 cnt 12.7666 | w [15.948, 9.168, 1.884]
[stage1] epoch 9/100 | train 29.3211
[stage1] epoch 9/100 | w [15.959, 9.218, 1.823]
[diag][cnt][val] pred_count_mean 2.742822 gt_count_mean 8.000130 pred_dens_mean 0.000014 gt_dens_mean 0.000040
[stage1] epoch 9 | val det 0.3221 seg 0.8165 miou 0.5932 cnt 6.3368 dens 9.962949e-01 mae 5.3405 total_mae 33.7820 | ap50 0.4982 | combo 1.278620
[stage1] epoch 10/100 step 20 | loss 20.6219 | det 0.2943 seg 0.4517 cnt 6.3004 | w [15.952, 9.211, 1.837]
[stage1] epoch 10/100 | train 25.2160
[stage1] epoch 10/100 | w [15.966, 9.188, 1.846]
[diag][cnt][val] pred_count_mean 5.050461 gt_count_mean 8.000130 pred_dens_mean 0.000025 gt_dens_mean 0.000040
[stage1] epoch 10 | val det 0.3177 seg 0.7527 miou 0.6096 cnt 6.2241 dens 1.008366e+00 mae 5.2157 total_mae 25.5865 | ap50 0.5238 | combo 1.325086
[ckpt] new best cached (stage1 epoch 10, combo 1.325086)
[stage1] epoch 11/100 step 20 | loss 21.8248 | det 0.2819 seg 0.5148 cnt 6.7862 | w [15.936, 9.178, 1.886]
[stage1] epoch 11/100 | train 22.6318
[stage1] epoch 11/100 | w [15.940, 9.195, 1.865]
[diag][cnt][val] pred_count_mean 8.571120 gt_count_mean 8.000130 pred_dens_mean 0.000043 gt_dens_mean 0.000040
[stage1] epoch 11 | val det 0.3324 seg 0.8147 miou 0.6116 cnt 10.1587 dens 1.082974e+00 mae 9.0757 total_mae 54.6155 | ap50 0.5195 | combo 1.241250
[stage1] epoch 12/100 step 20 | loss 23.1998 | det 0.2159 seg 0.6500 cnt 7.4941 | w [15.945, 9.203, 1.852]
[stage1] epoch 12/100 | train 22.5987
[stage1] epoch 12/100 | w [15.953, 9.171, 1.876]
[diag][cnt][val] pred_count_mean 4.341336 gt_count_mean 8.000130 pred_dens_mean 0.000022 gt_dens_mean 0.000040
[stage1] epoch 12 | val det 0.3208 seg 0.7591 miou 0.6134 cnt 6.4908 dens 1.034412e+00 mae 5.4564 total_mae 22.0947 | ap50 0.5384 | combo 1.335103
[ckpt] new best cached (stage1 epoch 12, combo 1.335103)
[stage1] epoch 13/100 step 20 | loss 24.4338 | det 0.2699 seg 0.4911 cnt 8.6060 | w [15.995, 9.210, 1.795]
[stage1] epoch 13/100 | train 24.3847
[stage1] epoch 13/100 | w [15.956, 9.213, 1.831]
[diag][cnt][val] pred_count_mean 4.043547 gt_count_mean 8.000130 pred_dens_mean 0.000020 gt_dens_mean 0.000040
[stage1] epoch 13 | val det 0.3228 seg 0.8027 miou 0.6120 cnt 5.9134 dens 1.023134e+00 mae 4.8902 total_mae 18.9972 | ap50 0.5326 | combo 1.349160
[ckpt] new best cached (stage1 epoch 13, combo 1.349160)
[stage1] epoch 14/100 step 20 | loss 23.5447 | det 0.2277 seg 0.4885 cnt 8.4338 | w [16.044, 9.257, 1.698]
[stage1] epoch 14/100 | train 23.0934
[stage1] epoch 14/100 | w [15.946, 9.201, 1.854]
[diag][cnt][val] pred_count_mean 4.777637 gt_count_mean 8.000130 pred_dens_mean 0.000024 gt_dens_mean 0.000040
[stage1] epoch 14 | val det 0.3133 seg 0.7742 miou 0.6175 cnt 6.0217 dens 1.027470e+00 mae 4.9942 total_mae 18.7343 | ap50 0.5580 | combo 1.375737
[ckpt] new best cached (stage1 epoch 14, combo 1.375737)
[stage1] epoch 15/100 step 20 | loss 23.2660 | det 0.3308 seg 0.3873 cnt 7.9761 | w [15.966, 9.181, 1.853]
[stage1] epoch 15/100 | train 21.3759
[stage1] epoch 15/100 | w [15.954, 9.208, 1.838]
[diag][cnt][val] pred_count_mean 2.147227 gt_count_mean 8.000130 pred_dens_mean 0.000011 gt_dens_mean 0.000040
[stage1] epoch 15 | val det 0.3370 seg 0.7857 miou 0.6228 cnt 5.9293 dens 9.989647e-01 mae 4.9304 total_mae 31.0304 | ap50 0.5730 | combo 1.398616
[ckpt] new best cached (stage1 epoch 15, combo 1.398616)
[stage1] epoch 16/100 step 20 | loss 19.0170 | det 0.2015 seg 0.3404 cnt 7.2494 | w [15.944, 9.199, 1.857]
[stage1] epoch 16/100 | train 20.0327
[stage1] epoch 16/100 | w [15.991, 9.256, 1.753]
[diag][cnt][val] pred_count_mean 3.279984 gt_count_mean 8.000130 pred_dens_mean 0.000016 gt_dens_mean 0.000040
[stage1] epoch 16 | val det 0.3238 seg 0.7979 miou 0.6159 cnt 5.5474 dens 1.012402e+00 mae 4.5350 total_mae 21.5197 | ap50 0.5711 | combo 1.407492
[ckpt] new best cached (stage1 epoch 16, combo 1.407492)
[stage1] epoch 17/100 step 20 | loss 20.9383 | det 0.2720 seg 0.3796 cnt 7.4251 | w [16.047, 9.255, 1.697]
[stage1] epoch 17/100 | train 20.2730
[stage1] epoch 17/100 | w [15.977, 9.237, 1.786]
[diag][cnt][val] pred_count_mean 5.924959 gt_count_mean 8.000130 pred_dens_mean 0.000030 gt_dens_mean 0.000040
[stage1] epoch 17 | val det 0.3265 seg 0.7764 miou 0.6256 cnt 6.4233 dens 1.036468e+00 mae 5.3868 total_mae 22.3927 | ap50 0.5850 | combo 1.396242
[stage1] epoch 18/100 step 20 | loss 27.2731 | det 0.2573 seg 0.3873 cnt 11.1627 | w [15.992, 9.269, 1.739]
[stage1] epoch 18/100 | train 27.1052
[stage1] epoch 18/100 | w [15.954, 9.201, 1.845]
[diag][cnt][val] pred_count_mean 2.953675 gt_count_mean 8.000130 pred_dens_mean 0.000015 gt_dens_mean 0.000040
[stage1] epoch 18 | val det 0.3442 seg 0.8366 miou 0.6160 cnt 5.7046 dens 1.000125e+00 mae 4.7045 total_mae 29.0365 | ap50 0.5753 | combo 1.403834
[stage1] epoch 19/100 step 20 | loss 21.3686 | det 0.2811 seg 0.4792 cnt 7.3868 | w [15.983, 9.249, 1.768]
[stage1] epoch 19/100 | train 20.0046
[stage1] epoch 19/100 | w [16.112, 9.311, 1.577]
[diag][cnt][val] pred_count_mean 2.525079 gt_count_mean 8.000130 pred_dens_mean 0.000013 gt_dens_mean 0.000040
[stage1] epoch 19 | val det 0.3395 seg 0.8269 miou 0.6188 cnt 5.6467 dens 1.000559e+00 mae 4.6461 total_mae 26.2572 | ap50 0.5647 | combo 1.398720
[stage1] epoch 20/100 step 20 | loss 19.7209 | det 0.2687 seg 0.4033 cnt 7.0114 | w [16.124, 9.324, 1.552]
[stage1] epoch 20/100 | train 18.4321
[stage1] epoch 20/100 | w [15.946, 9.194, 1.860]
[diag][cnt][val] pred_count_mean 5.296871 gt_count_mean 8.000130 pred_dens_mean 0.000026 gt_dens_mean 0.000040
[stage1] epoch 20 | val det 0.3387 seg 0.8662 miou 0.6294 cnt 6.1922 dens 1.035471e+00 mae 5.1567 total_mae 21.0419 | ap50 0.5843 | combo 1.407559
[ckpt] new best cached (stage1 epoch 20, combo 1.407559)
[stage1] epoch 21/100 step 20 | loss 23.5904 | det 0.1924 seg 0.3332 cnt 10.1710 | w [16.151, 9.350, 1.499]
[stage1] epoch 21/100 | train 21.2411
[stage1] epoch 21/100 | w [16.002, 9.281, 1.717]
[diag][cnt][val] pred_count_mean 2.284566 gt_count_mean 8.000130 pred_dens_mean 0.000011 gt_dens_mean 0.000040
[stage1] epoch 21 | val det 0.3182 seg 0.8787 miou 0.6225 cnt 5.5132 dens 1.001442e+00 mae 4.5118 total_mae 25.5633 | ap50 0.5960 | combo 1.440175
[ckpt] new best cached (stage1 epoch 21, combo 1.440175)
[stage1] epoch 22/100 step 20 | loss 21.5254 | det 0.1677 seg 0.3288 cnt 9.7245 | w [15.989, 9.209, 1.802]
[stage1] epoch 22/100 | train 19.6069
[stage1] epoch 22/100 | w [16.037, 9.322, 1.641]
[diag][cnt][val] pred_count_mean 4.477473 gt_count_mean 8.000130 pred_dens_mean 0.000022 gt_dens_mean 0.000040
[stage1] epoch 22 | val det 0.3311 seg 0.8739 miou 0.6203 cnt 5.9439 dens 1.029811e+00 mae 4.9141 total_mae 18.8715 | ap50 0.6043 | combo 1.428158
[stage1] epoch 23/100 step 20 | loss 19.6021 | det 0.2859 seg 0.5149 cnt 6.4318 | w [15.966, 9.215, 1.819]
[stage1] epoch 23/100 | train 18.3488
[stage1] epoch 23/100 | w [16.171, 9.347, 1.482]
[diag][cnt][val] pred_count_mean 2.493467 gt_count_mean 8.000130 pred_dens_mean 0.000012 gt_dens_mean 0.000040
[stage1] epoch 23 | val det 0.3290 seg 0.9028 miou 0.6205 cnt 5.7016 dens 1.006504e+00 mae 4.6951 total_mae 22.6343 | ap50 0.6030 | combo 1.436536
[stage1] epoch 24/100 step 20 | loss 14.0778 | det 0.1868 seg 0.2827 cnt 5.5329 | w [16.200, 9.377, 1.422]
[stage1] epoch 24/100 | train 14.4493
[stage1] epoch 24/100 | w [16.204, 9.376, 1.420]
[diag][cnt][val] pred_count_mean 2.291341 gt_count_mean 8.000130 pred_dens_mean 0.000011 gt_dens_mean 0.000040
[stage1] epoch 24 | val det 0.3198 seg 0.8618 miou 0.6188 cnt 5.3292 dens 1.005813e+00 mae 4.3234 total_mae 21.6951 | ap50 0.6168 | combo 1.466985
[ckpt] new best cached (stage1 epoch 24, combo 1.466985)
[stage1] epoch 25/100 step 20 | loss 17.5223 | det 0.2023 seg 0.3129 cnt 7.3536 | w [16.118, 9.389, 1.492]
[stage1] epoch 25/100 | train 16.0798
[stage1] epoch 25/100 | w [16.282, 9.418, 1.299]
[diag][cnt][val] pred_count_mean 1.784778 gt_count_mean 8.000130 pred_dens_mean 0.000009 gt_dens_mean 0.000040
[stage1] epoch 25 | val det 0.3124 seg 0.8426 miou 0.6229 cnt 5.4734 dens 1.000442e+00 mae 4.4730 total_mae 27.5171 | ap50 0.6232 | combo 1.469627
[ckpt] new best cached (stage1 epoch 25, combo 1.469627)
[stage1] epoch 26/100 step 20 | loss 19.6301 | det 0.2585 seg 0.2616 cnt 8.7807 | w [16.269, 9.420, 1.311]
[stage1] epoch 26/100 | train 18.0443
[stage1] epoch 26/100 | w [16.303, 9.437, 1.260]
[diag][cnt][val] pred_count_mean 1.784239 gt_count_mean 8.000130 pred_dens_mean 0.000009 gt_dens_mean 0.000040
[stage1] epoch 26 | val det 0.3301 seg 0.8845 miou 0.6259 cnt 5.4971 dens 1.002518e+00 mae 4.4946 total_mae 26.0175 | ap50 0.6164 | combo 1.464725
[stage1] epoch 27/100 step 20 | loss 16.4905 | det 0.1721 seg 0.2828 cnt 7.8619 | w [16.240, 9.390, 1.370]
[stage1] epoch 27/100 | train 16.6945
[stage1] epoch 27/100 | w [16.273, 9.409, 1.318]
[diag][cnt][val] pred_count_mean 2.173660 gt_count_mean 8.000130 pred_dens_mean 0.000011 gt_dens_mean 0.000040
[stage1] epoch 27 | val det 0.3221 seg 0.8352 miou 0.6278 cnt 5.2498 dens 1.008708e+00 mae 4.2411 total_mae 21.6042 | ap50 0.6272 | combo 1.490816
[ckpt] new best cached (stage1 epoch 27, combo 1.490816)
[stage1] epoch 28/100 step 20 | loss 13.4869 | det 0.1959 seg 0.2658 cnt 5.6128 | w [16.165, 9.442, 1.393]
[stage1] epoch 28/100 | train 14.0294
[stage1] epoch 28/100 | w [16.110, 9.391, 1.499]
[diag][cnt][val] pred_count_mean 2.611259 gt_count_mean 8.000130 pred_dens_mean 0.000013 gt_dens_mean 0.000040
[stage1] epoch 28 | val det 0.3353 seg 0.9072 miou 0.5902 cnt 5.1414 dens 1.019163e+00 mae 4.1222 total_mae 18.8662 | ap50 0.6122 | combo 1.445076
[stage1] epoch 29/100 step 20 | loss 12.5401 | det 0.1615 seg 0.3060 cnt 4.8529 | w [16.294, 9.422, 1.284]
[stage1] epoch 29/100 | train 13.2282
[stage1] epoch 29/100 | w [16.237, 9.377, 1.386]
[diag][cnt][val] pred_count_mean 1.841818 gt_count_mean 8.000130 pred_dens_mean 0.000009 gt_dens_mean 0.000040
[stage1] epoch 29 | val det 0.3377 seg 0.9036 miou 0.6099 cnt 5.5535 dens 1.002353e+00 mae 4.5511 total_mae 29.1533 | ap50 0.6281 | combo 1.457739
[stage1] epoch 30/100 step 20 | loss 13.7732 | det 0.1833 seg 0.3117 cnt 6.0615 | w [16.192, 9.439, 1.370]
[stage1] epoch 30/100 | train 13.3538
[stage1] epoch 30/100 | w [16.170, 9.441, 1.390]
[diag][cnt][val] pred_count_mean 3.438231 gt_count_mean 8.000130 pred_dens_mean 0.000017 gt_dens_mean 0.000040
[stage1] epoch 30 | val det 0.3251 seg 0.8868 miou 0.6204 cnt 5.8621 dens 1.042141e+00 mae 4.8199 total_mae 20.6874 | ap50 0.6308 | combo 1.458677
[stage1] epoch 31/100 step 20 | loss 13.5229 | det 0.1611 seg 0.2463 cnt 6.3707 | w [16.181, 9.338, 1.481]
[stage1] epoch 31/100 | train 13.2380
[stage1] epoch 31/100 | w [16.207, 9.410, 1.383]
[diag][cnt][val] pred_count_mean 2.904054 gt_count_mean 8.000130 pred_dens_mean 0.000014 gt_dens_mean 0.000040
[stage1] epoch 31 | val det 0.3231 seg 0.8907 miou 0.6138 cnt 5.0653 dens 1.017874e+00 mae 4.0474 total_mae 18.0102 | ap50 0.6248 | combo 1.485671
[stage1] epoch 32/100 step 20 | loss 12.5146 | det 0.1780 seg 0.2748 cnt 5.2925 | w [16.221, 9.455, 1.324]
[stage1] epoch 32/100 | train 11.8899
[stage1] epoch 32/100 | w [16.116, 9.310, 1.575]
[diag][cnt][val] pred_count_mean 2.810908 gt_count_mean 8.000130 pred_dens_mean 0.000014 gt_dens_mean 0.000040
[stage1] epoch 32 | val det 0.3115 seg 0.9651 miou 0.6206 cnt 4.9415 dens 1.005184e+00 mae 3.9363 total_mae 22.2507 | ap50 0.6337 | combo 1.508327
[ckpt] new best cached (stage1 epoch 32, combo 1.508327)
[stage1] epoch 33/100 step 20 | loss 13.6436 | det 0.2316 seg 0.2584 cnt 5.7022 | w [16.278, 9.418, 1.304]
[stage1] epoch 33/100 | train 13.4554
[stage1] epoch 33/100 | w [16.359, 9.433, 1.208]
[diag][cnt][val] pred_count_mean 3.563453 gt_count_mean 8.000130 pred_dens_mean 0.000018 gt_dens_mean 0.000040
[stage1] epoch 33 | val det 0.3156 seg 0.9283 miou 0.6186 cnt 4.8845 dens 1.015236e+00 mae 3.8693 total_mae 15.9915 | ap50 0.6340 | combo 1.511003
[ckpt] new best cached (stage1 epoch 33, combo 1.511003)
[stage1] epoch 34/100 step 20 | loss 14.6194 | det 0.2056 seg 0.4645 cnt 5.5633 | w [16.129, 9.312, 1.559]
[stage1] epoch 34/100 | train 13.3334
[stage1] epoch 34/100 | w [16.399, 9.422, 1.179]
[diag][cnt][val] pred_count_mean 6.751456 gt_count_mean 8.000130 pred_dens_mean 0.000034 gt_dens_mean 0.000040
[stage1] epoch 34 | val det 0.3260 seg 0.9040 miou 0.6287 cnt 5.0154 dens 1.034857e+00 mae 3.9805 total_mae 16.0798 | ap50 0.6267 | combo 1.506654
[stage1] epoch 35/100 step 20 | loss 13.7720 | det 0.2691 seg 0.2970 cnt 5.4782 | w [16.141, 9.337, 1.523]
[stage1] epoch 35/100 | train 12.5089
[stage1] epoch 35/100 | w [16.276, 9.467, 1.257]
[diag][cnt][val] pred_count_mean 4.767108 gt_count_mean 8.000130 pred_dens_mean 0.000024 gt_dens_mean 0.000040
[stage1] epoch 35 | val det 0.3393 seg 0.9440 miou 0.6313 cnt 4.5998 dens 1.022180e+00 mae 3.5777 total_mae 16.7250 | ap50 0.6361 | combo 1.546844
[ckpt] new best cached (stage1 epoch 35, combo 1.546844)
[stage1] epoch 36/100 step 20 | loss 12.8894 | det 0.2336 seg 0.2340 cnt 5.8426 | w [16.399, 9.421, 1.180]
[stage1] epoch 36/100 | train 11.9374
[stage1] epoch 36/100 | w [16.290, 9.472, 1.238]
[diag][cnt][val] pred_count_mean 5.776340 gt_count_mean 8.000130 pred_dens_mean 0.000029 gt_dens_mean 0.000040
[stage1] epoch 36 | val det 0.3483 seg 0.9185 miou 0.6284 cnt 4.5702 dens 1.023313e+00 mae 3.5469 total_mae 14.8202 | ap50 0.6366 | combo 1.546992
[ckpt] new best cached (stage1 epoch 36, combo 1.546992)
[stage1] epoch 37/100 step 20 | loss 11.9918 | det 0.1842 seg 0.2516 cnt 5.2232 | w [16.406, 9.427, 1.167]
[stage1] epoch 37/100 | train 12.2143
[stage1] epoch 37/100 | w [16.263, 9.397, 1.341]
[diag][cnt][val] pred_count_mean 5.245800 gt_count_mean 8.000130 pred_dens_mean 0.000026 gt_dens_mean 0.000040
[stage1] epoch 37 | val det 0.3233 seg 0.9136 miou 0.6312 cnt 4.5213 dens 1.018847e+00 mae 3.5024 total_mae 14.8759 | ap50 0.6301 | combo 1.546879
[stage1] epoch 38/100 step 20 | loss 11.3908 | det 0.2057 seg 0.2409 cnt 4.7697 | w [16.325, 9.479, 1.195]
[stage1] epoch 38/100 | train 11.5308
[stage1] epoch 38/100 | w [16.142, 9.342, 1.516]
[diag][cnt][val] pred_count_mean 5.513792 gt_count_mean 8.000130 pred_dens_mean 0.000027 gt_dens_mean 0.000040
[stage1] epoch 38 | val det 0.3295 seg 0.9851 miou 0.6253 cnt 4.7665 dens 1.016085e+00 mae 3.7504 total_mae 15.7873 | ap50 0.6288 | combo 1.520713
[stage1] epoch 39/100 step 20 | loss 11.3043 | det 0.1626 seg 0.2231 cnt 5.7412 | w [16.377, 9.482, 1.142]
[stage1] epoch 39/100 | train 10.9669
[stage1] epoch 39/100 | w [16.553, 9.407, 1.040]
[diag][cnt][val] pred_count_mean 3.611406 gt_count_mean 8.000130 pred_dens_mean 0.000018 gt_dens_mean 0.000040
[stage1] epoch 39 | val det 0.3418 seg 0.9526 miou 0.6262 cnt 4.8483 dens 1.006175e+00 mae 3.8421 total_mae 22.5596 | ap50 0.6329 | combo 1.519457
[stage1] epoch 40/100 step 20 | loss 11.5800 | det 0.1933 seg 0.2541 cnt 5.2736 | w [16.532, 9.405, 1.063]
[stage1] epoch 40/100 | train 11.4270
[stage1] epoch 40/100 | w [16.422, 9.479, 1.099]
[diag][cnt][val] pred_count_mean 4.602232 gt_count_mean 8.000130 pred_dens_mean 0.000023 gt_dens_mean 0.000040
[stage1] epoch 40 | val det 0.3359 seg 0.9427 miou 0.6225 cnt 4.6064 dens 1.019829e+00 mae 3.5866 total_mae 16.0660 | ap50 0.6337 | combo 1.535000
[stage1] epoch 41/100 step 20 | loss 10.4988 | det 0.1576 seg 0.2333 cnt 5.1792 | w [16.538, 9.393, 1.068]
[stage1] epoch 41/100 | train 10.1681
[stage1] epoch 41/100 | w [16.467, 9.464, 1.069]
[diag][cnt][val] pred_count_mean 10.422585 gt_count_mean 8.000130 pred_dens_mean 0.000052 gt_dens_mean 0.000040
[stage1] epoch 41 | val det 0.3235 seg 0.9608 miou 0.6346 cnt 5.7946 dens 1.054924e+00 mae 4.7397 total_mae 24.1034 | ap50 0.6257 | combo 1.471291
[stage1] epoch 42/100 step 20 | loss 11.2449 | det 0.1951 seg 0.2338 cnt 5.2998 | w [16.218, 9.364, 1.418]
[stage1] epoch 42/100 | train 11.2182
[stage1] epoch 42/100 | w [16.419, 9.450, 1.132]
[diag][cnt][val] pred_count_mean 8.647120 gt_count_mean 8.000130 pred_dens_mean 0.000043 gt_dens_mean 0.000040
[stage1] epoch 42 | val det 0.3487 seg 0.9310 miou 0.6245 cnt 4.8375 dens 1.039479e+00 mae 3.7980 total_mae 16.6125 | ap50 0.6233 | combo 1.511068
[stage1] epoch 43/100 step 20 | loss 10.4203 | det 0.1724 seg 0.2238 cnt 4.7756 | w [16.391, 9.448, 1.161]
[stage1] epoch 43/100 | train 10.0780
[stage1] epoch 43/100 | w [16.315, 9.406, 1.279]
[diag][cnt][val] pred_count_mean 4.817990 gt_count_mean 8.000130 pred_dens_mean 0.000024 gt_dens_mean 0.000040
[stage1] epoch 43 | val det 0.3613 seg 1.0394 miou 0.6329 cnt 4.4461 dens 1.019318e+00 mae 3.4268 total_mae 15.4553 | ap50 0.6375 | combo 1.562202
[ckpt] new best cached (stage1 epoch 43, combo 1.562202)
[stage1] epoch 44/100 step 20 | loss 10.7297 | det 0.1554 seg 0.2534 cnt 4.9796 | w [16.407, 9.392, 1.202]
[stage1] epoch 44/100 | train 10.6484
[stage1] epoch 44/100 | w [16.481, 9.430, 1.089]
[diag][cnt][val] pred_count_mean 4.410514 gt_count_mean 8.000130 pred_dens_mean 0.000022 gt_dens_mean 0.000040
[stage1] epoch 44 | val det 0.3373 seg 0.9666 miou 0.6285 cnt 4.4776 dens 1.009543e+00 mae 3.4680 total_mae 18.6042 | ap50 0.6213 | combo 1.538134
[stage1] epoch 45/100 step 20 | loss 8.4739 | det 0.1156 seg 0.1767 cnt 4.4450 | w [16.568, 9.354, 1.078]
[stage1] epoch 45/100 | train 8.8391
[stage1] epoch 45/100 | w [16.477, 9.356, 1.167]
[diag][cnt][val] pred_count_mean 5.559663 gt_count_mean 8.000130 pred_dens_mean 0.000028 gt_dens_mean 0.000040
[stage1] epoch 45 | val det 0.3543 seg 0.9189 miou 0.6307 cnt 4.7135 dens 1.023704e+00 mae 3.6898 total_mae 16.1176 | ap50 0.6398 | combo 1.541537
[stage1] epoch 46/100 step 20 | loss 9.7910 | det 0.1449 seg 0.1779 cnt 5.1405 | w [16.514, 9.411, 1.074]
[stage1] epoch 46/100 | train 9.6981
[stage1] epoch 46/100 | w [16.474, 9.428, 1.098]
[diag][cnt][val] pred_count_mean 6.489984 gt_count_mean 8.000130 pred_dens_mean 0.000032 gt_dens_mean 0.000040
[stage1] epoch 46 | val det 0.3261 seg 0.9335 miou 0.6301 cnt 4.7849 dens 1.025624e+00 mae 3.7593 total_mae 20.3358 | ap50 0.6290 | combo 1.525072
[stage1] epoch 47/100 step 20 | loss 9.6124 | det 0.1377 seg 0.1965 cnt 4.8129 | w [16.480, 9.418, 1.102]
[stage1] epoch 47/100 | train 12.5861
[stage1] epoch 47/100 | w [16.316, 9.381, 1.303]
[diag][cnt][val] pred_count_mean 6.238602 gt_count_mean 8.000130 pred_dens_mean 0.000031 gt_dens_mean 0.000040
[stage1] epoch 47 | val det 0.3374 seg 0.9339 miou 0.6272 cnt 4.5241 dens 1.022617e+00 mae 3.5015 total_mae 15.6262 | ap50 0.6344 | combo 1.547221
[stage1] epoch 48/100 step 20 | loss 13.0160 | det 0.1431 seg 0.2282 cnt 7.8196 | w [16.412, 9.356, 1.231]
[stage1] epoch 48/100 | train 12.3806
[stage1] epoch 48/100 | w [16.659, 9.306, 1.035]
[diag][cnt][val] pred_count_mean 4.492512 gt_count_mean 8.000130 pred_dens_mean 0.000022 gt_dens_mean 0.000040
[stage1] epoch 48 | val det 0.3577 seg 0.9538 miou 0.6270 cnt 4.5120 dens 1.012843e+00 mae 3.4991 total_mae 16.6196 | ap50 0.6137 | combo 1.526490
[stage1] epoch 49/100 step 20 | loss 16.5771 | det 0.1498 seg 0.4365 cnt 9.1443 | w [16.279, 9.354, 1.367]
[stage1] epoch 49/100 | train 16.0393
[stage1] epoch 49/100 | w [16.615, 9.354, 1.031]
[diag][cnt][val] pred_count_mean 8.291483 gt_count_mean 8.000130 pred_dens_mean 0.000041 gt_dens_mean 0.000040
[stage1] epoch 49 | val det 0.3676 seg 1.2315 miou 0.6152 cnt 4.3767 dens 1.022386e+00 mae 3.3543 total_mae 14.8378 | ap50 0.6402 | combo 1.553471
[stage1] epoch 50/100 step 20 | loss 15.9567 | det 0.1492 seg 0.3628 cnt 8.8571 | w [16.448, 9.332, 1.220]
[stage1] epoch 50/100 | train 14.7862
[stage1] epoch 50/100 | w [16.570, 9.318, 1.113]
[diag][cnt][val] pred_count_mean 19.656979 gt_count_mean 8.000130 pred_dens_mean 0.000098 gt_dens_mean 0.000040
[stage1] epoch 50 | val det 0.3461 seg 0.9204 miou 0.6279 cnt 5.0948 dens 1.042359e+00 mae 4.0525 total_mae 17.8548 | ap50 0.6483 | combo 1.522932
[stage1] epoch 51/100 step 20 | loss 9.3172 | det 0.1279 seg 0.1733 cnt 4.7766 | w [16.698, 9.276, 1.026]
[stage1] epoch 51/100 | train 9.7936
[stage1] epoch 51/100 | w [16.528, 9.342, 1.130]
[diag][cnt][val] pred_count_mean 33.723450 gt_count_mean 8.000130 pred_dens_mean 0.000168 gt_dens_mean 0.000040
[stage1] epoch 51 | val det 0.3379 seg 0.9653 miou 0.6301 cnt 4.7931 dens 1.019920e+00 mae 3.7732 total_mae 21.3490 | ap50 0.6360 | combo 1.531127
[stage1] epoch 52/100 step 20 | loss 8.1224 | det 0.1258 seg 0.1901 cnt 3.8580 | w [16.736, 9.252, 1.012]
[stage1] epoch 52/100 | train 8.4116
[stage1] epoch 52/100 | w [16.625, 9.336, 1.039]
[diag][cnt][val] pred_count_mean 5.028033 gt_count_mean 8.000130 pred_dens_mean 0.000025 gt_dens_mean 0.000040
[stage1] epoch 52 | val det 0.3447 seg 0.9242 miou 0.6269 cnt 4.4655 dens 1.011990e+00 mae 3.4535 total_mae 16.7874 | ap50 0.6400 | combo 1.556454
[stage1] epoch 53/100 step 20 | loss 9.4045 | det 0.1806 seg 0.1991 cnt 4.2494 | w [16.488, 9.311, 1.201]
[stage1] epoch 53/100 | train 9.7704
[stage1] epoch 53/100 | w [16.638, 9.320, 1.041]
[diag][cnt][val] pred_count_mean 7.293180 gt_count_mean 8.000130 pred_dens_mean 0.000036 gt_dens_mean 0.000040
[stage1] epoch 53 | val det 0.3336 seg 1.0746 miou 0.6229 cnt 4.4509 dens 1.020015e+00 mae 3.4309 total_mae 15.4181 | ap50 0.6534 | combo 1.567794
[ckpt] new best cached (stage1 epoch 53, combo 1.567794)
[stage1] epoch 54/100 step 20 | loss 9.7573 | det 0.1723 seg 0.1949 cnt 4.6980 | w [16.737, 9.239, 1.024]
[stage1] epoch 54/100 | train 9.2318
[stage1] epoch 54/100 | w [16.690, 9.289, 1.021]
[diag][cnt][val] pred_count_mean 6.010152 gt_count_mean 8.000130 pred_dens_mean 0.000030 gt_dens_mean 0.000040
[stage1] epoch 54 | val det 0.3294 seg 0.9890 miou 0.6194 cnt 4.3633 dens 1.019302e+00 mae 3.3440 total_mae 14.6539 | ap50 0.6427 | combo 1.561189
[stage1] epoch 55/100 step 20 | loss 10.4466 | det 0.1652 seg 0.1589 cnt 5.7172 | w [16.642, 9.309, 1.049]
[stage1] epoch 55/100 | train 10.2994
[stage1] epoch 55/100 | w [16.793, 9.197, 1.011]
[diag][cnt][val] pred_count_mean 29.578938 gt_count_mean 8.000130 pred_dens_mean 0.000147 gt_dens_mean 0.000040
[stage1] epoch 55 | val det 0.3206 seg 0.9766 miou 0.6313 cnt 4.6966 dens 1.036571e+00 mae 3.6601 total_mae 17.0722 | ap50 0.6428 | combo 1.547339
[stage1] epoch 56/100 step 20 | loss 9.3490 | det 0.1778 seg 0.1876 cnt 4.3491 | w [16.662, 9.298, 1.040]
[stage1] epoch 56/100 | train 8.7730
[stage1] epoch 56/100 | w [16.720, 9.259, 1.022]
[diag][cnt][val] pred_count_mean 23.668650 gt_count_mean 8.000130 pred_dens_mean 0.000118 gt_dens_mean 0.000040
[stage1] epoch 56 | val det 0.3542 seg 0.9652 miou 0.6302 cnt 4.5959 dens 1.033114e+00 mae 3.5627 total_mae 15.4673 | ap50 0.6408 | combo 1.551670
[stage1] epoch 57/100 step 20 | loss 9.1503 | det 0.1943 seg 0.1773 cnt 3.9324 | w [16.494, 9.296, 1.210]
[stage1] epoch 57/100 | train 9.0526
[stage1] epoch 57/100 | w [16.714, 9.259, 1.028]
[diag][cnt][val] pred_count_mean 20.214725 gt_count_mean 8.000130 pred_dens_mean 0.000101 gt_dens_mean 0.000040
[stage1] epoch 57 | val det 0.3307 seg 0.9824 miou 0.6301 cnt 4.9573 dens 1.045275e+00 mae 3.9120 total_mae 18.0615 | ap50 0.6425 | combo 1.528229
[stage1] epoch 58/100 step 20 | loss 9.3716 | det 0.1140 seg 0.1834 cnt 5.4124 | w [16.379, 9.306, 1.316]
[stage1] epoch 58/100 | train 9.7523
[stage1] epoch 58/100 | w [16.680, 9.267, 1.052]
[diag][cnt][val] pred_count_mean 8.500854 gt_count_mean 8.000130 pred_dens_mean 0.000042 gt_dens_mean 0.000040
[stage1] epoch 58 | val det 0.3560 seg 1.0171 miou 0.6329 cnt 4.3394 dens 1.015124e+00 mae 3.3242 total_mae 15.1311 | ap50 0.6524 | combo 1.586127
[ckpt] new best cached (stage1 epoch 58, combo 1.586127)
[stage1] epoch 59/100 step 20 | loss 9.3456 | det 0.1589 seg 0.1566 cnt 5.0051 | w [16.281, 9.268, 1.451]
[stage1] epoch 59/100 | train 9.4317
[stage1] epoch 59/100 | w [16.697, 9.259, 1.044]
[diag][cnt][val] pred_count_mean 11.574711 gt_count_mean 8.000130 pred_dens_mean 0.000058 gt_dens_mean 0.000040
[stage1] epoch 59 | val det 0.3424 seg 1.0180 miou 0.6349 cnt 4.4439 dens 1.019742e+00 mae 3.4242 total_mae 15.1468 | ap50 0.6485 | combo 1.575354
[stage1] epoch 60/100 step 20 | loss 10.5273 | det 0.1445 seg 0.1856 cnt 6.0473 | w [16.698, 9.253, 1.049]
[stage1] epoch 60/100 | train 10.7378
[stage1] epoch 60/100 | w [16.705, 9.247, 1.048]
[diag][cnt][val] pred_count_mean 11.852465 gt_count_mean 8.000130 pred_dens_mean 0.000059 gt_dens_mean 0.000040
[stage1] epoch 60 | val det 0.3555 seg 1.0314 miou 0.6330 cnt 4.3550 dens 1.020093e+00 mae 3.3349 total_mae 16.1362 | ap50 0.6453 | combo 1.578256
[stage1] epoch 61/100 step 20 | loss 8.9662 | det 0.1512 seg 0.1756 cnt 4.5736 | w [16.856, 9.127, 1.017]
[stage1] epoch 61/100 | train 9.3651
[stage1] epoch 61/100 | w [16.719, 9.191, 1.090]
[diag][cnt][val] pred_count_mean 8.355214 gt_count_mean 8.000130 pred_dens_mean 0.000042 gt_dens_mean 0.000040
[stage1] epoch 61 | val det 0.3466 seg 1.0406 miou 0.6344 cnt 4.2287 dens 1.019040e+00 mae 3.2097 total_mae 14.3978 | ap50 0.6455 | combo 1.591491
[ckpt] new best cached (stage1 epoch 61, combo 1.591491)
[stage1] epoch 62/100 step 20 | loss 8.6112 | det 0.1134 seg 0.1615 cnt 5.0106 | w [16.740, 9.219, 1.041]
[stage1] epoch 62/100 | train 8.1403
[stage1] epoch 62/100 | w [16.582, 9.237, 1.181]
[diag][cnt][val] pred_count_mean 10.028991 gt_count_mean 8.000130 pred_dens_mean 0.000050 gt_dens_mean 0.000040
[stage1] epoch 62 | val det 0.3543 seg 1.0560 miou 0.6319 cnt 4.2658 dens 1.019171e+00 mae 3.2466 total_mae 14.4156 | ap50 0.6419 | combo 1.581790
[stage1] epoch 63/100 step 20 | loss 7.5172 | det 0.0932 seg 0.1529 cnt 4.2679 | w [16.829, 9.134, 1.037]
[stage1] epoch 63/100 | train 7.9648
[stage1] epoch 63/100 | w [16.923, 9.070, 1.008]
[diag][cnt][val] pred_count_mean 10.235368 gt_count_mean 8.000130 pred_dens_mean 0.000051 gt_dens_mean 0.000040
[stage1] epoch 63 | val det 0.3468 seg 1.1068 miou 0.6295 cnt 4.1663 dens 1.015853e+00 mae 3.1504 total_mae 14.1519 | ap50 0.6548 | combo 1.601750
[ckpt] new best cached (stage1 epoch 63, combo 1.601750)
[stage1] epoch 64/100 step 20 | loss 7.8245 | det 0.1105 seg 0.1824 cnt 4.0424 | w [16.811, 9.165, 1.023]
[stage1] epoch 64/100 | train 8.1275
[stage1] epoch 64/100 | w [16.435, 9.243, 1.322]
[diag][cnt][val] pred_count_mean 11.556938 gt_count_mean 8.000130 pred_dens_mean 0.000058 gt_dens_mean 0.000040
[stage1] epoch 64 | val det 0.3733 seg 1.0314 miou 0.6309 cnt 4.2469 dens 1.013729e+00 mae 3.2331 total_mae 15.6419 | ap50 0.6353 | combo 1.575589
[stage1] epoch 65/100 step 20 | loss 7.1194 | det 0.1257 seg 0.1593 cnt 3.3557 | w [16.944, 9.045, 1.011]
[stage1] epoch 65/100 | train 7.2496
[stage1] epoch 65/100 | w [16.738, 9.172, 1.090]
[diag][cnt][val] pred_count_mean 22.669830 gt_count_mean 8.000130 pred_dens_mean 0.000113 gt_dens_mean 0.000040
[stage1] epoch 65 | val det 0.3879 seg 1.0611 miou 0.6341 cnt 5.0226 dens 1.029400e+00 mae 3.9932 total_mae 17.3295 | ap50 0.6462 | combo 1.530686
[stage1] epoch 66/100 step 20 | loss 23.6564 | det 0.1875 seg 0.1378 cnt 18.6729 | w [16.809, 9.130, 1.061]
[stage1] epoch 66/100 | train 17.7123
[stage1] epoch 66/100 | w [16.959, 9.031, 1.010]
[diag][cnt][val] pred_count_mean 6.971959 gt_count_mean 8.000130 pred_dens_mean 0.000035 gt_dens_mean 0.000040
[stage1] epoch 66 | val det 0.3516 seg 1.0622 miou 0.6283 cnt 4.2655 dens 1.010807e+00 mae 3.2547 total_mae 16.3278 | ap50 0.6400 | combo 1.575536
[stage1] epoch 67/100 step 20 | loss 10.6120 | det 0.1343 seg 0.1752 cnt 6.4359 | w [16.898, 9.075, 1.027]
[stage1] epoch 67/100 | train 9.9480
[stage1] epoch 67/100 | w [16.851, 9.124, 1.025]
[diag][cnt][val] pred_count_mean 17.018953 gt_count_mean 8.000130 pred_dens_mean 0.000085 gt_dens_mean 0.000040
[stage1] epoch 67 | val det 0.3565 seg 1.0770 miou 0.6277 cnt 4.8292 dens 1.026535e+00 mae 3.8026 total_mae 16.3641 | ap50 0.6542 | combo 1.544943
[stage1] epoch 68/100 step 20 | loss 25.9569 | det 0.1386 seg 0.1904 cnt 20.6500 | w [16.647, 9.198, 1.155]
[stage1] epoch 68/100 | train 18.5909
[stage1] epoch 68/100 | w [16.838, 9.112, 1.050]
[diag][cnt][val] pred_count_mean 7.672888 gt_count_mean 8.000130 pred_dens_mean 0.000038 gt_dens_mean 0.000040
[stage1] epoch 68 | val det 0.3580 seg 1.0200 miou 0.6287 cnt 4.2120 dens 1.020213e+00 mae 3.1918 total_mae 14.8541 | ap50 0.6442 | combo 1.586300
[stage1] epoch 69/100 step 20 | loss 10.1361 | det 0.1097 seg 0.1672 cnt 6.4603 | w [16.799, 9.104, 1.096]
[stage1] epoch 69/100 | train 9.0852
[stage1] epoch 69/100 | w [17.023, 8.971, 1.006]
[diag][cnt][val] pred_count_mean 10.280661 gt_count_mean 8.000130 pred_dens_mean 0.000051 gt_dens_mean 0.000040
[stage1] epoch 69 | val det 0.3895 seg 1.0531 miou 0.6320 cnt 4.2878 dens 1.021795e+00 mae 3.2660 total_mae 15.4344 | ap50 0.6442 | combo 1.582384
[stage1] epoch 70/100 step 20 | loss 8.7233 | det 0.1689 seg 0.1511 cnt 4.3427 | w [17.034, 8.959, 1.007]
[stage1] epoch 70/100 | train 8.9437
[stage1] epoch 70/100 | w [17.020, 8.972, 1.008]
[diag][cnt][val] pred_count_mean 10.085838 gt_count_mean 8.000130 pred_dens_mean 0.000050 gt_dens_mean 0.000040
[stage1] epoch 70 | val det 0.3861 seg 1.0671 miou 0.6345 cnt 4.2925 dens 1.019539e+00 mae 3.2729 total_mae 15.7398 | ap50 0.6507 | combo 1.590709
[stage1] epoch 71/100 step 20 | loss 9.0790 | det 0.1677 seg 0.1378 cnt 4.7929 | w [17.046, 8.946, 1.008]
[stage1] epoch 71/100 | train 9.5009
[stage1] epoch 71/100 | w [16.760, 9.103, 1.137]
[diag][cnt][val] pred_count_mean 7.568238 gt_count_mean 8.000130 pred_dens_mean 0.000038 gt_dens_mean 0.000040
[stage1] epoch 71 | val det 0.3584 seg 1.0903 miou 0.6309 cnt 4.2084 dens 1.014857e+00 mae 3.1936 total_mae 15.1535 | ap50 0.6470 | combo 1.591075
[stage1] epoch 72/100 step 20 | loss 10.3810 | det 0.1612 seg 0.1610 cnt 5.7695 | w [16.927, 9.048, 1.026]
[stage1] epoch 72/100 | train 9.3200
[stage1] epoch 72/100 | w [17.018, 8.963, 1.019]
[diag][cnt][val] pred_count_mean 9.605716 gt_count_mean 8.000130 pred_dens_mean 0.000048 gt_dens_mean 0.000040
[stage1] epoch 72 | val det 0.3664 seg 1.0506 miou 0.6228 cnt 4.3275 dens 1.022009e+00 mae 3.3055 total_mae 13.9887 | ap50 0.6475 | combo 1.572865
[stage1] epoch 73/100 step 20 | loss 9.1046 | det 0.1941 seg 0.1436 cnt 4.4105 | w [16.962, 9.002, 1.036]
[stage1] epoch 73/100 | train 8.6840
[stage1] epoch 73/100 | w [16.900, 9.055, 1.045]
[diag][cnt][val] pred_count_mean 10.463758 gt_count_mean 8.000130 pred_dens_mean 0.000052 gt_dens_mean 0.000040
[stage1] epoch 73 | val det 0.3602 seg 1.0676 miou 0.6254 cnt 4.3101 dens 1.018769e+00 mae 3.2913 total_mae 14.2630 | ap50 0.6392 | combo 1.568452
[stage1] epoch 74/100 step 20 | loss 8.8718 | det 0.1250 seg 0.1875 cnt 4.9202 | w [17.122, 8.874, 1.004]
[stage1] epoch 74/100 | train 8.7351
[stage1] epoch 74/100 | w [17.112, 8.882, 1.006]
[diag][cnt][val] pred_count_mean 5.569577 gt_count_mean 8.000130 pred_dens_mean 0.000028 gt_dens_mean 0.000040
[stage1] epoch 74 | val det 0.3635 seg 1.1039 miou 0.6289 cnt 4.5770 dens 1.007869e+00 mae 3.5691 total_mae 19.5269 | ap50 0.6435 | combo 1.552654
[stage1] epoch 75/100 step 20 | loss 8.6431 | det 0.1359 seg 0.1591 cnt 4.7645 | w [16.997, 8.964, 1.039]
[stage1] epoch 75/100 | train 8.6628
[stage1] epoch 75/100 | w [17.119, 8.876, 1.005]
[diag][cnt][val] pred_count_mean 12.505902 gt_count_mean 8.000130 pred_dens_mean 0.000062 gt_dens_mean 0.000040
[stage1] epoch 75 | val det 0.3568 seg 1.0705 miou 0.6367 cnt 4.3832 dens 1.020991e+00 mae 3.3622 total_mae 14.9881 | ap50 0.6474 | combo 1.581572
[stage1] epoch 76/100 step 20 | loss 8.8122 | det 0.1518 seg 0.1457 cnt 4.7181 | w [16.912, 9.014, 1.074]
[stage1] epoch 76/100 | train 8.4534
[stage1] epoch 76/100 | w [17.093, 8.889, 1.018]
[diag][cnt][val] pred_count_mean 7.042618 gt_count_mean 8.000130 pred_dens_mean 0.000035 gt_dens_mean 0.000040
[stage1] epoch 76 | val det 0.3656 seg 1.0890 miou 0.6331 cnt 4.1906 dens 1.013588e+00 mae 3.1770 total_mae 15.1997 | ap50 0.6425 | combo 1.590422
[stage1] epoch 77/100 step 20 | loss 9.2920 | det 0.1573 seg 0.1351 cnt 5.3365 | w [17.092, 8.895, 1.013]
[stage1] epoch 77/100 | train 9.6936
[stage1] epoch 77/100 | w [17.190, 8.808, 1.002]
[diag][cnt][val] pred_count_mean 10.229757 gt_count_mean 8.000130 pred_dens_mean 0.000051 gt_dens_mean 0.000040
[stage1] epoch 77 | val det 0.3769 seg 1.0827 miou 0.6355 cnt 4.4907 dens 1.022018e+00 mae 3.4687 total_mae 15.3305 | ap50 0.6366 | combo 1.560366
[stage1] epoch 78/100 step 20 | loss 10.3921 | det 0.1526 seg 0.1256 cnt 6.5564 | w [17.127, 8.859, 1.015]
[stage1] epoch 78/100 | train 9.4796
[stage1] epoch 78/100 | w [17.044, 8.938, 1.018]
[diag][cnt][val] pred_count_mean 4.995934 gt_count_mean 8.000130 pred_dens_mean 0.000025 gt_dens_mean 0.000040
[stage1] epoch 78 | val det 0.3704 seg 1.0948 miou 0.6385 cnt 4.5333 dens 1.024686e+00 mae 3.5086 total_mae 15.4058 | ap50 0.6533 | combo 1.576804
[stage1] epoch 79/100 step 20 | loss 12.1679 | det 0.1083 seg 0.1622 cnt 8.7938 | w [16.948, 8.996, 1.056]
[stage1] epoch 79/100 | train 12.6620
[stage1] epoch 79/100 | w [17.108, 8.884, 1.009]
[diag][cnt][val] pred_count_mean 8.321445 gt_count_mean 8.000130 pred_dens_mean 0.000041 gt_dens_mean 0.000040
[stage1] epoch 79 | val det 0.3584 seg 1.0907 miou 0.6359 cnt 4.2674 dens 1.017336e+00 mae 3.2501 total_mae 14.8700 | ap50 0.6572 | combo 1.600817
[stage1] epoch 80/100 step 20 | loss 8.0575 | det 0.1259 seg 0.1480 cnt 4.5426 | w [17.114, 8.870, 1.016]
[stage1] epoch 80/100 | train 8.3062
[stage1] epoch 80/100 | w [17.228, 8.769, 1.003]
[diag][cnt][val] pred_count_mean 6.903883 gt_count_mean 8.000130 pred_dens_mean 0.000034 gt_dens_mean 0.000040
[stage1] epoch 80 | val det 0.3718 seg 1.1129 miou 0.6353 cnt 4.4272 dens 1.020182e+00 mae 3.4071 total_mae 14.9863 | ap50 0.6540 | combo 1.582795
[stage1] epoch 81/100 step 20 | loss 8.3752 | det 0.1469 seg 0.1596 cnt 4.2825 | w [17.060, 8.905, 1.035]
[stage1] epoch 81/100 | train 7.7427
[stage1] epoch 81/100 | w [17.241, 8.754, 1.005]
[diag][cnt][val] pred_count_mean 9.979312 gt_count_mean 8.000130 pred_dens_mean 0.000050 gt_dens_mean 0.000040
[stage1] epoch 81 | val det 0.3715 seg 1.1442 miou 0.6329 cnt 4.3596 dens 1.022803e+00 mae 3.3368 total_mae 14.9363 | ap50 0.6507 | combo 1.583214
[stage1] epoch 82/100 step 20 | loss 8.3964 | det 0.1590 seg 0.1415 cnt 4.3067 | w [17.266, 8.731, 1.004]
[stage1] epoch 82/100 | train 8.1073
[stage1] epoch 82/100 | w [17.150, 8.839, 1.011]
[diag][cnt][val] pred_count_mean 7.638252 gt_count_mean 8.000130 pred_dens_mean 0.000038 gt_dens_mean 0.000040
[stage1] epoch 82 | val det 0.3869 seg 1.1190 miou 0.6311 cnt 4.5780 dens 1.029164e+00 mae 3.5489 total_mae 15.8447 | ap50 0.6473 | combo 1.560196
[stage1] epoch 83/100 step 20 | loss 8.3816 | det 0.1374 seg 0.1606 cnt 4.5059 | w [17.264, 8.731, 1.005]
[stage1] epoch 83/100 | train 9.0092
[stage1] epoch 83/100 | w [17.058, 8.893, 1.049]
[diag][cnt][val] pred_count_mean 6.552074 gt_count_mean 8.000130 pred_dens_mean 0.000033 gt_dens_mean 0.000040
[stage1] epoch 83 | val det 0.3770 seg 1.1148 miou 0.6347 cnt 4.3020 dens 1.017052e+00 mae 3.2850 total_mae 14.2064 | ap50 0.6592 | combo 1.598380
[stage1] epoch 84/100 step 20 | loss 8.7103 | det 0.1455 seg 0.1539 cnt 4.7269 | w [17.168, 8.819, 1.012]
[stage1] epoch 84/100 | train 7.7169
[stage1] epoch 84/100 | w [17.223, 8.770, 1.007]
[diag][cnt][val] pred_count_mean 5.160052 gt_count_mean 8.000130 pred_dens_mean 0.000026 gt_dens_mean 0.000040
[stage1] epoch 84 | val det 0.3691 seg 1.0990 miou 0.6363 cnt 4.6206 dens 1.013580e+00 mae 3.6070 total_mae 17.3260 | ap50 0.6485 | combo 1.562115
[stage1] epoch 85/100 step 20 | loss 6.7019 | det 0.0934 seg 0.1453 cnt 3.7853 | w [17.280, 8.717, 1.004]
[stage1] epoch 85/100 | train 6.9586
[stage1] epoch 85/100 | w [17.215, 8.775, 1.010]
[diag][cnt][val] pred_count_mean 6.301395 gt_count_mean 8.000130 pred_dens_mean 0.000031 gt_dens_mean 0.000040
[stage1] epoch 85 | val det 0.3761 seg 1.1527 miou 0.6291 cnt 4.2558 dens 1.013769e+00 mae 3.2420 total_mae 16.1660 | ap50 0.6462 | combo 1.583743
[stage1] epoch 86/100 step 20 | loss 7.5211 | det 0.1082 seg 0.1390 cnt 4.4180 | w [17.237, 8.755, 1.008]
[stage1] epoch 86/100 | train 7.9230
[stage1] epoch 86/100 | w [17.295, 8.696, 1.010]
[diag][cnt][val] pred_count_mean 4.952246 gt_count_mean 8.000130 pred_dens_mean 0.000025 gt_dens_mean 0.000040
[stage1] epoch 86 | val det 0.3736 seg 1.1100 miou 0.6303 cnt 4.5751 dens 1.016801e+00 mae 3.5583 total_mae 16.1072 | ap50 0.6498 | combo 1.561153
[stage1] epoch 87/100 step 20 | loss 7.1304 | det 0.1288 seg 0.1403 cnt 3.6356 | w [17.287, 8.698, 1.014]
[stage1] epoch 87/100 | train 7.5560
[stage1] epoch 87/100 | w [17.254, 8.738, 1.008]
[diag][cnt][val] pred_count_mean 4.239222 gt_count_mean 8.000130 pred_dens_mean 0.000021 gt_dens_mean 0.000040
[stage1] epoch 87 | val det 0.3525 seg 1.1009 miou 0.6322 cnt 4.3405 dens 1.010088e+00 mae 3.3304 total_mae 18.5611 | ap50 0.6574 | combo 1.589790
[stage1] epoch 88/100 step 20 | loss 6.9263 | det 0.1155 seg 0.1341 cnt 3.7178 | w [17.327, 8.667, 1.006]
[stage1] epoch 88/100 | train 8.8615
[stage1] epoch 88/100 | w [17.238, 8.741, 1.021]
[diag][cnt][val] pred_count_mean 10.223050 gt_count_mean 8.000130 pred_dens_mean 0.000051 gt_dens_mean 0.000040
[stage1] epoch 88 | val det 0.3613 seg 1.1622 miou 0.6321 cnt 4.3341 dens 1.022949e+00 mae 3.3111 total_mae 14.0747 | ap50 0.6509 | combo 1.584979
[stage1] epoch 89/100 step 20 | loss 6.8427 | det 0.0893 seg 0.1470 cnt 3.9603 | w [17.203, 8.774, 1.023]
[stage1] epoch 89/100 | train 7.5074
[stage1] epoch 89/100 | w [17.413, 8.585, 1.002]
[diag][cnt][val] pred_count_mean 11.949547 gt_count_mean 8.000130 pred_dens_mean 0.000060 gt_dens_mean 0.000040
[stage1] epoch 89 | val det 0.3745 seg 1.1586 miou 0.6279 cnt 4.2950 dens 1.018580e+00 mae 3.2764 total_mae 15.3545 | ap50 0.6345 | combo 1.567680
[stage1] epoch 90/100 step 20 | loss 7.9835 | det 0.1444 seg 0.1386 cnt 4.2096 | w [17.391, 8.607, 1.002]
[stage1] epoch 90/100 | train 7.7813
[stage1] epoch 90/100 | w [17.453, 8.545, 1.002]
[diag][cnt][val] pred_count_mean 6.474143 gt_count_mean 8.000130 pred_dens_mean 0.000032 gt_dens_mean 0.000040
[stage1] epoch 90 | val det 0.3518 seg 1.1725 miou 0.6304 cnt 4.4058 dens 1.007270e+00 mae 3.3985 total_mae 18.8260 | ap50 0.6532 | combo 1.577797
[stage1] epoch 91/100 step 20 | loss 7.8892 | det 0.0875 seg 0.1421 cnt 5.1182 | w [17.384, 8.613, 1.003]
[stage1] epoch 91/100 | train 8.1599
[stage1] epoch 91/100 | w [17.472, 8.526, 1.002]
[diag][cnt][val] pred_count_mean 7.983747 gt_count_mean 8.000130 pred_dens_mean 0.000040 gt_dens_mean 0.000040
[stage1] epoch 91 | val det 0.3659 seg 1.1977 miou 0.6334 cnt 4.4030 dens 1.010412e+00 mae 3.3925 total_mae 17.9111 | ap50 0.6588 | combo 1.587058
[stage1] epoch 92/100 step 20 | loss 8.2220 | det 0.1107 seg 0.1283 cnt 5.1449 | w [17.411, 8.586, 1.003]
[stage1] epoch 92/100 | train 8.4466
[stage1] epoch 92/100 | w [17.516, 8.483, 1.002]
[diag][cnt][val] pred_count_mean 9.490442 gt_count_mean 8.000130 pred_dens_mean 0.000047 gt_dens_mean 0.000040
[stage1] epoch 92 | val det 0.3765 seg 1.1852 miou 0.6307 cnt 4.2390 dens 1.014160e+00 mae 3.2248 total_mae 16.1672 | ap50 0.6560 | combo 1.596779
[stage1] epoch 93/100 step 20 | loss 7.8811 | det 0.1089 seg 0.1221 cnt 4.8540 | w [17.385, 8.604, 1.012]
[stage1] epoch 93/100 | train 8.0453
[stage1] epoch 93/100 | w [17.315, 8.669, 1.017]
[diag][cnt][val] pred_count_mean 7.877564 gt_count_mean 8.000130 pred_dens_mean 0.000039 gt_dens_mean 0.000040
[stage1] epoch 93 | val det 0.3770 seg 1.1371 miou 0.6235 cnt 4.5640 dens 1.027513e+00 mae 3.5365 total_mae 15.4294 | ap50 0.6444 | combo 1.550725
[stage1] epoch 94/100 step 20 | loss 7.3243 | det 0.1206 seg 0.1397 cnt 3.9821 | w [17.462, 8.533, 1.005]
[stage1] epoch 94/100 | train 7.2355
[stage1] epoch 94/100 | w [17.500, 8.498, 1.002]
[diag][cnt][val] pred_count_mean 7.752073 gt_count_mean 8.000130 pred_dens_mean 0.000039 gt_dens_mean 0.000040
[stage1] epoch 94 | val det 0.3594 seg 1.2092 miou 0.6251 cnt 4.1772 dens 1.014598e+00 mae 3.1626 total_mae 14.7009 | ap50 0.6553 | combo 1.596519
[stage1] epoch 95/100 step 20 | loss 6.6956 | det 0.1123 seg 0.1546 cnt 3.3553 | w [17.492, 8.506, 1.002]
[stage1] epoch 95/100 | train 6.8232
[stage1] epoch 95/100 | w [17.531, 8.465, 1.003]
[diag][cnt][val] pred_count_mean 7.169740 gt_count_mean 8.000130 pred_dens_mean 0.000036 gt_dens_mean 0.000040
[stage1] epoch 95 | val det 0.4063 seg 1.1115 miou 0.6275 cnt 4.5736 dens 1.028354e+00 mae 3.5453 total_mae 16.7223 | ap50 0.6449 | combo 1.554539
[stage1] epoch 96/100 step 20 | loss 7.2682 | det 0.1172 seg 0.1459 cnt 3.8945 | w [17.528, 8.469, 1.003]
[stage1] epoch 96/100 | train 7.5045
[stage1] epoch 96/100 | w [17.486, 8.511, 1.003]
[diag][cnt][val] pred_count_mean 8.147289 gt_count_mean 8.000130 pred_dens_mean 0.000041 gt_dens_mean 0.000040
[stage1] epoch 96 | val det 0.3845 seg 1.1599 miou 0.6289 cnt 4.3426 dens 1.008898e+00 mae 3.3337 total_mae 18.0994 | ap50 0.6509 | combo 1.579743
[stage1] epoch 97/100 step 20 | loss 8.7099 | det 0.1553 seg 0.1652 cnt 4.5720 | w [17.628, 8.371, 1.000]
[stage1] epoch 97/100 | train 8.8022
[stage1] epoch 97/100 | w [17.517, 8.480, 1.003]
[diag][cnt][val] pred_count_mean 8.088415 gt_count_mean 8.000130 pred_dens_mean 0.000040 gt_dens_mean 0.000040
[stage1] epoch 97 | val det 0.4031 seg 1.1372 miou 0.6277 cnt 4.4360 dens 1.022820e+00 mae 3.4132 total_mae 14.5986 | ap50 0.6562 | combo 1.576866
[stage1] epoch 98/100 step 20 | loss 7.2546 | det 0.1309 seg 0.1311 cnt 3.8252 | w [17.501, 8.492, 1.007]
[stage1] epoch 98/100 | train 7.1898
[stage1] epoch 98/100 | w [17.618, 8.380, 1.001]
[diag][cnt][val] pred_count_mean 7.996707 gt_count_mean 8.000130 pred_dens_mean 0.000040 gt_dens_mean 0.000040
[stage1] epoch 98 | val det 0.3835 seg 1.1669 miou 0.6273 cnt 4.2476 dens 1.011377e+00 mae 3.2362 total_mae 16.7764 | ap50 0.6500 | combo 1.586285
[stage1] epoch 99/100 step 20 | loss 6.8065 | det 0.1391 seg 0.1316 cnt 3.2091 | w [17.631, 8.368, 1.001]
[stage1] epoch 99/100 | train 7.9415
[stage1] epoch 99/100 | w [17.661, 8.338, 1.001]
[diag][cnt][val] pred_count_mean 7.064796 gt_count_mean 8.000130 pred_dens_mean 0.000035 gt_dens_mean 0.000040
[stage1] epoch 99 | val det 0.3879 seg 1.1870 miou 0.6064 cnt 4.5212 dens 1.023835e+00 mae 3.4974 total_mae 14.7797 | ap50 0.6509 | combo 1.543265
[stage1] epoch 100/100 step 20 | loss 9.9481 | det 0.1581 seg 0.1783 cnt 5.6437 | w [17.377, 8.587, 1.036]
[stage1] epoch 100/100 | train 9.6030
[stage1] epoch 100/100 | w [17.537, 8.457, 1.005]
[diag][cnt][val] pred_count_mean 9.529219 gt_count_mean 8.000130 pred_dens_mean 0.000047 gt_dens_mean 0.000040
[stage1] epoch 100 | val det 0.3986 seg 1.0357 miou 0.6206 cnt 4.5928 dens 1.035626e+00 mae 3.5572 total_mae 16.8505 | ap50 0.6470 | combo 1.548762
[ckpt] saved stage1 phi -> runs/ours_10per_2_23_metalearnw/stage1_phi_last.pt
[stage2] epoch 1/20 step 20 | loss 11.9041 | det 0.1709 seg 0.5051 cnt 4.5897 | w [17.530, 8.464, 1.006] | cnt_gnorm 1.680377e+01 cnt_gparams 6
[stage2] epoch 1/20 step 40 | loss 11.0855 | det 0.1626 seg 0.4397 cnt 4.4876 | w [17.559, 8.438, 1.002] | cnt_gnorm 1.084026e+01 cnt_gparams 6
[stage2] epoch 1/20 | train 10.8899
[stage2] epoch 1/20 | w [17.624, 8.374, 1.002]
[diag][cnt][stage2] epoch 1/20 | param_delta_l2 1.289377e+01
[diag][cnt][val] pred_count_mean 4.270804 gt_count_mean 8.000130 pred_dens_mean 0.000021 gt_dens_mean 0.000040
[stage2] epoch 1 | val det 0.2695 seg 0.8280 miou 0.6114 cnt 4.6199 dens 1.016468e+00 mae 3.6035 total_mae 18.5455 | ap50 0.6679 | combo 1.556727
[stage2] epoch 2/20 step 20 | loss 11.1018 | det 0.1409 seg 0.3758 cnt 5.4535 | w [17.667, 8.333, 1.001] | cnt_gnorm 3.349427e+01 cnt_gparams 6
[stage2] epoch 2/20 step 40 | loss 10.1973 | det 0.1423 seg 0.3542 cnt 4.7014 | w [17.608, 8.389, 1.002] | cnt_gnorm 4.168929e+01 cnt_gparams 6
[stage2] epoch 2/20 | train 10.6992
[stage2] epoch 2/20 | w [17.602, 8.396, 1.002]
[diag][cnt][stage2] epoch 2/20 | param_delta_l2 8.450203e+00
[diag][cnt][val] pred_count_mean 11.869768 gt_count_mean 8.000130 pred_dens_mean 0.000059 gt_dens_mean 0.000040
[stage2] epoch 2 | val det 0.2625 seg 0.8563 miou 0.6264 cnt 4.3889 dens 1.025859e+00 mae 3.3631 total_mae 15.4274 | ap50 0.6736 | combo 1.597270
[stage2] epoch 3/20 step 20 | loss 9.3005 | det 0.1535 seg 0.2423 cnt 4.5170 | w [17.650, 8.349, 1.001] | cnt_gnorm 2.887736e+01 cnt_gparams 6
[stage2] epoch 3/20 step 40 | loss 8.6395 | det 0.1300 seg 0.2439 cnt 4.2318 | w [17.596, 8.400, 1.004] | cnt_gnorm 4.405058e+01 cnt_gparams 6
[stage2] epoch 3/20 | train 8.7849
[stage2] epoch 3/20 | w [17.473, 8.518, 1.009]
[diag][cnt][stage2] epoch 3/20 | param_delta_l2 1.061486e+01
[diag][cnt][val] pred_count_mean 4.268610 gt_count_mean 8.000130 pred_dens_mean 0.000021 gt_dens_mean 0.000040
[stage2] epoch 3 | val det 0.2925 seg 0.8736 miou 0.6303 cnt 4.4154 dens 1.013327e+00 mae 3.4021 total_mae 16.2558 | ap50 0.6798 | combo 1.604060
[ckpt] new best cached (stage2 epoch 3, combo 1.604060)
[stage2] epoch 4/20 step 20 | loss 6.9008 | det 0.1100 seg 0.1930 cnt 3.3181 | w [17.680, 8.319, 1.001] | cnt_gnorm 3.693991e+01 cnt_gparams 6
[stage2] epoch 4/20 step 40 | loss 7.4709 | det 0.1199 seg 0.2012 cnt 3.6331 | w [17.564, 8.430, 1.006] | cnt_gnorm 3.614872e+01 cnt_gparams 6
[stage2] epoch 4/20 | train 7.6021
[stage2] epoch 4/20 | w [17.369, 8.589, 1.042]
[diag][cnt][stage2] epoch 4/20 | param_delta_l2 1.117522e+01
[diag][cnt][val] pred_count_mean 8.856253 gt_count_mean 8.000130 pred_dens_mean 0.000044 gt_dens_mean 0.000040
[stage2] epoch 4 | val det 0.2636 seg 0.9208 miou 0.6359 cnt 4.0594 dens 1.015893e+00 mae 3.0435 total_mae 14.8728 | ap50 0.6753 | combo 1.639745
[ckpt] new best cached (stage2 epoch 4, combo 1.639745)
[stage2] epoch 5/20 step 20 | loss 7.1528 | det 0.0941 seg 0.1947 cnt 3.8310 | w [17.211, 8.697, 1.091] | cnt_gnorm 4.333520e+01 cnt_gparams 6
[stage2] epoch 5/20 step 40 | loss 7.6611 | det 0.1067 seg 0.2110 cnt 3.9804 | w [17.600, 8.396, 1.004] | cnt_gnorm 2.777084e+01 cnt_gparams 6
[stage2] epoch 5/20 | train 7.7081
[stage2] epoch 5/20 | w [17.434, 8.552, 1.014]
[diag][cnt][stage2] epoch 5/20 | param_delta_l2 1.030585e+01
[diag][cnt][val] pred_count_mean 6.091422 gt_count_mean 8.000130 pred_dens_mean 0.000030 gt_dens_mean 0.000040
[stage2] epoch 5 | val det 0.2975 seg 0.8980 miou 0.6353 cnt 4.0610 dens 1.014254e+00 mae 3.0467 total_mae 16.0977 | ap50 0.6676 | combo 1.631161
[stage2] epoch 6/20 step 20 | loss 8.2452 | det 0.1241 seg 0.2226 cnt 4.1646 | w [17.630, 8.368, 1.002] | cnt_gnorm 4.682659e+01 cnt_gparams 6
[stage2] epoch 6/20 step 40 | loss 8.3822 | det 0.1345 seg 0.2105 cnt 4.2246 | w [17.707, 8.293, 1.000] | cnt_gnorm 6.345624e+01 cnt_gparams 6
[stage2] epoch 6/20 | train 8.3349
[stage2] epoch 6/20 | w [17.569, 8.429, 1.003]
[diag][cnt][stage2] epoch 6/20 | param_delta_l2 8.863957e+00
[diag][cnt][val] pred_count_mean 7.278533 gt_count_mean 8.000130 pred_dens_mean 0.000036 gt_dens_mean 0.000040
[stage2] epoch 6 | val det 0.3030 seg 0.9119 miou 0.5926 cnt 4.3379 dens 1.023416e+00 mae 3.3144 total_mae 14.5462 | ap50 0.6694 | combo 1.563718
[stage2] epoch 7/20 step 20 | loss 8.8834 | det 0.1272 seg 0.1851 cnt 5.0284 | w [17.486, 8.499, 1.015] | cnt_gnorm 3.099806e+01 cnt_gparams 6
[stage2] epoch 7/20 step 40 | loss 8.9093 | det 0.1285 seg 0.1806 cnt 5.0822 | w [17.677, 8.322, 1.001] | cnt_gnorm 3.498888e+01 cnt_gparams 6
[stage2] epoch 7/20 | train 8.6386
[stage2] epoch 7/20 | w [17.579, 8.416, 1.005]
[diag][cnt][stage2] epoch 7/20 | param_delta_l2 1.036936e+01
[diag][cnt][val] pred_count_mean 8.435517 gt_count_mean 8.000130 pred_dens_mean 0.000042 gt_dens_mean 0.000040
[stage2] epoch 7 | val det 0.3149 seg 0.9276 miou 0.6341 cnt 4.2304 dens 1.027256e+00 mae 3.2032 total_mae 14.0968 | ap50 0.6668 | combo 1.613125
[stage2] epoch 8/20 step 20 | loss 8.5232 | det 0.1616 seg 0.1881 cnt 4.0747 | w [17.472, 8.516, 1.013] | cnt_gnorm 6.681340e+01 cnt_gparams 6
[stage2] epoch 8/20 step 40 | loss 8.9354 | det 0.1464 seg 0.2004 cnt 4.6440 | w [17.454, 8.523, 1.023] | cnt_gnorm 9.340543e+01 cnt_gparams 6
[stage2] epoch 8/20 | train 8.8356
[stage2] epoch 8/20 | w [17.378, 8.585, 1.037]
[diag][cnt][stage2] epoch 8/20 | param_delta_l2 9.812264e+00
[diag][cnt][val] pred_count_mean 11.892765 gt_count_mean 8.000130 pred_dens_mean 0.000059 gt_dens_mean 0.000040
[stage2] epoch 8 | val det 0.2989 seg 0.9373 miou 0.6256 cnt 4.3743 dens 1.016920e+00 mae 3.3574 total_mae 16.5736 | ap50 0.6725 | combo 1.595927
[stage2] epoch 9/20 step 20 | loss 8.3885 | det 0.0917 seg 0.1788 cnt 5.1867 | w [17.401, 8.564, 1.036] | cnt_gnorm 1.020092e+01 cnt_gparams 6
[stage2] epoch 9/20 step 40 | loss 8.3418 | det 0.1024 seg 0.1788 cnt 4.9826 | w [17.702, 8.297, 1.000] | cnt_gnorm 3.271953e+01 cnt_gparams 6
[stage2] epoch 9/20 | train 8.2705
[stage2] epoch 9/20 | w [17.650, 8.349, 1.002]
[diag][cnt][stage2] epoch 9/20 | param_delta_l2 1.013026e+01
[diag][cnt][val] pred_count_mean 4.645745 gt_count_mean 8.000130 pred_dens_mean 0.000023 gt_dens_mean 0.000040
[stage2] epoch 9 | val det 0.3250 seg 0.9610 miou 0.6205 cnt 4.2648 dens 1.014879e+00 mae 3.2499 total_mae 16.0799 | ap50 0.6716 | combo 1.599779
[stage2] epoch 10/20 step 20 | loss 8.4076 | det 0.1069 seg 0.2201 cnt 4.6376 | w [17.476, 8.515, 1.009] | cnt_gnorm 1.830675e+01 cnt_gparams 6
[stage2] epoch 10/20 step 40 | loss 7.7972 | det 0.1041 seg 0.2132 cnt 4.1156 | w [17.543, 8.453, 1.003] | cnt_gnorm 5.176119e+01 cnt_gparams 6
[stage2] epoch 10/20 | train 7.8416
[stage2] epoch 10/20 | w [17.528, 8.460, 1.011]
[diag][cnt][stage2] epoch 10/20 | param_delta_l2 7.997716e+00
[diag][cnt][val] pred_count_mean 7.628529 gt_count_mean 8.000130 pred_dens_mean 0.000038 gt_dens_mean 0.000040
[stage2] epoch 10 | val det 0.3313 seg 1.0381 miou 0.6326 cnt 4.0997 dens 1.021991e+00 mae 3.0777 total_mae 13.7848 | ap50 0.6705 | combo 1.628074
[stage2] epoch 11/20 step 20 | loss 6.1286 | det 0.0859 seg 0.1618 cnt 3.2213 | w [17.410, 8.571, 1.019] | cnt_gnorm 3.740027e+01 cnt_gparams 6
[stage2] epoch 11/20 step 40 | loss 6.9095 | det 0.1105 seg 0.1715 cnt 3.4809 | w [17.400, 8.568, 1.032] | cnt_gnorm 2.464294e+01 cnt_gparams 6
[stage2] epoch 11/20 | train 6.9370
[stage2] epoch 11/20 | w [17.695, 8.305, 1.001]
[diag][cnt][stage2] epoch 11/20 | param_delta_l2 1.014030e+01
[diag][cnt][val] pred_count_mean 4.178597 gt_count_mean 8.000130 pred_dens_mean 0.000021 gt_dens_mean 0.000040
[stage2] epoch 11 | val det 0.3596 seg 0.9377 miou 0.6366 cnt 4.2887 dens 1.019977e+00 mae 3.2687 total_mae 14.4420 | ap50 0.6680 | combo 1.610491
[stage2] epoch 12/20 step 20 | loss 7.1751 | det 0.1138 seg 0.1574 cnt 3.8313 | w [17.637, 8.360, 1.002] | cnt_gnorm 2.465592e+01 cnt_gparams 6
[stage2] epoch 12/20 step 40 | loss 7.1034 | det 0.1102 seg 0.1599 cnt 3.8071 | w [17.648, 8.351, 1.000] | cnt_gnorm 8.153572e+01 cnt_gparams 6
[stage2] epoch 12/20 | train 7.1718
[stage2] epoch 12/20 | w [17.611, 8.387, 1.002]
[diag][cnt][stage2] epoch 12/20 | param_delta_l2 7.596679e+00
[diag][cnt][val] pred_count_mean 4.377661 gt_count_mean 8.000130 pred_dens_mean 0.000022 gt_dens_mean 0.000040
[stage2] epoch 12 | val det 0.3415 seg 0.9686 miou 0.6325 cnt 4.4720 dens 1.011218e+00 mae 3.4608 total_mae 18.9716 | ap50 0.6670 | combo 1.588458
[stage2] epoch 13/20 step 20 | loss 7.1413 | det 0.1310 seg 0.1677 cnt 3.3960 | w [17.532, 8.457, 1.010] | cnt_gnorm 1.042870e+01 cnt_gparams 6
[stage2] epoch 13/20 step 40 | loss 7.2008 | det 0.1152 seg 0.1564 cnt 3.8307 | w [17.457, 8.531, 1.011] | cnt_gnorm 2.911348e+01 cnt_gparams 6
[stage2] epoch 13/20 | train 7.1264
[stage2] epoch 13/20 | w [17.579, 8.416, 1.006]
[diag][cnt][stage2] epoch 13/20 | param_delta_l2 9.557786e+00
[diag][cnt][val] pred_count_mean 4.958356 gt_count_mean 8.000130 pred_dens_mean 0.000025 gt_dens_mean 0.000040
[stage2] epoch 13 | val det 0.3520 seg 0.9987 miou 0.6322 cnt 4.0930 dens 1.012751e+00 mae 3.0803 total_mae 15.6544 | ap50 0.6725 | combo 1.629310
[stage2] epoch 14/20 step 20 | loss 6.9664 | det 0.0856 seg 0.1358 cnt 4.2917 | w [17.512, 8.482, 1.006] | cnt_gnorm 9.124594e+01 cnt_gparams 6
[stage2] epoch 14/20 step 40 | loss 7.5613 | det 0.0914 seg 0.1564 cnt 4.5850 | w [17.629, 8.369, 1.002] | cnt_gnorm 2.168397e+01 cnt_gparams 6
[stage2] epoch 14/20 | train 7.5526
[stage2] epoch 14/20 | w [17.523, 8.469, 1.009]
[diag][cnt][stage2] epoch 14/20 | param_delta_l2 9.393389e+00
[diag][cnt][val] pred_count_mean 7.794181 gt_count_mean 8.000130 pred_dens_mean 0.000039 gt_dens_mean 0.000040
[stage2] epoch 14 | val det 0.3311 seg 0.9797 miou 0.6382 cnt 4.1177 dens 1.016884e+00 mae 3.1008 total_mae 14.3908 | ap50 0.6742 | combo 1.634846
[stage2] epoch 15/20 step 20 | loss 8.8941 | det 0.1037 seg 0.1811 cnt 5.4925 | w [17.442, 8.542, 1.016] | cnt_gnorm 2.145439e+01 cnt_gparams 6
[stage2] epoch 15/20 step 40 | loss 7.9594 | det 0.0986 seg 0.1636 cnt 4.8148 | w [17.565, 8.428, 1.007] | cnt_gnorm 3.977632e+01 cnt_gparams 6
[stage2] epoch 15/20 | train 7.9306
[stage2] epoch 15/20 | w [17.439, 8.544, 1.017]
[diag][cnt][stage2] epoch 15/20 | param_delta_l2 1.056802e+01
[diag][cnt][val] pred_count_mean 9.455329 gt_count_mean 8.000130 pred_dens_mean 0.000047 gt_dens_mean 0.000040
[stage2] epoch 15 | val det 0.3354 seg 0.9970 miou 0.6419 cnt 4.3230 dens 1.029219e+00 mae 3.2937 total_mae 14.4027 | ap50 0.6679 | combo 1.613459
[stage2] epoch 16/20 step 20 | loss 7.5315 | det 0.1565 seg 0.2066 cnt 3.0291 | w [17.561, 8.437, 1.003] | cnt_gnorm 3.483653e+01 cnt_gparams 6
[stage2] epoch 16/20 step 40 | loss 7.7371 | det 0.1415 seg 0.2333 cnt 3.2726 | w [17.642, 8.356, 1.001] | cnt_gnorm 2.718441e+01 cnt_gparams 6
[stage2] epoch 16/20 | train 7.6517
[stage2] epoch 16/20 | w [17.542, 8.454, 1.003]
[diag][cnt][stage2] epoch 16/20 | param_delta_l2 9.139736e+00
[diag][cnt][val] pred_count_mean 8.461008 gt_count_mean 8.000130 pred_dens_mean 0.000042 gt_dens_mean 0.000040
[stage2] epoch 16 | val det 0.3471 seg 1.1202 miou 0.6282 cnt 4.3464 dens 1.032555e+00 mae 3.3139 total_mae 14.5394 | ap50 0.6647 | combo 1.594656
[stage2] epoch 17/20 step 20 | loss 7.7003 | det 0.1393 seg 0.1734 cnt 3.7713 | w [17.688, 8.311, 1.001] | cnt_gnorm 4.101379e+01 cnt_gparams 6
[stage2] epoch 17/20 step 40 | loss 7.9459 | det 0.1432 seg 0.1721 cnt 3.9611 | w [17.553, 8.437, 1.010] | cnt_gnorm 2.196217e+01 cnt_gparams 6
[stage2] epoch 17/20 | train 7.9858
[stage2] epoch 17/20 | w [17.465, 8.523, 1.012]
[diag][cnt][stage2] epoch 17/20 | param_delta_l2 1.042775e+01
[diag][cnt][val] pred_count_mean 7.548731 gt_count_mean 8.000130 pred_dens_mean 0.000038 gt_dens_mean 0.000040
[stage2] epoch 17 | val det 0.3370 seg 0.9679 miou 0.6396 cnt 4.2530 dens 1.018272e+00 mae 3.2347 total_mae 14.9187 | ap50 0.6712 | combo 1.619974
[stage2] epoch 18/20 step 20 | loss 8.3684 | det 0.1274 seg 0.1989 cnt 4.4310 | w [17.597, 8.400, 1.004] | cnt_gnorm 5.971208e+01 cnt_gparams 6
[stage2] epoch 18/20 step 40 | loss 7.9787 | det 0.1222 seg 0.1850 cnt 4.2467 | w [17.655, 8.344, 1.001] | cnt_gnorm 5.042725e+01 cnt_gparams 6
[stage2] epoch 18/20 | train 7.9628
[stage2] epoch 18/20 | w [17.509, 8.478, 1.013]
[diag][cnt][stage2] epoch 18/20 | param_delta_l2 8.434465e+00
[diag][cnt][val] pred_count_mean 6.530489 gt_count_mean 8.000130 pred_dens_mean 0.000033 gt_dens_mean 0.000040
[stage2] epoch 18 | val det 0.3689 seg 0.9945 miou 0.6416 cnt 4.2264 dens 1.016238e+00 mae 3.2101 total_mae 15.8011 | ap50 0.6685 | combo 1.621639
[stage2] epoch 19/20 step 20 | loss 6.8061 | det 0.0926 seg 0.1630 cnt 3.7665 | w [17.659, 8.340, 1.001] | cnt_gnorm 4.236109e+01 cnt_gparams 6
[stage2] epoch 19/20 step 40 | loss 6.2008 | det 0.0841 seg 0.1490 cnt 3.4306 | w [17.528, 8.468, 1.005] | cnt_gnorm 5.391236e+01 cnt_gparams 6
[stage2] epoch 19/20 | train 6.1809
[stage2] epoch 19/20 | w [17.654, 8.345, 1.001]
[diag][cnt][stage2] epoch 19/20 | param_delta_l2 8.483446e+00
[diag][cnt][val] pred_count_mean 10.819783 gt_count_mean 8.000130 pred_dens_mean 0.000054 gt_dens_mean 0.000040
[stage2] epoch 19 | val det 0.3598 seg 1.0402 miou 0.6332 cnt 4.2677 dens 1.023561e+00 mae 3.2442 total_mae 15.0565 | ap50 0.6708 | combo 1.612244
[stage2] epoch 20/20 step 20 | loss 6.5578 | det 0.1196 seg 0.1652 cnt 3.0208 | w [17.556, 8.438, 1.006] | cnt_gnorm 8.772174e+00 cnt_gparams 6
[stage2] epoch 20/20 step 40 | loss 6.9351 | det 0.1236 seg 0.1602 cnt 3.3725 | w [17.420, 8.558, 1.022] | cnt_gnorm 3.236832e+01 cnt_gparams 6
[stage2] epoch 20/20 | train 7.4099
[stage2] epoch 20/20 | w [17.665, 8.335, 1.001]
[diag][cnt][stage2] epoch 20/20 | param_delta_l2 9.397811e+00
[diag][cnt][val] pred_count_mean 7.804326 gt_count_mean 8.000130 pred_dens_mean 0.000039 gt_dens_mean 0.000040
[stage2] epoch 20 | val det 0.3465 seg 1.0009 miou 0.6350 cnt 4.1652 dens 1.022129e+00 mae 3.1431 total_mae 14.4390 | ap50 0.6689 | combo 1.621991
[ckpt] saved best -> runs/ours_10per_2_23_metalearnw/best_combo.pt (combo 1.639745)
